This is ApacheBench, Version 2.3 <$Revision: 1879490 $>
Copyright 1996 Adam Twiss, Zeus Technology Ltd, http://www.zeustech.net/
Licensed to The Apache Software Foundation, http://www.apache.org/

Benchmarking 172.18.0.2 (be patient).....done


Server Software:        
Server Hostname:        172.18.0.2
Server Port:            8080

Document Path:          /
Document Length:        1075 bytes

Concurrency Level:      4
Time taken for tests:   8.347 seconds
Complete requests:      20
Failed requests:        18
   (Connect: 0, Receive: 0, Length: 18, Exceptions: 0)
Total transferred:      23383 bytes
Total body sent:        5680
HTML transferred:       21443 bytes
Requests per second:    2.40 [#/sec] (mean)
Time per request:       1669.495 [ms] (mean)
Time per request:       417.374 [ms] (mean, across all concurrent requests)
Transfer rate:          2.74 [Kbytes/sec] received
                        0.66 kb/s sent
                        3.40 kb/s total

Connection Times (ms)
              min  mean[+/-sd] median   max
Connect:        0    0   0.1      0       0
Processing:    48  996 1903.0     64    5096
Waiting:       48  996 1903.0     64    5096
Total:         48  996 1903.0     64    5096

Percentage of the requests served within a certain time (ms)
  50%     64
  66%     68
  75%    433
  80%   3251
  90%   5092
  95%   5096
  98%   5096
  99%   5096
 100%   5096 (longest request)
