time="2023-04-08T10:02:52-04:00" level=info msg="Called startVMM(), setting up a VMM on /tmp/testtap.socket"
time="2023-04-08T10:02:52-04:00" level=info msg="VMM logging disabled."
time="2023-04-08T10:02:52-04:00" level=info msg="VMM metrics disabled."
time="2023-04-08T10:02:52-04:00" level=info msg="refreshMachineConfiguration: [GET /machine-config][200] getMachineConfigurationOK  &{CPUTemplate:Uninitialized HtEnabled:0xc000513a44 MemSizeMib:0xc000513a38 VcpuCount:0xc000513a30}"
time="2023-04-08T10:02:52-04:00" level=info msg="PutGuestBootSource: [PUT /boot-source][204] putGuestBootSourceNoContent "
time="2023-04-08T10:02:52-04:00" level=info msg="Attaching drive /tmp/test-proxy/polyglot-proxy.img, slot 1, root true."
time="2023-04-08T10:02:52-04:00" level=info msg="Attached drive /tmp/test-proxy/polyglot-proxy.img: [PUT /drives/{drive_id}][204] putGuestDriveByIdNoContent "
time="2023-04-08T10:02:52-04:00" level=info msg="Attaching NIC testtap (hwaddr DE:AD:BE:EF:00:5F) at index 1"
2023-04-08T10:02:52.161378512 [anonymous-instance:main:WARN:src/vmm/src/builder.rs:599] Could not add serial input event to epoll: Error during epoll call: Operation not permitted (os error 1)
time="2023-04-08T10:02:52-04:00" level=info msg="startInstance successful: [PUT /actions][204] createSyncActionNoContent "
[    0.012041] dmi: Firmware registration failed.
[    0.040592] zswap: default zpool zbud not available
[    0.040836] zswap: pool creation failed
Graalvisor boot time: 167 ms.
Graalvisor listening on port 8080.
Warning: graalvisor compiled with no truffle language support.
Function dynamichtml registered with context sandboxing in 759 ms
[thread 41] New context sandbox 139623444512768 in 33 us
[thread 40] Creating context org.graalvm.polyglot.Context@74c8d795
[thread 45] New context sandbox 139623444512768 in 8 us
[thread 53] Creating context org.graalvm.polyglot.Context@77235a4c
[thread 46] New context sandbox 139623444512768 in 6 us
[thread 54] Creating context org.graalvm.polyglot.Context@63a4930
[thread 47] New context sandbox 139623444512768 in 7 us
[thread 55] Creating context org.graalvm.polyglot.Context@5b1748af
time="2023-04-08T10:03:02-04:00" level=warning msg="firecracker exited: signal: terminated"
time="2023-04-08T10:03:02-04:00" level=fatal msg="Wait returned an error 1 error occurred:\n\t* signal: terminated\n\n"
