This is ApacheBench, Version 2.3 <$Revision: 1879490 $>
Copyright 1996 Adam Twiss, Zeus Technology Ltd, http://www.zeustech.net/
Licensed to The Apache Software Foundation, http://www.apache.org/

Benchmarking 172.18.0.2 (be patient).....done


Server Software:        
Server Hostname:        172.18.0.2
Server Port:            8080

Document Path:          /
Document Length:        72 bytes

Concurrency Level:      1
Time taken for tests:   7.547 seconds
Complete requests:      10
Failed requests:        9
   (Connect: 0, Receive: 0, Length: 9, Exceptions: 0)
Total transferred:      1661 bytes
Total body sent:        3970
HTML transferred:       711 bytes
Requests per second:    1.32 [#/sec] (mean)
Time per request:       754.732 [ms] (mean)
Time per request:       754.732 [ms] (mean, across all concurrent requests)
Transfer rate:          0.21 [Kbytes/sec] received
                        0.51 kb/s sent
                        0.73 kb/s total

Connection Times (ms)
              min  mean[+/-sd] median   max
Connect:        0    0   0.1      0       1
Processing:   504  754 664.6    531    2640
Waiting:      504  754 664.6    531    2640
Total:        504  755 664.7    532    2640

Percentage of the requests served within a certain time (ms)
  50%    532
  66%    541
  75%    547
  80%    694
  90%   2640
  95%   2640
  98%   2640
  99%   2640
 100%   2640 (longest request)
