This is ApacheBench, Version 2.3 <$Revision: 1879490 $>
Copyright 1996 Adam Twiss, Zeus Technology Ltd, http://www.zeustech.net/
Licensed to The Apache Software Foundation, http://www.apache.org/

Benchmarking 192.168.16.182 (be patient).....done


Server Software:        
Server Hostname:        192.168.16.182
Server Port:            8080

Document Path:          /
Document Length:        90 bytes

Concurrency Level:      1
Time taken for tests:   1.565 seconds
Complete requests:      10
Failed requests:        0
Total transferred:      1850 bytes
Total body sent:        4070
HTML transferred:       900 bytes
Requests per second:    6.39 [#/sec] (mean)
Time per request:       156.512 [ms] (mean)
Time per request:       156.512 [ms] (mean, across all concurrent requests)
Transfer rate:          1.15 [Kbytes/sec] received
                        2.54 kb/s sent
                        3.69 kb/s total

Connection Times (ms)
              min  mean[+/-sd] median   max
Connect:        0    0   0.1      0       0
Processing:   153  156   1.8    156     159
Waiting:      153  156   1.8    156     159
Total:        154  156   1.8    156     159

Percentage of the requests served within a certain time (ms)
  50%    156
  66%    157
  75%    158
  80%    159
  90%    159
  95%    159
  98%    159
  99%    159
 100%    159 (longest request)
This is ApacheBench, Version 2.3 <$Revision: 1879490 $>
Copyright 1996 Adam Twiss, Zeus Technology Ltd, http://www.zeustech.net/
Licensed to The Apache Software Foundation, http://www.apache.org/

Benchmarking 192.168.16.182 (be patient).....done


Server Software:        
Server Hostname:        192.168.16.182
Server Port:            8080

Document Path:          /
Document Length:        90 bytes

Concurrency Level:      1
Time taken for tests:   1.548 seconds
Complete requests:      10
Failed requests:        0
Total transferred:      1850 bytes
Total body sent:        4070
HTML transferred:       900 bytes
Requests per second:    6.46 [#/sec] (mean)
Time per request:       154.755 [ms] (mean)
Time per request:       154.755 [ms] (mean, across all concurrent requests)
Transfer rate:          1.17 [Kbytes/sec] received
                        2.57 kb/s sent
                        3.74 kb/s total

Connection Times (ms)
              min  mean[+/-sd] median   max
Connect:        0    0   0.1      0       0
Processing:   150  155   1.9    155     158
Waiting:      150  155   1.9    155     158
Total:        150  155   2.0    155     158

Percentage of the requests served within a certain time (ms)
  50%    155
  66%    155
  75%    155
  80%    155
  90%    158
  95%    158
  98%    158
  99%    158
 100%    158 (longest request)
This is ApacheBench, Version 2.3 <$Revision: 1879490 $>
Copyright 1996 Adam Twiss, Zeus Technology Ltd, http://www.zeustech.net/
Licensed to The Apache Software Foundation, http://www.apache.org/

Benchmarking 192.168.16.182 (be patient).....done


Server Software:        
Server Hostname:        192.168.16.182
Server Port:            8080

Document Path:          /
Document Length:        90 bytes

Concurrency Level:      1
Time taken for tests:   1.536 seconds
Complete requests:      10
Failed requests:        0
Total transferred:      1850 bytes
Total body sent:        4070
HTML transferred:       900 bytes
Requests per second:    6.51 [#/sec] (mean)
Time per request:       153.645 [ms] (mean)
Time per request:       153.645 [ms] (mean, across all concurrent requests)
Transfer rate:          1.18 [Kbytes/sec] received
                        2.59 kb/s sent
                        3.76 kb/s total

Connection Times (ms)
              min  mean[+/-sd] median   max
Connect:        0    0   0.1      0       0
Processing:   150  153   5.0    152     165
Waiting:      150  153   5.0    152     165
Total:        150  154   5.0    152     166

Percentage of the requests served within a certain time (ms)
  50%    152
  66%    153
  75%    156
  80%    157
  90%    166
  95%    166
  98%    166
  99%    166
 100%    166 (longest request)
