HTTP/1.1 204 
Server: Firecracker API
Connection: keep-alive

HTTP/1.1 204 
Server: Firecracker API
Connection: keep-alive

HTTP/1.1 204 
Server: Firecracker API
Connection: keep-alive

HTTP/1.1 204 
Server: Firecracker API
Connection: keep-alive

2024-02-05T14:48:29.337170358 [anonymous-instance:main:WARN:src/devices/src/legacy/serial.rs:249] Failed to register serial input fd: event_manager: failed to manage epoll file descriptor
HTTP/1.1 204 
Server: Firecracker API
Connection: keep-alive

[    0.027204] dmi: Firmware registration failed.
[    0.059656] zswap: default zpool zbud not available
[    0.060177] zswap: pool creation failed
Graalvisor boot time: 1743 ms.
Graalvisor listening on port 8080.
seccomp(SECCOMP_GET_NOTIF_SIZES): Invalid argument
Function hw registered with context sandboxing in 2633 ms
[thread 49] New context sandbox 139982215839744 in 468 us
[thread 72] Creating context org.graalvm.polyglot.Context@6e4f2ffd
[thread 57] New context sandbox 139982215839744 in 30 us
[thread 77] Creating context org.graalvm.polyglot.Context@25ce6690
[thread 58] New context sandbox 139982215839744 in 28 us
[thread 78] Creating context org.graalvm.polyglot.Context@1b2a26fd
[thread 59] New context sandbox 139982215839744 in 31 us
[thread 60] New context sandbox 139982215839744 in 26 us
[thread 80] Creating context org.graalvm.polyglot.Context@3df3fca3
[thread 62] New context sandbox 139982215839744 in 28 us
[thread 63] New context sandbox 139982215839744 in 25 us
[thread 64] New context sandbox 139982215839744 in 38 us
[thread 81] Creating context org.graalvm.polyglot.Context@671db79c
[thread 82] Creating context org.graalvm.polyglot.Context@4666a7c
[thread 83] Creating context org.graalvm.polyglot.Context@751c988c
[thread 79] Creating context org.graalvm.polyglot.Context@3173de49
