This is ApacheBench, Version 2.3 <$Revision: 1879490 $>
Copyright 1996 Adam Twiss, Zeus Technology Ltd, http://www.zeustech.net/
Licensed to The Apache Software Foundation, http://www.apache.org/

Benchmarking 172.18.0.2 (be patient)
Completed 204 requests
Completed 408 requests
Completed 612 requests
Completed 816 requests
Completed 1020 requests
Completed 1224 requests
Completed 1428 requests
Completed 1632 requests
Completed 1836 requests
Completed 2040 requests
Finished 2048 requests


Server Software:        
Server Hostname:        172.18.0.2
Server Port:            8080

Document Path:          /
Document Length:        186 bytes

Concurrency Level:      8
Time taken for tests:   2.371 seconds
Complete requests:      2048
Failed requests:        1747
   (Connect: 0, Receive: 0, Length: 1747, Exceptions: 0)
Total transferred:      575957 bytes
Total body sent:        479232
HTML transferred:       379349 bytes
Requests per second:    863.68 [#/sec] (mean)
Time per request:       9.263 [ms] (mean)
Time per request:       1.158 [ms] (mean, across all concurrent requests)
Transfer rate:          237.20 [Kbytes/sec] received
                        197.36 kb/s sent
                        434.56 kb/s total

Connection Times (ms)
              min  mean[+/-sd] median   max
Connect:        0    0   0.6      0      21
Processing:     1    7  23.7      5    1035
Waiting:        1    6  23.7      4    1034
Total:          1    7  23.7      5    1035

Percentage of the requests served within a certain time (ms)
  50%      5
  66%      5
  75%      5
  80%      5
  90%      6
  95%     24
  98%     29
  99%     32
 100%   1035 (longest request)
