This is ApacheBench, Version 2.3 <$Revision: 1879490 $>
Copyright 1996 Adam Twiss, Zeus Technology Ltd, http://www.zeustech.net/
Licensed to The Apache Software Foundation, http://www.apache.org/

Benchmarking 172.18.0.2 (be patient).....done


Server Software:        
Server Hostname:        172.18.0.2
Server Port:            8080

Document Path:          /
Document Length:        71 bytes

Concurrency Level:      1
Time taken for tests:   4.881 seconds
Complete requests:      25
Failed requests:        0
Total transferred:      4150 bytes
Total body sent:        9925
HTML transferred:       1775 bytes
Requests per second:    5.12 [#/sec] (mean)
Time per request:       195.240 [ms] (mean)
Time per request:       195.240 [ms] (mean, across all concurrent requests)
Transfer rate:          0.83 [Kbytes/sec] received
                        1.99 kb/s sent
                        2.82 kb/s total

Connection Times (ms)
              min  mean[+/-sd] median   max
Connect:        0    0   0.0      0       0
Processing:   159  195 142.7    168     879
Waiting:      159  195 142.7    168     879
Total:        159  195 142.7    168     880

Percentage of the requests served within a certain time (ms)
  50%    167
  66%    172
  75%    173
  80%    174
  90%    174
  95%    177
  98%    880
  99%    880
 100%    880 (longest request)
