This is ApacheBench, Version 2.3 <$Revision: 1879490 $>
Copyright 1996 Adam Twiss, Zeus Technology Ltd, http://www.zeustech.net/
Licensed to The Apache Software Foundation, http://www.apache.org/

Benchmarking 172.18.0.2 (be patient).....done


Server Software:        
Server Hostname:        172.18.0.2
Server Port:            8080

Document Path:          /
Document Length:        71 bytes

Concurrency Level:      1
Time taken for tests:   12.540 seconds
Complete requests:      25
Failed requests:        0
Total transferred:      4150 bytes
Total body sent:        10000
HTML transferred:       1775 bytes
Requests per second:    1.99 [#/sec] (mean)
Time per request:       501.598 [ms] (mean)
Time per request:       501.598 [ms] (mean, across all concurrent requests)
Transfer rate:          0.32 [Kbytes/sec] received
                        0.78 kb/s sent
                        1.10 kb/s total

Connection Times (ms)
              min  mean[+/-sd] median   max
Connect:        0    0   0.1      0       1
Processing:   490  501   7.4    501     526
Waiting:      490  501   7.4    501     526
Total:        491  502   7.4    501     526

Percentage of the requests served within a certain time (ms)
  50%    500
  66%    502
  75%    503
  80%    507
  90%    511
  95%    512
  98%    526
  99%    526
 100%    526 (longest request)
