time="2023-04-06T16:04:47-04:00" level=info msg="Called startVMM(), setting up a VMM on /tmp/testtap.socket"
time="2023-04-06T16:04:47-04:00" level=info msg="VMM logging disabled."
time="2023-04-06T16:04:47-04:00" level=info msg="VMM metrics disabled."
time="2023-04-06T16:04:47-04:00" level=info msg="refreshMachineConfiguration: [GET /machine-config][200] getMachineConfigurationOK  &{CPUTemplate:Uninitialized HtEnabled:0xc00008e104 MemSizeMib:0xc00008e0f8 VcpuCount:0xc00008e0f0}"
time="2023-04-06T16:04:47-04:00" level=info msg="PutGuestBootSource: [PUT /boot-source][204] putGuestBootSourceNoContent "
time="2023-04-06T16:04:47-04:00" level=info msg="Attaching drive /tmp/test-proxy/polyglot-proxy.img, slot 1, root true."
time="2023-04-06T16:04:47-04:00" level=info msg="Attached drive /tmp/test-proxy/polyglot-proxy.img: [PUT /drives/{drive_id}][204] putGuestDriveByIdNoContent "
time="2023-04-06T16:04:47-04:00" level=info msg="Attaching NIC testtap (hwaddr DE:AD:BE:EF:33:02) at index 1"
2023-04-06T16:04:47.207161631 [anonymous-instance:main:WARN:src/vmm/src/builder.rs:599] Could not add serial input event to epoll: Error during epoll call: Operation not permitted (os error 1)
time="2023-04-06T16:04:47-04:00" level=info msg="startInstance successful: [PUT /actions][204] createSyncActionNoContent "
[    0.012000] dmi: Firmware registration failed.
[    0.036766] zswap: default zpool zbud not available
[    0.037010] zswap: pool creation failed
Graalvisor boot time: 162 ms.
Graalvisor listening on port 8080.
Warning: graalvisor compiled with no truffle language support.
Function httprequest registered with isolate sandboxing in 43 ms
[thread 40] New isolate sandbox 139601065803776 in 738 us
[thread 48] New isolate sandbox 139566412464128 in 680 us
[thread 51] New isolate sandbox 139532043288576 in 823 us
[thread 52] New isolate sandbox 139497674113024 in 760 us
[thread 50] New isolate sandbox 139463296548864 in 597 us
[thread 54] New isolate sandbox 139428927373312 in 619 us
[thread 49] New isolate sandbox 139394558197760 in 441 us
[thread 55] New isolate sandbox 139360189022208 in 815 us
time="2023-04-06T16:04:54-04:00" level=warning msg="firecracker exited: signal: terminated"
time="2023-04-06T16:04:54-04:00" level=fatal msg="Wait returned an error 1 error occurred:\n\t* signal: terminated\n\n"
