This is ApacheBench, Version 2.3 <$Revision: 1879490 $>
Copyright 1996 Adam Twiss, Zeus Technology Ltd, http://www.zeustech.net/
Licensed to The Apache Software Foundation, http://www.apache.org/

Benchmarking 172.172.0.2 (be patient).....done


Server Software:        
Server Hostname:        172.172.0.2
Server Port:            8080

Document Path:          /
Document Length:        93 bytes

Concurrency Level:      2
Time taken for tests:   12.770 seconds
Complete requests:      20
Failed requests:        19
   (Connect: 0, Receive: 0, Length: 19, Exceptions: 0)
Total transferred:      3832 bytes
Total body sent:        4680
HTML transferred:       1931 bytes
Requests per second:    1.57 [#/sec] (mean)
Time per request:       1276.988 [ms] (mean)
Time per request:       638.494 [ms] (mean, across all concurrent requests)
Transfer rate:          0.29 [Kbytes/sec] received
                        0.36 kb/s sent
                        0.65 kb/s total

Connection Times (ms)
              min  mean[+/-sd] median   max
Connect:        0    0   0.1      0       1
Processing:   136  808 1909.2    167    6516
Waiting:      136  808 1909.2    167    6516
Total:        136  808 1909.3    168    6517

Percentage of the requests served within a certain time (ms)
  50%    168
  66%    196
  75%    226
  80%    309
  90%   6253
  95%   6517
  98%   6517
  99%   6517
 100%   6517 (longest request)
