time="2023-04-06T15:54:43-04:00" level=info msg="Called startVMM(), setting up a VMM on /tmp/testtap.socket"
time="2023-04-06T15:54:43-04:00" level=info msg="VMM logging disabled."
time="2023-04-06T15:54:43-04:00" level=info msg="VMM metrics disabled."
time="2023-04-06T15:54:43-04:00" level=info msg="refreshMachineConfiguration: [GET /machine-config][200] getMachineConfigurationOK  &{CPUTemplate:Uninitialized HtEnabled:0xc000684034 MemSizeMib:0xc000684028 VcpuCount:0xc000684020}"
time="2023-04-06T15:54:43-04:00" level=info msg="PutGuestBootSource: [PUT /boot-source][204] putGuestBootSourceNoContent "
time="2023-04-06T15:54:43-04:00" level=info msg="Attaching drive /tmp/test-proxy/polyglot-proxy.img, slot 1, root true."
time="2023-04-06T15:54:43-04:00" level=info msg="Attached drive /tmp/test-proxy/polyglot-proxy.img: [PUT /drives/{drive_id}][204] putGuestDriveByIdNoContent "
time="2023-04-06T15:54:43-04:00" level=info msg="Attaching NIC testtap (hwaddr DE:AD:BE:EF:FA:DB) at index 1"
2023-04-06T15:54:43.396216630 [anonymous-instance:main:WARN:src/vmm/src/builder.rs:599] Could not add serial input event to epoll: Error during epoll call: Operation not permitted (os error 1)
time="2023-04-06T15:54:43-04:00" level=info msg="startInstance successful: [PUT /actions][204] createSyncActionNoContent "
[    0.012000] dmi: Firmware registration failed.
[    0.037346] zswap: default zpool zbud not available
[    0.037600] zswap: pool creation failed
Graalvisor boot time: 169 ms.
Graalvisor listening on port 8080.
Warning: graalvisor compiled with no truffle language support.
Function filehashing registered with isolate sandboxing in 33 ms
[thread 40] New isolate sandbox 140191758024704 in 721 us
[thread 48] New isolate sandbox 140157062742016 in 474 us
[thread 49] New isolate sandbox 140122693566464 in 467 us
[thread 50] New isolate sandbox 140088324390912 in 658 us
[thread 51] New isolate sandbox 140053955215360 in 642 us
[thread 52] New isolate sandbox 140019586039808 in 479 us
[thread 53] New isolate sandbox 139985216864256 in 456 us
[thread 54] New isolate sandbox 139950847688704 in 492 us
time="2023-04-06T15:54:52-04:00" level=warning msg="firecracker exited: signal: terminated"
time="2023-04-06T15:54:52-04:00" level=fatal msg="Wait returned an error 1 error occurred:\n\t* signal: terminated\n\n"
