This is ApacheBench, Version 2.3 <$Revision: 1879490 $>
Copyright 1996 Adam Twiss, Zeus Technology Ltd, http://www.zeustech.net/
Licensed to The Apache Software Foundation, http://www.apache.org/

Benchmarking 172.172.0.2 (be patient).....done


Server Software:        
Server Hostname:        172.172.0.2
Server Port:            8080

Document Path:          /
Document Length:        89 bytes

Concurrency Level:      1
Time taken for tests:   0.121 seconds
Complete requests:      25
Failed requests:        24
   (Connect: 0, Receive: 0, Length: 24, Exceptions: 0)
Total transferred:      4575 bytes
Total body sent:        4550
HTML transferred:       2200 bytes
Requests per second:    207.42 [#/sec] (mean)
Time per request:       4.821 [ms] (mean)
Time per request:       4.821 [ms] (mean, across all concurrent requests)
Transfer rate:          37.07 [Kbytes/sec] received
                        36.86 kb/s sent
                        73.93 kb/s total

Connection Times (ms)
              min  mean[+/-sd] median   max
Connect:        0    3  15.4      0      77
Processing:     1    1   1.6      1       9
Waiting:        1    1   1.6      1       9
Total:          1    5  15.4      1      79

Percentage of the requests served within a certain time (ms)
  50%      1
  66%      1
  75%      2
  80%      2
  90%      2
  95%     10
  98%     79
  99%     79
 100%     79 (longest request)
