This is ApacheBench, Version 2.3 <$Revision: 1879490 $>
Copyright 1996 Adam Twiss, Zeus Technology Ltd, http://www.zeustech.net/
Licensed to The Apache Software Foundation, http://www.apache.org/

Benchmarking 172.18.0.2 (be patient).....done


Server Software:        
Server Hostname:        172.18.0.2
Server Port:            8080

Document Path:          /
Document Length:        113 bytes

Concurrency Level:      1
Time taken for tests:   0.913 seconds
Complete requests:      2
Failed requests:        0
Total transferred:      418 bytes
Total body sent:        584
HTML transferred:       226 bytes
Requests per second:    2.19 [#/sec] (mean)
Time per request:       456.308 [ms] (mean)
Time per request:       456.308 [ms] (mean, across all concurrent requests)
Transfer rate:          0.45 [Kbytes/sec] received
                        0.62 kb/s sent
                        1.07 kb/s total

Connection Times (ms)
              min  mean[+/-sd] median   max
Connect:        0    0   0.2      0       0
Processing:   426  456  42.6    486     486
Waiting:      426  456  42.7    486     486
Total:        426  456  42.4    486     486

Percentage of the requests served within a certain time (ms)
  50%    486
  66%    486
  75%    486
  80%    486
  90%    486
  95%    486
  98%    486
  99%    486
 100%    486 (longest request)
