This is ApacheBench, Version 2.3 <$Revision: 1879490 $>
Copyright 1996 Adam Twiss, Zeus Technology Ltd, http://www.zeustech.net/
Licensed to The Apache Software Foundation, http://www.apache.org/

Benchmarking 172.18.0.2 (be patient)
Completed 102 requests
Completed 204 requests
Completed 306 requests
Completed 408 requests
Completed 510 requests
Completed 612 requests
Completed 714 requests
Completed 816 requests
Completed 918 requests
Completed 1020 requests
Finished 1024 requests


Server Software:        
Server Hostname:        172.18.0.2
Server Port:            8080

Document Path:          /
Document Length:        172 bytes

Concurrency Level:      4
Time taken for tests:   11.944 seconds
Complete requests:      1024
Failed requests:        992
   (Connect: 0, Receive: 0, Length: 992, Exceptions: 0)
Total transferred:      272667 bytes
Total body sent:        240640
HTML transferred:       174363 bytes
Requests per second:    85.73 [#/sec] (mean)
Time per request:       46.658 [ms] (mean)
Time per request:       11.664 [ms] (mean, across all concurrent requests)
Transfer rate:          22.29 [Kbytes/sec] received
                        19.67 kb/s sent
                        41.97 kb/s total

Connection Times (ms)
              min  mean[+/-sd] median   max
Connect:        0    0   0.2      0       5
Processing:    15   46  13.7     45     124
Waiting:       15   46  13.7     45     124
Total:         15   46  13.7     45     124

Percentage of the requests served within a certain time (ms)
  50%     45
  66%     50
  75%     54
  80%     56
  90%     63
  95%     69
  98%     78
  99%     91
 100%    124 (longest request)
