time="2023-04-08T10:00:36-04:00" level=info msg="Called startVMM(), setting up a VMM on /tmp/testtap.socket"
time="2023-04-08T10:00:36-04:00" level=info msg="VMM logging disabled."
time="2023-04-08T10:00:36-04:00" level=info msg="VMM metrics disabled."
time="2023-04-08T10:00:36-04:00" level=info msg="refreshMachineConfiguration: [GET /machine-config][200] getMachineConfigurationOK  &{CPUTemplate:Uninitialized HtEnabled:0xc0004d80fc MemSizeMib:0xc0004d80f0 VcpuCount:0xc0004d80e8}"
time="2023-04-08T10:00:36-04:00" level=info msg="PutGuestBootSource: [PUT /boot-source][204] putGuestBootSourceNoContent "
time="2023-04-08T10:00:36-04:00" level=info msg="Attaching drive /tmp/test-proxy/polyglot-proxy.img, slot 1, root true."
time="2023-04-08T10:00:36-04:00" level=info msg="Attached drive /tmp/test-proxy/polyglot-proxy.img: [PUT /drives/{drive_id}][204] putGuestDriveByIdNoContent "
time="2023-04-08T10:00:36-04:00" level=info msg="Attaching NIC testtap (hwaddr DE:AD:BE:EF:6A:4E) at index 1"
2023-04-08T10:00:36.051936270 [anonymous-instance:main:WARN:src/vmm/src/builder.rs:599] Could not add serial input event to epoll: Error during epoll call: Operation not permitted (os error 1)
time="2023-04-08T10:00:36-04:00" level=info msg="startInstance successful: [PUT /actions][204] createSyncActionNoContent "
[    0.012010] dmi: Firmware registration failed.
[    0.040546] zswap: default zpool zbud not available
[    0.040795] zswap: pool creation failed
Graalvisor boot time: 165 ms.
Graalvisor listening on port 8080.
Warning: graalvisor compiled with no truffle language support.
Function thumbnail registered with context sandboxing in 384 ms
[thread 41] New context sandbox 140611280699392 in 26 us
[thread 36] Creating context org.graalvm.polyglot.Context@9f01b16
Apr 08, 2023 2:00:37 PM com.criteo.vips.Vips loadLibraryFromJar
WARNING: Could not load lib 'libheif.so' via classloader
Apr 08, 2023 2:00:37 PM com.criteo.vips.Vips loadLibraryFromJar
WARNING: Could not load lib 'libspng.so' via classloader
Apr 08, 2023 2:00:37 PM com.criteo.vips.Vips <clinit>
INFO: JVips dependencies have been loaded from jar
Apr 08, 2023 2:00:37 PM com.criteo.vips.Vips <clinit>
INFO: Trying to load JVips
[thread 45] New context sandbox 140611280699392 in 20 us
[thread 41] Creating context org.graalvm.polyglot.Context@484eaba1
[thread 46] New context sandbox 140611280699392 in 11 us
[thread 42] Creating context org.graalvm.polyglot.Context@83673d3
[thread 47] New context sandbox 140611280699392 in 10 us
[thread 43] Creating context org.graalvm.polyglot.Context@465235f1
time="2023-04-08T10:01:01-04:00" level=warning msg="firecracker exited: signal: terminated"
time="2023-04-08T10:01:01-04:00" level=fatal msg="Wait returned an error 1 error occurred:\n\t* signal: terminated\n\n"
