time="2023-04-08T10:12:29-04:00" level=info msg="Called startVMM(), setting up a VMM on /tmp/testtap.socket"
time="2023-04-08T10:12:29-04:00" level=info msg="VMM logging disabled."
time="2023-04-08T10:12:29-04:00" level=info msg="VMM metrics disabled."
time="2023-04-08T10:12:29-04:00" level=info msg="refreshMachineConfiguration: [GET /machine-config][200] getMachineConfigurationOK  &{CPUTemplate:Uninitialized HtEnabled:0xc000808174 MemSizeMib:0xc000808168 VcpuCount:0xc000808160}"
time="2023-04-08T10:12:29-04:00" level=info msg="PutGuestBootSource: [PUT /boot-source][204] putGuestBootSourceNoContent "
time="2023-04-08T10:12:29-04:00" level=info msg="Attaching drive /tmp/test-proxy/polyglot-proxy.img, slot 1, root true."
time="2023-04-08T10:12:29-04:00" level=info msg="Attached drive /tmp/test-proxy/polyglot-proxy.img: [PUT /drives/{drive_id}][204] putGuestDriveByIdNoContent "
time="2023-04-08T10:12:29-04:00" level=info msg="Attaching NIC testtap (hwaddr DE:AD:BE:EF:3A:B1) at index 1"
2023-04-08T10:12:29.660692921 [anonymous-instance:main:WARN:src/vmm/src/builder.rs:599] Could not add serial input event to epoll: Error during epoll call: Operation not permitted (os error 1)
time="2023-04-08T10:12:29-04:00" level=info msg="startInstance successful: [PUT /actions][204] createSyncActionNoContent "
[    0.012077] dmi: Firmware registration failed.
[    0.041053] zswap: default zpool zbud not available
[    0.041307] zswap: pool creation failed
Graalvisor boot time: 165 ms.
Graalvisor listening on port 8080.
Warning: graalvisor compiled with no truffle language support.
Function dynamichtml registered with process sandboxing in 279 ms
[thread 1] Creating context org.graalvm.polyglot.Context@7f8237b3
[thread 41] New process sandbox 465 in 259 us
[thread 1] Creating context org.graalvm.polyglot.Context@1578b332
[thread 50] New process sandbox 484 in 222 us
[thread 51] New process sandbox 485 in 205 us
[thread 52] New process sandbox 486 in 189 us
[thread 53] New process sandbox 487 in 179 us
[thread 54] New process sandbox 488 in 174 us
[thread 55] New process sandbox 489 in 186 us
[thread 56] New process sandbox 490 in 370 us
[thread 1] Creating context org.graalvm.polyglot.Context@7f55d234
[thread 1] Creating context org.graalvm.polyglot.Context@1749c11d
[thread 1] Creating context org.graalvm.polyglot.Context@4cedbc17
[thread 1] Creating context org.graalvm.polyglot.Context@313b0fb5
[thread 1] Creating context org.graalvm.polyglot.Context@57075b09
[thread 1] Creating context org.graalvm.polyglot.Context@41d11362
[thread 1] Creating context org.graalvm.polyglot.Context@5b755b2c
time="2023-04-08T10:12:42-04:00" level=warning msg="firecracker exited: signal: terminated"
time="2023-04-08T10:12:42-04:00" level=fatal msg="Wait returned an error 1 error occurred:\n\t* signal: terminated\n\n"
