Graalvisor listening on port 8080.
Warning: graalvisor compiled with no truffle language support.
Function shopcart registered with runtime sandboxing in 177 ms
[thread 40] New runtime sandbox 140331616043008 in 13219 us
 __  __ _                                  _   
|  \/  (_) ___ _ __ ___  _ __   __ _ _   _| |_ 
| |\/| | |/ __| '__/ _ \| '_ \ / _` | | | | __|
| |  | | | (__| | | (_) | | | | (_| | |_| | |_ 
|_|  |_|_|\___|_|  \___/|_| |_|\__,_|\__,_|\__|
  Micronaut (v3.3.1)

[36m15:59:04.058[0;39m [1;30m[main][0;39m [34mINFO [0;39m [35mio.micronaut.runtime.Micronaut[0;39m - Startup completed in 39ms. Server Running: http://localhost:40411
./app: Terminated

 Performance counter stats for './app':

        20,962,563      cache-misses                                                
           100,510      context-switches                                            
        10,217,081      branch-misses                                               
            23,330      page-faults                                                 

       8.620144524 seconds time elapsed

       2.340727000 seconds user
       2.807191000 seconds sys


