This is ApacheBench, Version 2.3 <$Revision: 1879490 $>
Copyright 1996 Adam Twiss, Zeus Technology Ltd, http://www.zeustech.net/
Licensed to The Apache Software Foundation, http://www.apache.org/

Benchmarking 127.0.0.1 (be patient).....done


Server Software:        
Server Hostname:        127.0.0.1
Server Port:            8081

Document Path:          /
Document Length:        1074 bytes

Concurrency Level:      1
Time taken for tests:   2.986 seconds
Complete requests:      25
Failed requests:        24
   (Connect: 0, Receive: 0, Length: 24, Exceptions: 0)
Total transferred:      29213 bytes
Total body sent:        7200
HTML transferred:       26788 bytes
Requests per second:    8.37 [#/sec] (mean)
Time per request:       119.442 [ms] (mean)
Time per request:       119.442 [ms] (mean, across all concurrent requests)
Transfer rate:          9.55 [Kbytes/sec] received
                        2.35 kb/s sent
                        11.91 kb/s total

Connection Times (ms)
              min  mean[+/-sd] median   max
Connect:        0    0   0.0      0       0
Processing:     7  119 554.1      7    2779
Waiting:        7  119 554.1      7    2779
Total:          7  119 554.1      7    2779

Percentage of the requests served within a certain time (ms)
  50%      7
  66%      8
  75%      8
  80%     11
  90%     15
  95%     20
  98%   2779
  99%   2779
 100%   2779 (longest request)
