This is ApacheBench, Version 2.3 <$Revision: 1879490 $>
Copyright 1996 Adam Twiss, Zeus Technology Ltd, http://www.zeustech.net/
Licensed to The Apache Software Foundation, http://www.apache.org/

Benchmarking 172.172.0.2 (be patient)
Completed 1600 requests
Completed 3200 requests
Completed 4800 requests
Completed 6400 requests
Completed 8000 requests
Completed 9600 requests
Completed 11200 requests
Completed 12800 requests
Completed 14400 requests
Completed 16000 requests
Finished 16000 requests


Server Software:        
Server Hostname:        172.172.0.2
Server Port:            8080

Document Path:          /
Document Length:        95 bytes

Concurrency Level:      8
Time taken for tests:   7.216 seconds
Complete requests:      16000
Failed requests:        15985
   (Connect: 0, Receive: 0, Length: 15985, Exceptions: 0)
Total transferred:      3011315 bytes
Total body sent:        3168000
HTML transferred:       1491315 bytes
Requests per second:    2217.15 [#/sec] (mean)
Time per request:       3.608 [ms] (mean)
Time per request:       0.451 [ms] (mean, across all concurrent requests)
Transfer rate:          407.50 [Kbytes/sec] received
                        428.71 kb/s sent
                        836.21 kb/s total

Connection Times (ms)
              min  mean[+/-sd] median   max
Connect:        0    0   2.4      0      48
Processing:     0    3   6.7      2      49
Waiting:        0    3   6.5      2      49
Total:          1    4   7.1      2      51

Percentage of the requests served within a certain time (ms)
  50%      2
  66%      3
  75%      3
  80%      3
  90%      3
  95%      4
  98%     40
  99%     41
 100%     51 (longest request)
