time="2023-04-08T10:11:36-04:00" level=info msg="Called startVMM(), setting up a VMM on /tmp/testtap.socket"
time="2023-04-08T10:11:36-04:00" level=info msg="VMM logging disabled."
time="2023-04-08T10:11:36-04:00" level=info msg="VMM metrics disabled."
time="2023-04-08T10:11:36-04:00" level=info msg="refreshMachineConfiguration: [GET /machine-config][200] getMachineConfigurationOK  &{CPUTemplate:Uninitialized HtEnabled:0xc0006219a4 MemSizeMib:0xc000621998 VcpuCount:0xc000621990}"
time="2023-04-08T10:11:36-04:00" level=info msg="PutGuestBootSource: [PUT /boot-source][204] putGuestBootSourceNoContent "
time="2023-04-08T10:11:36-04:00" level=info msg="Attaching drive /tmp/test-proxy/polyglot-proxy.img, slot 1, root true."
time="2023-04-08T10:11:36-04:00" level=info msg="Attached drive /tmp/test-proxy/polyglot-proxy.img: [PUT /drives/{drive_id}][204] putGuestDriveByIdNoContent "
time="2023-04-08T10:11:36-04:00" level=info msg="Attaching NIC testtap (hwaddr DE:AD:BE:EF:37:5C) at index 1"
2023-04-08T10:11:36.030694913 [anonymous-instance:main:WARN:src/vmm/src/builder.rs:599] Could not add serial input event to epoll: Error during epoll call: Operation not permitted (os error 1)
time="2023-04-08T10:11:36-04:00" level=info msg="startInstance successful: [PUT /actions][204] createSyncActionNoContent "
[    0.012139] dmi: Firmware registration failed.
[    0.040627] zswap: default zpool zbud not available
[    0.040864] zswap: pool creation failed
Graalvisor boot time: 166 ms.
Graalvisor listening on port 8080.
Warning: graalvisor compiled with no truffle language support.
Function mst registered with context sandboxing in 768 ms
[thread 41] New context sandbox 140567734386688 in 29 us
[thread 39] Creating context org.graalvm.polyglot.Context@235a9830
[thread 43] New context sandbox 140567734386688 in 8 us
[thread 52] Creating context org.graalvm.polyglot.Context@17df79f2
time="2023-04-08T10:11:54-04:00" level=warning msg="firecracker exited: signal: terminated"
time="2023-04-08T10:11:54-04:00" level=fatal msg="Wait returned an error 1 error occurred:\n\t* signal: terminated\n\n"
