This is ApacheBench, Version 2.3 <$Revision: 1879490 $>
Copyright 1996 Adam Twiss, Zeus Technology Ltd, http://www.zeustech.net/
Licensed to The Apache Software Foundation, http://www.apache.org/

Benchmarking 127.0.0.1 (be patient).....done


Server Software:        
Server Hostname:        127.0.0.1
Server Port:            8080

Document Path:          /run
Document Length:        41 bytes

Concurrency Level:      1
Time taken for tests:   1.789 seconds
Complete requests:      40
Failed requests:        0
Total transferred:      5960 bytes
Total body sent:        7840
HTML transferred:       1640 bytes
Requests per second:    22.36 [#/sec] (mean)
Time per request:       44.731 [ms] (mean)
Time per request:       44.731 [ms] (mean, across all concurrent requests)
Transfer rate:          3.25 [Kbytes/sec] received
                        4.28 kb/s sent
                        7.53 kb/s total

Connection Times (ms)
              min  mean[+/-sd] median   max
Connect:        0    0   0.0      0       0
Processing:     4   45  44.0      7      96
Waiting:        4   45  44.0      7      96
Total:          5   45  44.0      7      97

Percentage of the requests served within a certain time (ms)
  50%      7
  66%     92
  75%     93
  80%     93
  90%     94
  95%     96
  98%     97
  99%     97
 100%     97 (longest request)
