This is ApacheBench, Version 2.3 <$Revision: 1879490 $>
Copyright 1996 Adam Twiss, Zeus Technology Ltd, http://www.zeustech.net/
Licensed to The Apache Software Foundation, http://www.apache.org/

Benchmarking 172.18.0.2 (be patient).....done


Server Software:        
Server Hostname:        172.18.0.2
Server Port:            8080

Document Path:          /
Document Length:        68 bytes

Concurrency Level:      1
Time taken for tests:   27.193 seconds
Complete requests:      2
Failed requests:        0
Total transferred:      326 bytes
Total body sent:        584
HTML transferred:       136 bytes
Requests per second:    0.07 [#/sec] (mean)
Time per request:       13596.420 [ms] (mean)
Time per request:       13596.420 [ms] (mean, across all concurrent requests)
Transfer rate:          0.01 [Kbytes/sec] received
                        0.02 kb/s sent
                        0.03 kb/s total

Connection Times (ms)
              min  mean[+/-sd] median   max
Connect:        0    0   0.0      0       0
Processing: 13239 13596 504.2  13952   13952
Waiting:    13239 13596 504.2  13952   13952
Total:      13240 13596 504.2  13953   13953

Percentage of the requests served within a certain time (ms)
  50%  13953
  66%  13953
  75%  13953
  80%  13953
  90%  13953
  95%  13953
  98%  13953
  99%  13953
 100%  13953 (longest request)
