Graalvisor listening on port 8080.
Warning: graalvisor compiled with no truffle language support.
Function shopcart registered with isolate sandboxing in 167 ms
[thread 40] New isolate sandbox 140293360844800 in 3947 us
 __  __ _                                  _   
|  \/  (_) ___ _ __ ___  _ __   __ _ _   _| |_ 
| |\/| | |/ __| '__/ _ \| '_ \ / _` | | | | __|
| |  | | | (__| | | (_) | | | | (_| | |_| | |_ 
|_|  |_|_|\___|_|  \___/|_| |_|\__,_|\__,_|\__|
  Micronaut (v3.3.1)

[36m15:58:46.070[0;39m [1;30m[main][0;39m [34mINFO [0;39m [35mio.micronaut.runtime.Micronaut[0;39m - Startup completed in 74ms. Server Running: http://localhost:40735
./app: Terminated

 Performance counter stats for './app':

        21,017,054      cache-misses                                                
           100,575      context-switches                                            
        10,456,003      branch-misses                                               
            23,399      page-faults                                                 

       8.634707259 seconds time elapsed

       2.415314000 seconds user
       2.762811000 seconds sys


