This is ApacheBench, Version 2.3 <$Revision: 1879490 $>
Copyright 1996 Adam Twiss, Zeus Technology Ltd, http://www.zeustech.net/
Licensed to The Apache Software Foundation, http://www.apache.org/

Benchmarking 172.18.0.2 (be patient)
Completed 100 requests
Completed 200 requests
Finished 256 requests


Server Software:        
Server Hostname:        172.18.0.2
Server Port:            8080

Document Path:          /
Document Length:        57 bytes

Concurrency Level:      1
Time taken for tests:   4.710 seconds
Complete requests:      256
Failed requests:        255
   (Connect: 0, Receive: 0, Length: 255, Exceptions: 0)
Total transferred:      37978 bytes
Total body sent:        60928
HTML transferred:       13658 bytes
Requests per second:    54.35 [#/sec] (mean)
Time per request:       18.399 [ms] (mean)
Time per request:       18.399 [ms] (mean, across all concurrent requests)
Transfer rate:          7.87 [Kbytes/sec] received
                        12.63 kb/s sent
                        20.51 kb/s total

Connection Times (ms)
              min  mean[+/-sd] median   max
Connect:        0    2  13.6      0      94
Processing:     0   16  69.4      1    1017
Waiting:        0   14  68.3      1    1017
Total:          0   18  70.3      2    1017

Percentage of the requests served within a certain time (ms)
  50%      2
  66%      2
  75%      2
  80%      2
  90%     92
  95%     93
  98%     95
  99%     96
 100%   1017 (longest request)
