This is ApacheBench, Version 2.3 <$Revision: 1879490 $>
Copyright 1996 Adam Twiss, Zeus Technology Ltd, http://www.zeustech.net/
Licensed to The Apache Software Foundation, http://www.apache.org/

Benchmarking 172.18.0.2 (be patient).....done


Server Software:        
Server Hostname:        172.18.0.2
Server Port:            8080

Document Path:          /warmup
Document Length:        95 bytes

Concurrency Level:      1
Time taken for tests:   9.206 seconds
Complete requests:      1
Failed requests:        0
Total transferred:      190 bytes
Total body sent:        298
HTML transferred:       95 bytes
Requests per second:    0.11 [#/sec] (mean)
Time per request:       9206.387 [ms] (mean)
Time per request:       9206.387 [ms] (mean, across all concurrent requests)
Transfer rate:          0.02 [Kbytes/sec] received
                        0.03 kb/s sent
                        0.05 kb/s total

Connection Times (ms)
              min  mean[+/-sd] median   max
Connect:        0    0   0.0      0       0
Processing:  9206 9206   0.0   9206    9206
Waiting:     9206 9206   0.0   9206    9206
Total:       9206 9206   0.0   9206    9206
