This is ApacheBench, Version 2.3 <$Revision: 1879490 $>
Copyright 1996 Adam Twiss, Zeus Technology Ltd, http://www.zeustech.net/
Licensed to The Apache Software Foundation, http://www.apache.org/

Benchmarking 172.172.0.2 (be patient)
Completed 100 requests
Completed 200 requests
Finished 256 requests


Server Software:        
Server Hostname:        172.172.0.2
Server Port:            8080

Document Path:          /run
Document Length:        33 bytes

Concurrency Level:      1
Time taken for tests:   8.499 seconds
Complete requests:      256
Failed requests:        0
Total transferred:      61440 bytes
Total body sent:        36608
HTML transferred:       8448 bytes
Requests per second:    30.12 [#/sec] (mean)
Time per request:       33.200 [ms] (mean)
Time per request:       33.200 [ms] (mean, across all concurrent requests)
Transfer rate:          7.06 [Kbytes/sec] received
                        4.21 kb/s sent
                        11.27 kb/s total

Connection Times (ms)
              min  mean[+/-sd] median   max
Connect:        0    8  25.4      0      92
Processing:     1   25  38.8      4     106
Waiting:        1   20  35.4      3     104
Total:          2   33  42.5      4     106

Percentage of the requests served within a certain time (ms)
  50%      4
  66%      6
  75%     92
  80%     92
  90%     94
  95%     95
  98%     96
  99%    100
 100%    106 (longest request)
