HTTP/1.1 204 
Server: Firecracker API
Connection: keep-alive

HTTP/1.1 204 
Server: Firecracker API
Connection: keep-alive

HTTP/1.1 204 
Server: Firecracker API
Connection: keep-alive

HTTP/1.1 204 
Server: Firecracker API
Connection: keep-alive

2024-02-05T15:23:45.453286763 [anonymous-instance:main:WARN:src/devices/src/legacy/serial.rs:249] Failed to register serial input fd: event_manager: failed to manage epoll file descriptor
HTTP/1.1 204 
Server: Firecracker API
Connection: keep-alive

[    0.012251] dmi: Firmware registration failed.
[    0.041999] zswap: default zpool zbud not available
[    0.042341] zswap: pool creation failed
succeeded to mount!succeeded to change directory!XXX_THE_END_OF_A_WHISK_ACTIVATION_XXX
XXX_THE_END_OF_A_WHISK_ACTIVATION_XXX
XXX_THE_END_OF_A_WHISK_ACTIVATION_XXX
XXX_THE_END_OF_A_WHISK_ACTIVATION_XXX
XXX_THE_END_OF_A_WHISK_ACTIVATION_XXX
XXX_THE_END_OF_A_WHISK_ACTIVATION_XXX
XXX_THE_END_OF_A_WHISK_ACTIVATION_XXX
XXX_THE_END_OF_A_WHISK_ACTIVATION_XXX
XXX_THE_END_OF_A_WHISK_ACTIVATION_XXX
XXX_THE_END_OF_A_WHISK_ACTIVATION_XXX
XXX_THE_END_OF_A_WHISK_ACTIVATION_XXX
XXX_THE_END_OF_A_WHISK_ACTIVATION_XXX
XXX_THE_END_OF_A_WHISK_ACTIVATION_XXX
XXX_THE_END_OF_A_WHISK_ACTIVATION_XXX
XXX_THE_END_OF_A_WHISK_ACTIVATION_XXX
XXX_THE_END_OF_A_WHISK_ACTIVATION_XXX
XXX_THE_END_OF_A_WHISK_ACTIVATION_XXX
XXX_THE_END_OF_A_WHISK_ACTIVATION_XXX
XXX_THE_END_OF_A_WHISK_ACTIVATION_XXX
XXX_THE_END_OF_A_WHISK_ACTIVATION_XXX
XXX_THE_END_OF_A_WHISK_ACTIVATION_XXX
XXX_THE_END_OF_A_WHISK_ACTIVATION_XXX
XXX_THE_END_OF_A_WHISK_ACTIVATION_XXX
XXX_THE_END_OF_A_WHISK_ACTIVATION_XXX
XXX_THE_END_OF_A_WHISK_ACTIVATION_XXX
XXX_THE_END_OF_A_WHISK_ACTIVATION_XXX
XXX_THE_END_OF_A_WHISK_ACTIVATION_XXX
XXX_THE_END_OF_A_WHISK_ACTIVATION_XXX
XXX_THE_END_OF_A_WHISK_ACTIVATION_XXX
XXX_THE_END_OF_A_WHISK_ACTIVATION_XXX
XXX_THE_END_OF_A_WHISK_ACTIVATION_XXX
XXX_THE_END_OF_A_WHISK_ACTIVATION_XXX
XXX_THE_END_OF_A_WHISK_ACTIVATION_XXX
XXX_THE_END_OF_A_WHISK_ACTIVATION_XXX
XXX_THE_END_OF_A_WHISK_ACTIVATION_XXX
XXX_THE_END_OF_A_WHISK_ACTIVATION_XXX
XXX_THE_END_OF_A_WHISK_ACTIVATION_XXX
XXX_THE_END_OF_A_WHISK_ACTIVATION_XXX
XXX_THE_END_OF_A_WHISK_ACTIVATION_XXX
XXX_THE_END_OF_A_WHISK_ACTIVATION_XXX
XXX_THE_END_OF_A_WHISK_ACTIVATION_XXX
XXX_THE_END_OF_A_WHISK_ACTIVATION_XXX
XXX_THE_END_OF_A_WHISK_ACTIVATION_XXX
XXX_THE_END_OF_A_WHISK_ACTIVATION_XXX
XXX_THE_END_OF_A_WHISK_ACTIVATION_XXX
XXX_THE_END_OF_A_WHISK_ACTIVATION_XXX
XXX_THE_END_OF_A_WHISK_ACTIVATION_XXX
XXX_THE_END_OF_A_WHISK_ACTIVATION_XXX
XXX_THE_END_OF_A_WHISK_ACTIVATION_XXX
XXX_THE_END_OF_A_WHISK_ACTIVATION_XXX
XXX_THE_END_OF_A_WHISK_ACTIVATION_XXX
XXX_THE_END_OF_A_WHISK_ACTIVATION_XXX
XXX_THE_END_OF_A_WHISK_ACTIVATION_XXX
XXX_THE_END_OF_A_WHISK_ACTIVATION_XXX
XXX_THE_END_OF_A_WHISK_ACTIVATION_XXX
XXX_THE_END_OF_A_WHISK_ACTIVATION_XXX
XXX_THE_END_OF_A_WHISK_ACTIVATION_XXX
XXX_THE_END_OF_A_WHISK_ACTIVATION_XXX
XXX_THE_END_OF_A_WHISK_ACTIVATION_XXX
XXX_THE_END_OF_A_WHISK_ACTIVATION_XXX
XXX_THE_END_OF_A_WHISK_ACTIVATION_XXX
XXX_THE_END_OF_A_WHISK_ACTIVATION_XXX
XXX_THE_END_OF_A_WHISK_ACTIVATION_XXX
XXX_THE_END_OF_A_WHISK_ACTIVATION_XXX
XXX_THE_END_OF_A_WHISK_ACTIVATION_XXX
XXX_THE_END_OF_A_WHISK_ACTIVATION_XXX
XXX_THE_END_OF_A_WHISK_ACTIVATION_XXX
XXX_THE_END_OF_A_WHISK_ACTIVATION_XXX
XXX_THE_END_OF_A_WHISK_ACTIVATION_XXX
XXX_THE_END_OF_A_WHISK_ACTIVATION_XXX
XXX_THE_END_OF_A_WHISK_ACTIVATION_XXX
XXX_THE_END_OF_A_WHISK_ACTIVATION_XXX
XXX_THE_END_OF_A_WHISK_ACTIVATION_XXX
XXX_THE_END_OF_A_WHISK_ACTIVATION_XXX
XXX_THE_END_OF_A_WHISK_ACTIVATION_XXX
XXX_THE_END_OF_A_WHISK_ACTIVATION_XXX
XXX_THE_END_OF_A_WHISK_ACTIVATION_XXX
XXX_THE_END_OF_A_WHISK_ACTIVATION_XXX
XXX_THE_END_OF_A_WHISK_ACTIVATION_XXX
XXX_THE_END_OF_A_WHISK_ACTIVATION_XXX
XXX_THE_END_OF_A_WHISK_ACTIVATION_XXX
XXX_THE_END_OF_A_WHISK_ACTIVATION_XXX
XXX_THE_END_OF_A_WHISK_ACTIVATION_XXX
XXX_THE_END_OF_A_WHISK_ACTIVATION_XXX
XXX_THE_END_OF_A_WHISK_ACTIVATION_XXX
XXX_THE_END_OF_A_WHISK_ACTIVATION_XXX
XXX_THE_END_OF_A_WHISK_ACTIVATION_XXX
XXX_THE_END_OF_A_WHISK_ACTIVATION_XXX
XXX_THE_END_OF_A_WHISK_ACTIVATION_XXX
XXX_THE_END_OF_A_WHISK_ACTIVATION_XXX
XXX_THE_END_OF_A_WHISK_ACTIVATION_XXX
XXX_THE_END_OF_A_WHISK_ACTIVATION_XXX
XXX_THE_END_OF_A_WHISK_ACTIVATION_XXX
XXX_THE_END_OF_A_WHISK_ACTIVATION_XXX
XXX_THE_END_OF_A_WHISK_ACTIVATION_XXX
XXX_THE_END_OF_A_WHISK_ACTIVATION_XXX
XXX_THE_END_OF_A_WHISK_ACTIVATION_XXX
XXX_THE_END_OF_A_WHISK_ACTIVATION_XXX
XXX_THE_END_OF_A_WHISK_ACTIVATION_XXX
XXX_THE_END_OF_A_WHISK_ACTIVATION_XXX
XXX_THE_END_OF_A_WHISK_ACTIVATION_XXX
XXX_THE_END_OF_A_WHISK_ACTIVATION_XXX
XXX_THE_END_OF_A_WHISK_ACTIVATION_XXX
XXX_THE_END_OF_A_WHISK_ACTIVATION_XXX
XXX_THE_END_OF_A_WHISK_ACTIVATION_XXX
XXX_THE_END_OF_A_WHISK_ACTIVATION_XXX
XXX_THE_END_OF_A_WHISK_ACTIVATION_XXX
XXX_THE_END_OF_A_WHISK_ACTIVATION_XXX
XXX_THE_END_OF_A_WHISK_ACTIVATION_XXX
XXX_THE_END_OF_A_WHISK_ACTIVATION_XXX
XXX_THE_END_OF_A_WHISK_ACTIVATION_XXX
XXX_THE_END_OF_A_WHISK_ACTIVATION_XXX
XXX_THE_END_OF_A_WHISK_ACTIVATION_XXX
XXX_THE_END_OF_A_WHISK_ACTIVATION_XXX
XXX_THE_END_OF_A_WHISK_ACTIVATION_XXX
XXX_THE_END_OF_A_WHISK_ACTIVATION_XXX
XXX_THE_END_OF_A_WHISK_ACTIVATION_XXX
XXX_THE_END_OF_A_WHISK_ACTIVATION_XXX
XXX_THE_END_OF_A_WHISK_ACTIVATION_XXX
XXX_THE_END_OF_A_WHISK_ACTIVATION_XXX
XXX_THE_END_OF_A_WHISK_ACTIVATION_XXX
XXX_THE_END_OF_A_WHISK_ACTIVATION_XXX
XXX_THE_END_OF_A_WHISK_ACTIVATION_XXX
XXX_THE_END_OF_A_WHISK_ACTIVATION_XXX
XXX_THE_END_OF_A_WHISK_ACTIVATION_XXX
XXX_THE_END_OF_A_WHISK_ACTIVATION_XXX
XXX_THE_END_OF_A_WHISK_ACTIVATION_XXX
XXX_THE_END_OF_A_WHISK_ACTIVATION_XXX
XXX_THE_END_OF_A_WHISK_ACTIVATION_XXX
XXX_THE_END_OF_A_WHISK_ACTIVATION_XXX
XXX_THE_END_OF_A_WHISK_ACTIVATION_XXX
XXX_THE_END_OF_A_WHISK_ACTIVATION_XXX
XXX_THE_END_OF_A_WHISK_ACTIVATION_XXX
XXX_THE_END_OF_A_WHISK_ACTIVATION_XXX
XXX_THE_END_OF_A_WHISK_ACTIVATION_XXX
XXX_THE_END_OF_A_WHISK_ACTIVATION_XXX
XXX_THE_END_OF_A_WHISK_ACTIVATION_XXX
XXX_THE_END_OF_A_WHISK_ACTIVATION_XXX
XXX_THE_END_OF_A_WHISK_ACTIVATION_XXX
XXX_THE_END_OF_A_WHISK_ACTIVATION_XXX
XXX_THE_END_OF_A_WHISK_ACTIVATION_XXX
XXX_THE_END_OF_A_WHISK_ACTIVATION_XXX
XXX_THE_END_OF_A_WHISK_ACTIVATION_XXX
XXX_THE_END_OF_A_WHISK_ACTIVATION_XXX
XXX_THE_END_OF_A_WHISK_ACTIVATION_XXX
XXX_THE_END_OF_A_WHISK_ACTIVATION_XXX
XXX_THE_END_OF_A_WHISK_ACTIVATION_XXX
XXX_THE_END_OF_A_WHISK_ACTIVATION_XXX
XXX_THE_END_OF_A_WHISK_ACTIVATION_XXX
XXX_THE_END_OF_A_WHISK_ACTIVATION_XXX
XXX_THE_END_OF_A_WHISK_ACTIVATION_XXX
XXX_THE_END_OF_A_WHISK_ACTIVATION_XXX
XXX_THE_END_OF_A_WHISK_ACTIVATION_XXX
XXX_THE_END_OF_A_WHISK_ACTIVATION_XXX
XXX_THE_END_OF_A_WHISK_ACTIVATION_XXX
XXX_THE_END_OF_A_WHISK_ACTIVATION_XXX
XXX_THE_END_OF_A_WHISK_ACTIVATION_XXX
XXX_THE_END_OF_A_WHISK_ACTIVATION_XXX
XXX_THE_END_OF_A_WHISK_ACTIVATION_XXX
XXX_THE_END_OF_A_WHISK_ACTIVATION_XXX
XXX_THE_END_OF_A_WHISK_ACTIVATION_XXX
XXX_THE_END_OF_A_WHISK_ACTIVATION_XXX
XXX_THE_END_OF_A_WHISK_ACTIVATION_XXX
XXX_THE_END_OF_A_WHISK_ACTIVATION_XXX
XXX_THE_END_OF_A_WHISK_ACTIVATION_XXX
XXX_THE_END_OF_A_WHISK_ACTIVATION_XXX
XXX_THE_END_OF_A_WHISK_ACTIVATION_XXX
XXX_THE_END_OF_A_WHISK_ACTIVATION_XXX
XXX_THE_END_OF_A_WHISK_ACTIVATION_XXX
XXX_THE_END_OF_A_WHISK_ACTIVATION_XXX
XXX_THE_END_OF_A_WHISK_ACTIVATION_XXX
XXX_THE_END_OF_A_WHISK_ACTIVATION_XXX
XXX_THE_END_OF_A_WHISK_ACTIVATION_XXX
XXX_THE_END_OF_A_WHISK_ACTIVATION_XXX
XXX_THE_END_OF_A_WHISK_ACTIVATION_XXX
XXX_THE_END_OF_A_WHISK_ACTIVATION_XXX
XXX_THE_END_OF_A_WHISK_ACTIVATION_XXX
XXX_THE_END_OF_A_WHISK_ACTIVATION_XXX
XXX_THE_END_OF_A_WHISK_ACTIVATION_XXX
XXX_THE_END_OF_A_WHISK_ACTIVATION_XXX
XXX_THE_END_OF_A_WHISK_ACTIVATION_XXX
XXX_THE_END_OF_A_WHISK_ACTIVATION_XXX
XXX_THE_END_OF_A_WHISK_ACTIVATION_XXX
XXX_THE_END_OF_A_WHISK_ACTIVATION_XXX
XXX_THE_END_OF_A_WHISK_ACTIVATION_XXX
XXX_THE_END_OF_A_WHISK_ACTIVATION_XXX
XXX_THE_END_OF_A_WHISK_ACTIVATION_XXX
XXX_THE_END_OF_A_WHISK_ACTIVATION_XXX
XXX_THE_END_OF_A_WHISK_ACTIVATION_XXX
XXX_THE_END_OF_A_WHISK_ACTIVATION_XXX
XXX_THE_END_OF_A_WHISK_ACTIVATION_XXX
XXX_THE_END_OF_A_WHISK_ACTIVATION_XXX
XXX_THE_END_OF_A_WHISK_ACTIVATION_XXX
XXX_THE_END_OF_A_WHISK_ACTIVATION_XXX
XXX_THE_END_OF_A_WHISK_ACTIVATION_XXX
XXX_THE_END_OF_A_WHISK_ACTIVATION_XXX
XXX_THE_END_OF_A_WHISK_ACTIVATION_XXX
XXX_THE_END_OF_A_WHISK_ACTIVATION_XXX
XXX_THE_END_OF_A_WHISK_ACTIVATION_XXX
XXX_THE_END_OF_A_WHISK_ACTIVATION_XXX
XXX_THE_END_OF_A_WHISK_ACTIVATION_XXX
XXX_THE_END_OF_A_WHISK_ACTIVATION_XXX
XXX_THE_END_OF_A_WHISK_ACTIVATION_XXX
XXX_THE_END_OF_A_WHISK_ACTIVATION_XXX
XXX_THE_END_OF_A_WHISK_ACTIVATION_XXX
XXX_THE_END_OF_A_WHISK_ACTIVATION_XXX
XXX_THE_END_OF_A_WHISK_ACTIVATION_XXX
XXX_THE_END_OF_A_WHISK_ACTIVATION_XXX
XXX_THE_END_OF_A_WHISK_ACTIVATION_XXX
XXX_THE_END_OF_A_WHISK_ACTIVATION_XXX
XXX_THE_END_OF_A_WHISK_ACTIVATION_XXX
XXX_THE_END_OF_A_WHISK_ACTIVATION_XXX
XXX_THE_END_OF_A_WHISK_ACTIVATION_XXX
XXX_THE_END_OF_A_WHISK_ACTIVATION_XXX
XXX_THE_END_OF_A_WHISK_ACTIVATION_XXX
XXX_THE_END_OF_A_WHISK_ACTIVATION_XXX
XXX_THE_END_OF_A_WHISK_ACTIVATION_XXX
XXX_THE_END_OF_A_WHISK_ACTIVATION_XXX
XXX_THE_END_OF_A_WHISK_ACTIVATION_XXX
XXX_THE_END_OF_A_WHISK_ACTIVATION_XXX
XXX_THE_END_OF_A_WHISK_ACTIVATION_XXX
XXX_THE_END_OF_A_WHISK_ACTIVATION_XXX
XXX_THE_END_OF_A_WHISK_ACTIVATION_XXX
XXX_THE_END_OF_A_WHISK_ACTIVATION_XXX
XXX_THE_END_OF_A_WHISK_ACTIVATION_XXX
XXX_THE_END_OF_A_WHISK_ACTIVATION_XXX
XXX_THE_END_OF_A_WHISK_ACTIVATION_XXX
XXX_THE_END_OF_A_WHISK_ACTIVATION_XXX
XXX_THE_END_OF_A_WHISK_ACTIVATION_XXX
XXX_THE_END_OF_A_WHISK_ACTIVATION_XXX
XXX_THE_END_OF_A_WHISK_ACTIVATION_XXX
XXX_THE_END_OF_A_WHISK_ACTIVATION_XXX
XXX_THE_END_OF_A_WHISK_ACTIVATION_XXX
XXX_THE_END_OF_A_WHISK_ACTIVATION_XXX
XXX_THE_END_OF_A_WHISK_ACTIVATION_XXX
XXX_THE_END_OF_A_WHISK_ACTIVATION_XXX
XXX_THE_END_OF_A_WHISK_ACTIVATION_XXX
XXX_THE_END_OF_A_WHISK_ACTIVATION_XXX
XXX_THE_END_OF_A_WHISK_ACTIVATION_XXX
XXX_THE_END_OF_A_WHISK_ACTIVATION_XXX
XXX_THE_END_OF_A_WHISK_ACTIVATION_XXX
XXX_THE_END_OF_A_WHISK_ACTIVATION_XXX
XXX_THE_END_OF_A_WHISK_ACTIVATION_XXX
XXX_THE_END_OF_A_WHISK_ACTIVATION_XXX
XXX_THE_END_OF_A_WHISK_ACTIVATION_XXX
XXX_THE_END_OF_A_WHISK_ACTIVATION_XXX
XXX_THE_END_OF_A_WHISK_ACTIVATION_XXX
XXX_THE_END_OF_A_WHISK_ACTIVATION_XXX
XXX_THE_END_OF_A_WHISK_ACTIVATION_XXX
XXX_THE_END_OF_A_WHISK_ACTIVATION_XXX
XXX_THE_END_OF_A_WHISK_ACTIVATION_XXX
XXX_THE_END_OF_A_WHISK_ACTIVATION_XXX
XXX_THE_END_OF_A_WHISK_ACTIVATION_XXX
XXX_THE_END_OF_A_WHISK_ACTIVATION_XXX
XXX_THE_END_OF_A_WHISK_ACTIVATION_XXX
XXX_THE_END_OF_A_WHISK_ACTIVATION_XXX
XXX_THE_END_OF_A_WHISK_ACTIVATION_XXX
XXX_THE_END_OF_A_WHISK_ACTIVATION_XXX
XXX_THE_END_OF_A_WHISK_ACTIVATION_XXX
XXX_THE_END_OF_A_WHISK_ACTIVATION_XXX
XXX_THE_END_OF_A_WHISK_ACTIVATION_XXX
XXX_THE_END_OF_A_WHISK_ACTIVATION_XXX
XXX_THE_END_OF_A_WHISK_ACTIVATION_XXX
XXX_THE_END_OF_A_WHISK_ACTIVATION_XXX
XXX_THE_END_OF_A_WHISK_ACTIVATION_XXX
XXX_THE_END_OF_A_WHISK_ACTIVATION_XXX
XXX_THE_END_OF_A_WHISK_ACTIVATION_XXX
XXX_THE_END_OF_A_WHISK_ACTIVATION_XXX
XXX_THE_END_OF_A_WHISK_ACTIVATION_XXX
XXX_THE_END_OF_A_WHISK_ACTIVATION_XXX
XXX_THE_END_OF_A_WHISK_ACTIVATION_XXX
XXX_THE_END_OF_A_WHISK_ACTIVATION_XXX
XXX_THE_END_OF_A_WHISK_ACTIVATION_XXX
XXX_THE_END_OF_A_WHISK_ACTIVATION_XXX
XXX_THE_END_OF_A_WHISK_ACTIVATION_XXX
XXX_THE_END_OF_A_WHISK_ACTIVATION_XXX
XXX_THE_END_OF_A_WHISK_ACTIVATION_XXX
XXX_THE_END_OF_A_WHISK_ACTIVATION_XXX
XXX_THE_END_OF_A_WHISK_ACTIVATION_XXX
XXX_THE_END_OF_A_WHISK_ACTIVATION_XXX
XXX_THE_END_OF_A_WHISK_ACTIVATION_XXX
XXX_THE_END_OF_A_WHISK_ACTIVATION_XXX
XXX_THE_END_OF_A_WHISK_ACTIVATION_XXX
XXX_THE_END_OF_A_WHISK_ACTIVATION_XXX
XXX_THE_END_OF_A_WHISK_ACTIVATION_XXX
XXX_THE_END_OF_A_WHISK_ACTIVATION_XXX
XXX_THE_END_OF_A_WHISK_ACTIVATION_XXX
XXX_THE_END_OF_A_WHISK_ACTIVATION_XXX
XXX_THE_END_OF_A_WHISK_ACTIVATION_XXX
XXX_THE_END_OF_A_WHISK_ACTIVATION_XXX
XXX_THE_END_OF_A_WHISK_ACTIVATION_XXX
XXX_THE_END_OF_A_WHISK_ACTIVATION_XXX
XXX_THE_END_OF_A_WHISK_ACTIVATION_XXX
XXX_THE_END_OF_A_WHISK_ACTIVATION_XXX
XXX_THE_END_OF_A_WHISK_ACTIVATION_XXX
XXX_THE_END_OF_A_WHISK_ACTIVATION_XXX
XXX_THE_END_OF_A_WHISK_ACTIVATION_XXX
XXX_THE_END_OF_A_WHISK_ACTIVATION_XXX
XXX_THE_END_OF_A_WHISK_ACTIVATION_XXX
XXX_THE_END_OF_A_WHISK_ACTIVATION_XXX
XXX_THE_END_OF_A_WHISK_ACTIVATION_XXX
XXX_THE_END_OF_A_WHISK_ACTIVATION_XXX
XXX_THE_END_OF_A_WHISK_ACTIVATION_XXX
XXX_THE_END_OF_A_WHISK_ACTIVATION_XXX
XXX_THE_END_OF_A_WHISK_ACTIVATION_XXX
XXX_THE_END_OF_A_WHISK_ACTIVATION_XXX
XXX_THE_END_OF_A_WHISK_ACTIVATION_XXX
XXX_THE_END_OF_A_WHISK_ACTIVATION_XXX
XXX_THE_END_OF_A_WHISK_ACTIVATION_XXX
XXX_THE_END_OF_A_WHISK_ACTIVATION_XXX
XXX_THE_END_OF_A_WHISK_ACTIVATION_XXX
XXX_THE_END_OF_A_WHISK_ACTIVATION_XXX
XXX_THE_END_OF_A_WHISK_ACTIVATION_XXX
XXX_THE_END_OF_A_WHISK_ACTIVATION_XXX
XXX_THE_END_OF_A_WHISK_ACTIVATION_XXX
XXX_THE_END_OF_A_WHISK_ACTIVATION_XXX
XXX_THE_END_OF_A_WHISK_ACTIVATION_XXX
XXX_THE_END_OF_A_WHISK_ACTIVATION_XXX
XXX_THE_END_OF_A_WHISK_ACTIVATION_XXX
XXX_THE_END_OF_A_WHISK_ACTIVATION_XXX
XXX_THE_END_OF_A_WHISK_ACTIVATION_XXX
XXX_THE_END_OF_A_WHISK_ACTIVATION_XXX
XXX_THE_END_OF_A_WHISK_ACTIVATION_XXX
XXX_THE_END_OF_A_WHISK_ACTIVATION_XXX
XXX_THE_END_OF_A_WHISK_ACTIVATION_XXX
XXX_THE_END_OF_A_WHISK_ACTIVATION_XXX
XXX_THE_END_OF_A_WHISK_ACTIVATION_XXX
XXX_THE_END_OF_A_WHISK_ACTIVATION_XXX
XXX_THE_END_OF_A_WHISK_ACTIVATION_XXX
XXX_THE_END_OF_A_WHISK_ACTIVATION_XXX
XXX_THE_END_OF_A_WHISK_ACTIVATION_XXX
XXX_THE_END_OF_A_WHISK_ACTIVATION_XXX
XXX_THE_END_OF_A_WHISK_ACTIVATION_XXX
XXX_THE_END_OF_A_WHISK_ACTIVATION_XXX
XXX_THE_END_OF_A_WHISK_ACTIVATION_XXX
XXX_THE_END_OF_A_WHISK_ACTIVATION_XXX
XXX_THE_END_OF_A_WHISK_ACTIVATION_XXX
XXX_THE_END_OF_A_WHISK_ACTIVATION_XXX
XXX_THE_END_OF_A_WHISK_ACTIVATION_XXX
XXX_THE_END_OF_A_WHISK_ACTIVATION_XXX
XXX_THE_END_OF_A_WHISK_ACTIVATION_XXX
XXX_THE_END_OF_A_WHISK_ACTIVATION_XXX
XXX_THE_END_OF_A_WHISK_ACTIVATION_XXX
XXX_THE_END_OF_A_WHISK_ACTIVATION_XXX
XXX_THE_END_OF_A_WHISK_ACTIVATION_XXX
XXX_THE_END_OF_A_WHISK_ACTIVATION_XXX
XXX_THE_END_OF_A_WHISK_ACTIVATION_XXX
XXX_THE_END_OF_A_WHISK_ACTIVATION_XXX
XXX_THE_END_OF_A_WHISK_ACTIVATION_XXX
XXX_THE_END_OF_A_WHISK_ACTIVATION_XXX
XXX_THE_END_OF_A_WHISK_ACTIVATION_XXX
XXX_THE_END_OF_A_WHISK_ACTIVATION_XXX
XXX_THE_END_OF_A_WHISK_ACTIVATION_XXX
XXX_THE_END_OF_A_WHISK_ACTIVATION_XXX
XXX_THE_END_OF_A_WHISK_ACTIVATION_XXX
XXX_THE_END_OF_A_WHISK_ACTIVATION_XXX
XXX_THE_END_OF_A_WHISK_ACTIVATION_XXX
XXX_THE_END_OF_A_WHISK_ACTIVATION_XXX
XXX_THE_END_OF_A_WHISK_ACTIVATION_XXX
XXX_THE_END_OF_A_WHISK_ACTIVATION_XXX
XXX_THE_END_OF_A_WHISK_ACTIVATION_XXX
XXX_THE_END_OF_A_WHISK_ACTIVATION_XXX
XXX_THE_END_OF_A_WHISK_ACTIVATION_XXX
XXX_THE_END_OF_A_WHISK_ACTIVATION_XXX
XXX_THE_END_OF_A_WHISK_ACTIVATION_XXX
XXX_THE_END_OF_A_WHISK_ACTIVATION_XXX
XXX_THE_END_OF_A_WHISK_ACTIVATION_XXX
XXX_THE_END_OF_A_WHISK_ACTIVATION_XXX
XXX_THE_END_OF_A_WHISK_ACTIVATION_XXX
XXX_THE_END_OF_A_WHISK_ACTIVATION_XXX
XXX_THE_END_OF_A_WHISK_ACTIVATION_XXX
XXX_THE_END_OF_A_WHISK_ACTIVATION_XXX
XXX_THE_END_OF_A_WHISK_ACTIVATION_XXX
XXX_THE_END_OF_A_WHISK_ACTIVATION_XXX
XXX_THE_END_OF_A_WHISK_ACTIVATION_XXX
XXX_THE_END_OF_A_WHISK_ACTIVATION_XXX
XXX_THE_END_OF_A_WHISK_ACTIVATION_XXX
XXX_THE_END_OF_A_WHISK_ACTIVATION_XXX
XXX_THE_END_OF_A_WHISK_ACTIVATION_XXX
XXX_THE_END_OF_A_WHISK_ACTIVATION_XXX
XXX_THE_END_OF_A_WHISK_ACTIVATION_XXX
XXX_THE_END_OF_A_WHISK_ACTIVATION_XXX
XXX_THE_END_OF_A_WHISK_ACTIVATION_XXX
XXX_THE_END_OF_A_WHISK_ACTIVATION_XXX
XXX_THE_END_OF_A_WHISK_ACTIVATION_XXX
XXX_THE_END_OF_A_WHISK_ACTIVATION_XXX
XXX_THE_END_OF_A_WHISK_ACTIVATION_XXX
XXX_THE_END_OF_A_WHISK_ACTIVATION_XXX
XXX_THE_END_OF_A_WHISK_ACTIVATION_XXX
XXX_THE_END_OF_A_WHISK_ACTIVATION_XXX
XXX_THE_END_OF_A_WHISK_ACTIVATION_XXX
XXX_THE_END_OF_A_WHISK_ACTIVATION_XXX
XXX_THE_END_OF_A_WHISK_ACTIVATION_XXX
XXX_THE_END_OF_A_WHISK_ACTIVATION_XXX
XXX_THE_END_OF_A_WHISK_ACTIVATION_XXX
XXX_THE_END_OF_A_WHISK_ACTIVATION_XXX
XXX_THE_END_OF_A_WHISK_ACTIVATION_XXX
XXX_THE_END_OF_A_WHISK_ACTIVATION_XXX
XXX_THE_END_OF_A_WHISK_ACTIVATION_XXX
XXX_THE_END_OF_A_WHISK_ACTIVATION_XXX
XXX_THE_END_OF_A_WHISK_ACTIVATION_XXX
XXX_THE_END_OF_A_WHISK_ACTIVATION_XXX
XXX_THE_END_OF_A_WHISK_ACTIVATION_XXX
XXX_THE_END_OF_A_WHISK_ACTIVATION_XXX
XXX_THE_END_OF_A_WHISK_ACTIVATION_XXX
XXX_THE_END_OF_A_WHISK_ACTIVATION_XXX
XXX_THE_END_OF_A_WHISK_ACTIVATION_XXX
XXX_THE_END_OF_A_WHISK_ACTIVATION_XXX
XXX_THE_END_OF_A_WHISK_ACTIVATION_XXX
XXX_THE_END_OF_A_WHISK_ACTIVATION_XXX
XXX_THE_END_OF_A_WHISK_ACTIVATION_XXX
XXX_THE_END_OF_A_WHISK_ACTIVATION_XXX
XXX_THE_END_OF_A_WHISK_ACTIVATION_XXX
XXX_THE_END_OF_A_WHISK_ACTIVATION_XXX
XXX_THE_END_OF_A_WHISK_ACTIVATION_XXX
XXX_THE_END_OF_A_WHISK_ACTIVATION_XXX
XXX_THE_END_OF_A_WHISK_ACTIVATION_XXX
XXX_THE_END_OF_A_WHISK_ACTIVATION_XXX
XXX_THE_END_OF_A_WHISK_ACTIVATION_XXX
XXX_THE_END_OF_A_WHISK_ACTIVATION_XXX
XXX_THE_END_OF_A_WHISK_ACTIVATION_XXX
XXX_THE_END_OF_A_WHISK_ACTIVATION_XXX
XXX_THE_END_OF_A_WHISK_ACTIVATION_XXX
XXX_THE_END_OF_A_WHISK_ACTIVATION_XXX
XXX_THE_END_OF_A_WHISK_ACTIVATION_XXX
XXX_THE_END_OF_A_WHISK_ACTIVATION_XXX
XXX_THE_END_OF_A_WHISK_ACTIVATION_XXX
XXX_THE_END_OF_A_WHISK_ACTIVATION_XXX
XXX_THE_END_OF_A_WHISK_ACTIVATION_XXX
XXX_THE_END_OF_A_WHISK_ACTIVATION_XXX
XXX_THE_END_OF_A_WHISK_ACTIVATION_XXX
XXX_THE_END_OF_A_WHISK_ACTIVATION_XXX
XXX_THE_END_OF_A_WHISK_ACTIVATION_XXX
XXX_THE_END_OF_A_WHISK_ACTIVATION_XXX
XXX_THE_END_OF_A_WHISK_ACTIVATION_XXX
XXX_THE_END_OF_A_WHISK_ACTIVATION_XXX
XXX_THE_END_OF_A_WHISK_ACTIVATION_XXX
XXX_THE_END_OF_A_WHISK_ACTIVATION_XXX
XXX_THE_END_OF_A_WHISK_ACTIVATION_XXX
XXX_THE_END_OF_A_WHISK_ACTIVATION_XXX
XXX_THE_END_OF_A_WHISK_ACTIVATION_XXX
XXX_THE_END_OF_A_WHISK_ACTIVATION_XXX
XXX_THE_END_OF_A_WHISK_ACTIVATION_XXX
XXX_THE_END_OF_A_WHISK_ACTIVATION_XXX
XXX_THE_END_OF_A_WHISK_ACTIVATION_XXX
XXX_THE_END_OF_A_WHISK_ACTIVATION_XXX
XXX_THE_END_OF_A_WHISK_ACTIVATION_XXX
XXX_THE_END_OF_A_WHISK_ACTIVATION_XXX
XXX_THE_END_OF_A_WHISK_ACTIVATION_XXX
XXX_THE_END_OF_A_WHISK_ACTIVATION_XXX
XXX_THE_END_OF_A_WHISK_ACTIVATION_XXX
XXX_THE_END_OF_A_WHISK_ACTIVATION_XXX
XXX_THE_END_OF_A_WHISK_ACTIVATION_XXX
XXX_THE_END_OF_A_WHISK_ACTIVATION_XXX
XXX_THE_END_OF_A_WHISK_ACTIVATION_XXX
XXX_THE_END_OF_A_WHISK_ACTIVATION_XXX
XXX_THE_END_OF_A_WHISK_ACTIVATION_XXX
XXX_THE_END_OF_A_WHISK_ACTIVATION_XXX
XXX_THE_END_OF_A_WHISK_ACTIVATION_XXX
XXX_THE_END_OF_A_WHISK_ACTIVATION_XXX
XXX_THE_END_OF_A_WHISK_ACTIVATION_XXX
XXX_THE_END_OF_A_WHISK_ACTIVATION_XXX
XXX_THE_END_OF_A_WHISK_ACTIVATION_XXX
XXX_THE_END_OF_A_WHISK_ACTIVATION_XXX
XXX_THE_END_OF_A_WHISK_ACTIVATION_XXX
XXX_THE_END_OF_A_WHISK_ACTIVATION_XXX
XXX_THE_END_OF_A_WHISK_ACTIVATION_XXX
XXX_THE_END_OF_A_WHISK_ACTIVATION_XXX
XXX_THE_END_OF_A_WHISK_ACTIVATION_XXX
XXX_THE_END_OF_A_WHISK_ACTIVATION_XXX
XXX_THE_END_OF_A_WHISK_ACTIVATION_XXX
XXX_THE_END_OF_A_WHISK_ACTIVATION_XXX
XXX_THE_END_OF_A_WHISK_ACTIVATION_XXX
XXX_THE_END_OF_A_WHISK_ACTIVATION_XXX
XXX_THE_END_OF_A_WHISK_ACTIVATION_XXX
XXX_THE_END_OF_A_WHISK_ACTIVATION_XXX
XXX_THE_END_OF_A_WHISK_ACTIVATION_XXX
XXX_THE_END_OF_A_WHISK_ACTIVATION_XXX
XXX_THE_END_OF_A_WHISK_ACTIVATION_XXX
XXX_THE_END_OF_A_WHISK_ACTIVATION_XXX
XXX_THE_END_OF_A_WHISK_ACTIVATION_XXX
XXX_THE_END_OF_A_WHISK_ACTIVATION_XXX
XXX_THE_END_OF_A_WHISK_ACTIVATION_XXX
XXX_THE_END_OF_A_WHISK_ACTIVATION_XXX
XXX_THE_END_OF_A_WHISK_ACTIVATION_XXX
XXX_THE_END_OF_A_WHISK_ACTIVATION_XXX
XXX_THE_END_OF_A_WHISK_ACTIVATION_XXX
XXX_THE_END_OF_A_WHISK_ACTIVATION_XXX
XXX_THE_END_OF_A_WHISK_ACTIVATION_XXX
XXX_THE_END_OF_A_WHISK_ACTIVATION_XXX
XXX_THE_END_OF_A_WHISK_ACTIVATION_XXX
XXX_THE_END_OF_A_WHISK_ACTIVATION_XXX
XXX_THE_END_OF_A_WHISK_ACTIVATION_XXX
XXX_THE_END_OF_A_WHISK_ACTIVATION_XXX
XXX_THE_END_OF_A_WHISK_ACTIVATION_XXX
XXX_THE_END_OF_A_WHISK_ACTIVATION_XXX
XXX_THE_END_OF_A_WHISK_ACTIVATION_XXX
XXX_THE_END_OF_A_WHISK_ACTIVATION_XXX
XXX_THE_END_OF_A_WHISK_ACTIVATION_XXX
XXX_THE_END_OF_A_WHISK_ACTIVATION_XXX
XXX_THE_END_OF_A_WHISK_ACTIVATION_XXX
XXX_THE_END_OF_A_WHISK_ACTIVATION_XXX
XXX_THE_END_OF_A_WHISK_ACTIVATION_XXX
XXX_THE_END_OF_A_WHISK_ACTIVATION_XXX
XXX_THE_END_OF_A_WHISK_ACTIVATION_XXX
XXX_THE_END_OF_A_WHISK_ACTIVATION_XXX
XXX_THE_END_OF_A_WHISK_ACTIVATION_XXX
XXX_THE_END_OF_A_WHISK_ACTIVATION_XXX
XXX_THE_END_OF_A_WHISK_ACTIVATION_XXX
XXX_THE_END_OF_A_WHISK_ACTIVATION_XXX
XXX_THE_END_OF_A_WHISK_ACTIVATION_XXX
XXX_THE_END_OF_A_WHISK_ACTIVATION_XXX
