This is ApacheBench, Version 2.3 <$Revision: 1879490 $>
Copyright 1996 Adam Twiss, Zeus Technology Ltd, http://www.zeustech.net/
Licensed to The Apache Software Foundation, http://www.apache.org/

Benchmarking 172.18.0.2 (be patient)
Completed 204 requests
Completed 408 requests
Completed 612 requests
Completed 816 requests
Completed 1020 requests
Completed 1224 requests
Completed 1428 requests
Completed 1632 requests
Completed 1836 requests
Completed 2040 requests
Finished 2048 requests


Server Software:        
Server Hostname:        172.18.0.2
Server Port:            8080

Document Path:          /
Document Length:        1214 bytes

Concurrency Level:      8
Time taken for tests:   3.216 seconds
Complete requests:      2048
Failed requests:        1505
   (Connect: 0, Receive: 0, Length: 1505, Exceptions: 0)
Total transferred:      2686212 bytes
Total body sent:        581632
HTML transferred:       2487556 bytes
Requests per second:    636.82 [#/sec] (mean)
Time per request:       12.562 [ms] (mean)
Time per request:       1.570 [ms] (mean, across all concurrent requests)
Transfer rate:          815.69 [Kbytes/sec] received
                        176.62 kb/s sent
                        992.31 kb/s total

Connection Times (ms)
              min  mean[+/-sd] median   max
Connect:        0    0   0.4      0      11
Processing:     1   12  10.3     10     146
Waiting:        1   12  10.3     10     146
Total:          1   12  10.3     11     146

Percentage of the requests served within a certain time (ms)
  50%     11
  66%     13
  75%     15
  80%     16
  90%     20
  95%     23
  98%     28
  99%     39
 100%    146 (longest request)
