This is ApacheBench, Version 2.3 <$Revision: 1879490 $>
Copyright 1996 Adam Twiss, Zeus Technology Ltd, http://www.zeustech.net/
Licensed to The Apache Software Foundation, http://www.apache.org/

Benchmarking 172.18.0.2 (be patient).....done


Server Software:        
Server Hostname:        172.18.0.2
Server Port:            8080

Document Path:          /
Document Length:        1072 bytes

Concurrency Level:      1
Time taken for tests:   1.517 seconds
Complete requests:      5
Failed requests:        4
   (Connect: 0, Receive: 0, Length: 4, Exceptions: 0)
Total transferred:      5848 bytes
Total body sent:        1420
HTML transferred:       5363 bytes
Requests per second:    3.30 [#/sec] (mean)
Time per request:       303.377 [ms] (mean)
Time per request:       303.377 [ms] (mean, across all concurrent requests)
Transfer rate:          3.76 [Kbytes/sec] received
                        0.91 kb/s sent
                        4.68 kb/s total

Connection Times (ms)
              min  mean[+/-sd] median   max
Connect:        0    0   0.2      0       0
Processing:   214  303 117.9    290     503
Waiting:      214  303 117.9    290     503
Total:        214  303 117.9    290     503

Percentage of the requests served within a certain time (ms)
  50%    281
  66%    300
  75%    300
  80%    503
  90%    503
  95%    503
  98%    503
  99%    503
 100%    503 (longest request)
