This is ApacheBench, Version 2.3 <$Revision: 1879490 $>
Copyright 1996 Adam Twiss, Zeus Technology Ltd, http://www.zeustech.net/
Licensed to The Apache Software Foundation, http://www.apache.org/

Benchmarking 127.0.0.1 (be patient)
Completed 200 requests
Completed 400 requests
Completed 600 requests
Completed 800 requests
Completed 1000 requests
Completed 1200 requests
Completed 1400 requests
Completed 1600 requests
Completed 1800 requests
Completed 2000 requests
Finished 2000 requests


Server Software:        
Server Hostname:        127.0.0.1
Server Port:            8081

Document Path:          /
Document Length:        95 bytes

Concurrency Level:      1
Time taken for tests:   0.451 seconds
Complete requests:      2000
Failed requests:        1999
   (Connect: 0, Receive: 0, Length: 1999, Exceptions: 0)
Total transferred:      376005 bytes
Total body sent:        416000
HTML transferred:       186005 bytes
Requests per second:    4431.39 [#/sec] (mean)
Time per request:       0.226 [ms] (mean)
Time per request:       0.226 [ms] (mean, across all concurrent requests)
Transfer rate:          813.59 [Kbytes/sec] received
                        900.13 kb/s sent
                        1713.71 kb/s total

Connection Times (ms)
              min  mean[+/-sd] median   max
Connect:        0    0   0.0      0       0
Processing:     0    0   0.1      0       4
Waiting:        0    0   0.1      0       3
Total:          0    0   0.1      0       4

Percentage of the requests served within a certain time (ms)
  50%      0
  66%      0
  75%      0
  80%      0
  90%      0
  95%      0
  98%      0
  99%      0
 100%      4 (longest request)
