This is ApacheBench, Version 2.3 <$Revision: 1879490 $>
Copyright 1996 Adam Twiss, Zeus Technology Ltd, http://www.zeustech.net/
Licensed to The Apache Software Foundation, http://www.apache.org/

Benchmarking 172.18.0.2 (be patient)
Completed 100 requests
Completed 200 requests
Finished 256 requests


Server Software:        
Server Hostname:        172.18.0.2
Server Port:            8080

Document Path:          /
Document Length:        170 bytes

Concurrency Level:      1
Time taken for tests:   27.898 seconds
Complete requests:      256
Failed requests:        157
   (Connect: 0, Receive: 0, Length: 157, Exceptions: 0)
Total transferred:      68276 bytes
Total body sent:        60160
HTML transferred:       43700 bytes
Requests per second:    9.18 [#/sec] (mean)
Time per request:       108.976 [ms] (mean)
Time per request:       108.976 [ms] (mean, across all concurrent requests)
Transfer rate:          2.39 [Kbytes/sec] received
                        2.11 kb/s sent
                        4.50 kb/s total

Connection Times (ms)
              min  mean[+/-sd] median   max
Connect:        0   16  30.5      0      82
Processing:    11   93  39.3     99     205
Waiting:       11   92  39.4     99     205
Total:         11  109  31.2    100     205

Percentage of the requests served within a certain time (ms)
  50%    100
  66%    103
  75%    107
  80%    109
  90%    178
  95%    184
  98%    194
  99%    200
 100%    205 (longest request)
