This is ApacheBench, Version 2.3 <$Revision: 1879490 $>
Copyright 1996 Adam Twiss, Zeus Technology Ltd, http://www.zeustech.net/
Licensed to The Apache Software Foundation, http://www.apache.org/

Benchmarking 192.168.16.182 (be patient).....done


Server Software:        
Server Hostname:        192.168.16.182
Server Port:            8080

Document Path:          /
Document Length:        86 bytes

Concurrency Level:      2
Time taken for tests:   15.963 seconds
Complete requests:      4
Failed requests:        0
Total transferred:      724 bytes
Total body sent:        1200
HTML transferred:       344 bytes
Requests per second:    0.25 [#/sec] (mean)
Time per request:       7981.320 [ms] (mean)
Time per request:       3990.660 [ms] (mean, across all concurrent requests)
Transfer rate:          0.04 [Kbytes/sec] received
                        0.07 kb/s sent
                        0.12 kb/s total

Connection Times (ms)
              min  mean[+/-sd] median   max
Connect:        0    0   0.1      0       0
Processing:  3620 5948 2190.4   7805    7828
Waiting:     3620 5948 2190.4   7805    7828
Total:       3620 5948 2190.4   7805    7828

Percentage of the requests served within a certain time (ms)
  50%   7805
  66%   7805
  75%   7828
  80%   7828
  90%   7828
  95%   7828
  98%   7828
  99%   7828
 100%   7828 (longest request)
This is ApacheBench, Version 2.3 <$Revision: 1879490 $>
Copyright 1996 Adam Twiss, Zeus Technology Ltd, http://www.zeustech.net/
Licensed to The Apache Software Foundation, http://www.apache.org/

Benchmarking 192.168.16.182 (be patient).....done


Server Software:        
Server Hostname:        192.168.16.182
Server Port:            8080

Document Path:          /
Document Length:        86 bytes

Concurrency Level:      2
Time taken for tests:   18.089 seconds
Complete requests:      4
Failed requests:        0
Total transferred:      724 bytes
Total body sent:        1200
HTML transferred:       344 bytes
Requests per second:    0.22 [#/sec] (mean)
Time per request:       9044.254 [ms] (mean)
Time per request:       4522.127 [ms] (mean, across all concurrent requests)
Transfer rate:          0.04 [Kbytes/sec] received
                        0.06 kb/s sent
                        0.10 kb/s total

Connection Times (ms)
              min  mean[+/-sd] median   max
Connect:        0    1   1.3      0       3
Processing:  4443 6806 2689.2   9131    9139
Waiting:     4443 6806 2689.3   9131    9138
Total:       4443 6807 2688.5   9131    9139

Percentage of the requests served within a certain time (ms)
  50%   9131
  66%   9131
  75%   9139
  80%   9139
  90%   9139
  95%   9139
  98%   9139
  99%   9139
 100%   9139 (longest request)
This is ApacheBench, Version 2.3 <$Revision: 1879490 $>
Copyright 1996 Adam Twiss, Zeus Technology Ltd, http://www.zeustech.net/
Licensed to The Apache Software Foundation, http://www.apache.org/

Benchmarking 192.168.16.182 (be patient).....done


Server Software:        
Server Hostname:        192.168.16.182
Server Port:            8080

Document Path:          /
Document Length:        86 bytes

Concurrency Level:      2
Time taken for tests:   18.013 seconds
Complete requests:      4
Failed requests:        0
Total transferred:      724 bytes
Total body sent:        1200
HTML transferred:       344 bytes
Requests per second:    0.22 [#/sec] (mean)
Time per request:       9006.552 [ms] (mean)
Time per request:       4503.276 [ms] (mean, across all concurrent requests)
Transfer rate:          0.04 [Kbytes/sec] received
                        0.07 kb/s sent
                        0.10 kb/s total

Connection Times (ms)
              min  mean[+/-sd] median   max
Connect:        0    0   0.1      0       0
Processing:  4429 6774 2665.6   9082    9082
Waiting:     4429 6774 2665.6   9082    9082
Total:       4429 6774 2665.6   9082    9082

Percentage of the requests served within a certain time (ms)
  50%   9082
  66%   9082
  75%   9082
  80%   9082
  90%   9082
  95%   9082
  98%   9082
  99%   9082
 100%   9082 (longest request)
