This is ApacheBench, Version 2.3 <$Revision: 1879490 $>
Copyright 1996 Adam Twiss, Zeus Technology Ltd, http://www.zeustech.net/
Licensed to The Apache Software Foundation, http://www.apache.org/

Benchmarking 172.18.0.2 (be patient).....done


Server Software:        
Server Hostname:        172.18.0.2
Server Port:            8080

Document Path:          /
Document Length:        72 bytes

Concurrency Level:      1
Time taken for tests:   7.483 seconds
Complete requests:      10
Failed requests:        9
   (Connect: 0, Receive: 0, Length: 9, Exceptions: 0)
Total transferred:      1661 bytes
Total body sent:        3970
HTML transferred:       711 bytes
Requests per second:    1.34 [#/sec] (mean)
Time per request:       748.302 [ms] (mean)
Time per request:       748.302 [ms] (mean, across all concurrent requests)
Transfer rate:          0.22 [Kbytes/sec] received
                        0.52 kb/s sent
                        0.73 kb/s total

Connection Times (ms)
              min  mean[+/-sd] median   max
Connect:        0    9  26.5      0      84
Processing:   503  740 683.3    522    2684
Waiting:      503  739 683.3    522    2683
Total:        503  748 681.1    522    2684

Percentage of the requests served within a certain time (ms)
  50%    522
  66%    535
  75%    571
  80%    621
  90%   2684
  95%   2684
  98%   2684
  99%   2684
 100%   2684 (longest request)
