This is ApacheBench, Version 2.3 <$Revision: 1879490 $>
Copyright 1996 Adam Twiss, Zeus Technology Ltd, http://www.zeustech.net/
Licensed to The Apache Software Foundation, http://www.apache.org/

Benchmarking 172.18.0.2 (be patient)
Completed 100 requests
Completed 200 requests
Finished 256 requests


Server Software:        
Server Hostname:        172.18.0.2
Server Port:            8080

Document Path:          /
Document Length:        1214 bytes

Concurrency Level:      1
Time taken for tests:   7.393 seconds
Complete requests:      256
Failed requests:        171
   (Connect: 0, Receive: 0, Length: 171, Exceptions: 0)
Total transferred:      335680 bytes
Total body sent:        72704
HTML transferred:       310848 bytes
Requests per second:    34.63 [#/sec] (mean)
Time per request:       28.878 [ms] (mean)
Time per request:       28.878 [ms] (mean, across all concurrent requests)
Transfer rate:          44.34 [Kbytes/sec] received
                        9.60 kb/s sent
                        53.95 kb/s total

Connection Times (ms)
              min  mean[+/-sd] median   max
Connect:        0    2  13.7      0      94
Processing:     1   26  41.3      2     195
Waiting:        1   24  38.8      2     109
Total:          1   29  42.3      3     196

Percentage of the requests served within a certain time (ms)
  50%      3
  66%      3
  75%     92
  80%     93
  90%     94
  95%     96
  98%     97
  99%     97
 100%    196 (longest request)
