time="2023-04-06T15:55:52-04:00" level=info msg="Called startVMM(), setting up a VMM on /tmp/testtap.socket"
time="2023-04-06T15:55:52-04:00" level=info msg="VMM logging disabled."
time="2023-04-06T15:55:52-04:00" level=info msg="VMM metrics disabled."
time="2023-04-06T15:55:52-04:00" level=info msg="refreshMachineConfiguration: [GET /machine-config][200] getMachineConfigurationOK  &{CPUTemplate:Uninitialized HtEnabled:0xc00046c404 MemSizeMib:0xc00046c3e8 VcpuCount:0xc00046c3e0}"
time="2023-04-06T15:55:52-04:00" level=info msg="PutGuestBootSource: [PUT /boot-source][204] putGuestBootSourceNoContent "
time="2023-04-06T15:55:52-04:00" level=info msg="Attaching drive /tmp/test-proxy/polyglot-proxy.img, slot 1, root true."
time="2023-04-06T15:55:52-04:00" level=info msg="Attached drive /tmp/test-proxy/polyglot-proxy.img: [PUT /drives/{drive_id}][204] putGuestDriveByIdNoContent "
time="2023-04-06T15:55:52-04:00" level=info msg="Attaching NIC testtap (hwaddr DE:AD:BE:EF:B9:DF) at index 1"
2023-04-06T15:55:52.987022198 [anonymous-instance:main:WARN:src/vmm/src/builder.rs:599] Could not add serial input event to epoll: Error during epoll call: Operation not permitted (os error 1)
time="2023-04-06T15:55:52-04:00" level=info msg="startInstance successful: [PUT /actions][204] createSyncActionNoContent "
[    0.016172] dmi: Firmware registration failed.
[    0.045435] zswap: default zpool zbud not available
[    0.045708] zswap: pool creation failed
Graalvisor boot time: 181 ms.
Graalvisor listening on port 8080.
Warning: graalvisor compiled with no truffle language support.
Function filehashing registered with process sandboxing in 40 ms
[thread 40] New process sandbox 460 in 240 us
[thread 49] New process sandbox 478 in 279 us
[thread 50] New process sandbox 479 in 288 us
[thread 51] New process sandbox 480 in 277 us
[thread 52] New process sandbox 481 in 467 us
[thread 53] New process sandbox 482 in 294 us
[thread 54] New process sandbox 483 in 265 us
[thread 55] New process sandbox 484 in 270 us
time="2023-04-06T15:56:02-04:00" level=warning msg="firecracker exited: signal: terminated"
time="2023-04-06T15:56:02-04:00" level=fatal msg="Wait returned an error 1 error occurred:\n\t* signal: terminated\n\n"
