This is ApacheBench, Version 2.3 <$Revision: 1879490 $>
Copyright 1996 Adam Twiss, Zeus Technology Ltd, http://www.zeustech.net/
Licensed to The Apache Software Foundation, http://www.apache.org/

Benchmarking 172.18.0.2 (be patient).....done


Server Software:        
Server Hostname:        172.18.0.2
Server Port:            8080

Document Path:          /
Document Length:        149 bytes

Concurrency Level:      2
Time taken for tests:   16.796 seconds
Complete requests:      100
Failed requests:        99
   (Connect: 0, Receive: 0, Length: 99, Exceptions: 0)
Total transferred:      24077 bytes
Total body sent:        20000
HTML transferred:       14477 bytes
Requests per second:    5.95 [#/sec] (mean)
Time per request:       335.922 [ms] (mean)
Time per request:       167.961 [ms] (mean, across all concurrent requests)
Transfer rate:          1.40 [Kbytes/sec] received
                        1.16 kb/s sent
                        2.56 kb/s total

Connection Times (ms)
              min  mean[+/-sd] median   max
Connect:        0    0   0.1      0       0
Processing:    12  228 1175.9     48    8449
Waiting:       12  228 1175.9     48    8449
Total:         13  228 1175.9     48    8450

Percentage of the requests served within a certain time (ms)
  50%     48
  66%     63
  75%     68
  80%     71
  90%    124
  95%    160
  98%   8347
  99%   8450
 100%   8450 (longest request)
