This is ApacheBench, Version 2.3 <$Revision: 1879490 $>
Copyright 1996 Adam Twiss, Zeus Technology Ltd, http://www.zeustech.net/
Licensed to The Apache Software Foundation, http://www.apache.org/

Benchmarking 172.18.0.2 (be patient).....done


Server Software:        
Server Hostname:        172.18.0.2
Server Port:            8080

Document Path:          /
Document Length:        91 bytes

Concurrency Level:      2
Time taken for tests:   1.856 seconds
Complete requests:      10
Failed requests:        9
   (Connect: 0, Receive: 0, Length: 9, Exceptions: 0)
Total transferred:      1870 bytes
Total body sent:        2350
HTML transferred:       920 bytes
Requests per second:    5.39 [#/sec] (mean)
Time per request:       371.212 [ms] (mean)
Time per request:       185.606 [ms] (mean, across all concurrent requests)
Transfer rate:          0.98 [Kbytes/sec] received
                        1.24 kb/s sent
                        2.22 kb/s total

Connection Times (ms)
              min  mean[+/-sd] median   max
Connect:        0    0   0.0      0       0
Processing:    86  287 521.2    124    1769
Waiting:       86  287 521.2    124    1769
Total:         87  287 521.2    124    1769

Percentage of the requests served within a certain time (ms)
  50%    124
  66%    140
  75%    141
  80%    144
  90%   1769
  95%   1769
  98%   1769
  99%   1769
 100%   1769 (longest request)
