time="2023-04-06T17:27:13-04:00" level=info msg="Called startVMM(), setting up a VMM on /tmp/testtap.socket"
time="2023-04-06T17:27:13-04:00" level=info msg="VMM logging disabled."
time="2023-04-06T17:27:13-04:00" level=info msg="VMM metrics disabled."
time="2023-04-06T17:27:13-04:00" level=info msg="refreshMachineConfiguration: [GET /machine-config][200] getMachineConfigurationOK  &{CPUTemplate:Uninitialized HtEnabled:0xc0004363b4 MemSizeMib:0xc0004363a8 VcpuCount:0xc0004363a0}"
time="2023-04-06T17:27:13-04:00" level=info msg="PutGuestBootSource: [PUT /boot-source][204] putGuestBootSourceNoContent "
time="2023-04-06T17:27:13-04:00" level=info msg="Attaching drive /tmp/test-proxy/polyglot-proxy.img, slot 1, root true."
time="2023-04-06T17:27:13-04:00" level=info msg="Attached drive /tmp/test-proxy/polyglot-proxy.img: [PUT /drives/{drive_id}][204] putGuestDriveByIdNoContent "
time="2023-04-06T17:27:13-04:00" level=info msg="Attaching NIC testtap (hwaddr DE:AD:BE:EF:B2:6F) at index 1"
2023-04-06T17:27:13.792562646 [anonymous-instance:main:WARN:src/vmm/src/builder.rs:599] Could not add serial input event to epoll: Error during epoll call: Operation not permitted (os error 1)
time="2023-04-06T17:27:13-04:00" level=info msg="startInstance successful: [PUT /actions][204] createSyncActionNoContent "
[    0.012000] dmi: Firmware registration failed.
[    0.040696] zswap: default zpool zbud not available
[    0.040940] zswap: pool creation failed
Graalvisor boot time: 172 ms.
Graalvisor listening on port 8080.
Warning: graalvisor compiled with no truffle language support.
Function shopcart registered with runtime sandboxing in 476 ms
[thread 40] New runtime sandbox 140176057696256 in 33836 us
 __  __ _                                  _   
|  \/  (_) ___ _ __ ___  _ __   __ _ _   _| |_ 
| |\/| | |/ __| '__/ _ \| '_ \ / _` | | | | __|
| |  | | | (__| | | (_) | | | | (_| | |_| | |_ 
|_|  |_|_|\___|_|  \___/|_| |_|\__,_|\__,_|\__|
  Micronaut (v3.3.1)

[36m17:27:15.309[0;39m [1;30m[main][0;39m [34mINFO [0;39m [35mio.micronaut.runtime.Micronaut[0;39m - Startup completed in 33ms. Server Running: http://localhost:44799
[thread 49] New runtime sandbox 140072713191424 in 44974 us
[thread 52] New runtime sandbox 140038318850048 in 34389 us
[thread 48] New runtime sandbox 140141434765312 in 59685 us
 __  __ _                                  _   
|  \/  (_) ___ _ __ ___  _ __   __ _ _   _| |_ 
| |\/| | |/ __| '__/ _ \| '_ \ / _` | | | | __|[thread 50] New runtime sandbox 140107073978368 in 59957 us
 __  __ _                                  _   
|  \/  (_) ___ _ __ ___  _ __   __ _ _   _| |_ [thread 53] New runtime sandbox 140003958063104 in 42256 us
 __  __ _                                  _   [thread 54] New runtime sandbox 139969597276160 in 41968 us
 __  __ _                                  _   [thread 51] New runtime sandbox 139935236489216 in 41526 us
 __  __ _                                  _   
|  \/  (_) ___ _ __ ___  _ __   __ _ _   _| |_  __  __ _                                  _   
|  \/  (_) ___ _ __ ___  _ __   __ _ _   _| |_ 
| |\/| | |/ __| '__/ _ \| '_ \ / _` | | | | __|
| |  | | | (__| | | (_) | | | | (_| | |_| | |_ 
|_|  |_|_|\___|_|  \___/|_| |_|\__,_|\__,_|\__|
  Micronaut (v3.3.1)


 __  __ _                                  _   
|  \/  (_) ___ _ __ ___  _ __   __ _ _   _| |_ 
| |  | | | (__| | | (_) | | | | (_| | |_| | |_ 
|_|  |_|_|\___|_|  \___/|_| |_|\__,_|\__,_|\__|
  Micronaut (v3.3.1)


|  \/  (_) ___ _ __ ___  _ __   __ _ _   _| |_ |  \/  (_) ___ _ __ ___  _ __   __ _ _   _| |_ 
| |\/| | |/ __| '__/ _ \| '_ \ / _` | | | | __|
| |\/| | |/ __| '__/ _ \| '_ \ / _` | | | | __|
| |\/| | |/ __| '__/ _ \| '_ \ / _` | | | | __|
| |\/| | |/ __| '__/ _ \| '_ \ / _` | | | | __|

| |  | | | (__| | | (_) | | | | (_| | |_| | |_ 
| |  | | | (__| | | (_) | | | | (_| | |_| | |_ 
|_|  |_|_|\___|_|  \___/|_| |_|\__,_|\__,_|\__|
| |  | | | (__| | | (_) | | | | (_| | |_| | |_ | |  | | | (__| | | (_) | | | | (_| | |_| | |_ 
|_|  |_|_|\___|_|  \___/|_| |_|\__,_|\__,_|\__|

| |\/| | |/ __| '__/ _ \| '_ \ / _` | | | | __|
|_|  |_|_|\___|_|  \___/|_| |_|\__,_|\__,_|\__|
|_|  |_|_|\___|_|  \___/|_| |_|\__,_|\__,_|\__|
  Micronaut (v3.3.1)


  Micronaut (v3.3.1)


  Micronaut (v3.3.1)

| |  | | | (__| | | (_) | | | | (_| | |_| | |_ 
|_|  |_|_|\___|_|  \___/|_| |_|\__,_|\__,_|\__|
  Micronaut (v3.3.1)


  Micronaut (v3.3.1)

[36m17:27:15.683[0;39m [1;30m[main][0;39m [34mINFO [0;39m [35mio.micronaut.runtime.Micronaut[0;39m - Startup completed in 290ms. Server Running: http://localhost:33037
[36m17:27:15.690[0;39m [1;30m[main][0;39m [34mINFO [0;39m [35mio.micronaut.runtime.Micronaut[0;39m - Startup completed in 287ms. Server Running: http://localhost:32815
[36m17:27:15.694[0;39m [1;30m[main][0;39m [34mINFO [0;39m [35mio.micronaut.runtime.Micronaut[0;39m - Startup completed in 281ms. Server Running: http://localhost:46825
[36m17:27:15.698[0;39m [1;30m[main][0;39m [34mINFO [0;39m [35mio.micronaut.runtime.Micronaut[0;39m - Startup completed in 288ms. Server Running: http://localhost:46771
[36m17:27:15.705[0;39m [1;30m[main][0;39m [34mINFO [0;39m [35mio.micronaut.runtime.Micronaut[0;39m - Startup completed in 299ms. Server Running: http://localhost:38359
[36m17:27:15.717[0;39m [1;30m[main][0;39m [34mINFO [0;39m [35mio.micronaut.runtime.Micronaut[0;39m - Startup completed in 292ms. Server Running: http://localhost:37273
[36m17:27:15.726[0;39m [1;30m[main][0;39m [34mINFO [0;39m [35mio.micronaut.runtime.Micronaut[0;39m - Startup completed in 329ms. Server Running: http://localhost:43063
time="2023-04-06T17:28:19-04:00" level=warning msg="firecracker exited: signal: terminated"
time="2023-04-06T17:28:19-04:00" level=fatal msg="Wait returned an error 1 error occurred:\n\t* signal: terminated\n\n"
