100000 100000
881148
Added process 881148 to cgroup experiments with a quota of 100000 out of 100000.
pid 881148's current affinity list: 0-7
pid 881148's new affinity list: 0
Pinned process 881148 to core 0.
1
Disabled turbo boost.
0
Enabled turbo boost.
100000 100000
882094
Added process 882094 to cgroup experiments with a quota of 100000 out of 100000.
pid 882094's current affinity list: 0-7
pid 882094's new affinity list: 0
Pinned process 882094 to core 0.
1
Disabled turbo boost.
0
Enabled turbo boost.
100000 100000
883086
Added process 883086 to cgroup experiments with a quota of 100000 out of 100000.
pid 883086's current affinity list: 0-7
pid 883086's new affinity list: 0
Pinned process 883086 to core 0.
1
Disabled turbo boost.
0
Enabled turbo boost.
