This is ApacheBench, Version 2.3 <$Revision: 1879490 $>
Copyright 1996 Adam Twiss, Zeus Technology Ltd, http://www.zeustech.net/
Licensed to The Apache Software Foundation, http://www.apache.org/

Benchmarking 172.18.0.2 (be patient).....done


Server Software:        
Server Hostname:        172.18.0.2
Server Port:            8080

Document Path:          /
Document Length:        71 bytes

Concurrency Level:      1
Time taken for tests:   5.032 seconds
Complete requests:      10
Failed requests:        0
Total transferred:      1660 bytes
Total body sent:        3970
HTML transferred:       710 bytes
Requests per second:    1.99 [#/sec] (mean)
Time per request:       503.203 [ms] (mean)
Time per request:       503.203 [ms] (mean, across all concurrent requests)
Transfer rate:          0.32 [Kbytes/sec] received
                        0.77 kb/s sent
                        1.09 kb/s total

Connection Times (ms)
              min  mean[+/-sd] median   max
Connect:        0    0   0.1      0       1
Processing:   480  503  24.2    499     556
Waiting:      480  503  24.2    499     556
Total:        480  503  24.2    499     556

Percentage of the requests served within a certain time (ms)
  50%    499
  66%    501
  75%    509
  80%    532
  90%    556
  95%    556
  98%    556
  99%    556
 100%    556 (longest request)
