This is ApacheBench, Version 2.3 <$Revision: 1879490 $>
Copyright 1996 Adam Twiss, Zeus Technology Ltd, http://www.zeustech.net/
Licensed to The Apache Software Foundation, http://www.apache.org/

Benchmarking 172.18.0.2 (be patient)
Completed 100 requests
Completed 200 requests
Finished 256 requests


Server Software:        
Server Hostname:        172.18.0.2
Server Port:            8080

Document Path:          /
Document Length:        186 bytes

Concurrency Level:      1
Time taken for tests:   55.091 seconds
Complete requests:      256
Failed requests:        141
   (Connect: 0, Receive: 0, Length: 141, Exceptions: 0)
Total transferred:      72300 bytes
Total body sent:        59904
HTML transferred:       47724 bytes
Requests per second:    4.65 [#/sec] (mean)
Time per request:       215.199 [ms] (mean)
Time per request:       215.199 [ms] (mean, across all concurrent requests)
Transfer rate:          1.28 [Kbytes/sec] received
                        1.06 kb/s sent
                        2.34 kb/s total

Connection Times (ms)
              min  mean[+/-sd] median   max
Connect:        0    3  17.0      0      94
Processing:     0  212 395.4      2    1197
Waiting:        0  209 396.4      2    1197
Total:          0  215 394.1      2    1201

Percentage of the requests served within a certain time (ms)
  50%      2
  66%     93
  75%     95
  80%     97
  90%   1024
  95%   1024
  98%   1024
  99%   1031
 100%   1201 (longest request)
