This is ApacheBench, Version 2.3 <$Revision: 1879490 $>
Copyright 1996 Adam Twiss, Zeus Technology Ltd, http://www.zeustech.net/
Licensed to The Apache Software Foundation, http://www.apache.org/

Benchmarking 192.168.4.33 (be patient)
Completed 204 requests
Completed 408 requests
Completed 612 requests
Completed 816 requests
Completed 1020 requests
Completed 1224 requests
Completed 1428 requests
Completed 1632 requests
Completed 1836 requests
Completed 2040 requests
Finished 2048 requests


Server Software:        
Server Hostname:        192.168.4.33
Server Port:            8080

Document Path:          /
Document Length:        199 bytes

Concurrency Level:      8
Time taken for tests:   1.176 seconds
Complete requests:      2048
Failed requests:        155
   (Connect: 0, Receive: 0, Length: 155, Exceptions: 0)
Total transferred:      604381 bytes
Total body sent:        473088
HTML transferred:       407773 bytes
Requests per second:    1741.10 [#/sec] (mean)
Time per request:       4.595 [ms] (mean)
Time per request:       0.574 [ms] (mean, across all concurrent requests)
Transfer rate:          501.77 [Kbytes/sec] received
                        392.77 kb/s sent
                        894.54 kb/s total

Connection Times (ms)
              min  mean[+/-sd] median   max
Connect:        0    0   1.0      0      24
Processing:     1    4   5.1      3      34
Waiting:        1    4   4.8      3      34
Total:          1    5   5.2      3      34

Percentage of the requests served within a certain time (ms)
  50%      3
  66%      3
  75%      3
  80%      4
  90%      5
  95%      9
  98%     28
  99%     29
 100%     34 (longest request)
This is ApacheBench, Version 2.3 <$Revision: 1879490 $>
Copyright 1996 Adam Twiss, Zeus Technology Ltd, http://www.zeustech.net/
Licensed to The Apache Software Foundation, http://www.apache.org/

Benchmarking 192.168.4.33 (be patient)
Completed 204 requests
Completed 408 requests
Completed 612 requests
Completed 816 requests
Completed 1020 requests
Completed 1224 requests
Completed 1428 requests
Completed 1632 requests
Completed 1836 requests
Completed 2040 requests
Finished 2048 requests


Server Software:        
Server Hostname:        192.168.4.33
Server Port:            8080

Document Path:          /
Document Length:        199 bytes

Concurrency Level:      8
Time taken for tests:   1.183 seconds
Complete requests:      2048
Failed requests:        118
   (Connect: 0, Receive: 0, Length: 118, Exceptions: 0)
Total transferred:      604338 bytes
Total body sent:        473088
HTML transferred:       407730 bytes
Requests per second:    1731.74 [#/sec] (mean)
Time per request:       4.620 [ms] (mean)
Time per request:       0.577 [ms] (mean, across all concurrent requests)
Transfer rate:          499.04 [Kbytes/sec] received
                        390.66 kb/s sent
                        889.70 kb/s total

Connection Times (ms)
              min  mean[+/-sd] median   max
Connect:        0    0   0.8      0      26
Processing:     1    5   5.4      3      34
Waiting:        0    4   5.2      3      33
Total:          1    5   5.4      3      34

Percentage of the requests served within a certain time (ms)
  50%      3
  66%      3
  75%      3
  80%      4
  90%      5
  95%      9
  98%     29
  99%     30
 100%     34 (longest request)
This is ApacheBench, Version 2.3 <$Revision: 1879490 $>
Copyright 1996 Adam Twiss, Zeus Technology Ltd, http://www.zeustech.net/
Licensed to The Apache Software Foundation, http://www.apache.org/

Benchmarking 192.168.4.33 (be patient)
Completed 204 requests
Completed 408 requests
Completed 612 requests
Completed 816 requests
Completed 1020 requests
Completed 1224 requests
Completed 1428 requests
Completed 1632 requests
Completed 1836 requests
Completed 2040 requests
Finished 2048 requests


Server Software:        
Server Hostname:        192.168.4.33
Server Port:            8080

Document Path:          /
Document Length:        199 bytes

Concurrency Level:      8
Time taken for tests:   1.175 seconds
Complete requests:      2048
Failed requests:        127
   (Connect: 0, Receive: 0, Length: 127, Exceptions: 0)
Total transferred:      604340 bytes
Total body sent:        473088
HTML transferred:       407732 bytes
Requests per second:    1742.28 [#/sec] (mean)
Time per request:       4.592 [ms] (mean)
Time per request:       0.574 [ms] (mean, across all concurrent requests)
Transfer rate:          502.08 [Kbytes/sec] received
                        393.03 kb/s sent
                        895.11 kb/s total

Connection Times (ms)
              min  mean[+/-sd] median   max
Connect:        0    0   0.7      0      25
Processing:     1    4   5.1      3      32
Waiting:        0    4   5.0      3      31
Total:          1    5   5.2      3      32

Percentage of the requests served within a certain time (ms)
  50%      3
  66%      3
  75%      4
  80%      4
  90%      5
  95%      7
  98%     28
  99%     30
 100%     32 (longest request)
