time="2023-03-26T19:51:37-04:00" level=info msg="Called startVMM(), setting up a VMM on /tmp/testtap.socket"
time="2023-03-26T19:51:37-04:00" level=info msg="VMM logging disabled."
time="2023-03-26T19:51:37-04:00" level=info msg="VMM metrics disabled."
time="2023-03-26T19:51:37-04:00" level=info msg="refreshMachineConfiguration: [GET /machine-config][200] getMachineConfigurationOK  &{CPUTemplate:Uninitialized HtEnabled:0xc00058caf4 MemSizeMib:0xc00058cae8 VcpuCount:0xc00058cae0}"
time="2023-03-26T19:51:37-04:00" level=info msg="PutGuestBootSource: [PUT /boot-source][204] putGuestBootSourceNoContent "
time="2023-03-26T19:51:37-04:00" level=info msg="Attaching drive /tmp/test-proxy/polyglot-proxy.img, slot 1, root true."
time="2023-03-26T19:51:37-04:00" level=info msg="Attached drive /tmp/test-proxy/polyglot-proxy.img: [PUT /drives/{drive_id}][204] putGuestDriveByIdNoContent "
time="2023-03-26T19:51:37-04:00" level=info msg="Attaching NIC testtap (hwaddr DE:AD:BE:EF:CE:25) at index 1"
2023-03-26T19:51:37.702261179 [anonymous-instance:main:WARN:src/vmm/src/builder.rs:599] Could not add serial input event to epoll: Error during epoll call: Operation not permitted (os error 1)
time="2023-03-26T19:51:37-04:00" level=info msg="startInstance successful: [PUT /actions][204] createSyncActionNoContent "
[    0.012000] dmi: Firmware registration failed.
[    0.040343] zswap: default zpool zbud not available
[    0.040592] zswap: pool creation failed
Graalvisor boot time: 186 ms.
Graalvisor listening on port 8080.
Warning: graalvisor compiled with no truffle language support.
Waiting for 192.168.4.33:8080
Function uploader registered with context sandboxing in 344 ms
[thread 43] New context sandbox 140034509373440 in 23 us
[thread 37] Creating context org.graalvm.polyglot.Context@640609c3
[thread 50] New context sandbox 140034509373440 in 12 us
[thread 42] Creating context org.graalvm.polyglot.Context@4d200073
[thread 51] New context sandbox 140034509373440 in 13 us
[thread 43] Creating context org.graalvm.polyglot.Context@1eb423eb
[thread 52] New context sandbox 140034509373440 in 12 us
[thread 44] Creating context org.graalvm.polyglot.Context@16d6be66
[thread 53] New context sandbox 140034509373440 in 12 us
[thread 45] Creating context org.graalvm.polyglot.Context@2b184bd9
[thread 54] New context sandbox 140034509373440 in 13 us
[thread 46] Creating context org.graalvm.polyglot.Context@556a074d
[thread 55] New context sandbox 140034509373440 in 12 us
[thread 47] Creating context org.graalvm.polyglot.Context@2d84362b
[thread 56] New context sandbox 140034509373440 in 12 us
[thread 48] Creating context org.graalvm.polyglot.Context@52a80716
time="2023-03-26T19:51:46-04:00" level=warning msg="firecracker exited: signal: terminated"
time="2023-03-26T19:51:46-04:00" level=fatal msg="Wait returned an error 1 error occurred:\n\t* signal: terminated\n\n"
