This is ApacheBench, Version 2.3 <$Revision: 1879490 $>
Copyright 1996 Adam Twiss, Zeus Technology Ltd, http://www.zeustech.net/
Licensed to The Apache Software Foundation, http://www.apache.org/

Benchmarking 172.18.0.2 (be patient)
Completed 4000 requests
Completed 8000 requests
Completed 12000 requests
Completed 16000 requests
Completed 20000 requests
Completed 24000 requests
Completed 28000 requests
Completed 32000 requests
Completed 36000 requests
Completed 40000 requests
Finished 40000 requests


Server Software:        
Server Hostname:        172.18.0.2
Server Port:            8080

Document Path:          /
Document Length:        92 bytes

Concurrency Level:      8
Time taken for tests:   31.408 seconds
Complete requests:      40000
Failed requests:        3149
   (Connect: 0, Receive: 0, Length: 3149, Exceptions: 0)
Total transferred:      7483278 bytes
Total body sent:        8120000
HTML transferred:       3683278 bytes
Requests per second:    1273.56 [#/sec] (mean)
Time per request:       6.282 [ms] (mean)
Time per request:       0.785 [ms] (mean, across all concurrent requests)
Transfer rate:          232.68 [Kbytes/sec] received
                        252.47 kb/s sent
                        485.15 kb/s total

Connection Times (ms)
              min  mean[+/-sd] median   max
Connect:        0    0   1.4      0      31
Processing:     1    6   5.9      4      43
Waiting:        1    6   5.7      4      43
Total:          1    6   6.0      5      43

Percentage of the requests served within a certain time (ms)
  50%      5
  66%      5
  75%      5
  80%      5
  90%      6
  95%     27
  98%     31
  99%     32
 100%     43 (longest request)
This is ApacheBench, Version 2.3 <$Revision: 1879490 $>
Copyright 1996 Adam Twiss, Zeus Technology Ltd, http://www.zeustech.net/
Licensed to The Apache Software Foundation, http://www.apache.org/

Benchmarking 172.18.0.2 (be patient)
Completed 4000 requests
Completed 8000 requests
Completed 12000 requests
Completed 16000 requests
Completed 20000 requests
Completed 24000 requests
Completed 28000 requests
Completed 32000 requests
Completed 36000 requests
Completed 40000 requests
Finished 40000 requests


Server Software:        
Server Hostname:        172.18.0.2
Server Port:            8080

Document Path:          /
Document Length:        92 bytes

Concurrency Level:      8
Time taken for tests:   31.108 seconds
Complete requests:      40000
Failed requests:        2934
   (Connect: 0, Receive: 0, Length: 2934, Exceptions: 0)
Total transferred:      7483123 bytes
Total body sent:        8120000
HTML transferred:       3683123 bytes
Requests per second:    1285.86 [#/sec] (mean)
Time per request:       6.222 [ms] (mean)
Time per request:       0.778 [ms] (mean, across all concurrent requests)
Transfer rate:          234.92 [Kbytes/sec] received
                        254.91 kb/s sent
                        489.83 kb/s total

Connection Times (ms)
              min  mean[+/-sd] median   max
Connect:        0    0   1.3      0      30
Processing:     1    6   5.9      4      44
Waiting:        1    6   5.8      4      41
Total:          1    6   6.0      5      44

Percentage of the requests served within a certain time (ms)
  50%      5
  66%      5
  75%      5
  80%      5
  90%      6
  95%     27
  98%     31
  99%     31
 100%     44 (longest request)
This is ApacheBench, Version 2.3 <$Revision: 1879490 $>
Copyright 1996 Adam Twiss, Zeus Technology Ltd, http://www.zeustech.net/
Licensed to The Apache Software Foundation, http://www.apache.org/

Benchmarking 172.18.0.2 (be patient)
Completed 4000 requests
Completed 8000 requests
Completed 12000 requests
Completed 16000 requests
Completed 20000 requests
Completed 24000 requests
Completed 28000 requests
Completed 32000 requests
Completed 36000 requests
Completed 40000 requests
Finished 40000 requests


Server Software:        
Server Hostname:        172.18.0.2
Server Port:            8080

Document Path:          /
Document Length:        93 bytes

Concurrency Level:      8
Time taken for tests:   31.018 seconds
Complete requests:      40000
Failed requests:        37292
   (Connect: 0, Receive: 0, Length: 37292, Exceptions: 0)
Total transferred:      7482994 bytes
Total body sent:        8120000
HTML transferred:       3682994 bytes
Requests per second:    1289.59 [#/sec] (mean)
Time per request:       6.204 [ms] (mean)
Time per request:       0.775 [ms] (mean, across all concurrent requests)
Transfer rate:          235.60 [Kbytes/sec] received
                        255.65 kb/s sent
                        491.25 kb/s total

Connection Times (ms)
              min  mean[+/-sd] median   max
Connect:        0    0   1.3      0      31
Processing:     1    6   5.9      4      52
Waiting:        1    6   5.8      4      52
Total:          1    6   6.0      5      54

Percentage of the requests served within a certain time (ms)
  50%      5
  66%      5
  75%      5
  80%      5
  90%      6
  95%     27
  98%     31
  99%     31
 100%     54 (longest request)
This is ApacheBench, Version 2.3 <$Revision: 1879490 $>
Copyright 1996 Adam Twiss, Zeus Technology Ltd, http://www.zeustech.net/
Licensed to The Apache Software Foundation, http://www.apache.org/

Benchmarking 172.18.0.2 (be patient)
Completed 4000 requests
Completed 8000 requests
Completed 12000 requests
Completed 16000 requests
Completed 20000 requests
Completed 24000 requests
Completed 28000 requests
Completed 32000 requests
Completed 36000 requests
Completed 40000 requests
Finished 40000 requests


Server Software:        
Server Hostname:        172.18.0.2
Server Port:            8080

Document Path:          /
Document Length:        92 bytes

Concurrency Level:      8
Time taken for tests:   31.271 seconds
Complete requests:      40000
Failed requests:        2863
   (Connect: 0, Receive: 0, Length: 2863, Exceptions: 0)
Total transferred:      7483029 bytes
Total body sent:        8120000
HTML transferred:       3683029 bytes
Requests per second:    1279.13 [#/sec] (mean)
Time per request:       6.254 [ms] (mean)
Time per request:       0.782 [ms] (mean, across all concurrent requests)
Transfer rate:          233.69 [Kbytes/sec] received
                        253.58 kb/s sent
                        487.26 kb/s total

Connection Times (ms)
              min  mean[+/-sd] median   max
Connect:        0    0   1.2      0      30
Processing:     1    6   6.0      4      49
Waiting:        1    6   5.8      4      49
Total:          1    6   6.1      5      50

Percentage of the requests served within a certain time (ms)
  50%      5
  66%      5
  75%      5
  80%      5
  90%      6
  95%     27
  98%     31
  99%     32
 100%     50 (longest request)
This is ApacheBench, Version 2.3 <$Revision: 1879490 $>
Copyright 1996 Adam Twiss, Zeus Technology Ltd, http://www.zeustech.net/
Licensed to The Apache Software Foundation, http://www.apache.org/

Benchmarking 172.18.0.2 (be patient)
Completed 4000 requests
Completed 8000 requests
Completed 12000 requests
Completed 16000 requests
Completed 20000 requests
Completed 24000 requests
Completed 28000 requests
Completed 32000 requests
Completed 36000 requests
Completed 40000 requests
Finished 40000 requests


Server Software:        
Server Hostname:        172.18.0.2
Server Port:            8080

Document Path:          /
Document Length:        93 bytes

Concurrency Level:      8
Time taken for tests:   31.023 seconds
Complete requests:      40000
Failed requests:        37328
   (Connect: 0, Receive: 0, Length: 37328, Exceptions: 0)
Total transferred:      7483004 bytes
Total body sent:        8120000
HTML transferred:       3683004 bytes
Requests per second:    1289.38 [#/sec] (mean)
Time per request:       6.205 [ms] (mean)
Time per request:       0.776 [ms] (mean, across all concurrent requests)
Transfer rate:          235.56 [Kbytes/sec] received
                        255.61 kb/s sent
                        491.17 kb/s total

Connection Times (ms)
              min  mean[+/-sd] median   max
Connect:        0    0   1.3      0      30
Processing:     1    6   5.9      4      43
Waiting:        1    6   5.7      4      42
Total:          1    6   6.0      5      43

Percentage of the requests served within a certain time (ms)
  50%      5
  66%      5
  75%      5
  80%      5
  90%      6
  95%     27
  98%     31
  99%     32
 100%     43 (longest request)
