time="2023-04-05T20:09:14-04:00" level=info msg="Called startVMM(), setting up a VMM on /tmp/testtap.socket"
time="2023-04-05T20:09:14-04:00" level=info msg="VMM logging disabled."
time="2023-04-05T20:09:14-04:00" level=info msg="VMM metrics disabled."
time="2023-04-05T20:09:14-04:00" level=info msg="refreshMachineConfiguration: [GET /machine-config][200] getMachineConfigurationOK  &{CPUTemplate:Uninitialized HtEnabled:0xc0004922d4 MemSizeMib:0xc0004922c8 VcpuCount:0xc0004922c0}"
time="2023-04-05T20:09:14-04:00" level=info msg="PutGuestBootSource: [PUT /boot-source][204] putGuestBootSourceNoContent "
time="2023-04-05T20:09:14-04:00" level=info msg="Attaching drive /tmp/test-proxy/polyglot-proxy.img, slot 1, root true."
time="2023-04-05T20:09:14-04:00" level=info msg="Attached drive /tmp/test-proxy/polyglot-proxy.img: [PUT /drives/{drive_id}][204] putGuestDriveByIdNoContent "
time="2023-04-05T20:09:14-04:00" level=info msg="Attaching NIC testtap (hwaddr DE:AD:BE:EF:5B:E4) at index 1"
2023-04-05T20:09:14.330946086 [anonymous-instance:main:WARN:src/vmm/src/builder.rs:599] Could not add serial input event to epoll: Error during epoll call: Operation not permitted (os error 1)
time="2023-04-05T20:09:14-04:00" level=info msg="startInstance successful: [PUT /actions][204] createSyncActionNoContent "
[    0.047712] dmi: Firmware registration failed.
[    0.095158] zswap: default zpool zbud not available
[    0.096086] zswap: pool creation failed
Graalvisor boot time: 370 ms.
Graalvisor listening on port 8080.
Warning: graalvisor compiled with no truffle language support.
Function shopcart registered with isolate sandboxing in 527 ms
[thread 40] New isolate sandbox 139663342829568 in 6955 us
 __  __ _                                  _   
|  \/  (_) ___ _ __ ___  _ __   __ _ _   _| |_ 
| |\/| | |/ __| '__/ _ \| '_ \ / _` | | | | __|
| |  | | | (__| | | (_) | | | | (_| | |_| | |_ 
|_|  |_|_|\___|_|  \___/|_| |_|\__,_|\__,_|\__|
  Micronaut (v3.3.1)

[36m20:09:15.916[0;39m [1;30m[main][0;39m [34mINFO [0;39m [35mio.micronaut.runtime.Micronaut[0;39m - Startup completed in 33ms. Server Running: http://localhost:45829
[thread 51] New isolate sandbox 139594311925760 in 34645 us
[thread 48] New isolate sandbox 139628672712704 in 46231 us
[thread 50] New isolate sandbox 139559951138816 in 41763 us
[thread 52] New isolate sandbox 139525590351872 in 39408 us
[thread 53] New isolate sandbox 139422482825216 in 32810 us __  __ _                                  _   
|  \/  (_) ___ _ __ ___  _ __   __ _ _   _| |_ 
| |\/| | |/ __| '__/ _ \| '_ \ / _` | | | | __| __  __ _                                  _   
|  \/  (_) ___ _ __ ___  _ __   __ _ _   _| |_ 
| |\/| | |/ __| '__/ _ \| '_ \ / _` | | | | __|
| |  | | | (__| | | (_) | | | | (_| | |_| | |_  __  __ _                                  _   
|  \/  (_) ___ _ __ ___  _ __   __ _ _   _| |_ 
| |\/| | |/ __| '__/ _ \| '_ \ / _` | | | | __|
| |  | | | (__| | | (_) | | | | (_| | |_| | |_ 
 __  __ _                                  _   
|  \/  (_) ___ _ __ ___  _ __   __ _ _   _| |_ 
| |\/| | |/ __| '__/ _ \| '_ \ / _` | | | | __|
| |  | | | (__| | | (_) | | | | (_| | |_| | |_ 
[thread 55] New isolate sandbox 139456843612160 in 41270 us
[thread 54] New isolate sandbox 139491204399104 in 72945 us
|_|  |_|_|\___|_|  \___/|_| |_|\__,_|\__,_|\__|
  Micronaut (v3.3.1)

 __  __ _                                  _    __  __ _                                  _   
|  \/  (_) ___ _ __ ___  _ __   __ _ _   _| |_ 
| |\/| | |/ __| '__/ _ \| '_ \ / _` | | | | __|
| |  | | | (__| | | (_) | | | | (_| | |_| | |_ 
|_|  |_|_|\___|_|  \___/|_| |_|\__,_|\__,_|\__| __  __ _                                  _   
|  \/  (_) ___ _ __ ___  _ __   __ _ _   _| |_ 
|_|  |_|_|\___|_|  \___/|_| |_|\__,_|\__,_|\__|


|  \/  (_) ___ _ __ ___  _ __   __ _ _   _| |_ 
| |\/| | |/ __| '__/ _ \| '_ \ / _` | | | | __||_|  |_|_|\___|_|  \___/|_| |_|\__,_|\__,_|\__|
  Micronaut (v3.3.1)


| |\/| | |/ __| '__/ _ \| '_ \ / _` | | | | __|
  Micronaut (v3.3.1)


| |  | | | (__| | | (_) | | | | (_| | |_| | |_ 
|_|  |_|_|\___|_|  \___/|_| |_|\__,_|\__,_|\__|
  Micronaut (v3.3.1)
  Micronaut (v3.3.1)


| |  | | | (__| | | (_) | | | | (_| | |_| | |_ 
| |  | | | (__| | | (_) | | | | (_| | |_| | |_ 
|_|  |_|_|\___|_|  \___/|_| |_|\__,_|\__,_|\__|
|_|  |_|_|\___|_|  \___/|_| |_|\__,_|\__,_|\__|
  Micronaut (v3.3.1)


  Micronaut (v3.3.1)


[36m20:09:16.299[0;39m [1;30m[main][0;39m [34mINFO [0;39m [35mio.micronaut.runtime.Micronaut[0;39m - Startup completed in 281ms. Server Running: http://localhost:35783
[36m20:09:16.307[0;39m [1;30m[main][0;39m [34mINFO [0;39m [35mio.micronaut.runtime.Micronaut[0;39m - Startup completed in 293ms. Server Running: http://localhost:35315
[36m20:09:16.312[0;39m [1;30m[main][0;39m [34mINFO [0;39m [35mio.micronaut.runtime.Micronaut[0;39m - Startup completed in 301ms. Server Running: http://localhost:41279
[36m20:09:16.323[0;39m [1;30m[main][0;39m [34mINFO [0;39m [35mio.micronaut.runtime.Micronaut[0;39m - Startup completed in 301ms. Server Running: http://localhost:41411
[36m20:09:16.330[0;39m [1;30m[main][0;39m [34mINFO [0;39m [35mio.micronaut.runtime.Micronaut[0;39m - Startup completed in 297ms. Server Running: http://localhost:37521
[36m20:09:16.335[0;39m [1;30m[main][0;39m [34mINFO [0;39m [35mio.micronaut.runtime.Micronaut[0;39m - Startup completed in 288ms. Server Running: http://localhost:40353
[36m20:09:16.355[0;39m [1;30m[main][0;39m [34mINFO [0;39m [35mio.micronaut.runtime.Micronaut[0;39m - Startup completed in 310ms. Server Running: http://localhost:46227
time="2023-04-05T20:12:23-04:00" level=warning msg="firecracker exited: signal: terminated"
time="2023-04-05T20:12:23-04:00" level=fatal msg="Wait returned an error 1 error occurred:\n\t* signal: terminated\n\n"
