time="2023-04-08T10:21:12-04:00" level=info msg="Called startVMM(), setting up a VMM on /tmp/testtap.socket"
time="2023-04-08T10:21:12-04:00" level=info msg="VMM logging disabled."
time="2023-04-08T10:21:12-04:00" level=info msg="VMM metrics disabled."
time="2023-04-08T10:21:12-04:00" level=info msg="refreshMachineConfiguration: [GET /machine-config][200] getMachineConfigurationOK  &{CPUTemplate:Uninitialized HtEnabled:0xc00070e4d4 MemSizeMib:0xc00070e4c8 VcpuCount:0xc00070e4c0}"
time="2023-04-08T10:21:12-04:00" level=info msg="PutGuestBootSource: [PUT /boot-source][204] putGuestBootSourceNoContent "
time="2023-04-08T10:21:12-04:00" level=info msg="Attaching drive /tmp/test-proxy/polyglot-proxy.img, slot 1, root true."
time="2023-04-08T10:21:12-04:00" level=info msg="Attached drive /tmp/test-proxy/polyglot-proxy.img: [PUT /drives/{drive_id}][204] putGuestDriveByIdNoContent "
time="2023-04-08T10:21:12-04:00" level=info msg="Attaching NIC testtap (hwaddr DE:AD:BE:EF:4F:55) at index 1"
2023-04-08T10:21:12.159635988 [anonymous-instance:main:WARN:src/vmm/src/builder.rs:599] Could not add serial input event to epoll: Error during epoll call: Operation not permitted (os error 1)
time="2023-04-08T10:21:12-04:00" level=info msg="startInstance successful: [PUT /actions][204] createSyncActionNoContent "
[    0.012000] dmi: Firmware registration failed.
[    0.040150] zswap: default zpool zbud not available
[    0.040411] zswap: pool creation failed
Graalvisor boot time: 172 ms.
Graalvisor listening on port 8080.
Warning: graalvisor compiled with no truffle language support.
Function dynamichtml registered with process sandboxing in 677 ms
[thread 1] Creating context org.graalvm.polyglot.Context@1bf388a0
[thread 41] New process sandbox 470 in 357 us
[thread 1] Creating context org.graalvm.polyglot.Context@4dfe0d40
[thread 46] New process sandbox 487 in 454 us
[thread 47] New process sandbox 488 in 302 us
[thread 48] New process sandbox 489 in 258 us
[thread 1] Creating context org.graalvm.polyglot.Context@2ec3d915
[thread 1] Creating context org.graalvm.polyglot.Context@366d0b58
[thread 1] Creating context org.graalvm.polyglot.Context@601b557e
time="2023-04-08T10:21:34-04:00" level=warning msg="firecracker exited: signal: terminated"
time="2023-04-08T10:21:34-04:00" level=fatal msg="Wait returned an error 1 error occurred:\n\t* signal: terminated\n\n"
