This is ApacheBench, Version 2.3 <$Revision: 1879490 $>
Copyright 1996 Adam Twiss, Zeus Technology Ltd, http://www.zeustech.net/
Licensed to The Apache Software Foundation, http://www.apache.org/

Benchmarking 127.0.0.1 (be patient)
Completed 204 requests
Completed 408 requests
Completed 612 requests
Completed 816 requests
Completed 1020 requests
Completed 1224 requests
Completed 1428 requests
Completed 1632 requests
Completed 1836 requests
Completed 2040 requests
Finished 2048 requests


Server Software:        
Server Hostname:        127.0.0.1
Server Port:            8080

Document Path:          /run
Document Length:        946 bytes

Concurrency Level:      1
Time taken for tests:   1.681 seconds
Complete requests:      2048
Failed requests:        1283
   (Connect: 0, Receive: 0, Length: 1283, Exceptions: 0)
Total transferred:      2363611 bytes
Total body sent:        489472
HTML transferred:       1935579 bytes
Requests per second:    1217.98 [#/sec] (mean)
Time per request:       0.821 [ms] (mean)
Time per request:       0.821 [ms] (mean, across all concurrent requests)
Transfer rate:          1372.74 [Kbytes/sec] received
                        284.28 kb/s sent
                        1657.01 kb/s total

Connection Times (ms)
              min  mean[+/-sd] median   max
Connect:        0    0   0.0      0       0
Processing:     0    1   0.4      1      10
Waiting:        0    1   0.4      1      10
Total:          0    1   0.4      1      10

Percentage of the requests served within a certain time (ms)
  50%      1
  66%      1
  75%      1
  80%      1
  90%      1
  95%      1
  98%      2
  99%      2
 100%     10 (longest request)
