This is ApacheBench, Version 2.3 <$Revision: 1879490 $>
Copyright 1996 Adam Twiss, Zeus Technology Ltd, http://www.zeustech.net/
Licensed to The Apache Software Foundation, http://www.apache.org/

Benchmarking 172.172.0.2 (be patient).....done


Server Software:        
Server Hostname:        172.172.0.2
Server Port:            8080

Document Path:          /run
Document Length:        16 bytes

Concurrency Level:      1
Time taken for tests:   0.583 seconds
Complete requests:      10
Failed requests:        0
Total transferred:      1240 bytes
Total body sent:        1980
HTML transferred:       160 bytes
Requests per second:    17.16 [#/sec] (mean)
Time per request:       58.261 [ms] (mean)
Time per request:       58.261 [ms] (mean, across all concurrent requests)
Transfer rate:          2.08 [Kbytes/sec] received
                        3.32 kb/s sent
                        5.40 kb/s total

Connection Times (ms)
              min  mean[+/-sd] median   max
Connect:        0    9  28.0      0      89
Processing:     4   49  46.4     83      96
Waiting:        4   49  46.4     83      96
Total:          4   58  45.3     93      96

Percentage of the requests served within a certain time (ms)
  50%     93
  66%     95
  75%     96
  80%     96
  90%     96
  95%     96
  98%     96
  99%     96
 100%     96 (longest request)
