HTTP/1.1 204 
Server: Firecracker API
Connection: keep-alive

HTTP/1.1 204 
Server: Firecracker API
Connection: keep-alive

HTTP/1.1 204 
Server: Firecracker API
Connection: keep-alive

HTTP/1.1 204 
Server: Firecracker API
Connection: keep-alive

2024-02-05T15:22:32.033168787 [anonymous-instance:main:WARN:src/devices/src/legacy/serial.rs:249] Failed to register serial input fd: event_manager: failed to manage epoll file descriptor
HTTP/1.1 204 
Server: Firecracker API
Connection: keep-alive

[    0.022247] dmi: Firmware registration failed.
[    0.054004] zswap: default zpool zbud not available
[    0.054497] zswap: pool creation failed
XXX_THE_END_OF_A_WHISK_ACTIVATION_XXX
XXX_THE_END_OF_A_WHISK_ACTIVATION_XXX
XXX_THE_END_OF_A_WHISK_ACTIVATION_XXX
XXX_THE_END_OF_A_WHISK_ACTIVATION_XXX
XXX_THE_END_OF_A_WHISK_ACTIVATION_XXX
XXX_THE_END_OF_A_WHISK_ACTIVATION_XXX
XXX_THE_END_OF_A_WHISK_ACTIVATION_XXX
XXX_THE_END_OF_A_WHISK_ACTIVATION_XXX
XXX_THE_END_OF_A_WHISK_ACTIVATION_XXX
XXX_THE_END_OF_A_WHISK_ACTIVATION_XXX
XXX_THE_END_OF_A_WHISK_ACTIVATION_XXX
XXX_THE_END_OF_A_WHISK_ACTIVATION_XXX
XXX_THE_END_OF_A_WHISK_ACTIVATION_XXX
XXX_THE_END_OF_A_WHISK_ACTIVATION_XXX
XXX_THE_END_OF_A_WHISK_ACTIVATION_XXX
XXX_THE_END_OF_A_WHISK_ACTIVATION_XXX
XXX_THE_END_OF_A_WHISK_ACTIVATION_XXX
XXX_THE_END_OF_A_WHISK_ACTIVATION_XXX
XXX_THE_END_OF_A_WHISK_ACTIVATION_XXX
XXX_THE_END_OF_A_WHISK_ACTIVATION_XXX
