This is ApacheBench, Version 2.3 <$Revision: 1879490 $>
Copyright 1996 Adam Twiss, Zeus Technology Ltd, http://www.zeustech.net/
Licensed to The Apache Software Foundation, http://www.apache.org/

Benchmarking 172.18.0.2 (be patient)
Completed 102 requests
Completed 204 requests
Completed 306 requests
Completed 408 requests
Completed 510 requests
Completed 612 requests
Completed 714 requests
Completed 816 requests
Completed 918 requests
Completed 1020 requests
Finished 1024 requests


Server Software:        
Server Hostname:        172.18.0.2
Server Port:            8080

Document Path:          /
Document Length:        171 bytes

Concurrency Level:      4
Time taken for tests:   10.707 seconds
Complete requests:      1024
Failed requests:        758
   (Connect: 0, Receive: 0, Length: 758, Exceptions: 0)
Total transferred:      272636 bytes
Total body sent:        240640
HTML transferred:       174332 bytes
Requests per second:    95.64 [#/sec] (mean)
Time per request:       41.825 [ms] (mean)
Time per request:       10.456 [ms] (mean, across all concurrent requests)
Transfer rate:          24.87 [Kbytes/sec] received
                        21.95 kb/s sent
                        46.81 kb/s total

Connection Times (ms)
              min  mean[+/-sd] median   max
Connect:        0    0   0.4      0      10
Processing:    10   41  12.8     40     137
Waiting:       10   41  12.8     40     137
Total:         10   41  12.8     40     137

Percentage of the requests served within a certain time (ms)
  50%     40
  66%     44
  75%     47
  80%     49
  90%     57
  95%     65
  98%     74
  99%     80
 100%    137 (longest request)
