This is ApacheBench, Version 2.3 <$Revision: 1879490 $>
Copyright 1996 Adam Twiss, Zeus Technology Ltd, http://www.zeustech.net/
Licensed to The Apache Software Foundation, http://www.apache.org/

Benchmarking 172.18.0.2 (be patient).....done


Server Software:        
Server Hostname:        172.18.0.2
Server Port:            8080

Document Path:          /
Document Length:        67 bytes

Concurrency Level:      2
Time taken for tests:   18.587 seconds
Complete requests:      4
Failed requests:        0
Total transferred:      648 bytes
Total body sent:        1176
HTML transferred:       268 bytes
Requests per second:    0.22 [#/sec] (mean)
Time per request:       9293.537 [ms] (mean)
Time per request:       4646.769 [ms] (mean, across all concurrent requests)
Transfer rate:          0.03 [Kbytes/sec] received
                        0.06 kb/s sent
                        0.10 kb/s total

Connection Times (ms)
              min  mean[+/-sd] median   max
Connect:        0    0   0.0      0       0
Processing:  4271 7015 2847.3   9472    9472
Waiting:     4271 7015 2847.4   9472    9472
Total:       4271 7015 2847.3   9472    9472

Percentage of the requests served within a certain time (ms)
  50%   9472
  66%   9472
  75%   9472
  80%   9472
  90%   9472
  95%   9472
  98%   9472
  99%   9472
 100%   9472 (longest request)
