This is ApacheBench, Version 2.3 <$Revision: 1879490 $>
Copyright 1996 Adam Twiss, Zeus Technology Ltd, http://www.zeustech.net/
Licensed to The Apache Software Foundation, http://www.apache.org/

Benchmarking 172.18.0.2 (be patient)
Completed 102 requests
Completed 204 requests
Completed 306 requests
Completed 408 requests
Completed 510 requests
Completed 612 requests
Completed 714 requests
Completed 816 requests
Completed 918 requests
Completed 1020 requests
Finished 1024 requests


Server Software:        
Server Hostname:        172.18.0.2
Server Port:            8080

Document Path:          /
Document Length:        171 bytes

Concurrency Level:      4
Time taken for tests:   10.610 seconds
Complete requests:      1024
Failed requests:        699
   (Connect: 0, Receive: 0, Length: 699, Exceptions: 0)
Total transferred:      272691 bytes
Total body sent:        240640
HTML transferred:       174387 bytes
Requests per second:    96.52 [#/sec] (mean)
Time per request:       41.444 [ms] (mean)
Time per request:       10.361 [ms] (mean, across all concurrent requests)
Transfer rate:          25.10 [Kbytes/sec] received
                        22.15 kb/s sent
                        47.25 kb/s total

Connection Times (ms)
              min  mean[+/-sd] median   max
Connect:        0    0   0.5      0       9
Processing:    10   41  31.9     38     582
Waiting:       10   41  31.9     38     582
Total:         10   41  31.9     39     583

Percentage of the requests served within a certain time (ms)
  50%     39
  66%     45
  75%     49
  80%     51
  90%     58
  95%     66
  98%     73
  99%     80
 100%    583 (longest request)
