time="2023-04-08T10:28:14-04:00" level=info msg="Called startVMM(), setting up a VMM on /tmp/testtap.socket"
time="2023-04-08T10:28:14-04:00" level=info msg="VMM logging disabled."
time="2023-04-08T10:28:14-04:00" level=info msg="VMM metrics disabled."
time="2023-04-08T10:28:14-04:00" level=info msg="refreshMachineConfiguration: [GET /machine-config][200] getMachineConfigurationOK  &{CPUTemplate:Uninitialized HtEnabled:0xc0004d83e4 MemSizeMib:0xc0004d83c8 VcpuCount:0xc0004d83c0}"
time="2023-04-08T10:28:14-04:00" level=info msg="PutGuestBootSource: [PUT /boot-source][204] putGuestBootSourceNoContent "
time="2023-04-08T10:28:14-04:00" level=info msg="Attaching drive /tmp/test-proxy/polyglot-proxy.img, slot 1, root true."
time="2023-04-08T10:28:14-04:00" level=info msg="Attached drive /tmp/test-proxy/polyglot-proxy.img: [PUT /drives/{drive_id}][204] putGuestDriveByIdNoContent "
time="2023-04-08T10:28:14-04:00" level=info msg="Attaching NIC testtap (hwaddr DE:AD:BE:EF:E9:6E) at index 1"
2023-04-08T10:28:14.905697320 [anonymous-instance:main:WARN:src/vmm/src/builder.rs:599] Could not add serial input event to epoll: Error during epoll call: Operation not permitted (os error 1)
time="2023-04-08T10:28:14-04:00" level=info msg="startInstance successful: [PUT /actions][204] createSyncActionNoContent "
[    0.012000] dmi: Firmware registration failed.
[    0.040649] zswap: default zpool zbud not available
[    0.040907] zswap: pool creation failed
Graalvisor boot time: 205 ms.
Graalvisor listening on port 8080.
Warning: graalvisor compiled with no truffle language support.
Function compression registered with process sandboxing in 724 ms
[thread 1] Creating context org.graalvm.polyglot.Context@3b55916d
[thread 41] New process sandbox 471 in 373 us
[thread 1] Creating context org.graalvm.polyglot.Context@5bfb0876
[thread 46] New process sandbox 488 in 341 us
[thread 47] New process sandbox 489 in 301 us
[thread 48] New process sandbox 490 in 267 us
[thread 1] Creating context org.graalvm.polyglot.Context@3301eb06
[thread 1] Creating context org.graalvm.polyglot.Context@2c9fe3b7
[thread 1] Creating context org.graalvm.polyglot.Context@5c8a7eae
time="2023-04-08T10:28:44-04:00" level=warning msg="firecracker exited: signal: terminated"
time="2023-04-08T10:28:44-04:00" level=fatal msg="Wait returned an error 1 error occurred:\n\t* signal: terminated\n\n"
