This is ApacheBench, Version 2.3 <$Revision: 1879490 $>
Copyright 1996 Adam Twiss, Zeus Technology Ltd, http://www.zeustech.net/
Licensed to The Apache Software Foundation, http://www.apache.org/

Benchmarking 172.18.0.2 (be patient)
Completed 100 requests
Completed 200 requests
Finished 256 requests


Server Software:        
Server Hostname:        172.18.0.2
Server Port:            8080

Document Path:          /run
Document Length:        38 bytes

Concurrency Level:      1
Time taken for tests:   977.892 seconds
Complete requests:      256
Failed requests:        0
Total transferred:      37376 bytes
Total body sent:        65536
HTML transferred:       9728 bytes
Requests per second:    0.26 [#/sec] (mean)
Time per request:       3819.892 [ms] (mean)
Time per request:       3819.892 [ms] (mean, across all concurrent requests)
Transfer rate:          0.04 [Kbytes/sec] received
                        0.07 kb/s sent
                        0.10 kb/s total

Connection Times (ms)
              min  mean[+/-sd] median   max
Connect:        0   13  28.8      0      81
Processing:  2516 3807 286.5   3804    7202
Waiting:     2516 3806 286.5   3804    7202
Total:       2516 3820 284.4   3805    7203

Percentage of the requests served within a certain time (ms)
  50%   3805
  66%   3892
  75%   3903
  80%   3908
  90%   3996
  95%   4021
  98%   4096
  99%   4109
 100%   7203 (longest request)
