This is ApacheBench, Version 2.3 <$Revision: 1879490 $>
Copyright 1996 Adam Twiss, Zeus Technology Ltd, http://www.zeustech.net/
Licensed to The Apache Software Foundation, http://www.apache.org/

Benchmarking 172.18.0.2 (be patient).....done


Server Software:        
Server Hostname:        172.18.0.2
Server Port:            8080

Document Path:          /
Document Length:        72 bytes

Concurrency Level:      1
Time taken for tests:   7.684 seconds
Complete requests:      10
Failed requests:        9
   (Connect: 0, Receive: 0, Length: 9, Exceptions: 0)
Total transferred:      1661 bytes
Total body sent:        3970
HTML transferred:       711 bytes
Requests per second:    1.30 [#/sec] (mean)
Time per request:       768.410 [ms] (mean)
Time per request:       768.410 [ms] (mean, across all concurrent requests)
Transfer rate:          0.21 [Kbytes/sec] received
                        0.50 kb/s sent
                        0.72 kb/s total

Connection Times (ms)
              min  mean[+/-sd] median   max
Connect:        0    0   0.6      0       2
Processing:   528  768 666.0    535    2653
Waiting:      528  768 665.9    535    2653
Total:        528  768 666.0    535    2654

Percentage of the requests served within a certain time (ms)
  50%    535
  66%    538
  75%    543
  80%    750
  90%   2654
  95%   2654
  98%   2654
  99%   2654
 100%   2654 (longest request)
