This is ApacheBench, Version 2.3 <$Revision: 1879490 $>
Copyright 1996 Adam Twiss, Zeus Technology Ltd, http://www.zeustech.net/
Licensed to The Apache Software Foundation, http://www.apache.org/

Benchmarking 172.18.0.2 (be patient).....done


Server Software:        
Server Hostname:        172.18.0.2
Server Port:            8080

Document Path:          /
Document Length:        71 bytes

Concurrency Level:      1
Time taken for tests:   4.949 seconds
Complete requests:      10
Failed requests:        0
Total transferred:      1660 bytes
Total body sent:        3970
HTML transferred:       710 bytes
Requests per second:    2.02 [#/sec] (mean)
Time per request:       494.869 [ms] (mean)
Time per request:       494.869 [ms] (mean, across all concurrent requests)
Transfer rate:          0.33 [Kbytes/sec] received
                        0.78 kb/s sent
                        1.11 kb/s total

Connection Times (ms)
              min  mean[+/-sd] median   max
Connect:        0    0   0.1      0       1
Processing:   477  494   9.4    496     507
Waiting:      477  494   9.4    496     507
Total:        477  495   9.4    496     508

Percentage of the requests served within a certain time (ms)
  50%    496
  66%    498
  75%    500
  80%    506
  90%    508
  95%    508
  98%    508
  99%    508
 100%    508 (longest request)
