This is ApacheBench, Version 2.3 <$Revision: 1879490 $>
Copyright 1996 Adam Twiss, Zeus Technology Ltd, http://www.zeustech.net/
Licensed to The Apache Software Foundation, http://www.apache.org/

Benchmarking 172.18.0.2 (be patient)
Completed 100 requests
Completed 200 requests
Finished 256 requests


Server Software:        
Server Hostname:        172.18.0.2
Server Port:            8080

Document Path:          /run
Document Length:        29 bytes

Concurrency Level:      1
Time taken for tests:   9.293 seconds
Complete requests:      256
Failed requests:        0
Total transferred:      31744 bytes
Total body sent:        45056
HTML transferred:       7424 bytes
Requests per second:    27.55 [#/sec] (mean)
Time per request:       36.301 [ms] (mean)
Time per request:       36.301 [ms] (mean, across all concurrent requests)
Transfer rate:          3.34 [Kbytes/sec] received
                        4.73 kb/s sent
                        8.07 kb/s total

Connection Times (ms)
              min  mean[+/-sd] median   max
Connect:        0    5  19.8      0      95
Processing:     1   31  72.6      3     991
Waiting:        0   19  63.9      1     892
Total:          1   36  73.5      4     991

Percentage of the requests served within a certain time (ms)
  50%      4
  66%      7
  75%     92
  80%     93
  90%     95
  95%     96
  98%     98
  99%    100
 100%    991 (longest request)
