This is ApacheBench, Version 2.3 <$Revision: 1879490 $>
Copyright 1996 Adam Twiss, Zeus Technology Ltd, http://www.zeustech.net/
Licensed to The Apache Software Foundation, http://www.apache.org/

Benchmarking 172.172.0.2 (be patient)
Completed 100 requests
Completed 200 requests
Finished 256 requests


Server Software:        
Server Hostname:        172.172.0.2
Server Port:            8080

Document Path:          /
Document Length:        1206 bytes

Concurrency Level:      1
Time taken for tests:   10.171 seconds
Complete requests:      256
Failed requests:        252
   (Connect: 0, Receive: 0, Length: 252, Exceptions: 0)
Total transferred:      332883 bytes
Total body sent:        72448
HTML transferred:       308051 bytes
Requests per second:    25.17 [#/sec] (mean)
Time per request:       39.730 [ms] (mean)
Time per request:       39.730 [ms] (mean, across all concurrent requests)
Transfer rate:          31.96 [Kbytes/sec] received
                        6.96 kb/s sent
                        38.92 kb/s total

Connection Times (ms)
              min  mean[+/-sd] median   max
Connect:        0   10  27.4      0      91
Processing:     2   30  83.9      4    1196
Waiting:        2   29  83.8      4    1196
Total:          2   40  85.4      5    1197

Percentage of the requests served within a certain time (ms)
  50%      5
  66%     88
  75%     91
  80%     92
  90%     93
  95%     94
  98%     96
  99%    100
 100%   1197 (longest request)
