time="2023-03-27T09:09:09-04:00" level=info msg="Called startVMM(), setting up a VMM on /tmp/testtap.socket"
time="2023-03-27T09:09:09-04:00" level=info msg="VMM logging disabled."
time="2023-03-27T09:09:09-04:00" level=info msg="VMM metrics disabled."
time="2023-03-27T09:09:09-04:00" level=info msg="refreshMachineConfiguration: [GET /machine-config][200] getMachineConfigurationOK  &{CPUTemplate:Uninitialized HtEnabled:0xc00008e184 MemSizeMib:0xc00008e178 VcpuCount:0xc00008e170}"
time="2023-03-27T09:09:09-04:00" level=info msg="PutGuestBootSource: [PUT /boot-source][204] putGuestBootSourceNoContent "
time="2023-03-27T09:09:09-04:00" level=info msg="Attaching drive /tmp/test-proxy/polyglot-proxy.img, slot 1, root true."
time="2023-03-27T09:09:09-04:00" level=info msg="Attached drive /tmp/test-proxy/polyglot-proxy.img: [PUT /drives/{drive_id}][204] putGuestDriveByIdNoContent "
time="2023-03-27T09:09:09-04:00" level=info msg="Attaching NIC testtap (hwaddr DE:AD:BE:EF:0D:7E) at index 1"
2023-03-27T09:09:09.908955911 [anonymous-instance:main:WARN:src/vmm/src/builder.rs:599] Could not add serial input event to epoll: Error during epoll call: Operation not permitted (os error 1)
time="2023-03-27T09:09:09-04:00" level=info msg="startInstance successful: [PUT /actions][204] createSyncActionNoContent "
[    0.012068] dmi: Firmware registration failed.
[    0.041003] zswap: default zpool zbud not available
[    0.041287] zswap: pool creation failed
Graalvisor boot time: 182 ms.
Graalvisor listening on port 8080.
Warning: graalvisor compiled with no truffle language support.
Waiting for 192.168.31.28:8080
Function hw registered with process sandboxing in 737 ms
[thread 1] Creating context org.graalvm.polyglot.Context@194723c2
[thread 41] New process sandbox 470 in 100744 us
[thread 1] Creating context org.graalvm.polyglot.Context@3034c603
[thread 49] New process sandbox 485 in 100440 us
[thread 1] Creating context org.graalvm.polyglot.Context@1a701e81
[thread 50] New process sandbox 489 in 100451 us
[thread 1] Creating context org.graalvm.polyglot.Context@35fd9c4b
[thread 51] New process sandbox 496 in 100666 us
[thread 1] Creating context org.graalvm.polyglot.Context@106327e2
[thread 52] New process sandbox 500 in 101915 us
[thread 1] Creating context org.graalvm.polyglot.Context@f51739d
[thread 53] New process sandbox 505 in 100705 us
[thread 1] Creating context org.graalvm.polyglot.Context@6a7c367a
[thread 54] New process sandbox 512 in 101304 us
[thread 1] Creating context org.graalvm.polyglot.Context@5c4e844a
[thread 55] New process sandbox 516 in 100786 us
[thread 1] Creating context org.graalvm.polyglot.Context@6b9ddda9
time="2023-03-27T09:09:20-04:00" level=warning msg="firecracker exited: signal: terminated"
time="2023-03-27T09:09:20-04:00" level=fatal msg="Wait returned an error 1 error occurred:\n\t* signal: terminated\n\n"
