This is ApacheBench, Version 2.3 <$Revision: 1879490 $>
Copyright 1996 Adam Twiss, Zeus Technology Ltd, http://www.zeustech.net/
Licensed to The Apache Software Foundation, http://www.apache.org/

Benchmarking 172.18.0.2 (be patient).....done


Server Software:        
Server Hostname:        172.18.0.2
Server Port:            8080

Document Path:          /
Document Length:        93 bytes

Concurrency Level:      2
Time taken for tests:   15.386 seconds
Complete requests:      10
Failed requests:        4
   (Connect: 0, Receive: 0, Length: 4, Exceptions: 0)
Total transferred:      1875 bytes
Total body sent:        2350
HTML transferred:       925 bytes
Requests per second:    0.65 [#/sec] (mean)
Time per request:       3077.268 [ms] (mean)
Time per request:       1538.634 [ms] (mean, across all concurrent requests)
Transfer rate:          0.12 [Kbytes/sec] received
                        0.15 kb/s sent
                        0.27 kb/s total

Connection Times (ms)
              min  mean[+/-sd] median   max
Connect:        0    0   0.0      0       0
Processing:   100 2339 2958.7   1544    8444
Waiting:      100 2339 2958.7   1544    8444
Total:        100 2339 2958.7   1544    8444

Percentage of the requests served within a certain time (ms)
  50%   1544
  66%   1716
  75%   2640
  80%   6942
  90%   8444
  95%   8444
  98%   8444
  99%   8444
 100%   8444 (longest request)
