This is ApacheBench, Version 2.3 <$Revision: 1879490 $>
Copyright 1996 Adam Twiss, Zeus Technology Ltd, http://www.zeustech.net/
Licensed to The Apache Software Foundation, http://www.apache.org/

Benchmarking 172.172.0.2 (be patient)
Completed 100 requests
Completed 200 requests
Finished 256 requests


Server Software:        
Server Hostname:        172.172.0.2
Server Port:            8080

Document Path:          /
Document Length:        94 bytes

Concurrency Level:      1
Time taken for tests:   4.034 seconds
Complete requests:      256
Failed requests:        253
   (Connect: 0, Receive: 0, Length: 253, Exceptions: 0)
Total transferred:      47869 bytes
Total body sent:        46592
HTML transferred:       23549 bytes
Requests per second:    63.46 [#/sec] (mean)
Time per request:       15.758 [ms] (mean)
Time per request:       15.758 [ms] (mean, across all concurrent requests)
Transfer rate:          11.59 [Kbytes/sec] received
                        11.28 kb/s sent
                        22.87 kb/s total

Connection Times (ms)
              min  mean[+/-sd] median   max
Connect:        0    4  16.7      0      96
Processing:     1   12  40.8      1     495
Waiting:        1   10  38.9      1     495
Total:          1   16  43.3      1     495

Percentage of the requests served within a certain time (ms)
  50%      1
  66%      1
  75%      2
  80%      2
  90%     90
  95%     93
  98%     94
  99%     96
 100%    495 (longest request)
