This is ApacheBench, Version 2.3 <$Revision: 1879490 $>
Copyright 1996 Adam Twiss, Zeus Technology Ltd, http://www.zeustech.net/
Licensed to The Apache Software Foundation, http://www.apache.org/

Benchmarking 172.172.0.2 (be patient)
Completed 100 requests
Completed 200 requests
Finished 256 requests


Server Software:        
Server Hostname:        172.172.0.2
Server Port:            8081

Document Path:          /
Document Length:        93 bytes

Concurrency Level:      1
Time taken for tests:   3.418 seconds
Complete requests:      256
Failed requests:        254
   (Connect: 0, Receive: 0, Length: 254, Exceptions: 0)
Total transferred:      47873 bytes
Total body sent:        50432
HTML transferred:       23553 bytes
Requests per second:    74.89 [#/sec] (mean)
Time per request:       13.353 [ms] (mean)
Time per request:       13.353 [ms] (mean, across all concurrent requests)
Transfer rate:          13.68 [Kbytes/sec] received
                        14.41 kb/s sent
                        28.08 kb/s total

Connection Times (ms)
              min  mean[+/-sd] median   max
Connect:        0    2  14.2      0     105
Processing:     1   11  31.9      1     291
Waiting:        1    9  29.9      1     291
Total:          1   13  35.3      1     291

Percentage of the requests served within a certain time (ms)
  50%      1
  66%      1
  75%      1
  80%      2
  90%     89
  95%     92
  98%     94
  99%     96
 100%    291 (longest request)
