Graalvisor listening on port 8080.
Warning: graalvisor compiled with no truffle language support.
Function shopcart registered with process sandboxing in 171 ms
[thread 40] New process sandbox 1212774 in 1114 us
 __  __ _                                  _   
|  \/  (_) ___ _ __ ___  _ __   __ _ _   _| |_ 
| |\/| | |/ __| '__/ _ \| '_ \ / _` | | | | __|
| |  | | | (__| | | (_) | | | | (_| | |_| | |_ 
|_|  |_|_|\___|_|  \___/|_| |_|\__,_|\__,_|\__|
  Micronaut (v3.3.1)

[36m16:00:10.664[0;39m [1;30m[main][0;39m [34mINFO [0;39m [35mio.micronaut.runtime.Micronaut[0;39m - Startup completed in 39ms. Server Running: http://localhost:33653
[thread 43] New process sandbox 1213148 in 2152 us
 __  __ _                                  _   
|  \/  (_) ___ _ __ ___  _ __   __ _ _   _| |_ 
| |\/| | |/ __| '__/ _ \| '_ \ / _` | | | | __|
| |  | | | (__| | | (_) | | | | (_| | |_| | |_ 
|_|  |_|_|\___|_|  \___/|_| |_|\__,_|\__,_|\__|
  Micronaut (v3.3.1)

[36m16:00:41.173[0;39m [1;30m[main][0;39m [34mINFO [0;39m [35mio.micronaut.runtime.Micronaut[0;39m - Startup completed in 40ms. Server Running: http://localhost:37669

 Performance counter stats for './app':

        15,022,597      cache-misses                                                
            78,537      context-switches                                            
         7,271,977      branch-misses                                               
            38,500      page-faults                                                 

      36.922081057 seconds time elapsed

       1.308490000 seconds user
       1.954239000 seconds sys


