time="2023-03-24T15:01:49-04:00" level=info msg="Called startVMM(), setting up a VMM on /tmp/testtap.socket"
time="2023-03-24T15:01:49-04:00" level=info msg="VMM logging disabled."
time="2023-03-24T15:01:49-04:00" level=info msg="VMM metrics disabled."
time="2023-03-24T15:01:49-04:00" level=info msg="refreshMachineConfiguration: [GET /machine-config][200] getMachineConfigurationOK  &{CPUTemplate:Uninitialized HtEnabled:0xc00049c074 MemSizeMib:0xc00049c068 VcpuCount:0xc00049c060}"
time="2023-03-24T15:01:49-04:00" level=info msg="PutGuestBootSource: [PUT /boot-source][204] putGuestBootSourceNoContent "
time="2023-03-24T15:01:49-04:00" level=info msg="Attaching drive /tmp/test-proxy/polyglot-proxy.img, slot 1, root true."
time="2023-03-24T15:01:49-04:00" level=info msg="Attached drive /tmp/test-proxy/polyglot-proxy.img: [PUT /drives/{drive_id}][204] putGuestDriveByIdNoContent "
time="2023-03-24T15:01:49-04:00" level=info msg="Attaching NIC testtap (hwaddr DE:AD:BE:EF:8F:2C) at index 1"
2023-03-24T15:01:49.117368167 [anonymous-instance:main:WARN:src/vmm/src/builder.rs:599] Could not add serial input event to epoll: Error during epoll call: Operation not permitted (os error 1)
time="2023-03-24T15:01:49-04:00" level=info msg="startInstance successful: [PUT /actions][204] createSyncActionNoContent "
[    0.012000] dmi: Firmware registration failed.
[    0.040272] zswap: default zpool zbud not available
[    0.040522] zswap: pool creation failed
Graalvisor boot time: 196 ms.
Graalvisor listening on port 8080.
Waiting for 192.168.16.182:8080
Function filehashing registered with process sandboxing in 37 ms
[thread 43] New process sandbox 462 in 101168 us
[thread 45] New process sandbox 472 in 102885 us
[thread 52] New process sandbox 476 in 101255 us
[thread 53] New process sandbox 480 in 103423 us
[thread 54] New process sandbox 484 in 103024 us
[thread 55] New process sandbox 488 in 104398 us
[thread 56] New process sandbox 492 in 103611 us
[thread 57] New process sandbox 496 in 105498 us
time="2023-03-24T15:01:58-04:00" level=warning msg="firecracker exited: signal: terminated"
time="2023-03-24T15:01:58-04:00" level=fatal msg="Wait returned an error 1 error occurred:\n\t* signal: terminated\n\n"
