time="2023-03-25T19:22:58-04:00" level=info msg="Called startVMM(), setting up a VMM on /tmp/testtap.socket"
time="2023-03-25T19:22:58-04:00" level=info msg="VMM logging disabled."
time="2023-03-25T19:22:58-04:00" level=info msg="VMM metrics disabled."
time="2023-03-25T19:22:58-04:00" level=info msg="refreshMachineConfiguration: [GET /machine-config][200] getMachineConfigurationOK  &{CPUTemplate:Uninitialized HtEnabled:0xc00048e124 MemSizeMib:0xc00048e118 VcpuCount:0xc00048e110}"
time="2023-03-25T19:22:58-04:00" level=info msg="PutGuestBootSource: [PUT /boot-source][204] putGuestBootSourceNoContent "
time="2023-03-25T19:22:58-04:00" level=info msg="Attaching drive /tmp/test-proxy/polyglot-proxy.img, slot 1, root true."
time="2023-03-25T19:22:58-04:00" level=info msg="Attached drive /tmp/test-proxy/polyglot-proxy.img: [PUT /drives/{drive_id}][204] putGuestDriveByIdNoContent "
time="2023-03-25T19:22:58-04:00" level=info msg="Attaching NIC testtap (hwaddr DE:AD:BE:EF:FE:09) at index 1"
2023-03-25T19:22:58.605562015 [anonymous-instance:main:WARN:src/vmm/src/builder.rs:599] Could not add serial input event to epoll: Error during epoll call: Operation not permitted (os error 1)
time="2023-03-25T19:22:58-04:00" level=info msg="startInstance successful: [PUT /actions][204] createSyncActionNoContent "
[    0.012000] dmi: Firmware registration failed.
[    0.040780] zswap: default zpool zbud not available
[    0.041019] zswap: pool creation failed
Graalvisor boot time: 199 ms.
Graalvisor listening on port 8080.
Function dynamichtml registered with runtime sandboxing in 304 ms
[thread 43] New runtime sandbox 140187046772736 in 7894 us
[thread 1] Creating context org.graalvm.polyglot.Context@137425ec
[thread 50] New runtime sandbox 140118071443456 in 8446 us
[thread 1] Creating context org.graalvm.polyglot.Context@20c21040
[thread 51] New runtime sandbox 140083710656512 in 11684 us
[thread 1] Creating context org.graalvm.polyglot.Context@643fd4b1
[thread 52] New runtime sandbox 140049349869568 in 6129 us
[thread 1] Creating context org.graalvm.polyglot.Context@3dd05c17
[thread 53] New runtime sandbox 139980628295680 in 9612 us
[thread 1] Creating context org.graalvm.polyglot.Context@4bea804a
[thread 54] New runtime sandbox 139911889944576 in 2351 us
[thread 1] Creating context org.graalvm.polyglot.Context@325a20b
[thread 55] New runtime sandbox 139843151593472 in 8133 us
[thread 1] Creating context org.graalvm.polyglot.Context@36952eb1
[thread 56] New runtime sandbox 139808765640704 in 2223 us
[thread 1] Creating context org.graalvm.polyglot.Context@5df76920
[thread 57] New runtime sandbox 139740010512384 in 2467 us
[thread 1] Creating context org.graalvm.polyglot.Context@19c6796c
time="2023-03-25T19:24:07-04:00" level=warning msg="firecracker exited: signal: terminated"
time="2023-03-25T19:24:07-04:00" level=fatal msg="Wait returned an error 1 error occurred:\n\t* signal: terminated\n\n"
