This is ApacheBench, Version 2.3 <$Revision: 1879490 $>
Copyright 1996 Adam Twiss, Zeus Technology Ltd, http://www.zeustech.net/
Licensed to The Apache Software Foundation, http://www.apache.org/

Benchmarking 172.18.0.2 (be patient).....done


Server Software:        
Server Hostname:        172.18.0.2
Server Port:            8080

Document Path:          /
Document Length:        85 bytes

Concurrency Level:      1
Time taken for tests:   1.293 seconds
Complete requests:      5
Failed requests:        0
Total transferred:      900 bytes
Total body sent:        1170
HTML transferred:       425 bytes
Requests per second:    3.87 [#/sec] (mean)
Time per request:       258.571 [ms] (mean)
Time per request:       258.571 [ms] (mean, across all concurrent requests)
Transfer rate:          0.68 [Kbytes/sec] received
                        0.88 kb/s sent
                        1.56 kb/s total

Connection Times (ms)
              min  mean[+/-sd] median   max
Connect:        0   32  43.0     39      80
Processing:   201  227  34.7    215     288
Waiting:      201  227  34.7    215     288
Total:        202  259  46.0    291     294

Percentage of the requests served within a certain time (ms)
  50%    288
  66%    293
  75%    293
  80%    294
  90%    294
  95%    294
  98%    294
  99%    294
 100%    294 (longest request)
