This is ApacheBench, Version 2.3 <$Revision: 1879490 $>
Copyright 1996 Adam Twiss, Zeus Technology Ltd, http://www.zeustech.net/
Licensed to The Apache Software Foundation, http://www.apache.org/

Benchmarking 172.172.0.2 (be patient).....done


Server Software:        
Server Hostname:        172.172.0.2
Server Port:            8080

Document Path:          /
Document Length:        93 bytes

Concurrency Level:      1
Time taken for tests:   3.852 seconds
Complete requests:      10
Failed requests:        9
   (Connect: 0, Receive: 0, Length: 9, Exceptions: 0)
Total transferred:      1871 bytes
Total body sent:        2340
HTML transferred:       921 bytes
Requests per second:    2.60 [#/sec] (mean)
Time per request:       385.204 [ms] (mean)
Time per request:       385.204 [ms] (mean, across all concurrent requests)
Transfer rate:          0.47 [Kbytes/sec] received
                        0.59 kb/s sent
                        1.07 kb/s total

Connection Times (ms)
              min  mean[+/-sd] median   max
Connect:        0    6  16.5      0      52
Processing:   213  380 428.0    271    1594
Waiting:      213  379 428.0    271    1594
Total:        214  385 426.2    272    1595

Percentage of the requests served within a certain time (ms)
  50%    272
  66%    272
  75%    273
  80%    304
  90%   1595
  95%   1595
  98%   1595
  99%   1595
 100%   1595 (longest request)
