This is ApacheBench, Version 2.3 <$Revision: 1879490 $>
Copyright 1996 Adam Twiss, Zeus Technology Ltd, http://www.zeustech.net/
Licensed to The Apache Software Foundation, http://www.apache.org/

Benchmarking 172.18.0.2 (be patient)
Completed 100 requests
Completed 200 requests
Finished 256 requests


Server Software:        
Server Hostname:        172.18.0.2
Server Port:            8080

Document Path:          /
Document Length:        186 bytes

Concurrency Level:      1
Time taken for tests:   7.783 seconds
Complete requests:      256
Failed requests:        69
   (Connect: 0, Receive: 0, Length: 69, Exceptions: 0)
Total transferred:      72213 bytes
Total body sent:        59904
HTML transferred:       47637 bytes
Requests per second:    32.89 [#/sec] (mean)
Time per request:       30.404 [ms] (mean)
Time per request:       30.404 [ms] (mean, across all concurrent requests)
Transfer rate:          9.06 [Kbytes/sec] received
                        7.52 kb/s sent
                        16.58 kb/s total

Connection Times (ms)
              min  mean[+/-sd] median   max
Connect:        0    4  19.5      0     196
Processing:     0   27  44.2      2     298
Waiting:        0   25  43.5      2     298
Total:          0   30  48.1      3     298

Percentage of the requests served within a certain time (ms)
  50%      3
  66%      3
  75%     92
  80%     93
  90%     95
  95%     96
  98%     97
  99%    196
 100%    298 (longest request)
