This is ApacheBench, Version 2.3 <$Revision: 1879490 $>
Copyright 1996 Adam Twiss, Zeus Technology Ltd, http://www.zeustech.net/
Licensed to The Apache Software Foundation, http://www.apache.org/

Benchmarking 127.0.0.1 (be patient)
Completed 400 requests
Completed 800 requests
Completed 1200 requests
Completed 1600 requests
Completed 2000 requests
Completed 2400 requests
Completed 2800 requests
Completed 3200 requests
Completed 3600 requests
Completed 4000 requests
Finished 4000 requests


Server Software:        
Server Hostname:        127.0.0.1
Server Port:            8081

Document Path:          /
Document Length:        80 bytes

Concurrency Level:      8
Time taken for tests:   0.188 seconds
Complete requests:      4000
Failed requests:        3928
   (Connect: 0, Receive: 0, Length: 3928, Exceptions: 0)
Total transferred:      696090 bytes
Total body sent:        780000
HTML transferred:       316090 bytes
Requests per second:    21293.47 [#/sec] (mean)
Time per request:       0.376 [ms] (mean)
Time per request:       0.047 [ms] (mean, across all concurrent requests)
Transfer rate:          3618.69 [Kbytes/sec] received
                        4054.91 kb/s sent
                        7673.60 kb/s total

Connection Times (ms)
              min  mean[+/-sd] median   max
Connect:        0    0   0.0      0       0
Processing:     0    0   0.4      0       6
Waiting:        0    0   0.3      0       6
Total:          0    0   0.4      0       6

Percentage of the requests served within a certain time (ms)
  50%      0
  66%      0
  75%      0
  80%      0
  90%      0
  95%      0
  98%      1
  99%      1
 100%      6 (longest request)
