This is ApacheBench, Version 2.3 <$Revision: 1879490 $>
Copyright 1996 Adam Twiss, Zeus Technology Ltd, http://www.zeustech.net/
Licensed to The Apache Software Foundation, http://www.apache.org/

Benchmarking 172.172.0.2 (be patient)
Completed 100 requests
Completed 200 requests
Finished 200 requests


Server Software:        
Server Hostname:        172.172.0.2
Server Port:            8080

Document Path:          /
Document Length:        91 bytes

Concurrency Level:      8
Time taken for tests:   2.713 seconds
Complete requests:      200
Failed requests:        199
   (Connect: 0, Receive: 0, Length: 199, Exceptions: 0)
Total transferred:      36507 bytes
Total body sent:        36400
HTML transferred:       17507 bytes
Requests per second:    73.72 [#/sec] (mean)
Time per request:       108.523 [ms] (mean)
Time per request:       13.565 [ms] (mean, across all concurrent requests)
Transfer rate:          13.14 [Kbytes/sec] received
                        13.10 kb/s sent
                        26.24 kb/s total

Connection Times (ms)
              min  mean[+/-sd] median   max
Connect:        0    0   1.1      0      16
Processing:     0   71 341.7      1    1845
Waiting:        0   71 341.7      1    1845
Total:          0   71 341.7      1    1845

Percentage of the requests served within a certain time (ms)
  50%      1
  66%      2
  75%      4
  80%      7
  90%     12
  95%     22
  98%   1837
  99%   1842
 100%   1845 (longest request)
