This is ApacheBench, Version 2.3 <$Revision: 1879490 $>
Copyright 1996 Adam Twiss, Zeus Technology Ltd, http://www.zeustech.net/
Licensed to The Apache Software Foundation, http://www.apache.org/

Benchmarking 172.172.0.2 (be patient)
Completed 100 requests
Completed 200 requests
Completed 300 requests
Completed 400 requests
Completed 500 requests
Completed 600 requests
Completed 700 requests
Completed 800 requests
Completed 900 requests
Completed 1000 requests
Finished 1000 requests


Server Software:        
Server Hostname:        172.172.0.2
Server Port:            8080

Document Path:          /run
Document Length:        14 bytes

Concurrency Level:      1
Time taken for tests:   48.091 seconds
Complete requests:      1000
Failed requests:        0
Total transferred:      109000 bytes
Total body sent:        198000
HTML transferred:       14000 bytes
Requests per second:    20.79 [#/sec] (mean)
Time per request:       48.091 [ms] (mean)
Time per request:       48.091 [ms] (mean, across all concurrent requests)
Transfer rate:          2.21 [Kbytes/sec] received
                        4.02 kb/s sent
                        6.23 kb/s total

Connection Times (ms)
              min  mean[+/-sd] median   max
Connect:        0    4  16.5      0      98
Processing:     2   44  55.3      6     990
Waiting:        1   24  47.1      3     899
Total:          2   48  56.1      8     991

Percentage of the requests served within a certain time (ms)
  50%      8
  66%     93
  75%     94
  80%     95
  90%     97
  95%     99
  98%    100
  99%    102
 100%    991 (longest request)
