time="2023-04-05T19:09:39-04:00" level=info msg="Called startVMM(), setting up a VMM on /tmp/testtap.socket"
time="2023-04-05T19:09:39-04:00" level=info msg="VMM logging disabled."
time="2023-04-05T19:09:39-04:00" level=info msg="VMM metrics disabled."
time="2023-04-05T19:09:39-04:00" level=info msg="refreshMachineConfiguration: [GET /machine-config][200] getMachineConfigurationOK  &{CPUTemplate:Uninitialized HtEnabled:0xc00008e104 MemSizeMib:0xc00008e0f8 VcpuCount:0xc00008e0f0}"
time="2023-04-05T19:09:39-04:00" level=info msg="PutGuestBootSource: [PUT /boot-source][204] putGuestBootSourceNoContent "
time="2023-04-05T19:09:39-04:00" level=info msg="Attaching drive /tmp/test-proxy/polyglot-proxy.img, slot 1, root true."
time="2023-04-05T19:09:39-04:00" level=info msg="Attached drive /tmp/test-proxy/polyglot-proxy.img: [PUT /drives/{drive_id}][204] putGuestDriveByIdNoContent "
time="2023-04-05T19:09:39-04:00" level=info msg="Attaching NIC testtap (hwaddr DE:AD:BE:EF:9D:D1) at index 1"
2023-04-05T19:09:39.826781483 [anonymous-instance:main:WARN:src/vmm/src/builder.rs:599] Could not add serial input event to epoll: Error during epoll call: Operation not permitted (os error 1)
time="2023-04-05T19:09:39-04:00" level=info msg="startInstance successful: [PUT /actions][204] createSyncActionNoContent "
[    0.048754] dmi: Firmware registration failed.
[    0.096435] zswap: default zpool zbud not available
[    0.097278] zswap: pool creation failed
Graalvisor boot time: 369 ms.
Graalvisor listening on port 8080.
Warning: graalvisor compiled with no truffle language support.
Function shopcart registered with process sandboxing in 586 ms
[thread 40] New process sandbox 461 in 780 us
 __  __ _                                  _   
|  \/  (_) ___ _ __ ___  _ __   __ _ _   _| |_ 
| |\/| | |/ __| '__/ _ \| '_ \ / _` | | | | __|
| |  | | | (__| | | (_) | | | | (_| | |_| | |_ 
|_|  |_|_|\___|_|  \___/|_| |_|\__,_|\__,_|\__|
  Micronaut (v3.3.1)

[36m19:09:41.500[0;39m [1;30m[main][0;39m [34mINFO [0;39m [35mio.micronaut.runtime.Micronaut[0;39m - Startup completed in 32ms. Server Running: http://localhost:39619
Stack walk must walk only frames of known code:  sp=0x7bd178a0  ip=0x7f697c65f6a8
Fatal error: Stack walk must walk only frames of known code

Current timestamp: 1680736227079

Printing Instructions (ip=0x0000563781665ace):
  0x0000563781665aae: 0x00 0x00 0x00 0x41 0xc7 0x87 0xd0 0x00 0x00 0x00 0xfe 0xfe 0xfe 0x7e 0x48 0x8b
  0x0000563781665abe: 0x7c 0x24 0x10 0x48 0x8b 0x74 0x24 0x08 0x49 0x8b 0xd6 0xe8 0xb2 0xfd 0xf6 0xff
  0x0000563781665ace: 0x90 0xcc 0x48 0x83 0xec 0x18 0x48 0x8b 0x44 0x24 0x18 0x48 0x89 0x7c 0x24 0x08
  0x0000563781665ade: 0x48 0x89 0x44 0x24 0x10 0xe8 0xb8 0x04 0xff 0xff 0x90 0x41 0xc7 0x87 0xd4 0x00

Top of stack (sp=0x00007f71948e95f0):
  0x00007f71948e95f0: 0x00007f7197152570 0x00007f7196f01520
  0x00007f71948e9600: 0x0000563781654368 0x0000563781654368
  0x00007f71948e9610: 0x00007f71948e9e10 0x0000000000000000
  0x00007f71948e9620: 0x00007f71972650d0 0x00007f697c65f6a8
  0x00007f71948e9630: 0x000000007bd178a0 0x000056378159fecc
  0x00007f71948e9640: 0x00007ffecdf10c0d 0x00007f71948e96b0
  0x00007f71948e9650: 0x00007f71971bf458 0x00007f71972a2cb0
  0x00007f71948e9660: 0x000d4596cdf10c0d 0x00007f7197152530
  0x00007f71948e9670: 0x0000000000000063 0x0000000000000051
  0x00007f71948e9680: 0x0000000000000000 0x0000000000000000
  0x00007f71948e9690: 0x0000000000000001 0x00007f7996d62441
  0x00007f71948e96a0: 0x00007f71948e9d30 0x0000000000000001
  0x00007f71948e96b0: 0x0000000000000008 0x0000000081821cd5
  0x00007f71948e96c0: 0x0000000000000001 0x00007f71948e9e60
  0x00007f71948e96d0: 0x0000000000000002 0x00007f7196d01028
  0x00007f71948e96e0: 0x00007f697c65f6a8 0x0000000000000000
  0x00007f71948e96f0: 0x000000007bd178a0 0x00007f71948e9670
  0x00007f71948e9700: 0x00007f71948e9730 0x000056378159a734
  0x00007f71948e9710: 0x000000000000002f 0x0000000007ab2cf1
  0x00007f71948e9720: 0x00007f719718e8a0 0x00007f7197152530
  0x00007f71948e9730: 0x00007f71953fba88 0x0000000000000000
  0x00007f71948e9740: 0x0000000000000000 0x00007f697c65f6a8
  0x00007f71948e9750: 0x000000007bd178a0 0x00007f697c65f6a8
  0x00007f71948e9760: 0x000000007bd178a0 0x00007f7180000b80
  0x00007f71948e9770: 0x00007f71948e9730 0x000056378159a849
  0x00007f71948e9780: 0x00007ffecdf10c0d 0x00007f71948e97f0
  0x00007f71948e9790: 0x000b1d080000002f 0x00007f719718e840
  0x00007f71948e97a0: 0x00007f7197152530 0x000056378159e5c9
  0x00007f71948e97b0: 0x0000000000000001 0x00007f7996d62441
  0x00007f71948e97c0: 0x00007f697c4d0ed0 0x00000000000b7cc5
  0x00007f71948e97d0: 0x00007f7197154d70 0x000b1cea81821cd5
  0x00007f71948e97e0: 0x00007f719718e750 0x000a4d6a81598035

Top frame info:
  TotalFrameSize in CodeInfoTable 32
  
Threads:
  0x00007f717c000b80 STATUS_IN_JAVA (PREVENT_VM_FROM_REACHING_SAFEPOINT) "Thread-1" - 0x00007f7197ba8ce8, stack(0x00007f71940ec000,0x00007f71948eb000)
  0x00007f7180000b80 STATUS_IN_SAFEPOINT (ALLOW_SAFEPOINT) "pool-2-thread-1" - 0x00007f7197901860, stack(0x00007f7194bfe000,0x00007f71953fd000)
  0x00007f718c000b80 STATUS_IN_SAFEPOINT (ALLOW_SAFEPOINT) "HTTP-Dispatcher" - 0x00007f719760f240, stack(0x00007f71953ff000,0x00007f7195bfe000)
  0x00007f7188000b80 STATUS_IN_SAFEPOINT (ALLOW_SAFEPOINT) "server-timer" - 0x00007f719760d958, daemon, stack(0x00007f7195c00000,0x00007f71963ff000)
  0x00007f7190000b80 STATUS_IN_SAFEPOINT (ALLOW_SAFEPOINT) "Reference Handler" - 0x00007f7197125ae8, daemon, stack(0x00007f7196401000,0x00007f7196c00000)
  0x0000563782d30300 STATUS_IN_SAFEPOINT (ALLOW_SAFEPOINT) "main" - 0x00007f7197125a70, stack(0x00007ffecd699000,0x00007ffecde99000)
  
VM thread locals for the failing thread 0x00007f717c000b80:
  0 (8 bytes): JNIThreadLocalEnvironment.jniFunctions = (bytes) 
    0x00007f717c000b80: 0x00007f7196fe8010
  8 (8 bytes): StackOverflowCheckImpl.stackBoundaryTL = (Word) 1 (0x0000000000000001)
  16 (4 bytes): Safepoint.safepointRequested = (int) 2139306169 (0x7f8338b9)
  20 (4 bytes): StatusSupport.statusTL = (int) 1 (0x00000001)
  24 (32 bytes): ThreadLocalAllocation.regularTLAB = (bytes) 
    0x00007f717c000b98: 0x0000000000000000 0x0000000000000000
    0x00007f717c000ba8: 0x0000000000000000 0x0000000000000000
  56 (8 bytes): JavaFrameAnchors.lastAnchor = (Word) 0 (0x0000000000000000)
  64 (4 bytes): PlatformThreads.currentThread = (Object) 
  [ [ SubstrateSegfaultHandler caught a segfault in thread 0x00007f717c000b80 ] ]
  siginfo: si_signo: 11, si_code: 2, si_addr: 0x00007f7287b0f114
  
  VM thread locals for the failing thread 0x00007f717c000b80:
  0 (8 bytes): JNIThreadLocalEnvironment.jniFunctions = (bytes) 
    0x00007f717c000b80: 0x00007f7196fe8010
  8 (8 bytes): StackOverflowCheckImpl.stackBoundaryTL = (Word) 1 (0x0000000000000001)
  16 (4 bytes): Safepoint.safepointRequested = (int) 2139304998 (0x7f833426)
  20 (4 bytes): StatusSupport.statusTL = (int) 1 (0x00000001)
  24 (32 bytes): ThreadLocalAllocation.regularTLAB = (bytes) 
    0x00007f717c000b98: 0x0000000000000000 0x0000000000000000
    0x00007f717c000ba8: 0x0000000000000000 0x0000000000000000
  56 (8 bytes): JavaFrameAnchors.lastAnchor = (Word) 0 (0x0000000000000000)
  64 (4 bytes): PlatformThreads.currentThread = (Object) 0x00007f7197ba8ce8
  68 (4 bytes): PlatformThreads.lockHelper = (Object) 0x00007f7197c01828
  72 (8 bytes): SubstrateDiagnostics.threadOnlyAttachedForCrashHandler = (bytes) 
    0x00007f717c000bc8: 0x0000000000000000
  80 (8 bytes): ThreadLocalAllocation.allocatedBytes = (Word) 43865256 (0x00000000029d54a8)
  88 (8 bytes): VMThreads.IsolateTL = (Word) 140125837197312 (0x00007f7196c00000)
  96 (8 bytes): VMThreads.OSThreadHandleTL = (Word) 140125800408832 (0x00007f71948ea700)
  104 (8 bytes): VMThreads.OSThreadIdTL = (Word) 140125800408832 (0x00007f71948ea700)
  112 (8 bytes): VMThreads.StackBase = (Word) 140125800411136 (0x00007f71948eb000)
  120 (8 bytes): VMThreads.StackEnd = (Word) 140125792026624 (0x00007f71940ec000)
  128 (8 bytes): VMThreads.StartedByCurrentIsolate = (bytes) 
    0x00007f717c000c00: 0x0000000000000001
  136 (8 bytes): VMThreads.nextTL = (Word) 140125455518592 (0x00007f7180000b80)
  144 (8 bytes): VMThreads.unalignedIsolateThreadMemoryTL = (Word) 140125388409696 (0x00007f717c000b60)
  152 (4 bytes): AccessControlContextStack = (Object) 0x00007f7197c01938
  156 (4 bytes): ExceptionUnwind.currentException = (Object) 0x0000000000000000
  160 (4 bytes): IdentityHashCodeSupport.hashCodeGeneratorTL = (Object) 0x0000000000000000
  164 (4 bytes): IsolatedCompileClient.currentClient = (Object) 0x0000000000000000
  168 (4 bytes): IsolatedCompileContext.currentContext = (Object) 0x0000000000000000
  172 (4 bytes): JNIObjectHandles.handles = (Object) 0x00007f7197c02580
  176 (4 bytes): JNIThreadLocalPendingException.pendingException = (Object) 0x0000000000000000
  180 (4 bytes): JNIThreadLocalPinnedObjects.pinnedObjectsListHead = (Object) 0x0000000000000000
  184 (4 bytes): JNIThreadOwnedMonitors.ownedMonitors = (Object) 0x0000000000000000
  188 (4 bytes): NoAllocationVerifier.openVerifiers = (Object) 0x00007f71972973b0
  192 (4 bytes): ThreadingSupportImpl.activeTimer = (Object) 0x0000000000000000
  196 (4 bytes): ActionOnExitSafepointSupport.actionTL = (int) 0 (0x00000000)
  200 (4 bytes): ActionOnTransitionToJavaSupport.actionTL = (int) 0 (0x00000000)
  204 (4 bytes): ImplicitExceptions.implicitExceptionsAreFatal = (int) 1 (0x00000001)
  208 (4 bytes): StackOverflowCheckImpl.yellowZoneStateTL = (int) 2130640638 (0x7efefefe)
  212 (4 bytes): StatusSupport.safepointBehaviorTL = (int) 1 (0x00000001)
  216 (4 bytes): ThreadingSupportImpl.currentPauseDepth = (int) 1 (0x00000001)
  
VMOperation in progress: Garbage collection
  Safepoint: true
  QueuingThread: 0x00007f717c000b80
  ExecutingThread: 0x00007f717c000b80
  
The 15 most recent VM operation status changes (oldest first):
  1680736227063 - Started Garbage collection (safepoint: true, queueingThread: 0x00007f717c000b80, executingThread: 0x00007f717c000b80, safepointId: 1)
  
Counters:
  
Java frame anchors for the failing thread 0x00007f717c000b80:
  No anchors
  
Stacktrace for the failing thread 0x00007f717c000b80:
  SP 0x00007f71948e95f0 IP 0x0000563781665ace  [image code] com.oracle.svm.core.jdk.VMErrorSubstitutions.shutdown(VMErrorSubstitutions.java:116)
  SP 0x00007f71948e95f0 IP 0x0000563781665ace  [image code] com.oracle.svm.core.jdk.VMErrorSubstitutions.shouldNotReachHere(VMErrorSubstitutions.java:109)
  SP 0x00007f71948e95f0 IP 0x0000563781665ace  [image code] com.oracle.svm.core.util.VMError.shouldNotReachHere(VMError.java:65)
  SP 0x00007f71948e9610 IP 0x0000563781654368  [image code] com.oracle.svm.core.stack.JavaStackWalker.reportUnknownFrameEncountered(JavaStackWalker.java:240)
  SP 0x00007f71948e9640 IP 0x000056378159fecc  [image code] com.oracle.svm.core.genscavenge.GCImpl.walkStack(GCImpl.java:901)
  SP 0x00007f71948e9710 IP 0x000056378159a734  [image code] com.oracle.svm.core.genscavenge.GCImpl.blackenStackRoots(GCImpl.java:872)
  SP 0x00007f71948e9780 IP 0x000056378159a849  [image code] com.oracle.svm.core.genscavenge.GCImpl.cheneyScanFromDirtyRoots(GCImpl.java:757)
  SP 0x00007f71948e97b0 IP 0x000056378159e5c9  [image code] com.oracle.svm.core.genscavenge.GCImpl.scavenge(GCImpl.java:532)
  SP 0x00007f71948e9810 IP 0x000056378159b0cf  [image code] com.oracle.svm.core.genscavenge.GCImpl.doCollectOnce(GCImpl.java:288)
  SP 0x00007f71948e9870 IP 0x000056378159af58  [image code] com.oracle.svm.core.genscavenge.GCImpl.doCollectImpl(GCImpl.java:254)
  SP 0x00007f71948e98c0 IP 0x000056378159aac0  [image code] com.oracle.svm.core.genscavenge.GCImpl.collectImpl(GCImpl.java:223)
  SP 0x00007f71948e9900 IP 0x000056378159ac5b  [image code] com.oracle.svm.core.genscavenge.GCImpl.collectOperation(GCImpl.java:206)
  SP 0x00007f71948e9940 IP 0x000056378166128c  [image code] com.oracle.svm.core.genscavenge.GCImpl$CollectionVMOperation.operate(GCImpl.java:1260)
  SP 0x00007f71948e9940 IP 0x000056378166128c  [image code] com.oracle.svm.core.thread.VMOperation.execute(VMOperation.java:90)
  SP 0x00007f71948e9940 IP 0x000056378166128c  [image code] com.oracle.svm.core.thread.VMOperationControl$WorkQueues.drain(VMOperationControl.java:611)
  SP 0x00007f71948e99a0 IP 0x0000563781661dd1  [image code] com.oracle.svm.core.thread.VMOperationControl$WorkQueues.executeAllQueuedVMOperations(VMOperationControl.java:581)
  SP 0x00007f71948e99f0 IP 0x0000563781657405  [image code] com.oracle.svm.core.thread.VMOperationControl$WorkQueues.enqueueAndExecute(VMOperationControl.java:518)
  SP 0x00007f71948e99f0 IP 0x0000563781657405  [image code] com.oracle.svm.core.thread.VMOperationControl.enqueue(VMOperationControl.java:292)
  SP 0x00007f71948e99f0 IP 0x0000563781657405  [image code] com.oracle.svm.core.thread.VMOperationControl.enqueue(VMOperationControl.java:254)
  SP 0x00007f71948e99f0 IP 0x0000563781657405  [image code] com.oracle.svm.core.thread.NativeVMOperation.enqueue(NativeVMOperation.java:46)
  SP 0x00007f71948e9a60 IP 0x000056378159ae09  [image code] com.oracle.svm.core.genscavenge.GCImpl.enqueueCollectOperation(GCImpl.java:187)
  SP 0x00007f71948e9a60 IP 0x000056378159ae09  [image code] com.oracle.svm.core.genscavenge.GCImpl.collectWithoutAllocating(GCImpl.java:181)
  SP 0x00007f71948e9af0 IP 0x000056378159bc16  [image code] com.oracle.svm.core.genscavenge.GCImpl.maybeCollectOnAllocation(GCImpl.java:144)
  SP 0x00007f71948e9b00 IP 0x00005637815b0cca  [image code] com.oracle.svm.core.genscavenge.ThreadLocalAllocation.slowPathNewArrayWithoutAllocating(ThreadLocalAllocation.java:261)
  SP 0x00007f71948e9b30 IP 0x00005637815b0bc1  [image code] com.oracle.svm.core.genscavenge.ThreadLocalAllocation.slowPathNewArray(ThreadLocalAllocation.java:248)
  SP 0x00007f71948e9b70 IP 0x000056378180c434  [image code] java.lang.StringBuilder.toString(StringBuilder.java:453)
  SP 0x00007f71948e9bc0 IP 0x0000563781678085  [image code] com.oracle.svm.enterprise.core.stringformat.a.a(stripped:160)
  SP 0x00007f71948e9c50 IP 0x0000563781b68b76  [image code] com.oracle.svm.enterprise.core.stringformat.a.format(stripped:104)
  SP 0x00007f71948e9c50 IP 0x0000563781b68b76  [image code] org.graalvm.argo.graalvisor.sandboxing.ProcessSandboxHandle.child(ProcessSandboxHandle.java:60)
  SP 0x00007f71948e9cf0 IP 0x0000563781b686fc  [image code] org.graalvm.argo.graalvisor.sandboxing.ProcessSandboxHandle.<init>(ProcessSandboxHandle.java:83)
  SP 0x00007f71948e9d20 IP 0x0000563781b6af28  [image code] com.oracle.svm.core.code.FactoryMethodHolder.ProcessSandboxHandle_constructor_524cc1559b21195ccf6510b5e0b50f60aa2221d7(FactoryMethodHolder.java:0)
  SP 0x00007f71948e9d20 IP 0x0000563781b6af28  [image code] org.graalvm.argo.graalvisor.sandboxing.ProcessSandboxProvider.createSandbox(ProcessSandboxProvider.java:44)
  SP 0x00007f71948e9d40 IP 0x0000563781b62684  [image code] org.graalvm.argo.graalvisor.SubstrateVMProxy.prepareSandbox(SubstrateVMProxy.java:168)
  SP 0x00007f71948e9df0 IP 0x0000563781b60af4  [image code] org.graalvm.argo.graalvisor.SubstrateVMProxy$Worker.runInternal(SubstrateVMProxy.java:70)
  SP 0x00007f71948e9e20 IP 0x0000563781b607e7  [image code] org.graalvm.argo.graalvisor.SubstrateVMProxy$Worker.run(SubstrateVMProxy.java:88)
  SP 0x00007f71948e9e50 IP 0x000056378165cac9  [image code] com.oracle.svm.core.thread.PlatformThreads.threadStartRoutine(PlatformThreads.java:704)
  SP 0x00007f71948e9e80 IP 0x00005637815eff6b  [image code] com.oracle.svm.core.posix.thread.PosixPlatformThreads.pthreadStartRoutine(PosixPlatformThreads.java:202)
  SP 0x00007f71948e9ea0 IP 0x0000563781589e85  [image code] com.oracle.svm.core.code.IsolateEnterStub.PosixPlatformThreads_pthreadStartRoutine_38d96cbc1a188a6051c29be1299afe681d67942e(IsolateEnterStub.java:0)
  
Thread 0x00007f7180000b80:
  Frame anchors:
    Anchor 0x00007f71953fba88 LastJavaSP 0x000000007bd178a0 LastJavaIP 0x00007f697c65f6a8
    Anchor 0x00007f71850e3d49 LastJavaSP 0xffc574578e0f0110 LastJavaIP 0x6f834108c4834890
    Anchor 0x834800000000b8c3 LastJavaSP 
    [ [ SubstrateSegfaultHandler caught a segfault in thread 0x00007f717c000b80 ] ]
    siginfo: si_signo: 11, si_code: 128, si_addr: 0x0000000000000000
    
    VM mutexes:
  mutex "referencePendingList" is unlocked.
  mutex "thread" is locked by thread 0x00007f717c000b80
  mutex "mainVMOperationControlWorkQueue" is locked by thread 0x00007f717c000b80
  mutex "freeList" is unlocked.
  
Heap settings and statistics:
  Supports isolates: true
  Heap base: 0x00007f7196c00000
  Object reference size: 4
  Aligned chunk size: 1048576
  Incremental collections: 0
  Complete collections: 0
  
Native image heap boundaries:
  ReadOnly Primitives: 0x00007f7196d01028 - 0x00007f7196ea5ac8
  ReadOnly References: 0x00007f7196ea5ac8 - 0x00007f7196fe7530
  ReadOnly Relocatables: 0x00007f7196fe8000 - 0x00007f719706d908
  Writable Primitives: 0x00007f719706e000 - 0x00007f71970facd8
  Writable References: 0x00007f71970facd8 - 0x00007f71972b2610
  Writable Huge: 0x00007f7197300030 - 0x00007f719732c7d0
  ReadOnly Huge: 0x00007f719732d030 - 0x00007f71975015f8

Heap:
  Young generation: 
    Eden: 
      edenSpace:
        aligned: 50331648/48 unaligned: 0/0
        aligned chunks:
          0x00007f719a500000 (0x00007f719a501028-0x00007f719a5fffd0)
          0x00007f719a400000 (0x00007f719a401028-0x00007f719a4ffff8)
          0x00007f719a300000 (0x00007f719a301028-0x00007f719a3fffd0)
          0x00007f719a200000 (0x00007f719a201028-0x00007f719a2fffc8)
          0x00007f719a100000 (0x00007f719a101028-0x00007f719a200000)
          0x00007f719a000000 (0x00007f719a001028-0x00007f719a100000)
          0x00007f7199f00000 (0x00007f7199f01028-0x00007f7199ffffd0)
          0x00007f7199e00000 (0x00007f7199e01028-0x00007f7199effff8)
          0x00007f7199d00000 (0x00007f7199d01028-0x00007f7199dfffd0)
          0x00007f7199c00000 (0x00007f7199c01028-0x00007f7199cfffc8)
          0x00007f7199b00000 (0x00007f7199b01028-0x00007f7199c00000)
          0x00007f7199a00000 (0x00007f7199a01028-0x00007f7199b00000)
          0x00007f7199900000 (0x00007f7199901028-0x00007f71999fffd0)
          0x00007f7199800000 (0x00007f7199801028-0x00007f71998ffff8)
          0x00007f7199700000 (0x00007f7199701028-0x00007f71997fffd0)
          0x00007f7199600000 (0x00007f7199601028-0x00007f71996fffc8)
          0x00007f7199500000 (0x00007f7199501028-0x00007f7199600000)
          0x00007f7199400000 (0x00007f7199401028-0x00007f7199500000)
          0x00007f7199300000 (0x00007f7199301028-0x00007f71993fffd0)
          0x00007f7199200000 (0x00007f7199201028-0x00007f71992ffff8)
          0x00007f7199100000 (0x00007f7199101028-0x00007f71991fffd0)
          0x00007f7199000000 (0x00007f7199001028-0x00007f71990fffc8)
          0x00007f7198f00000 (0x00007f7198f01028-0x00007f7199000000)
          0x00007f7198e00000 (0x00007f7198e01028-0x00007f7198f00000)
          0x00007f7198d00000 (0x00007f7198d01028-0x00007f7198dfffd0)
          0x00007f7198c00000 (0x00007f7198c01028-0x00007f7198cffff8)
          0x00007f7198b00000 (0x00007f7198b01028-0x00007f7198bfffd0)
          0x00007f7198a00000 (0x00007f7198a01028-0x00007f7198afffc8)
          0x00007f7198900000 (0x00007f7198901028-0x00007f7198a00000)
          0x00007f7198800000 (0x00007f7198801028-0x00007f7198900000)
          0x00007f7198700000 (0x00007f7198701028-0x00007f71987fffd0)
          0x00007f7198600000 (0x00007f7198601028-0x00007f71986ffff8)
          0x00007f7198500000 (0x00007f7198501028-0x00007f71985fffd0)
          0x00007f7198400000 (0x00007f7198401028-0x00007f71984fffc8)
          0x00007f7198300000 (0x00007f7198301028-0x00007f7198400000)
          0x00007f7198200000 (0x00007f7198201028-0x00007f7198300000)
          0x00007f7198100000 (0x00007f7198101028-0x00007f71981fffd0)
          0x00007f7198000000 (0x00007f7198001028-0x00007f71980ffff8)
          0x00007f7197f00000 (0x00007f7197f01028-0x00007f7197ffffd0)
          0x00007f7197e00000 (0x00007f7197e01028-0x00007f7197efffc8)
          0x00007f7197d00000 (0x00007f7197d01028-0x00007f7197e00000)
          0x00007f7197c00000 (0x00007f7197c01028-0x00007f7197cfff98)
          0x00007f7197b00000 (0x00007f7197b01028-0x00007f7197ba9a28)
          0x00007f7197a00000 (0x00007f7197a01028-0x00007f7197afffe0)
          0x00007f7197900000 (0x00007f7197901028-0x00007f7197902ed8)
          0x00007f7197800000 (0x00007f7197801028-0x00007f7197801148)
          0x00007f7197700000 (0x00007f7197701028-0x00007f71977010b8)
          0x00007f7197600000 (0x00007f7197601028-0x00007f719760f2f0)
    Survivors: 
      Survivor-1 From:
        aligned: 0/0 unaligned: 0/0
      Survivor-1 To:
        aligned: 1048576/1 unaligned: 0/0
        aligned chunks:
          0x00007f719a600000 (0x00007f719a601028-0x00007f719a601200)
      Survivor-2 From:
        aligned: 0/0 unaligned: 0/0
      Survivor-2 To:
        aligned: 0/0 unaligned: 0/0
      Survivor-3 From:
        aligned: 0/0 unaligned: 0/0
      Survivor-3 To:
        aligned: 0/0 unaligned: 0/0
      Survivor-4 From:
        aligned: 0/0 unaligned: 0/0
      Survivor-4 To:
        aligned: 0/0 unaligned: 0/0
      Survivor-5 From:
        aligned: 0/0 unaligned: 0/0
      Survivor-5 To:
        aligned: 0/0 unaligned: 0/0
      Survivor-6 From:
        aligned: 0/0 unaligned: 0/0
      Survivor-6 To:
        aligned: 0/0 unaligned: 0/0
      Survivor-7 From:
        aligned: 0/0 unaligned: 0/0
      Survivor-7 To:
        aligned: 0/0 unaligned: 0/0
      Survivor-8 From:
        aligned: 0/0 unaligned: 0/0
      Survivor-8 To:
        aligned: 0/0 unaligned: 0/0
      Survivor-9 From:
        aligned: 0/0 unaligned: 0/0
      Survivor-9 To:
        aligned: 0/0 unaligned: 0/0
      Survivor-10 From:
        aligned: 0/0 unaligned: 0/0
      Survivor-10 To:
        aligned: 0/0 unaligned: 0/0
      Survivor-11 From:
        aligned: 0/0 unaligned: 0/0
      Survivor-11 To:
        aligned: 0/0 unaligned: 0/0
      Survivor-12 From:
        aligned: 0/0 unaligned: 0/0
      Survivor-12 To:
        aligned: 0/0 unaligned: 0/0
      Survivor-13 From:
        aligned: 0/0 unaligned: 0/0
      Survivor-13 To:
        aligned: 0/0 unaligned: 0/0
      Survivor-14 From:
        aligned: 0/0 unaligned: 0/0
      Survivor-14 To:
        aligned: 0/0 unaligned: 0/0
      Survivor-15 From:
        aligned: 0/0 unaligned: 0/0
      Survivor-15 To:
        aligned: 0/0 unaligned: 0/0
  Old generation: 
    oldFromSpace:
      aligned: 0/0 unaligned: 0/0
    oldToSpace:
      aligned: 0/0 unaligned: 0/0
    
  Unused:
    aligned: 0/0

Segfault detected, aborting process. Use runtime option -R:-InstallSegfaultHandler if you don't want to use SubstrateSegfaultHandler.

java.io.IOException: Broken pipe
	at com.oracle.svm.jni.JNIJavaCallWrappers.jniInvoke_VA_LIST_IOException_constructor_dfe3139624312c30e7f76f0e723ef6192050fcf4(JNIJavaCallWrappers.java:0)
	at java.io.FileOutputStream.writeBytes(FileOutputStream.java)
	at java.io.FileOutputStream.write(FileOutputStream.java:341)
	at org.graalvm.argo.graalvisor.sandboxing.ProcessSandboxHandle.invokeSandbox(ProcessSandboxHandle.java:92)
	at org.graalvm.argo.graalvisor.SubstrateVMProxy$Worker.processRequest(SubstrateVMProxy.java:60)
	at org.graalvm.argo.graalvisor.SubstrateVMProxy$Worker.runInternal(SubstrateVMProxy.java:75)
	at org.graalvm.argo.graalvisor.SubstrateVMProxy$Worker.run(SubstrateVMProxy.java:88)
	at com.oracle.svm.core.thread.PlatformThreads.threadStartRoutine(PlatformThreads.java:704)
	at com.oracle.svm.core.posix.thread.PosixPlatformThreads.pthreadStartRoutine(PosixPlatformThreads.java:202)
[thread 44] New process sandbox 469 in 868 us
time="2023-04-05T19:11:27-04:00" level=warning msg="firecracker exited: signal: terminated"
time="2023-04-05T19:11:27-04:00" level=fatal msg="Wait returned an error 1 error occurred:\n\t* signal: terminated\n\n"
