This is ApacheBench, Version 2.3 <$Revision: 1879490 $>
Copyright 1996 Adam Twiss, Zeus Technology Ltd, http://www.zeustech.net/
Licensed to The Apache Software Foundation, http://www.apache.org/

Benchmarking 194.210.229.191 (be patient).....done


Server Software:        
Server Hostname:        194.210.229.191
Server Port:            8080

Document Path:          /run
Document Length:        42 bytes

Concurrency Level:      1
Time taken for tests:   13.891 seconds
Complete requests:      100
Failed requests:        0
Total transferred:      15000 bytes
Total body sent:        20800
HTML transferred:       4200 bytes
Requests per second:    7.20 [#/sec] (mean)
Time per request:       138.907 [ms] (mean)
Time per request:       138.907 [ms] (mean, across all concurrent requests)
Transfer rate:          1.05 [Kbytes/sec] received
                        1.46 kb/s sent
                        2.52 kb/s total

Connection Times (ms)
              min  mean[+/-sd] median   max
Connect:        0   10  28.1      0      92
Processing:     5  129  57.5    106     201
Waiting:        5  128  58.7    106     201
Total:          5  139  61.9    107     292

Percentage of the requests served within a certain time (ms)
  50%    107
  66%    195
  75%    197
  80%    197
  90%    199
  95%    200
  98%    292
  99%    292
 100%    292 (longest request)
