This is ApacheBench, Version 2.3 <$Revision: 1879490 $>
Copyright 1996 Adam Twiss, Zeus Technology Ltd, http://www.zeustech.net/
Licensed to The Apache Software Foundation, http://www.apache.org/

Benchmarking 172.172.0.2 (be patient).....done


Server Software:        
Server Hostname:        172.172.0.2
Server Port:            8080

Document Path:          /warmup
Document Length:        101 bytes

Concurrency Level:      1
Time taken for tests:   0.002 seconds
Complete requests:      1
Failed requests:        0
Total transferred:      197 bytes
Total body sent:        239
HTML transferred:       101 bytes
Requests per second:    461.04 [#/sec] (mean)
Time per request:       2.169 [ms] (mean)
Time per request:       2.169 [ms] (mean, across all concurrent requests)
Transfer rate:          88.70 [Kbytes/sec] received
                        107.61 kb/s sent
                        196.30 kb/s total

Connection Times (ms)
              min  mean[+/-sd] median   max
Connect:        1    1   0.0      1       1
Processing:     1    1   0.0      1       1
Waiting:        1    1   0.0      1       1
Total:          2    2   0.0      2       2
