This is ApacheBench, Version 2.3 <$Revision: 1879490 $>
Copyright 1996 Adam Twiss, Zeus Technology Ltd, http://www.zeustech.net/
Licensed to The Apache Software Foundation, http://www.apache.org/

Benchmarking 172.172.0.2 (be patient).....done


Server Software:        
Server Hostname:        172.172.0.2
Server Port:            8080

Document Path:          /
Document Length:        86 bytes

Concurrency Level:      4
Time taken for tests:   22.113 seconds
Complete requests:      40
Failed requests:        38
   (Connect: 0, Receive: 0, Length: 38, Exceptions: 0)
Total transferred:      7181 bytes
Total body sent:        9320
HTML transferred:       3381 bytes
Requests per second:    1.81 [#/sec] (mean)
Time per request:       2211.266 [ms] (mean)
Time per request:       552.817 [ms] (mean, across all concurrent requests)
Transfer rate:          0.32 [Kbytes/sec] received
                        0.41 kb/s sent
                        0.73 kb/s total

Connection Times (ms)
              min  mean[+/-sd] median   max
Connect:        0    0   0.1      0       1
Processing:    35 1432 4245.3     56   16521
Waiting:       35 1432 4245.3     56   16521
Total:         35 1433 4245.3     56   16521

Percentage of the requests served within a certain time (ms)
  50%     56
  66%     84
  75%    141
  80%    215
  90%   5591
  95%  15479
  98%  16521
  99%  16521
 100%  16521 (longest request)
