This is ApacheBench, Version 2.3 <$Revision: 1879490 $>
Copyright 1996 Adam Twiss, Zeus Technology Ltd, http://www.zeustech.net/
Licensed to The Apache Software Foundation, http://www.apache.org/

Benchmarking 172.18.0.2 (be patient).....done


Server Software:        
Server Hostname:        172.18.0.2
Server Port:            8080

Document Path:          /
Document Length:        71 bytes

Concurrency Level:      1
Time taken for tests:   12.089 seconds
Complete requests:      25
Failed requests:        0
Total transferred:      4150 bytes
Total body sent:        10000
HTML transferred:       1775 bytes
Requests per second:    2.07 [#/sec] (mean)
Time per request:       483.554 [ms] (mean)
Time per request:       483.554 [ms] (mean, across all concurrent requests)
Transfer rate:          0.34 [Kbytes/sec] received
                        0.81 kb/s sent
                        1.14 kb/s total

Connection Times (ms)
              min  mean[+/-sd] median   max
Connect:        0    0   0.3      0       2
Processing:   474  483   4.6    483     493
Waiting:      474  483   4.6    483     493
Total:        475  483   4.6    484     493

Percentage of the requests served within a certain time (ms)
  50%    483
  66%    485
  75%    487
  80%    487
  90%    489
  95%    492
  98%    493
  99%    493
 100%    493 (longest request)
