This is ApacheBench, Version 2.3 <$Revision: 1879490 $>
Copyright 1996 Adam Twiss, Zeus Technology Ltd, http://www.zeustech.net/
Licensed to The Apache Software Foundation, http://www.apache.org/

Benchmarking 172.18.0.2 (be patient).....done


Server Software:        
Server Hostname:        172.18.0.2
Server Port:            8080

Document Path:          /warmup
Document Length:        100 bytes

Concurrency Level:      1
Time taken for tests:   0.001 seconds
Complete requests:      1
Failed requests:        0
Total transferred:      196 bytes
Total body sent:        240
HTML transferred:       100 bytes
Requests per second:    884.96 [#/sec] (mean)
Time per request:       1.130 [ms] (mean)
Time per request:       1.130 [ms] (mean, across all concurrent requests)
Transfer rate:          169.39 [Kbytes/sec] received
                        207.41 kb/s sent
                        376.80 kb/s total

Connection Times (ms)
              min  mean[+/-sd] median   max
Connect:        0    0   0.0      0       0
Processing:     1    1   0.0      1       1
Waiting:        1    1   0.0      1       1
Total:          1    1   0.0      1       1
