This is ApacheBench, Version 2.3 <$Revision: 1879490 $>
Copyright 1996 Adam Twiss, Zeus Technology Ltd, http://www.zeustech.net/
Licensed to The Apache Software Foundation, http://www.apache.org/

Benchmarking 172.18.0.2 (be patient).....done


Server Software:        
Server Hostname:        172.18.0.2
Server Port:            8080

Document Path:          /
Document Length:        132 bytes

Concurrency Level:      1
Time taken for tests:   0.469 seconds
Complete requests:      2
Failed requests:        0
Total transferred:      456 bytes
Total body sent:        584
HTML transferred:       264 bytes
Requests per second:    4.26 [#/sec] (mean)
Time per request:       234.668 [ms] (mean)
Time per request:       234.668 [ms] (mean, across all concurrent requests)
Transfer rate:          0.95 [Kbytes/sec] received
                        1.22 kb/s sent
                        2.16 kb/s total

Connection Times (ms)
              min  mean[+/-sd] median   max
Connect:        0    0   0.0      0       0
Processing:   213  234  30.4    256     256
Waiting:      213  234  30.4    256     256
Total:        213  235  30.3    256     256

Percentage of the requests served within a certain time (ms)
  50%    256
  66%    256
  75%    256
  80%    256
  90%    256
  95%    256
  98%    256
  99%    256
 100%    256 (longest request)
This is ApacheBench, Version 2.3 <$Revision: 1879490 $>
Copyright 1996 Adam Twiss, Zeus Technology Ltd, http://www.zeustech.net/
Licensed to The Apache Software Foundation, http://www.apache.org/

Benchmarking 172.18.0.2 (be patient).....done


Server Software:        
Server Hostname:        172.18.0.2
Server Port:            8080

Document Path:          /
Document Length:        132 bytes

Concurrency Level:      1
Time taken for tests:   0.337 seconds
Complete requests:      2
Failed requests:        0
Total transferred:      456 bytes
Total body sent:        584
HTML transferred:       264 bytes
Requests per second:    5.94 [#/sec] (mean)
Time per request:       168.279 [ms] (mean)
Time per request:       168.279 [ms] (mean, across all concurrent requests)
Transfer rate:          1.32 [Kbytes/sec] received
                        1.69 kb/s sent
                        3.02 kb/s total

Connection Times (ms)
              min  mean[+/-sd] median   max
Connect:        0    0   0.0      0       0
Processing:   133  168  50.3    204     204
Waiting:      133  168  50.3    204     204
Total:        133  168  50.3    204     204

Percentage of the requests served within a certain time (ms)
  50%    204
  66%    204
  75%    204
  80%    204
  90%    204
  95%    204
  98%    204
  99%    204
 100%    204 (longest request)
This is ApacheBench, Version 2.3 <$Revision: 1879490 $>
Copyright 1996 Adam Twiss, Zeus Technology Ltd, http://www.zeustech.net/
Licensed to The Apache Software Foundation, http://www.apache.org/

Benchmarking 172.18.0.2 (be patient).....done


Server Software:        
Server Hostname:        172.18.0.2
Server Port:            8080

Document Path:          /
Document Length:        132 bytes

Concurrency Level:      1
Time taken for tests:   0.393 seconds
Complete requests:      2
Failed requests:        0
Total transferred:      456 bytes
Total body sent:        584
HTML transferred:       264 bytes
Requests per second:    5.08 [#/sec] (mean)
Time per request:       196.735 [ms] (mean)
Time per request:       196.735 [ms] (mean, across all concurrent requests)
Transfer rate:          1.13 [Kbytes/sec] received
                        1.45 kb/s sent
                        2.58 kb/s total

Connection Times (ms)
              min  mean[+/-sd] median   max
Connect:        0    0   0.0      0       0
Processing:   196  197   1.1    197     197
Waiting:      196  197   1.1    197     197
Total:        196  197   1.1    197     197

Percentage of the requests served within a certain time (ms)
  50%    197
  66%    197
  75%    197
  80%    197
  90%    197
  95%    197
  98%    197
  99%    197
 100%    197 (longest request)
This is ApacheBench, Version 2.3 <$Revision: 1879490 $>
Copyright 1996 Adam Twiss, Zeus Technology Ltd, http://www.zeustech.net/
Licensed to The Apache Software Foundation, http://www.apache.org/

Benchmarking 172.18.0.2 (be patient).....done


Server Software:        
Server Hostname:        172.18.0.2
Server Port:            8080

Document Path:          /
Document Length:        132 bytes

Concurrency Level:      1
Time taken for tests:   0.395 seconds
Complete requests:      2
Failed requests:        0
Total transferred:      456 bytes
Total body sent:        584
HTML transferred:       264 bytes
Requests per second:    5.07 [#/sec] (mean)
Time per request:       197.291 [ms] (mean)
Time per request:       197.291 [ms] (mean, across all concurrent requests)
Transfer rate:          1.13 [Kbytes/sec] received
                        1.45 kb/s sent
                        2.57 kb/s total

Connection Times (ms)
              min  mean[+/-sd] median   max
Connect:        0    0   0.0      0       0
Processing:   193  197   6.0    201     201
Waiting:      193  197   6.0    201     201
Total:        193  197   6.0    202     202

Percentage of the requests served within a certain time (ms)
  50%    202
  66%    202
  75%    202
  80%    202
  90%    202
  95%    202
  98%    202
  99%    202
 100%    202 (longest request)
This is ApacheBench, Version 2.3 <$Revision: 1879490 $>
Copyright 1996 Adam Twiss, Zeus Technology Ltd, http://www.zeustech.net/
Licensed to The Apache Software Foundation, http://www.apache.org/

Benchmarking 172.18.0.2 (be patient).....done


Server Software:        
Server Hostname:        172.18.0.2
Server Port:            8080

Document Path:          /
Document Length:        132 bytes

Concurrency Level:      1
Time taken for tests:   0.394 seconds
Complete requests:      2
Failed requests:        0
Total transferred:      456 bytes
Total body sent:        584
HTML transferred:       264 bytes
Requests per second:    5.08 [#/sec] (mean)
Time per request:       196.916 [ms] (mean)
Time per request:       196.916 [ms] (mean, across all concurrent requests)
Transfer rate:          1.13 [Kbytes/sec] received
                        1.45 kb/s sent
                        2.58 kb/s total

Connection Times (ms)
              min  mean[+/-sd] median   max
Connect:        0    0   0.0      0       0
Processing:   184  197  17.4    209     209
Waiting:      184  197  17.4    209     209
Total:        185  197  17.5    209     209

Percentage of the requests served within a certain time (ms)
  50%    209
  66%    209
  75%    209
  80%    209
  90%    209
  95%    209
  98%    209
  99%    209
 100%    209 (longest request)
