This is ApacheBench, Version 2.3 <$Revision: 1879490 $>
Copyright 1996 Adam Twiss, Zeus Technology Ltd, http://www.zeustech.net/
Licensed to The Apache Software Foundation, http://www.apache.org/

Benchmarking 172.18.0.2 (be patient).....done


Server Software:        
Server Hostname:        172.18.0.2
Server Port:            8080

Document Path:          /
Document Length:        85 bytes

Concurrency Level:      4
Time taken for tests:   2.638 seconds
Complete requests:      20
Failed requests:        19
   (Connect: 0, Receive: 0, Length: 19, Exceptions: 0)
Total transferred:      4089 bytes
Total body sent:        4780
HTML transferred:       2176 bytes
Requests per second:    7.58 [#/sec] (mean)
Time per request:       527.587 [ms] (mean)
Time per request:       131.897 [ms] (mean, across all concurrent requests)
Transfer rate:          1.51 [Kbytes/sec] received
                        1.77 kb/s sent
                        3.28 kb/s total

Connection Times (ms)
              min  mean[+/-sd] median   max
Connect:        0    0   0.1      0       0
Processing:     0  407 631.3      4    2099
Waiting:        0  407 631.4      4    2099
Total:          0  407 631.4      4    2099

Percentage of the requests served within a certain time (ms)
  50%      4
  66%    381
  75%   1112
  80%   1119
  90%   1157
  95%   2099
  98%   2099
  99%   2099
 100%   2099 (longest request)
