This is ApacheBench, Version 2.3 <$Revision: 1879490 $>
Copyright 1996 Adam Twiss, Zeus Technology Ltd, http://www.zeustech.net/
Licensed to The Apache Software Foundation, http://www.apache.org/

Benchmarking 172.18.0.2 (be patient)
Completed 100 requests
Completed 200 requests
Finished 256 requests


Server Software:        
Server Hostname:        172.18.0.2
Server Port:            8080

Document Path:          /run
Document Length:        43 bytes

Concurrency Level:      1
Time taken for tests:   18.796 seconds
Complete requests:      256
Failed requests:        0
Total transferred:      35328 bytes
Total body sent:        50944
HTML transferred:       11008 bytes
Requests per second:    13.62 [#/sec] (mean)
Time per request:       73.423 [ms] (mean)
Time per request:       73.423 [ms] (mean, across all concurrent requests)
Transfer rate:          1.84 [Kbytes/sec] received
                        2.65 kb/s sent
                        4.48 kb/s total

Connection Times (ms)
              min  mean[+/-sd] median   max
Connect:        0    9  26.6      0      93
Processing:     1   64 125.7     92    1894
Waiting:        1   53 119.1      8    1794
Total:          1   73 125.5     94    1894

Percentage of the requests served within a certain time (ms)
  50%     94
  66%     97
  75%     98
  80%     98
  90%    100
  95%    105
  98%    192
  99%    196
 100%   1894 (longest request)
