time="2023-04-06T15:49:55-04:00" level=info msg="Called startVMM(), setting up a VMM on /tmp/testtap.socket"
time="2023-04-06T15:49:55-04:00" level=info msg="VMM logging disabled."
time="2023-04-06T15:49:55-04:00" level=info msg="VMM metrics disabled."
time="2023-04-06T15:49:55-04:00" level=info msg="refreshMachineConfiguration: [GET /machine-config][200] getMachineConfigurationOK  &{CPUTemplate:Uninitialized HtEnabled:0xc0004d8534 MemSizeMib:0xc0004d8528 VcpuCount:0xc0004d8520}"
time="2023-04-06T15:49:55-04:00" level=info msg="PutGuestBootSource: [PUT /boot-source][204] putGuestBootSourceNoContent "
time="2023-04-06T15:49:55-04:00" level=info msg="Attaching drive /tmp/test-proxy/polyglot-proxy.img, slot 1, root true."
time="2023-04-06T15:49:55-04:00" level=info msg="Attached drive /tmp/test-proxy/polyglot-proxy.img: [PUT /drives/{drive_id}][204] putGuestDriveByIdNoContent "
time="2023-04-06T15:49:55-04:00" level=info msg="Attaching NIC testtap (hwaddr DE:AD:BE:EF:06:FE) at index 1"
2023-04-06T15:49:55.965306989 [anonymous-instance:main:WARN:src/vmm/src/builder.rs:599] Could not add serial input event to epoll: Error during epoll call: Operation not permitted (os error 1)
time="2023-04-06T15:49:55-04:00" level=info msg="startInstance successful: [PUT /actions][204] createSyncActionNoContent "
[    0.012154] dmi: Firmware registration failed.
[    0.041070] zswap: default zpool zbud not available
[    0.041317] zswap: pool creation failed
Graalvisor boot time: 176 ms.
Graalvisor listening on port 8080.
Warning: graalvisor compiled with no truffle language support.
Function hw registered with runtime sandboxing in 24 ms
[thread 40] New runtime sandbox 140127132188672 in 1291 us
[thread 48] New runtime sandbox 140092369797120 in 426 us
[thread 50] New runtime sandbox 140058009010176 in 403 us
[thread 51] New runtime sandbox 140023648223232 in 384 us
[thread 52] New runtime sandbox 139989287436288 in 601 us
[thread 53] New runtime sandbox 139954926649344 in 555 us
[thread 54] New runtime sandbox 139920565862400 in 370 us
[thread 55] New runtime sandbox 139886196686848 in 355 us
time="2023-04-06T15:50:00-04:00" level=warning msg="firecracker exited: signal: terminated"
time="2023-04-06T15:50:00-04:00" level=fatal msg="Wait returned an error 1 error occurred:\n\t* signal: terminated\n\n"
