This is ApacheBench, Version 2.3 <$Revision: 1879490 $>
Copyright 1996 Adam Twiss, Zeus Technology Ltd, http://www.zeustech.net/
Licensed to The Apache Software Foundation, http://www.apache.org/

Benchmarking 172.172.0.2 (be patient)
Completed 204 requests
Completed 408 requests
Completed 612 requests
Completed 816 requests
Completed 1020 requests
Completed 1224 requests
Completed 1428 requests
Completed 1632 requests
Completed 1836 requests
Completed 2040 requests
Finished 2048 requests


Server Software:        
Server Hostname:        172.172.0.2
Server Port:            8080

Document Path:          /
Document Length:        184 bytes

Concurrency Level:      8
Time taken for tests:   2.033 seconds
Complete requests:      2048
Failed requests:        707
   (Connect: 0, Receive: 0, Length: 707, Exceptions: 0)
Total transferred:      572983 bytes
Total body sent:        477184
HTML transferred:       376375 bytes
Requests per second:    1007.57 [#/sec] (mean)
Time per request:       7.940 [ms] (mean)
Time per request:       0.992 [ms] (mean, across all concurrent requests)
Transfer rate:          275.29 [Kbytes/sec] received
                        229.26 kb/s sent
                        504.55 kb/s total

Connection Times (ms)
              min  mean[+/-sd] median   max
Connect:        0    0   2.9      0      56
Processing:     1    8  11.5      4      69
Waiting:        1    7  11.3      4      69
Total:          1    8  11.9      4      69

Percentage of the requests served within a certain time (ms)
  50%      4
  66%      5
  75%      5
  80%      6
  90%     10
  95%     44
  98%     50
  99%     52
 100%     69 (longest request)
