This is ApacheBench, Version 2.3 <$Revision: 1879490 $>
Copyright 1996 Adam Twiss, Zeus Technology Ltd, http://www.zeustech.net/
Licensed to The Apache Software Foundation, http://www.apache.org/

Benchmarking 172.18.0.2 (be patient)
Completed 100 requests
Completed 200 requests
Finished 256 requests


Server Software:        
Server Hostname:        172.18.0.2
Server Port:            8080

Document Path:          /
Document Length:        88 bytes

Concurrency Level:      1
Time taken for tests:   6.060 seconds
Complete requests:      256
Failed requests:        255
   (Connect: 0, Receive: 0, Length: 255, Exceptions: 0)
Total transferred:      46066 bytes
Total body sent:        60928
HTML transferred:       21746 bytes
Requests per second:    42.24 [#/sec] (mean)
Time per request:       23.673 [ms] (mean)
Time per request:       23.673 [ms] (mean, across all concurrent requests)
Transfer rate:          7.42 [Kbytes/sec] received
                        9.82 kb/s sent
                        17.24 kb/s total

Connection Times (ms)
              min  mean[+/-sd] median   max
Connect:        0    2  11.2      0      94
Processing:     0   22  72.2      2    1031
Waiting:        0   20  71.4      2    1031
Total:          1   24  72.7      2    1032

Percentage of the requests served within a certain time (ms)
  50%      2
  66%      2
  75%      3
  80%     18
  90%     92
  95%     93
  98%     94
  99%     95
 100%   1032 (longest request)
