This is ApacheBench, Version 2.3 <$Revision: 1879490 $>
Copyright 1996 Adam Twiss, Zeus Technology Ltd, http://www.zeustech.net/
Licensed to The Apache Software Foundation, http://www.apache.org/

Benchmarking 172.18.0.2 (be patient).....done


Server Software:        
Server Hostname:        172.18.0.2
Server Port:            8080

Document Path:          /
Document Length:        85 bytes

Concurrency Level:      1
Time taken for tests:   1.604 seconds
Complete requests:      5
Failed requests:        0
Total transferred:      900 bytes
Total body sent:        1170
HTML transferred:       425 bytes
Requests per second:    3.12 [#/sec] (mean)
Time per request:       320.784 [ms] (mean)
Time per request:       320.784 [ms] (mean, across all concurrent requests)
Transfer rate:          0.55 [Kbytes/sec] received
                        0.71 kb/s sent
                        1.26 kb/s total

Connection Times (ms)
              min  mean[+/-sd] median   max
Connect:        0    0   0.0      0       0
Processing:   217  321 116.0    291     520
Waiting:      217  320 116.0    291     520
Total:        217  321 116.0    292     521

Percentage of the requests served within a certain time (ms)
  50%    291
  66%    293
  75%    293
  80%    521
  90%    521
  95%    521
  98%    521
  99%    521
 100%    521 (longest request)
