This is ApacheBench, Version 2.3 <$Revision: 1879490 $>
Copyright 1996 Adam Twiss, Zeus Technology Ltd, http://www.zeustech.net/
Licensed to The Apache Software Foundation, http://www.apache.org/

Benchmarking 172.18.0.2 (be patient).....done


Server Software:        
Server Hostname:        172.18.0.2
Server Port:            8080

Document Path:          /
Document Length:        1075 bytes

Concurrency Level:      4
Time taken for tests:   8.159 seconds
Complete requests:      20
Failed requests:        19
   (Connect: 0, Receive: 0, Length: 19, Exceptions: 0)
Total transferred:      23383 bytes
Total body sent:        5680
HTML transferred:       21443 bytes
Requests per second:    2.45 [#/sec] (mean)
Time per request:       1631.872 [ms] (mean)
Time per request:       407.968 [ms] (mean, across all concurrent requests)
Transfer rate:          2.80 [Kbytes/sec] received
                        0.68 kb/s sent
                        3.48 kb/s total

Connection Times (ms)
              min  mean[+/-sd] median   max
Connect:        0    0   0.1      0       0
Processing:    57  954 1829.5     72    4859
Waiting:       57  954 1829.5     72    4859
Total:         57  954 1829.5     72    4859

Percentage of the requests served within a certain time (ms)
  50%     72
  66%     76
  75%    193
  80%   3300
  90%   4858
  95%   4859
  98%   4859
  99%   4859
 100%   4859 (longest request)
