time="2023-04-06T16:04:32-04:00" level=info msg="Called startVMM(), setting up a VMM on /tmp/testtap.socket"
time="2023-04-06T16:04:32-04:00" level=info msg="VMM logging disabled."
time="2023-04-06T16:04:32-04:00" level=info msg="VMM metrics disabled."
time="2023-04-06T16:04:32-04:00" level=info msg="refreshMachineConfiguration: [GET /machine-config][200] getMachineConfigurationOK  &{CPUTemplate:Uninitialized HtEnabled:0xc00008e394 MemSizeMib:0xc00008e388 VcpuCount:0xc00008e380}"
time="2023-04-06T16:04:32-04:00" level=info msg="PutGuestBootSource: [PUT /boot-source][204] putGuestBootSourceNoContent "
time="2023-04-06T16:04:32-04:00" level=info msg="Attaching drive /tmp/test-proxy/polyglot-proxy.img, slot 1, root true."
time="2023-04-06T16:04:32-04:00" level=info msg="Attached drive /tmp/test-proxy/polyglot-proxy.img: [PUT /drives/{drive_id}][204] putGuestDriveByIdNoContent "
time="2023-04-06T16:04:32-04:00" level=info msg="Attaching NIC testtap (hwaddr DE:AD:BE:EF:34:38) at index 1"
2023-04-06T16:04:32.212876147 [anonymous-instance:main:WARN:src/vmm/src/builder.rs:599] Could not add serial input event to epoll: Error during epoll call: Operation not permitted (os error 1)
time="2023-04-06T16:04:32-04:00" level=info msg="startInstance successful: [PUT /actions][204] createSyncActionNoContent "
[    0.012000] dmi: Firmware registration failed.
[    0.040645] zswap: default zpool zbud not available
[    0.040938] zswap: pool creation failed
Graalvisor boot time: 166 ms.
Graalvisor listening on port 8080.
Warning: graalvisor compiled with no truffle language support.
Function httprequest registered with isolate sandboxing in 33 ms
[thread 40] New isolate sandbox 139968822378496 in 828 us
[thread 48] New isolate sandbox 139934177427456 in 492 us
[thread 49] New isolate sandbox 139899808251904 in 893 us
[thread 50] New isolate sandbox 139865439076352 in 469 us
[thread 51] New isolate sandbox 139831069900800 in 440 us
[thread 52] New isolate sandbox 139796692336640 in 432 us
[thread 54] New isolate sandbox 139762306383872 in 456 us
[thread 55] New isolate sandbox 139727928819712 in 443 us
time="2023-04-06T16:04:39-04:00" level=warning msg="firecracker exited: signal: terminated"
time="2023-04-06T16:04:39-04:00" level=fatal msg="Wait returned an error 1 error occurred:\n\t* signal: terminated\n\n"
