time="2023-04-06T16:07:35-04:00" level=info msg="Called startVMM(), setting up a VMM on /tmp/testtap.socket"
time="2023-04-06T16:07:35-04:00" level=info msg="VMM logging disabled."
time="2023-04-06T16:07:35-04:00" level=info msg="VMM metrics disabled."
time="2023-04-06T16:07:35-04:00" level=info msg="refreshMachineConfiguration: [GET /machine-config][200] getMachineConfigurationOK  &{CPUTemplate:Uninitialized HtEnabled:0xc000610104 MemSizeMib:0xc0006100f8 VcpuCount:0xc0006100f0}"
time="2023-04-06T16:07:35-04:00" level=info msg="PutGuestBootSource: [PUT /boot-source][204] putGuestBootSourceNoContent "
time="2023-04-06T16:07:35-04:00" level=info msg="Attaching drive /tmp/test-proxy/polyglot-proxy.img, slot 1, root true."
time="2023-04-06T16:07:35-04:00" level=info msg="Attached drive /tmp/test-proxy/polyglot-proxy.img: [PUT /drives/{drive_id}][204] putGuestDriveByIdNoContent "
time="2023-04-06T16:07:35-04:00" level=info msg="Attaching NIC testtap (hwaddr DE:AD:BE:EF:BE:AA) at index 1"
2023-04-06T16:07:35.054775094 [anonymous-instance:main:WARN:src/vmm/src/builder.rs:599] Could not add serial input event to epoll: Error during epoll call: Operation not permitted (os error 1)
time="2023-04-06T16:07:35-04:00" level=info msg="startInstance successful: [PUT /actions][204] createSyncActionNoContent "
[    0.012000] dmi: Firmware registration failed.
[    0.041519] zswap: default zpool zbud not available
[    0.041801] zswap: pool creation failed
Graalvisor boot time: 172 ms.
Graalvisor listening on port 8080.
Warning: graalvisor compiled with no truffle language support.
Function httprequest registered with runtime sandboxing in 30 ms
[thread 40] New runtime sandbox 140365888749568 in 1527 us
[thread 48] New runtime sandbox 140331143135232 in 496 us
[thread 49] New runtime sandbox 140296782348288 in 467 us
[thread 50] New runtime sandbox 140262413172736 in 463 us
[thread 51] New runtime sandbox 140228043997184 in 487 us
[thread 52] New runtime sandbox 140193674821632 in 927 us
[thread 53] New runtime sandbox 140159305646080 in 504 us
[thread 54] New runtime sandbox 140124936470528 in 468 us
time="2023-04-06T16:07:41-04:00" level=warning msg="firecracker exited: signal: terminated"
time="2023-04-06T16:07:41-04:00" level=fatal msg="Wait returned an error 1 error occurred:\n\t* signal: terminated\n\n"
