This is ApacheBench, Version 2.3 <$Revision: 1879490 $>
Copyright 1996 Adam Twiss, Zeus Technology Ltd, http://www.zeustech.net/
Licensed to The Apache Software Foundation, http://www.apache.org/

Benchmarking 172.172.0.2 (be patient)
Completed 100 requests
Completed 200 requests
Completed 300 requests
Completed 400 requests
Completed 500 requests
Completed 600 requests
Completed 700 requests
Completed 800 requests
Completed 900 requests
Completed 1000 requests
Finished 1000 requests


Server Software:        
Server Hostname:        172.172.0.2
Server Port:            8080

Document Path:          /
Document Length:        57 bytes

Concurrency Level:      1
Time taken for tests:   21.046 seconds
Complete requests:      1000
Failed requests:        999
   (Connect: 0, Receive: 0, Length: 999, Exceptions: 0)
Total transferred:      148870 bytes
Total body sent:        236000
HTML transferred:       53870 bytes
Requests per second:    47.52 [#/sec] (mean)
Time per request:       21.046 [ms] (mean)
Time per request:       21.046 [ms] (mean, across all concurrent requests)
Transfer rate:          6.91 [Kbytes/sec] received
                        10.95 kb/s sent
                        17.86 kb/s total

Connection Times (ms)
              min  mean[+/-sd] median   max
Connect:        0    5  19.1      0      99
Processing:     1   16  46.7      2    1080
Waiting:        1   15  45.8      2    1080
Total:          1   21  49.5      2    1081

Percentage of the requests served within a certain time (ms)
  50%      2
  66%      3
  75%      3
  80%      4
  90%     91
  95%     91
  98%     92
  99%     94
 100%   1081 (longest request)
