This is ApacheBench, Version 2.3 <$Revision: 1879490 $>
Copyright 1996 Adam Twiss, Zeus Technology Ltd, http://www.zeustech.net/
Licensed to The Apache Software Foundation, http://www.apache.org/

Benchmarking 127.0.0.1 (be patient)
Completed 1600 requests
Completed 3200 requests
Completed 4800 requests
Completed 6400 requests
Completed 8000 requests
Completed 9600 requests
Completed 11200 requests
Completed 12800 requests
Completed 14400 requests
Completed 16000 requests
Finished 16000 requests


Server Software:        
Server Hostname:        127.0.0.1
Server Port:            8081

Document Path:          /
Document Length:        95 bytes

Concurrency Level:      8
Time taken for tests:   1.105 seconds
Complete requests:      16000
Failed requests:        15930
   (Connect: 0, Receive: 0, Length: 15930, Exceptions: 0)
Total transferred:      3013273 bytes
Total body sent:        3328000
HTML transferred:       1493273 bytes
Requests per second:    14474.35 [#/sec] (mean)
Time per request:       0.553 [ms] (mean)
Time per request:       0.069 [ms] (mean, across all concurrent requests)
Transfer rate:          2662.06 [Kbytes/sec] received
                        2940.10 kb/s sent
                        5602.16 kb/s total

Connection Times (ms)
              min  mean[+/-sd] median   max
Connect:        0    0   0.0      0       1
Processing:     0    0   0.4      0       9
Waiting:        0    0   0.4      0       9
Total:          0    1   0.4      0       9
ERROR: The median and mean for the total time are more than twice the standard
       deviation apart. These results are NOT reliable.

Percentage of the requests served within a certain time (ms)
  50%      0
  66%      0
  75%      1
  80%      1
  90%      1
  95%      1
  98%      1
  99%      2
 100%      9 (longest request)
