This is ApacheBench, Version 2.3 <$Revision: 1879490 $>
Copyright 1996 Adam Twiss, Zeus Technology Ltd, http://www.zeustech.net/
Licensed to The Apache Software Foundation, http://www.apache.org/

Benchmarking 192.168.16.182 (be patient)
Completed 204 requests
Completed 408 requests
Completed 612 requests
Completed 816 requests
Completed 1020 requests
Completed 1224 requests
Completed 1428 requests
Completed 1632 requests
Completed 1836 requests
Completed 2040 requests
Finished 2048 requests


Server Software:        
Server Hostname:        192.168.16.182
Server Port:            8080

Document Path:          /
Document Length:        104 bytes

Concurrency Level:      8
Time taken for tests:   1.509 seconds
Complete requests:      2048
Failed requests:        95
   (Connect: 0, Receive: 0, Length: 95, Exceptions: 0)
Total transferred:      409696 bytes
Total body sent:        499712
HTML transferred:       213088 bytes
Requests per second:    1357.40 [#/sec] (mean)
Time per request:       5.894 [ms] (mean)
Time per request:       0.737 [ms] (mean, across all concurrent requests)
Transfer rate:          265.18 [Kbytes/sec] received
                        323.44 kb/s sent
                        588.62 kb/s total

Connection Times (ms)
              min  mean[+/-sd] median   max
Connect:        0    0   0.0      0       1
Processing:     1    6   7.0      5     228
Waiting:        1    5   6.9      4     227
Total:          1    6   7.0      5     228

Percentage of the requests served within a certain time (ms)
  50%      5
  66%      5
  75%      5
  80%      5
  90%      6
  95%     23
  98%     26
  99%     29
 100%    228 (longest request)
This is ApacheBench, Version 2.3 <$Revision: 1879490 $>
Copyright 1996 Adam Twiss, Zeus Technology Ltd, http://www.zeustech.net/
Licensed to The Apache Software Foundation, http://www.apache.org/

Benchmarking 192.168.16.182 (be patient)
Completed 204 requests
Completed 408 requests
Completed 612 requests
Completed 816 requests
Completed 1020 requests
Completed 1224 requests
Completed 1428 requests
Completed 1632 requests
Completed 1836 requests
Completed 2040 requests
Finished 2048 requests


Server Software:        
Server Hostname:        192.168.16.182
Server Port:            8080

Document Path:          /
Document Length:        104 bytes

Concurrency Level:      8
Time taken for tests:   1.420 seconds
Complete requests:      2048
Failed requests:        80
   (Connect: 0, Receive: 0, Length: 80, Exceptions: 0)
Total transferred:      409681 bytes
Total body sent:        499712
HTML transferred:       213073 bytes
Requests per second:    1441.99 [#/sec] (mean)
Time per request:       5.548 [ms] (mean)
Time per request:       0.693 [ms] (mean, across all concurrent requests)
Transfer rate:          281.69 [Kbytes/sec] received
                        343.60 kb/s sent
                        625.29 kb/s total

Connection Times (ms)
              min  mean[+/-sd] median   max
Connect:        0    0   1.0      0      25
Processing:     1    5   7.2      4     245
Waiting:        1    5   6.9      4     245
Total:          1    6   7.2      4     245

Percentage of the requests served within a certain time (ms)
  50%      4
  66%      5
  75%      5
  80%      5
  90%      6
  95%     23
  98%     26
  99%     27
 100%    245 (longest request)
This is ApacheBench, Version 2.3 <$Revision: 1879490 $>
Copyright 1996 Adam Twiss, Zeus Technology Ltd, http://www.zeustech.net/
Licensed to The Apache Software Foundation, http://www.apache.org/

Benchmarking 192.168.16.182 (be patient)
Completed 204 requests
Completed 408 requests
Completed 612 requests
Completed 816 requests
Completed 1020 requests
Completed 1224 requests
Completed 1428 requests
Completed 1632 requests
Completed 1836 requests
Completed 2040 requests
Finished 2048 requests


Server Software:        
Server Hostname:        192.168.16.182
Server Port:            8080

Document Path:          /
Document Length:        104 bytes

Concurrency Level:      8
Time taken for tests:   1.351 seconds
Complete requests:      2048
Failed requests:        71
   (Connect: 0, Receive: 0, Length: 71, Exceptions: 0)
Total transferred:      409671 bytes
Total body sent:        499712
HTML transferred:       213063 bytes
Requests per second:    1516.43 [#/sec] (mean)
Time per request:       5.276 [ms] (mean)
Time per request:       0.659 [ms] (mean, across all concurrent requests)
Transfer rate:          296.23 [Kbytes/sec] received
                        361.34 kb/s sent
                        657.57 kb/s total

Connection Times (ms)
              min  mean[+/-sd] median   max
Connect:        0    0   0.8      0      24
Processing:     1    5   4.5      4      28
Waiting:        1    4   4.1      4      27
Total:          1    5   4.5      4      29

Percentage of the requests served within a certain time (ms)
  50%      4
  66%      4
  75%      5
  80%      5
  90%      5
  95%     20
  98%     24
  99%     25
 100%     29 (longest request)
