This is ApacheBench, Version 2.3 <$Revision: 1879490 $>
Copyright 1996 Adam Twiss, Zeus Technology Ltd, http://www.zeustech.net/
Licensed to The Apache Software Foundation, http://www.apache.org/

Benchmarking 127.0.0.1 (be patient).....done


Server Software:        
Server Hostname:        127.0.0.1
Server Port:            8080

Document Path:          /run
Document Length:        27 bytes

Concurrency Level:      1
Time taken for tests:   41.368 seconds
Complete requests:      10
Failed requests:        0
Total transferred:      1220 bytes
Total body sent:        3510
HTML transferred:       270 bytes
Requests per second:    0.24 [#/sec] (mean)
Time per request:       4136.773 [ms] (mean)
Time per request:       4136.773 [ms] (mean, across all concurrent requests)
Transfer rate:          0.03 [Kbytes/sec] received
                        0.08 kb/s sent
                        0.11 kb/s total

Connection Times (ms)
              min  mean[+/-sd] median   max
Connect:        0    0   0.0      0       0
Processing:  2695 4137 876.4   4500    5499
Waiting:     2694 4127 868.8   4499    5499
Total:       2695 4137 876.4   4500    5499

Percentage of the requests served within a certain time (ms)
  50%   4500
  66%   4600
  75%   4669
  80%   4797
  90%   5499
  95%   5499
  98%   5499
  99%   5499
 100%   5499 (longest request)
