This is ApacheBench, Version 2.3 <$Revision: 1879490 $>
Copyright 1996 Adam Twiss, Zeus Technology Ltd, http://www.zeustech.net/
Licensed to The Apache Software Foundation, http://www.apache.org/

Benchmarking 172.18.0.2 (be patient)
Completed 100 requests
Completed 200 requests
Finished 256 requests


Server Software:        
Server Hostname:        172.18.0.2
Server Port:            8080

Document Path:          /run
Document Length:        38 bytes

Concurrency Level:      1
Time taken for tests:   981.984 seconds
Complete requests:      256
Failed requests:        0
Total transferred:      37376 bytes
Total body sent:        65536
HTML transferred:       9728 bytes
Requests per second:    0.26 [#/sec] (mean)
Time per request:       3835.874 [ms] (mean)
Time per request:       3835.874 [ms] (mean, across all concurrent requests)
Transfer rate:          0.04 [Kbytes/sec] received
                        0.07 kb/s sent
                        0.10 kb/s total

Connection Times (ms)
              min  mean[+/-sd] median   max
Connect:        0   12  27.1      0      79
Processing:  2703 3824 275.5   3810    7492
Waiting:     2703 3824 275.4   3810    7492
Total:       2703 3836 275.4   3815    7492

Percentage of the requests served within a certain time (ms)
  50%   3815
  66%   3898
  75%   3904
  80%   3908
  90%   3988
  95%   4001
  98%   4084
  99%   4099
 100%   7492 (longest request)
