This is ApacheBench, Version 2.3 <$Revision: 1879490 $>
Copyright 1996 Adam Twiss, Zeus Technology Ltd, http://www.zeustech.net/
Licensed to The Apache Software Foundation, http://www.apache.org/

Benchmarking 172.18.0.2 (be patient).....done


Server Software:        
Server Hostname:        172.18.0.2
Server Port:            8080

Document Path:          /
Document Length:        72 bytes

Concurrency Level:      1
Time taken for tests:   7.681 seconds
Complete requests:      10
Failed requests:        9
   (Connect: 0, Receive: 0, Length: 9, Exceptions: 0)
Total transferred:      1661 bytes
Total body sent:        3970
HTML transferred:       711 bytes
Requests per second:    1.30 [#/sec] (mean)
Time per request:       768.118 [ms] (mean)
Time per request:       768.118 [ms] (mean, across all concurrent requests)
Transfer rate:          0.21 [Kbytes/sec] received
                        0.50 kb/s sent
                        0.72 kb/s total

Connection Times (ms)
              min  mean[+/-sd] median   max
Connect:        0    0   0.1      0       1
Processing:   521  768 692.1    534    2731
Waiting:      521  768 692.1    533    2731
Total:        521  768 692.2    534    2731

Percentage of the requests served within a certain time (ms)
  50%    534
  66%    534
  75%    535
  80%    710
  90%   2731
  95%   2731
  98%   2731
  99%   2731
 100%   2731 (longest request)
