time="2023-04-03T16:50:07-04:00" level=info msg="Called startVMM(), setting up a VMM on /tmp/testtap.socket"
time="2023-04-03T16:50:07-04:00" level=info msg="VMM logging disabled."
time="2023-04-03T16:50:07-04:00" level=info msg="VMM metrics disabled."
time="2023-04-03T16:50:07-04:00" level=info msg="refreshMachineConfiguration: [GET /machine-config][200] getMachineConfigurationOK  &{CPUTemplate:Uninitialized HtEnabled:0xc00059ff94 MemSizeMib:0xc00059ff88 VcpuCount:0xc00059ff80}"
time="2023-04-03T16:50:07-04:00" level=info msg="PutGuestBootSource: [PUT /boot-source][204] putGuestBootSourceNoContent "
time="2023-04-03T16:50:07-04:00" level=info msg="Attaching drive /tmp/test-proxy/polyglot-proxy.img, slot 1, root true."
time="2023-04-03T16:50:07-04:00" level=info msg="Attached drive /tmp/test-proxy/polyglot-proxy.img: [PUT /drives/{drive_id}][204] putGuestDriveByIdNoContent "
time="2023-04-03T16:50:07-04:00" level=info msg="Attaching NIC testtap (hwaddr DE:AD:BE:EF:F9:68) at index 1"
2023-04-03T16:50:07.531011890 [anonymous-instance:main:WARN:src/vmm/src/builder.rs:599] Could not add serial input event to epoll: Error during epoll call: Operation not permitted (os error 1)
time="2023-04-03T16:50:07-04:00" level=info msg="startInstance successful: [PUT /actions][204] createSyncActionNoContent "
[    0.012000] dmi: Firmware registration failed.
[    0.040549] zswap: default zpool zbud not available
[    0.040783] zswap: pool creation failed
Graalvisor boot time: 169 ms.
Graalvisor listening on port 8080.
Warning: graalvisor compiled with no truffle language support.
Function filehashing registered with isolate sandboxing in 30 ms
[thread 42] New isolate sandbox 140331612897280 in 766 us
time="2023-04-03T16:50:14-04:00" level=warning msg="firecracker exited: signal: terminated"
time="2023-04-03T16:50:14-04:00" level=fatal msg="Wait returned an error 1 error occurred:\n\t* signal: terminated\n\n"
