time="2023-04-08T10:13:12-04:00" level=info msg="Called startVMM(), setting up a VMM on /tmp/testtap.socket"
time="2023-04-08T10:13:12-04:00" level=info msg="VMM logging disabled."
time="2023-04-08T10:13:12-04:00" level=info msg="VMM metrics disabled."
time="2023-04-08T10:13:12-04:00" level=info msg="refreshMachineConfiguration: [GET /machine-config][200] getMachineConfigurationOK  &{CPUTemplate:Uninitialized HtEnabled:0xc0003667a4 MemSizeMib:0xc000366778 VcpuCount:0xc000366770}"
time="2023-04-08T10:13:12-04:00" level=info msg="PutGuestBootSource: [PUT /boot-source][204] putGuestBootSourceNoContent "
time="2023-04-08T10:13:12-04:00" level=info msg="Attaching drive /tmp/test-proxy/polyglot-proxy.img, slot 1, root true."
time="2023-04-08T10:13:12-04:00" level=info msg="Attached drive /tmp/test-proxy/polyglot-proxy.img: [PUT /drives/{drive_id}][204] putGuestDriveByIdNoContent "
time="2023-04-08T10:13:12-04:00" level=info msg="Attaching NIC testtap (hwaddr DE:AD:BE:EF:C5:C8) at index 1"
2023-04-08T10:13:12.491139042 [anonymous-instance:main:WARN:src/vmm/src/builder.rs:599] Could not add serial input event to epoll: Error during epoll call: Operation not permitted (os error 1)
time="2023-04-08T10:13:12-04:00" level=info msg="startInstance successful: [PUT /actions][204] createSyncActionNoContent "
[    0.012213] dmi: Firmware registration failed.
[    0.040908] zswap: default zpool zbud not available
[    0.041153] zswap: pool creation failed
Graalvisor boot time: 169 ms.
Graalvisor listening on port 8080.
Warning: graalvisor compiled with no truffle language support.
Function dynamichtml registered with process sandboxing in 284 ms
[thread 1] Creating context org.graalvm.polyglot.Context@21020ae6
[thread 41] New process sandbox 465 in 247 us
[thread 1] Creating context org.graalvm.polyglot.Context@56981a0f
[thread 51] New process sandbox 484 in 249 us
[thread 50] New process sandbox 485 in 202 us
[thread 52] New process sandbox 486 in 238 us
[thread 53] New process sandbox 487 in 313 us
[thread 54] New process sandbox 488 in 300 us
[thread 55] New process sandbox 489 in 335 us
[thread 56] New process sandbox 490 in 335 us
[thread 1] Creating context org.graalvm.polyglot.Context@56c8bc09
[thread 1] Creating context org.graalvm.polyglot.Context@1c3fa632
[thread 1] Creating context org.graalvm.polyglot.Context@19fa6ae1
[thread 1] Creating context org.graalvm.polyglot.Context@186ccace
[thread 1] Creating context org.graalvm.polyglot.Context@6d8333b5
[thread 1] Creating context org.graalvm.polyglot.Context@6c36149e
[thread 1] Creating context org.graalvm.polyglot.Context@2252c3a6
time="2023-04-08T10:13:25-04:00" level=warning msg="firecracker exited: signal: terminated"
time="2023-04-08T10:13:25-04:00" level=fatal msg="Wait returned an error 1 error occurred:\n\t* signal: terminated\n\n"
