This is ApacheBench, Version 2.3 <$Revision: 1879490 $>
Copyright 1996 Adam Twiss, Zeus Technology Ltd, http://www.zeustech.net/
Licensed to The Apache Software Foundation, http://www.apache.org/

Benchmarking 172.18.0.2 (be patient).....done


Server Software:        
Server Hostname:        172.18.0.2
Server Port:            8080

Document Path:          /
Document Length:        95 bytes

Concurrency Level:      2
Time taken for tests:   14.104 seconds
Complete requests:      4
Failed requests:        0
Total transferred:      760 bytes
Total body sent:        1168
HTML transferred:       380 bytes
Requests per second:    0.28 [#/sec] (mean)
Time per request:       7052.189 [ms] (mean)
Time per request:       3526.095 [ms] (mean, across all concurrent requests)
Transfer rate:          0.05 [Kbytes/sec] received
                        0.08 kb/s sent
                        0.13 kb/s total

Connection Times (ms)
              min  mean[+/-sd] median   max
Connect:        0    0   0.0      0       0
Processing:  1451 4258 3626.2   5026    9078
Waiting:     1451 4258 3626.2   5026    9078
Total:       1452 4258 3626.1   5026    9078

Percentage of the requests served within a certain time (ms)
  50%   5026
  66%   5026
  75%   9078
  80%   9078
  90%   9078
  95%   9078
  98%   9078
  99%   9078
 100%   9078 (longest request)
