This is ApacheBench, Version 2.3 <$Revision: 1879490 $>
Copyright 1996 Adam Twiss, Zeus Technology Ltd, http://www.zeustech.net/
Licensed to The Apache Software Foundation, http://www.apache.org/

Benchmarking 172.18.0.2 (be patient)
Completed 100 requests
Completed 200 requests
Finished 256 requests


Server Software:        
Server Hostname:        172.18.0.2
Server Port:            8080

Document Path:          /run
Document Length:        38 bytes

Concurrency Level:      1
Time taken for tests:   978.808 seconds
Complete requests:      256
Failed requests:        0
Total transferred:      37376 bytes
Total body sent:        65536
HTML transferred:       9728 bytes
Requests per second:    0.26 [#/sec] (mean)
Time per request:       3823.469 [ms] (mean)
Time per request:       3823.469 [ms] (mean, across all concurrent requests)
Transfer rate:          0.04 [Kbytes/sec] received
                        0.07 kb/s sent
                        0.10 kb/s total

Connection Times (ms)
              min  mean[+/-sd] median   max
Connect:        0    9  24.4      0      82
Processing:  2481 3814 302.1   3807    7505
Waiting:     2481 3814 302.1   3807    7505
Total:       2481 3823 302.5   3811    7506

Percentage of the requests served within a certain time (ms)
  50%   3811
  66%   3893
  75%   3903
  80%   3918
  90%   3999
  95%   4022
  98%   4092
  99%   4101
 100%   7506 (longest request)
