This is ApacheBench, Version 2.3 <$Revision: 1879490 $>
Copyright 1996 Adam Twiss, Zeus Technology Ltd, http://www.zeustech.net/
Licensed to The Apache Software Foundation, http://www.apache.org/

Benchmarking 127.0.0.1 (be patient).....done


Server Software:        
Server Hostname:        127.0.0.1
Server Port:            8081

Document Path:          /
Document Length:        67 bytes

Concurrency Level:      1
Time taken for tests:   6.338 seconds
Complete requests:      2
Failed requests:        0
Total transferred:      324 bytes
Total body sent:        582
HTML transferred:       134 bytes
Requests per second:    0.32 [#/sec] (mean)
Time per request:       3168.761 [ms] (mean)
Time per request:       3168.761 [ms] (mean, across all concurrent requests)
Transfer rate:          0.05 [Kbytes/sec] received
                        0.09 kb/s sent
                        0.14 kb/s total

Connection Times (ms)
              min  mean[+/-sd] median   max
Connect:        0    0   0.1      0       0
Processing:  3061 3169 152.6   3277    3277
Waiting:     3060 3168 152.6   3276    3276
Total:       3061 3169 152.7   3277    3277

Percentage of the requests served within a certain time (ms)
  50%   3277
  66%   3277
  75%   3277
  80%   3277
  90%   3277
  95%   3277
  98%   3277
  99%   3277
 100%   3277 (longest request)
