time="2023-03-26T22:54:23-04:00" level=info msg="Called startVMM(), setting up a VMM on /tmp/testtap.socket"
time="2023-03-26T22:54:23-04:00" level=info msg="VMM logging disabled."
time="2023-03-26T22:54:23-04:00" level=info msg="VMM metrics disabled."
time="2023-03-26T22:54:23-04:00" level=info msg="refreshMachineConfiguration: [GET /machine-config][200] getMachineConfigurationOK  &{CPUTemplate:Uninitialized HtEnabled:0xc000612394 MemSizeMib:0xc000612388 VcpuCount:0xc000612380}"
time="2023-03-26T22:54:23-04:00" level=info msg="PutGuestBootSource: [PUT /boot-source][204] putGuestBootSourceNoContent "
time="2023-03-26T22:54:23-04:00" level=info msg="Attaching drive /tmp/test-proxy/polyglot-proxy.img, slot 1, root true."
time="2023-03-26T22:54:23-04:00" level=info msg="Attached drive /tmp/test-proxy/polyglot-proxy.img: [PUT /drives/{drive_id}][204] putGuestDriveByIdNoContent "
time="2023-03-26T22:54:23-04:00" level=info msg="Attaching NIC testtap (hwaddr DE:AD:BE:EF:A6:3B) at index 1"
2023-03-26T22:54:23.058433341 [anonymous-instance:main:WARN:src/vmm/src/builder.rs:599] Could not add serial input event to epoll: Error during epoll call: Operation not permitted (os error 1)
time="2023-03-26T22:54:23-04:00" level=info msg="startInstance successful: [PUT /actions][204] createSyncActionNoContent "
[    0.012000] dmi: Firmware registration failed.
[    0.040779] zswap: default zpool zbud not available
[    0.041025] zswap: pool creation failed
Graalvisor boot time: 196 ms.
Graalvisor listening on port 8080.
Function hw registered with process sandboxing in 338 ms
[thread 43] New process sandbox 462 in 100839 us
[thread 1] Creating context org.graalvm.polyglot.Context@2995f6c1
[thread 45] New process sandbox 472 in 101666 us
[thread 1] Creating context org.graalvm.polyglot.Context@6420d5f1
[thread 52] New process sandbox 476 in 101186 us
[thread 1] Creating context org.graalvm.polyglot.Context@5abcca10
[thread 53] New process sandbox 480 in 102160 us
[thread 1] Creating context org.graalvm.polyglot.Context@6478840e
[thread 54] New process sandbox 484 in 101616 us
[thread 1] Creating context org.graalvm.polyglot.Context@423d8dd8
[thread 56] New process sandbox 489 in 101716 us
[thread 1] Creating context org.graalvm.polyglot.Context@401a360c
[thread 57] New process sandbox 494 in 103394 us
[thread 1] Creating context org.graalvm.polyglot.Context@5f5e0f28
[thread 58] New process sandbox 498 in 102740 us
[thread 1] Creating context org.graalvm.polyglot.Context@4045283f
time="2023-03-26T22:54:27-04:00" level=warning msg="firecracker exited: signal: terminated"
time="2023-03-26T22:54:27-04:00" level=fatal msg="Wait returned an error 1 error occurred:\n\t* signal: terminated\n\n"
