This is ApacheBench, Version 2.3 <$Revision: 1879490 $>
Copyright 1996 Adam Twiss, Zeus Technology Ltd, http://www.zeustech.net/
Licensed to The Apache Software Foundation, http://www.apache.org/

Benchmarking 172.18.0.2 (be patient).....done


Server Software:        
Server Hostname:        172.18.0.2
Server Port:            8080

Document Path:          /
Document Length:        72 bytes

Concurrency Level:      1
Time taken for tests:   7.504 seconds
Complete requests:      10
Failed requests:        9
   (Connect: 0, Receive: 0, Length: 9, Exceptions: 0)
Total transferred:      1661 bytes
Total body sent:        3970
HTML transferred:       711 bytes
Requests per second:    1.33 [#/sec] (mean)
Time per request:       750.400 [ms] (mean)
Time per request:       750.400 [ms] (mean, across all concurrent requests)
Transfer rate:          0.22 [Kbytes/sec] received
                        0.52 kb/s sent
                        0.73 kb/s total

Connection Times (ms)
              min  mean[+/-sd] median   max
Connect:        0    0   0.5      0       2
Processing:   497  750 677.8    531    2676
Waiting:      497  750 677.8    531    2676
Total:        498  750 677.8    532    2676

Percentage of the requests served within a certain time (ms)
  50%    532
  66%    539
  75%    561
  80%    634
  90%   2676
  95%   2676
  98%   2676
  99%   2676
 100%   2676 (longest request)
