This is ApacheBench, Version 2.3 <$Revision: 1879490 $>
Copyright 1996 Adam Twiss, Zeus Technology Ltd, http://www.zeustech.net/
Licensed to The Apache Software Foundation, http://www.apache.org/

Benchmarking 172.172.0.2 (be patient).....done


Server Software:        
Server Hostname:        172.172.0.2
Server Port:            8080

Document Path:          /
Document Length:        85 bytes

Concurrency Level:      1
Time taken for tests:   1.385 seconds
Complete requests:      10
Failed requests:        7
   (Connect: 0, Receive: 0, Length: 7, Exceptions: 0)
Total transferred:      1793 bytes
Total body sent:        2330
HTML transferred:       843 bytes
Requests per second:    7.22 [#/sec] (mean)
Time per request:       138.506 [ms] (mean)
Time per request:       138.506 [ms] (mean, across all concurrent requests)
Transfer rate:          1.26 [Kbytes/sec] received
                        1.64 kb/s sent
                        2.91 kb/s total

Connection Times (ms)
              min  mean[+/-sd] median   max
Connect:        0    8  24.8      0      79
Processing:    20  130 127.7    100     487
Waiting:       20  123 132.0    100     487
Total:         20  138 128.1    100     487

Percentage of the requests served within a certain time (ms)
  50%    100
  66%    102
  75%    106
  80%    178
  90%    487
  95%    487
  98%    487
  99%    487
 100%    487 (longest request)
