This is ApacheBench, Version 2.3 <$Revision: 1879490 $>
Copyright 1996 Adam Twiss, Zeus Technology Ltd, http://www.zeustech.net/
Licensed to The Apache Software Foundation, http://www.apache.org/

Benchmarking 172.18.0.2 (be patient).....done


Server Software:        
Server Hostname:        172.18.0.2
Server Port:            8080

Document Path:          /
Document Length:        86 bytes

Concurrency Level:      4
Time taken for tests:   18.102 seconds
Complete requests:      20
Failed requests:        18
   (Connect: 0, Receive: 0, Length: 18, Exceptions: 0)
Total transferred:      3594 bytes
Total body sent:        4680
HTML transferred:       1694 bytes
Requests per second:    1.10 [#/sec] (mean)
Time per request:       3620.332 [ms] (mean)
Time per request:       905.083 [ms] (mean, across all concurrent requests)
Transfer rate:          0.19 [Kbytes/sec] received
                        0.25 kb/s sent
                        0.45 kb/s total

Connection Times (ms)
              min  mean[+/-sd] median   max
Connect:        0    0   0.1      0       0
Processing:    41 2490 5299.4     76   14709
Waiting:       41 2490 5299.4     76   14709
Total:         41 2490 5299.4     76   14709

Percentage of the requests served within a certain time (ms)
  50%     76
  66%     91
  75%   1355
  80%   3393
  90%  14669
  95%  14709
  98%  14709
  99%  14709
 100%  14709 (longest request)
