This is ApacheBench, Version 2.3 <$Revision: 1879490 $>
Copyright 1996 Adam Twiss, Zeus Technology Ltd, http://www.zeustech.net/
Licensed to The Apache Software Foundation, http://www.apache.org/

Benchmarking 172.18.0.2 (be patient).....done


Server Software:        
Server Hostname:        172.18.0.2
Server Port:            8080

Document Path:          /
Document Length:        84 bytes

Concurrency Level:      4
Time taken for tests:   0.680 seconds
Complete requests:      20
Failed requests:        18
   (Connect: 0, Receive: 0, Length: 18, Exceptions: 0)
Total transferred:      3598 bytes
Total body sent:        4680
HTML transferred:       1698 bytes
Requests per second:    29.40 [#/sec] (mean)
Time per request:       136.077 [ms] (mean)
Time per request:       34.019 [ms] (mean, across all concurrent requests)
Transfer rate:          5.16 [Kbytes/sec] received
                        6.72 kb/s sent
                        11.88 kb/s total

Connection Times (ms)
              min  mean[+/-sd] median   max
Connect:        0    0   0.0      0       0
Processing:    44  121  23.6    124     156
Waiting:       44  121  23.6    124     156
Total:         45  121  23.6    124     157

Percentage of the requests served within a certain time (ms)
  50%    124
  66%    128
  75%    136
  80%    140
  90%    149
  95%    157
  98%    157
  99%    157
 100%    157 (longest request)
