This is ApacheBench, Version 2.3 <$Revision: 1879490 $>
Copyright 1996 Adam Twiss, Zeus Technology Ltd, http://www.zeustech.net/
Licensed to The Apache Software Foundation, http://www.apache.org/

Benchmarking 172.18.0.2 (be patient).....done


Server Software:        
Server Hostname:        172.18.0.2
Server Port:            8080

Document Path:          /
Document Length:        149 bytes

Concurrency Level:      2
Time taken for tests:   23.398 seconds
Complete requests:      100
Failed requests:        98
   (Connect: 0, Receive: 0, Length: 98, Exceptions: 0)
Total transferred:      23947 bytes
Total body sent:        20000
HTML transferred:       14347 bytes
Requests per second:    4.27 [#/sec] (mean)
Time per request:       467.964 [ms] (mean)
Time per request:       233.982 [ms] (mean, across all concurrent requests)
Transfer rate:          1.00 [Kbytes/sec] received
                        0.83 kb/s sent
                        1.83 kb/s total

Connection Times (ms)
              min  mean[+/-sd] median   max
Connect:        0    0   0.1      0       1
Processing:     3  282 1728.5     26   15390
Waiting:        3  282 1728.4     26   15389
Total:          3  283 1728.5     26   15390

Percentage of the requests served within a certain time (ms)
  50%     26
  66%     42
  75%     46
  80%     48
  90%     62
  95%    193
  98%   8009
  99%  15390
 100%  15390 (longest request)
