This is ApacheBench, Version 2.3 <$Revision: 1879490 $>
Copyright 1996 Adam Twiss, Zeus Technology Ltd, http://www.zeustech.net/
Licensed to The Apache Software Foundation, http://www.apache.org/

Benchmarking 172.18.0.2 (be patient)
Completed 800 requests
Completed 1600 requests
Completed 2400 requests
Completed 3200 requests
Completed 4000 requests
Completed 4800 requests
Completed 5600 requests
Completed 6400 requests
Completed 7200 requests
Completed 8000 requests
Finished 8000 requests


Server Software:        
Server Hostname:        172.18.0.2
Server Port:            8080

Document Path:          /
Document Length:        53 bytes

Concurrency Level:      8
Time taken for tests:   3.147 seconds
Complete requests:      8000
Failed requests:        162
   (Connect: 0, Receive: 0, Length: 162, Exceptions: 0)
Total transferred:      1184298 bytes
Total body sent:        1904000
HTML transferred:       424298 bytes
Requests per second:    2542.14 [#/sec] (mean)
Time per request:       3.147 [ms] (mean)
Time per request:       0.393 [ms] (mean, across all concurrent requests)
Transfer rate:          367.51 [Kbytes/sec] received
                        590.85 kb/s sent
                        958.36 kb/s total

Connection Times (ms)
              min  mean[+/-sd] median   max
Connect:        0    0   0.9      0      28
Processing:     1    3   4.2      2      33
Waiting:        0    3   4.0      2      32
Total:          1    3   4.3      2      33

Percentage of the requests served within a certain time (ms)
  50%      2
  66%      2
  75%      3
  80%      3
  90%      3
  95%      4
  98%     25
  99%     29
 100%     33 (longest request)
