This is ApacheBench, Version 2.3 <$Revision: 1879490 $>
Copyright 1996 Adam Twiss, Zeus Technology Ltd, http://www.zeustech.net/
Licensed to The Apache Software Foundation, http://www.apache.org/

Benchmarking 172.18.0.2 (be patient).....done


Server Software:        
Server Hostname:        172.18.0.2
Server Port:            8080

Document Path:          /
Document Length:        86 bytes

Concurrency Level:      1
Time taken for tests:   7.590 seconds
Complete requests:      5
Failed requests:        0
Total transferred:      905 bytes
Total body sent:        1195
HTML transferred:       430 bytes
Requests per second:    0.66 [#/sec] (mean)
Time per request:       1517.933 [ms] (mean)
Time per request:       1517.933 [ms] (mean, across all concurrent requests)
Transfer rate:          0.12 [Kbytes/sec] received
                        0.15 kb/s sent
                        0.27 kb/s total

Connection Times (ms)
              min  mean[+/-sd] median   max
Connect:        0    0   0.1      0       0
Processing:  1304 1518 187.7   1546    1792
Waiting:     1304 1517 187.6   1545    1792
Total:       1304 1518 187.7   1546    1792

Percentage of the requests served within a certain time (ms)
  50%   1498
  66%   1594
  75%   1594
  80%   1792
  90%   1792
  95%   1792
  98%   1792
  99%   1792
 100%   1792 (longest request)
