time="2023-03-24T16:40:03-04:00" level=info msg="Called startVMM(), setting up a VMM on /tmp/testtap.socket"
time="2023-03-24T16:40:03-04:00" level=info msg="VMM logging disabled."
time="2023-03-24T16:40:03-04:00" level=info msg="VMM metrics disabled."
time="2023-03-24T16:40:03-04:00" level=info msg="refreshMachineConfiguration: [GET /machine-config][200] getMachineConfigurationOK  &{CPUTemplate:Uninitialized HtEnabled:0xc0004d8444 MemSizeMib:0xc0004d8438 VcpuCount:0xc0004d8430}"
time="2023-03-24T16:40:03-04:00" level=info msg="PutGuestBootSource: [PUT /boot-source][204] putGuestBootSourceNoContent "
time="2023-03-24T16:40:03-04:00" level=info msg="Attaching drive /tmp/test-proxy/polyglot-proxy.img, slot 1, root true."
time="2023-03-24T16:40:03-04:00" level=info msg="Attached drive /tmp/test-proxy/polyglot-proxy.img: [PUT /drives/{drive_id}][204] putGuestDriveByIdNoContent "
time="2023-03-24T16:40:03-04:00" level=info msg="Attaching NIC testtap (hwaddr DE:AD:BE:EF:D6:31) at index 1"
2023-03-24T16:40:03.621093488 [anonymous-instance:main:WARN:src/vmm/src/builder.rs:599] Could not add serial input event to epoll: Error during epoll call: Operation not permitted (os error 1)
time="2023-03-24T16:40:03-04:00" level=info msg="startInstance successful: [PUT /actions][204] createSyncActionNoContent "
[    0.012000] dmi: Firmware registration failed.
[    0.040625] zswap: default zpool zbud not available
[    0.040872] zswap: pool creation failed
Graalvisor boot time: 204 ms.
Graalvisor listening on port 8080.
Waiting for 192.168.16.182:8080
Function httprequest registered with process sandboxing in 31 ms
[thread 43] New process sandbox 462 in 101476 us
[thread 45] New process sandbox 472 in 103109 us
[thread 52] New process sandbox 476 in 100626 us
[thread 53] New process sandbox 480 in 102684 us
[thread 54] New process sandbox 484 in 103409 us
[thread 55] New process sandbox 488 in 102771 us
[thread 56] New process sandbox 492 in 101906 us
[thread 58] New process sandbox 497 in 104383 us
time="2023-03-24T16:40:12-04:00" level=warning msg="firecracker exited: signal: terminated"
time="2023-03-24T16:40:12-04:00" level=fatal msg="Wait returned an error 1 error occurred:\n\t* signal: terminated\n\n"
