This is ApacheBench, Version 2.3 <$Revision: 1879490 $>
Copyright 1996 Adam Twiss, Zeus Technology Ltd, http://www.zeustech.net/
Licensed to The Apache Software Foundation, http://www.apache.org/

Benchmarking 172.18.0.2 (be patient)
Completed 204 requests
Completed 408 requests
Completed 612 requests
Completed 816 requests
Completed 1020 requests
Completed 1224 requests
Completed 1428 requests
Completed 1632 requests
Completed 1836 requests
Completed 2040 requests
Finished 2048 requests


Server Software:        
Server Hostname:        172.18.0.2
Server Port:            8080

Document Path:          /
Document Length:        91 bytes

Concurrency Level:      8
Time taken for tests:   2.751 seconds
Complete requests:      2048
Failed requests:        2046
   (Connect: 0, Receive: 0, Length: 2046, Exceptions: 0)
Total transferred:      372902 bytes
Total body sent:        370688
HTML transferred:       178342 bytes
Requests per second:    744.39 [#/sec] (mean)
Time per request:       10.747 [ms] (mean)
Time per request:       1.343 [ms] (mean, across all concurrent requests)
Transfer rate:          132.36 [Kbytes/sec] received
                        131.58 kb/s sent
                        263.94 kb/s total

Connection Times (ms)
              min  mean[+/-sd] median   max
Connect:        0    0   0.4      0      10
Processing:     0    9 135.9      0    2336
Waiting:        0    9 135.9      0    2336
Total:          0    9 135.9      0    2336

Percentage of the requests served within a certain time (ms)
  50%      0
  66%      0
  75%      0
  80%      1
  90%      4
  95%      4
  98%      8
  99%     13
 100%   2336 (longest request)
