time="2023-04-08T10:02:14-04:00" level=info msg="Called startVMM(), setting up a VMM on /tmp/testtap.socket"
time="2023-04-08T10:02:14-04:00" level=info msg="VMM logging disabled."
time="2023-04-08T10:02:14-04:00" level=info msg="VMM metrics disabled."
time="2023-04-08T10:02:14-04:00" level=info msg="refreshMachineConfiguration: [GET /machine-config][200] getMachineConfigurationOK  &{CPUTemplate:Uninitialized HtEnabled:0xc0004d81c4 MemSizeMib:0xc0004d81a8 VcpuCount:0xc0004d81a0}"
time="2023-04-08T10:02:14-04:00" level=info msg="PutGuestBootSource: [PUT /boot-source][204] putGuestBootSourceNoContent "
time="2023-04-08T10:02:14-04:00" level=info msg="Attaching drive /tmp/test-proxy/polyglot-proxy.img, slot 1, root true."
time="2023-04-08T10:02:14-04:00" level=info msg="Attached drive /tmp/test-proxy/polyglot-proxy.img: [PUT /drives/{drive_id}][204] putGuestDriveByIdNoContent "
time="2023-04-08T10:02:14-04:00" level=info msg="Attaching NIC testtap (hwaddr DE:AD:BE:EF:61:51) at index 1"
2023-04-08T10:02:14.466140504 [anonymous-instance:main:WARN:src/vmm/src/builder.rs:599] Could not add serial input event to epoll: Error during epoll call: Operation not permitted (os error 1)
time="2023-04-08T10:02:14-04:00" level=info msg="startInstance successful: [PUT /actions][204] createSyncActionNoContent "
[    0.012010] dmi: Firmware registration failed.
[    0.040828] zswap: default zpool zbud not available
[    0.041071] zswap: pool creation failed
Graalvisor boot time: 166 ms.
Graalvisor listening on port 8080.
Warning: graalvisor compiled with no truffle language support.
Function hw registered with context sandboxing in 806 ms
[thread 41] New context sandbox 139681696055296 in 31 us
[thread 41] Creating context org.graalvm.polyglot.Context@118545e1
[thread 49] New context sandbox 139681696055296 in 11 us
[thread 50] Creating context org.graalvm.polyglot.Context@cace300
[thread 50] New context sandbox 139681696055296 in 7 us
[thread 51] New context sandbox 139681696055296 in 5 us
[thread 52] Creating context org.graalvm.polyglot.Context@21c7db03
[thread 51] Creating context org.graalvm.polyglot.Context@36ad35d
[thread 53] New context sandbox 139681696055296 in 7 us
[thread 54] New context sandbox 139681696055296 in 4 us
[thread 54] Creating context org.graalvm.polyglot.Context@1b5772de
[thread 53] Creating context org.graalvm.polyglot.Context@5c360dde
[thread 55] New context sandbox 139681696055296 in 7 us
[thread 56] New context sandbox 139681696055296 in 5 us
[thread 56] Creating context org.graalvm.polyglot.Context@2c0f802c
[thread 55] Creating context org.graalvm.polyglot.Context@76810c24
time="2023-04-08T10:02:19-04:00" level=warning msg="firecracker exited: signal: terminated"
time="2023-04-08T10:02:19-04:00" level=fatal msg="Wait returned an error 1 error occurred:\n\t* signal: terminated\n\n"
