time="2023-04-08T10:05:55-04:00" level=info msg="Called startVMM(), setting up a VMM on /tmp/testtap.socket"
time="2023-04-08T10:05:55-04:00" level=info msg="VMM logging disabled."
time="2023-04-08T10:05:55-04:00" level=info msg="VMM metrics disabled."
time="2023-04-08T10:05:55-04:00" level=info msg="refreshMachineConfiguration: [GET /machine-config][200] getMachineConfigurationOK  &{CPUTemplate:Uninitialized HtEnabled:0xc000436344 MemSizeMib:0xc000436338 VcpuCount:0xc000436330}"
time="2023-04-08T10:05:55-04:00" level=info msg="PutGuestBootSource: [PUT /boot-source][204] putGuestBootSourceNoContent "
time="2023-04-08T10:05:55-04:00" level=info msg="Attaching drive /tmp/test-proxy/polyglot-proxy.img, slot 1, root true."
time="2023-04-08T10:05:55-04:00" level=info msg="Attached drive /tmp/test-proxy/polyglot-proxy.img: [PUT /drives/{drive_id}][204] putGuestDriveByIdNoContent "
time="2023-04-08T10:05:55-04:00" level=info msg="Attaching NIC testtap (hwaddr DE:AD:BE:EF:52:99) at index 1"
2023-04-08T10:05:55.909501502 [anonymous-instance:main:WARN:src/vmm/src/builder.rs:599] Could not add serial input event to epoll: Error during epoll call: Operation not permitted (os error 1)
time="2023-04-08T10:05:55-04:00" level=info msg="startInstance successful: [PUT /actions][204] createSyncActionNoContent "
[    0.012016] dmi: Firmware registration failed.
[    0.040856] zswap: default zpool zbud not available
[    0.041139] zswap: pool creation failed
Graalvisor boot time: 173 ms.
Graalvisor listening on port 8080.
Warning: graalvisor compiled with no truffle language support.
Function uploader registered with context sandboxing in 717 ms
[thread 41] New context sandbox 139729209131008 in 43 us
[thread 39] Creating context org.graalvm.polyglot.Context@17560a65
[thread 45] New context sandbox 139729209131008 in 7 us
[thread 52] Creating context org.graalvm.polyglot.Context@258fdc7f
[thread 47] New context sandbox 139729209131008 in 6 us
[thread 53] Creating context org.graalvm.polyglot.Context@52726f47
[thread 46] New context sandbox 139729209131008 in 5 us
[thread 54] Creating context org.graalvm.polyglot.Context@72d59529
time="2023-04-08T10:06:06-04:00" level=warning msg="firecracker exited: signal: terminated"
time="2023-04-08T10:06:06-04:00" level=fatal msg="Wait returned an error 1 error occurred:\n\t* signal: terminated\n\n"
