This is ApacheBench, Version 2.3 <$Revision: 1879490 $>
Copyright 1996 Adam Twiss, Zeus Technology Ltd, http://www.zeustech.net/
Licensed to The Apache Software Foundation, http://www.apache.org/

Benchmarking 172.18.0.2 (be patient)
Completed 100 requests
Completed 200 requests
Finished 256 requests


Server Software:        
Server Hostname:        172.18.0.2
Server Port:            8080

Document Path:          /run
Document Length:        882 bytes

Concurrency Level:      1
Time taken for tests:   12.194 seconds
Complete requests:      256
Failed requests:        163
   (Connect: 0, Receive: 0, Length: 163, Exceptions: 0)
Total transferred:      279339 bytes
Total body sent:        61952
HTML transferred:       225835 bytes
Requests per second:    20.99 [#/sec] (mean)
Time per request:       47.632 [ms] (mean)
Time per request:       47.632 [ms] (mean, across all concurrent requests)
Transfer rate:          22.37 [Kbytes/sec] received
                        4.96 kb/s sent
                        27.33 kb/s total

Connection Times (ms)
              min  mean[+/-sd] median   max
Connect:        0    6  22.1      0      94
Processing:     1   42  48.2      4     289
Waiting:        1   37  47.4      4     288
Total:          1   48  48.8      5     290

Percentage of the requests served within a certain time (ms)
  50%      5
  66%     94
  75%     95
  80%     95
  90%     98
  95%     99
  98%    102
  99%    104
 100%    290 (longest request)
