This is ApacheBench, Version 2.3 <$Revision: 1879490 $>
Copyright 1996 Adam Twiss, Zeus Technology Ltd, http://www.zeustech.net/
Licensed to The Apache Software Foundation, http://www.apache.org/

Benchmarking 194.210.229.191 (be patient).....done


Server Software:        
Server Hostname:        194.210.229.191
Server Port:            8080

Document Path:          /run
Document Length:        21 bytes

Concurrency Level:      1
Time taken for tests:   101.378 seconds
Complete requests:      10
Failed requests:        0
Total transferred:      1160 bytes
Total body sent:        2670
HTML transferred:       210 bytes
Requests per second:    0.10 [#/sec] (mean)
Time per request:       10137.763 [ms] (mean)
Time per request:       10137.763 [ms] (mean, across all concurrent requests)
Transfer rate:          0.01 [Kbytes/sec] received
                        0.03 kb/s sent
                        0.04 kb/s total

Connection Times (ms)
              min  mean[+/-sd] median   max
Connect:        0    0   0.0      0       0
Processing:  9698 10138 478.9  10076   11398
Waiting:     9698 10137 478.1  10076   11395
Total:       9698 10138 478.9  10077   11398

Percentage of the requests served within a certain time (ms)
  50%  10077
  66%  10183
  75%  10185
  80%  10198
  90%  11398
  95%  11398
  98%  11398
  99%  11398
 100%  11398 (longest request)
