Graalvisor listening on port 8080.
Warning: graalvisor compiled with no truffle language support.
Function shopcart registered with process sandboxing in 40 ms
[thread 40] New process sandbox 601615 in 100905 us
 __  __ _                                  _   
|  \/  (_) ___ _ __ ___  _ __   __ _ _   _| |_ 
| |\/| | |/ __| '__/ _ \| '_ \ / _` | | | | __|
| |  | | | (__| | | (_) | | | | (_| | |_| | |_ 
|_|  |_|_|\___|_|  \___/|_| |_|\__,_|\__,_|\__|
  Micronaut (v3.3.1)

[36m22:35:01.607[0;39m [1;30m[main][0;39m [34mINFO [0;39m [35mio.micronaut.runtime.Micronaut[0;39m - Startup completed in 31ms. Server Running: http://localhost:40829
[thread 46] New process sandbox 601628 in 101145 us
 __  __ _                                  _   
|  \/  (_) ___ _ __ ___  _ __   __ _ _   _| |_ 
| |\/| | |/ __| '__/ _ \| '_ \ / _` | | | | __|
| |  | | | (__| | | (_) | | | | (_| | |_| | |_ 
|_|  |_|_|\___|_|  \___/|_| |_|\__,_|\__,_|\__|
  Micronaut (v3.3.1)

[thread 51] New process sandbox 601632 in 101780 us
[thread 49] New process sandbox 601630 in 101888 us
 __  __ _                                  _    __  __ _                                  _   

|  \/  (_) ___ _ __ ___  _ __   __ _ _   _| |_ |  \/  (_) ___ _ __ ___  _ __   __ _ _   _| |_ 

| |\/| | |/ __| '__/ _ \| '_ \ / _` | | | | __|| |\/| | |/ __| '__/ _ \| '_ \ / _` | | | | __|

| |  | | | (__| | | (_) | | | | (_| | |_| | |_ | |  | | | (__| | | (_) | | | | (_| | |_| | |_ 

|_|  |_|_|\___|_|  \___/|_| |_|\__,_|\__,_|\__||_|  |_|_|\___|_|  \___/|_| |_|\__,_|\__,_|\__|

  Micronaut (v3.3.1)
  Micronaut (v3.3.1)


[thread 53] New process sandbox 601634 in 101019 us
[thread 52] New process sandbox 601636 in 100771 us
 __  __ _                                  _   
|  \/  (_) ___ _ __ ___  _ __   __ _ _   _| |_ 
| |\/| | |/ __| '__/ _ \| '_ \ / _` | | | | __|
| |  | | | (__| | | (_) | | | | (_| | |_| | |_ 
|_|  |_|_|\___|_|  \___/|_| |_|\__,_|\__,_|\__|
  Micronaut (v3.3.1)

 __  __ _                                  _   
|  \/  (_) ___ _ __ ___  _ __   __ _ _   _| |_ 
| |\/| | |/ __| '__/ _ \| '_ \ / _` | | | | __|
| |  | | | (__| | | (_) | | | | (_| | |_| | |_ 
|_|  |_|_|\___|_|  \___/|_| |_|\__,_|\__,_|\__|
  Micronaut (v3.3.1)

[thread 54] New process sandbox 601639 in 100735 us
 __  __ _                                  _   
|  \/  (_) ___ _ __ ___  _ __   __ _ _   _| |_ 
| |\/| | |/ __| '__/ _ \| '_ \ / _` | | | | __|
| |  | | | (__| | | (_) | | | | (_| | |_| | |_ 
|_|  |_|_|\___|_|  \___/|_| |_|\__,_|\__,_|\__|
  Micronaut (v3.3.1)

[thread 55] New process sandbox 601643 in 100749 us
 __  __ _                                  _   
|  \/  (_) ___ _ __ ___  _ __   __ _ _   _| |_ 
| |\/| | |/ __| '__/ _ \| '_ \ / _` | | | | __|
| |  | | | (__| | | (_) | | | | (_| | |_| | |_ 
|_|  |_|_|\___|_|  \___/|_| |_|\__,_|\__,_|\__|
  Micronaut (v3.3.1)

[36m22:35:01.733[0;39m [1;30m[main][0;39m [34mINFO [0;39m [35mio.micronaut.runtime.Micronaut[0;39m - Startup completed in 19ms. Server Running: http://localhost:35703
[36m22:35:01.734[0;39m [1;30m[main][0;39m [34mINFO [0;39m [35mio.micronaut.runtime.Micronaut[0;39m - Startup completed in 20ms. Server Running: http://localhost:39583
[36m22:35:01.734[0;39m [1;30m[main][0;39m [34mINFO [0;39m [35mio.micronaut.runtime.Micronaut[0;39m - Startup completed in 21ms. Server Running: http://localhost:46289
[36m22:35:01.734[0;39m [1;30m[main][0;39m [34mINFO [0;39m [35mio.micronaut.runtime.Micronaut[0;39m - Startup completed in 23ms. Server Running: http://localhost:40277
[36m22:35:01.735[0;39m [1;30m[main][0;39m [34mINFO [0;39m [35mio.micronaut.runtime.Micronaut[0;39m - Startup completed in 20ms. Server Running: http://localhost:46167
[36m22:35:01.737[0;39m [1;30m[main][0;39m [34mINFO [0;39m [35mio.micronaut.runtime.Micronaut[0;39m - Startup completed in 20ms. Server Running: http://localhost:33939
[36m22:35:01.738[0;39m [1;30m[main][0;39m [34mINFO [0;39m [35mio.micronaut.runtime.Micronaut[0;39m - Startup completed in 22ms. Server Running: http://localhost:42529

 Performance counter stats for './app':

       221,115,105      cache-misses                                                
         1,639,002      context-switches                                            
       174,577,682      branch-misses                                               
           212,917      page-faults                                                 

      37.927581341 seconds time elapsed

      11.125162000 seconds user
      11.080679000 seconds sys


