time="2023-04-08T10:01:02-04:00" level=info msg="Called startVMM(), setting up a VMM on /tmp/testtap.socket"
time="2023-04-08T10:01:02-04:00" level=info msg="VMM logging disabled."
time="2023-04-08T10:01:02-04:00" level=info msg="VMM metrics disabled."
time="2023-04-08T10:01:02-04:00" level=info msg="refreshMachineConfiguration: [GET /machine-config][200] getMachineConfigurationOK  &{CPUTemplate:Uninitialized HtEnabled:0xc00060e304 MemSizeMib:0xc00060e2f8 VcpuCount:0xc00060e2f0}"
time="2023-04-08T10:01:02-04:00" level=info msg="PutGuestBootSource: [PUT /boot-source][204] putGuestBootSourceNoContent "
time="2023-04-08T10:01:02-04:00" level=info msg="Attaching drive /tmp/test-proxy/polyglot-proxy.img, slot 1, root true."
time="2023-04-08T10:01:02-04:00" level=info msg="Attached drive /tmp/test-proxy/polyglot-proxy.img: [PUT /drives/{drive_id}][204] putGuestDriveByIdNoContent "
time="2023-04-08T10:01:02-04:00" level=info msg="Attaching NIC testtap (hwaddr DE:AD:BE:EF:09:FB) at index 1"
2023-04-08T10:01:02.522745766 [anonymous-instance:main:WARN:src/vmm/src/builder.rs:599] Could not add serial input event to epoll: Error during epoll call: Operation not permitted (os error 1)
time="2023-04-08T10:01:02-04:00" level=info msg="startInstance successful: [PUT /actions][204] createSyncActionNoContent "
[    0.012000] dmi: Firmware registration failed.
[    0.040756] zswap: default zpool zbud not available
[    0.040999] zswap: pool creation failed
Graalvisor boot time: 168 ms.
Graalvisor listening on port 8080.
Warning: graalvisor compiled with no truffle language support.
Function thumbnail registered with context sandboxing in 379 ms
[thread 41] New context sandbox 139809061339136 in 27 us
[thread 36] Creating context org.graalvm.polyglot.Context@5ca35318
Apr 08, 2023 2:01:03 PM com.criteo.vips.Vips loadLibraryFromJar
WARNING: Could not load lib 'libheif.so' via classloader
Apr 08, 2023 2:01:03 PM com.criteo.vips.Vips loadLibraryFromJar
WARNING: Could not load lib 'libspng.so' via classloader
Apr 08, 2023 2:01:04 PM com.criteo.vips.Vips <clinit>
INFO: JVips dependencies have been loaded from jar
Apr 08, 2023 2:01:04 PM com.criteo.vips.Vips <clinit>
INFO: Trying to load JVips
[thread 46] New context sandbox 139809061339136 in 14 us
[thread 41] Creating context org.graalvm.polyglot.Context@224df70b
[thread 47] New context sandbox 139809061339136 in 12 us
[thread 42] Creating context org.graalvm.polyglot.Context@2285479b
[thread 45] New context sandbox 139809061339136 in 8 us
[thread 43] Creating context org.graalvm.polyglot.Context@49935be0
time="2023-04-08T10:01:26-04:00" level=warning msg="firecracker exited: signal: terminated"
time="2023-04-08T10:01:26-04:00" level=fatal msg="Wait returned an error 1 error occurred:\n\t* signal: terminated\n\n"
