time="2023-03-24T15:13:12-04:00" level=info msg="Called startVMM(), setting up a VMM on /tmp/testtap.socket"
time="2023-03-24T15:13:12-04:00" level=info msg="VMM logging disabled."
time="2023-03-24T15:13:12-04:00" level=info msg="VMM metrics disabled."
time="2023-03-24T15:13:12-04:00" level=info msg="refreshMachineConfiguration: [GET /machine-config][200] getMachineConfigurationOK  &{CPUTemplate:Uninitialized HtEnabled:0xc00048e0dc MemSizeMib:0xc00048e0d0 VcpuCount:0xc00048e0c8}"
time="2023-03-24T15:13:12-04:00" level=info msg="PutGuestBootSource: [PUT /boot-source][204] putGuestBootSourceNoContent "
time="2023-03-24T15:13:12-04:00" level=info msg="Attaching drive /tmp/test-proxy/polyglot-proxy.img, slot 1, root true."
time="2023-03-24T15:13:12-04:00" level=info msg="Attached drive /tmp/test-proxy/polyglot-proxy.img: [PUT /drives/{drive_id}][204] putGuestDriveByIdNoContent "
time="2023-03-24T15:13:12-04:00" level=info msg="Attaching NIC testtap (hwaddr DE:AD:BE:EF:79:2B) at index 1"
2023-03-24T15:13:12.265372135 [anonymous-instance:main:WARN:src/vmm/src/builder.rs:599] Could not add serial input event to epoll: Error during epoll call: Operation not permitted (os error 1)
time="2023-03-24T15:13:12-04:00" level=info msg="startInstance successful: [PUT /actions][204] createSyncActionNoContent "
[    0.012000] dmi: Firmware registration failed.
[    0.040306] zswap: default zpool zbud not available
[    0.040555] zswap: pool creation failed
Graalvisor boot time: 200 ms.
Graalvisor listening on port 8080.
Waiting for 192.168.16.182:8080
Function hw registered with isolate sandboxing in 25 ms
[thread 43] New isolate sandbox 140545242120192 in 654 us
time="2023-03-24T15:13:19-04:00" level=warning msg="firecracker exited: signal: terminated"
time="2023-03-24T15:13:19-04:00" level=fatal msg="Wait returned an error 1 error occurred:\n\t* signal: terminated\n\n"
