time="2023-03-23T16:18:49-04:00" level=info msg="Called startVMM(), setting up a VMM on /tmp/testtap.socket"
time="2023-03-23T16:18:49-04:00" level=info msg="VMM logging disabled."
time="2023-03-23T16:18:49-04:00" level=info msg="VMM metrics disabled."
time="2023-03-23T16:18:49-04:00" level=info msg="refreshMachineConfiguration: [GET /machine-config][200] getMachineConfigurationOK  &{CPUTemplate:Uninitialized HtEnabled:0xc000500174 MemSizeMib:0xc000500168 VcpuCount:0xc000500160}"
time="2023-03-23T16:18:49-04:00" level=info msg="PutGuestBootSource: [PUT /boot-source][204] putGuestBootSourceNoContent "
time="2023-03-23T16:18:49-04:00" level=info msg="Attaching drive /tmp/test-proxy/polyglot-proxy.img, slot 1, root true."
time="2023-03-23T16:18:49-04:00" level=info msg="Attached drive /tmp/test-proxy/polyglot-proxy.img: [PUT /drives/{drive_id}][204] putGuestDriveByIdNoContent "
time="2023-03-23T16:18:49-04:00" level=info msg="Attaching NIC testtap (hwaddr DE:AD:BE:EF:4A:0F) at index 1"
2023-03-23T16:18:49.264105668 [anonymous-instance:main:WARN:src/vmm/src/builder.rs:599] Could not add serial input event to epoll: Error during epoll call: Operation not permitted (os error 1)
time="2023-03-23T16:18:49-04:00" level=info msg="startInstance successful: [PUT /actions][204] createSyncActionNoContent "
[    0.012140] dmi: Firmware registration failed.
[    0.041408] zswap: default zpool zbud not available
[    0.041678] zswap: pool creation failed
Graalvisor boot time: 198 ms.
Graalvisor listening on port 8080.
Waiting for 192.168.16.182:8080
rm: cannot remove '/tmp/test-proxy/lambda.rss': No such file or directory
Function classify registered with isolate sandboxing in 179 ms
[thread 43] New isolate sandbox 140285837307904 in 1061 us
2023-03-23 20:18:52.781553: I tensorflow/core/platform/cpu_feature_guard.cc:137] Your CPU supports instructions that this TensorFlow binary was not compiled to use: SSE4.1 SSE4.2 AVX AVX2 AVX512F FMA
time="2023-03-23T16:18:59-04:00" level=warning msg="firecracker exited: signal: terminated"
time="2023-03-23T16:18:59-04:00" level=fatal msg="Wait returned an error 1 error occurred:\n\t* signal: terminated\n\n"
