This is ApacheBench, Version 2.3 <$Revision: 1879490 $>
Copyright 1996 Adam Twiss, Zeus Technology Ltd, http://www.zeustech.net/
Licensed to The Apache Software Foundation, http://www.apache.org/

Benchmarking 172.172.0.2 (be patient)
Completed 100 requests
Completed 200 requests
Completed 300 requests
Completed 400 requests
Completed 500 requests
Finished 500 requests


Server Software:        
Server Hostname:        172.172.0.2
Server Port:            8081

Document Path:          /
Document Length:        89 bytes

Concurrency Level:      1
Time taken for tests:   6.703 seconds
Complete requests:      500
Failed requests:        499
   (Connect: 0, Receive: 0, Length: 499, Exceptions: 0)
Total transferred:      91471 bytes
Total body sent:        98500
HTML transferred:       43971 bytes
Requests per second:    74.59 [#/sec] (mean)
Time per request:       13.406 [ms] (mean)
Time per request:       13.406 [ms] (mean, across all concurrent requests)
Transfer rate:          13.33 [Kbytes/sec] received
                        14.35 kb/s sent
                        27.68 kb/s total

Connection Times (ms)
              min  mean[+/-sd] median   max
Connect:        0    6  21.2      0      96
Processing:     0    8  23.6      1      93
Waiting:        0    5  18.3      1      92
Total:          1   13  30.6      1      97

Percentage of the requests served within a certain time (ms)
  50%      1
  66%      2
  75%      2
  80%      2
  90%     90
  95%     91
  98%     93
  99%     93
 100%     97 (longest request)
