This is ApacheBench, Version 2.3 <$Revision: 1879490 $>
Copyright 1996 Adam Twiss, Zeus Technology Ltd, http://www.zeustech.net/
Licensed to The Apache Software Foundation, http://www.apache.org/

Benchmarking 172.18.0.2 (be patient).....done


Server Software:        
Server Hostname:        172.18.0.2
Server Port:            8080

Document Path:          /
Document Length:        92 bytes

Concurrency Level:      1
Time taken for tests:   0.868 seconds
Complete requests:      5
Failed requests:        0
Total transferred:      935 bytes
Total body sent:        1175
HTML transferred:       460 bytes
Requests per second:    5.76 [#/sec] (mean)
Time per request:       173.528 [ms] (mean)
Time per request:       173.528 [ms] (mean, across all concurrent requests)
Transfer rate:          1.05 [Kbytes/sec] received
                        1.32 kb/s sent
                        2.37 kb/s total

Connection Times (ms)
              min  mean[+/-sd] median   max
Connect:        0    0   0.0      0       0
Processing:   128  173  25.9    185     192
Waiting:      128  173  25.9    185     192
Total:        128  174  25.9    185     192

Percentage of the requests served within a certain time (ms)
  50%    184
  66%    185
  75%    185
  80%    192
  90%    192
  95%    192
  98%    192
  99%    192
 100%    192 (longest request)
