This is ApacheBench, Version 2.3 <$Revision: 1879490 $>
Copyright 1996 Adam Twiss, Zeus Technology Ltd, http://www.zeustech.net/
Licensed to The Apache Software Foundation, http://www.apache.org/

Benchmarking 172.18.0.2 (be patient).....done


Server Software:        
Server Hostname:        172.18.0.2
Server Port:            8080

Document Path:          /
Document Length:        72 bytes

Concurrency Level:      1
Time taken for tests:   15.319 seconds
Complete requests:      25
Failed requests:        24
   (Connect: 0, Receive: 0, Length: 24, Exceptions: 0)
Total transferred:      4151 bytes
Total body sent:        10000
HTML transferred:       1776 bytes
Requests per second:    1.63 [#/sec] (mean)
Time per request:       612.764 [ms] (mean)
Time per request:       612.764 [ms] (mean, across all concurrent requests)
Transfer rate:          0.26 [Kbytes/sec] received
                        0.64 kb/s sent
                        0.90 kb/s total

Connection Times (ms)
              min  mean[+/-sd] median   max
Connect:        0    0   0.1      0       0
Processing:   490  612 424.0    524    2638
Waiting:      490  612 424.0    524    2638
Total:        490  613 424.0    524    2639

Percentage of the requests served within a certain time (ms)
  50%    524
  66%    526
  75%    527
  80%    532
  90%    540
  95%    711
  98%   2639
  99%   2639
 100%   2639 (longest request)
