This is ApacheBench, Version 2.3 <$Revision: 1879490 $>
Copyright 1996 Adam Twiss, Zeus Technology Ltd, http://www.zeustech.net/
Licensed to The Apache Software Foundation, http://www.apache.org/

Benchmarking 172.18.0.2 (be patient).....done


Server Software:        
Server Hostname:        172.18.0.2
Server Port:            8080

Document Path:          /
Document Length:        71 bytes

Concurrency Level:      1
Time taken for tests:   12.589 seconds
Complete requests:      25
Failed requests:        0
Total transferred:      4150 bytes
Total body sent:        10000
HTML transferred:       1775 bytes
Requests per second:    1.99 [#/sec] (mean)
Time per request:       503.552 [ms] (mean)
Time per request:       503.552 [ms] (mean, across all concurrent requests)
Transfer rate:          0.32 [Kbytes/sec] received
                        0.78 kb/s sent
                        1.10 kb/s total

Connection Times (ms)
              min  mean[+/-sd] median   max
Connect:        0    0   0.1      0       1
Processing:   493  503   7.2    504     518
Waiting:      493  503   7.2    504     518
Total:        493  503   7.1    504     518

Percentage of the requests served within a certain time (ms)
  50%    504
  66%    508
  75%    510
  80%    511
  90%    511
  95%    512
  98%    518
  99%    518
 100%    518 (longest request)
