This is ApacheBench, Version 2.3 <$Revision: 1879490 $>
Copyright 1996 Adam Twiss, Zeus Technology Ltd, http://www.zeustech.net/
Licensed to The Apache Software Foundation, http://www.apache.org/

Benchmarking 172.172.0.2 (be patient)
Completed 100 requests
Completed 200 requests
Finished 256 requests


Server Software:        
Server Hostname:        172.172.0.2
Server Port:            8080

Document Path:          /
Document Length:        93 bytes

Concurrency Level:      1
Time taken for tests:   3.956 seconds
Complete requests:      256
Failed requests:        255
   (Connect: 0, Receive: 0, Length: 255, Exceptions: 0)
Total transferred:      47869 bytes
Total body sent:        46592
HTML transferred:       23549 bytes
Requests per second:    64.72 [#/sec] (mean)
Time per request:       15.452 [ms] (mean)
Time per request:       15.452 [ms] (mean, across all concurrent requests)
Transfer rate:          11.82 [Kbytes/sec] received
                        11.50 kb/s sent
                        23.32 kb/s total

Connection Times (ms)
              min  mean[+/-sd] median   max
Connect:        0    5  19.4      0      96
Processing:     1   11  39.3      1     491
Waiting:        1    8  24.1      1      93
Total:          1   15  42.8      1     491

Percentage of the requests served within a certain time (ms)
  50%      1
  66%      1
  75%      2
  80%      2
  90%     91
  95%     92
  98%     93
  99%     94
 100%    491 (longest request)
