This is ApacheBench, Version 2.3 <$Revision: 1879490 $>
Copyright 1996 Adam Twiss, Zeus Technology Ltd, http://www.zeustech.net/
Licensed to The Apache Software Foundation, http://www.apache.org/

Benchmarking 194.210.229.191 (be patient).....done


Server Software:        
Server Hostname:        194.210.229.191
Server Port:            8080

Document Path:          /run
Document Length:        14 bytes

Concurrency Level:      1
Time taken for tests:   52.891 seconds
Complete requests:      100
Failed requests:        0
Total transferred:      10900 bytes
Total body sent:        20700
HTML transferred:       1400 bytes
Requests per second:    1.89 [#/sec] (mean)
Time per request:       528.907 [ms] (mean)
Time per request:       528.907 [ms] (mean, across all concurrent requests)
Transfer rate:          0.20 [Kbytes/sec] received
                        0.38 kb/s sent
                        0.58 kb/s total

Connection Times (ms)
              min  mean[+/-sd] median   max
Connect:        0    3  15.3      0      92
Processing:     1  526 518.8    101    2308
Waiting:        1  523 519.6    100    2306
Total:          1  529 516.3    101    2308

Percentage of the requests served within a certain time (ms)
  50%    101
  66%   1022
  75%   1024
  80%   1024
  90%   1028
  95%   1029
  98%   1180
  99%   2308
 100%   2308 (longest request)
