This is ApacheBench, Version 2.3 <$Revision: 1879490 $>
Copyright 1996 Adam Twiss, Zeus Technology Ltd, http://www.zeustech.net/
Licensed to The Apache Software Foundation, http://www.apache.org/

Benchmarking 172.18.0.2 (be patient).....done


Server Software:        
Server Hostname:        172.18.0.2
Server Port:            8080

Document Path:          /
Document Length:        72 bytes

Concurrency Level:      1
Time taken for tests:   15.577 seconds
Complete requests:      25
Failed requests:        24
   (Connect: 0, Receive: 0, Length: 24, Exceptions: 0)
Total transferred:      4151 bytes
Total body sent:        10000
HTML transferred:       1776 bytes
Requests per second:    1.60 [#/sec] (mean)
Time per request:       623.063 [ms] (mean)
Time per request:       623.063 [ms] (mean, across all concurrent requests)
Transfer rate:          0.26 [Kbytes/sec] received
                        0.63 kb/s sent
                        0.89 kb/s total

Connection Times (ms)
              min  mean[+/-sd] median   max
Connect:        0    0   0.1      0       1
Processing:   514  623 425.9    532    2657
Waiting:      514  623 425.9    532    2657
Total:        515  623 426.0    532    2657

Percentage of the requests served within a certain time (ms)
  50%    532
  66%    534
  75%    535
  80%    541
  90%    552
  95%    739
  98%   2657
  99%   2657
 100%   2657 (longest request)
