time="2023-04-06T16:54:59-04:00" level=info msg="Called startVMM(), setting up a VMM on /tmp/testtap.socket"
time="2023-04-06T16:54:59-04:00" level=info msg="VMM logging disabled."
time="2023-04-06T16:54:59-04:00" level=info msg="VMM metrics disabled."
time="2023-04-06T16:54:59-04:00" level=info msg="refreshMachineConfiguration: [GET /machine-config][200] getMachineConfigurationOK  &{CPUTemplate:Uninitialized HtEnabled:0xc0004d80e4 MemSizeMib:0xc0004d80a8 VcpuCount:0xc0004d80a0}"
time="2023-04-06T16:54:59-04:00" level=info msg="PutGuestBootSource: [PUT /boot-source][204] putGuestBootSourceNoContent "
time="2023-04-06T16:54:59-04:00" level=info msg="Attaching drive /tmp/test-proxy/polyglot-proxy.img, slot 1, root true."
time="2023-04-06T16:54:59-04:00" level=info msg="Attached drive /tmp/test-proxy/polyglot-proxy.img: [PUT /drives/{drive_id}][204] putGuestDriveByIdNoContent "
time="2023-04-06T16:54:59-04:00" level=info msg="Attaching NIC testtap (hwaddr DE:AD:BE:EF:42:44) at index 1"
2023-04-06T16:54:59.200063734 [anonymous-instance:main:WARN:src/vmm/src/builder.rs:599] Could not add serial input event to epoll: Error during epoll call: Operation not permitted (os error 1)
time="2023-04-06T16:54:59-04:00" level=info msg="startInstance successful: [PUT /actions][204] createSyncActionNoContent "
[    0.012000] dmi: Firmware registration failed.
[    0.040220] zswap: default zpool zbud not available
[    0.040574] zswap: pool creation failed
Graalvisor boot time: 174 ms.
Graalvisor listening on port 8080.
Warning: graalvisor compiled with no truffle language support.
Function classify registered with runtime sandboxing in 700 ms
[thread 40] New runtime sandbox 140398162870272 in 7946 us
2023-04-06 20:55:01.306000: I tensorflow/core/platform/cpu_feature_guard.cc:137] Your CPU supports instructions that this TensorFlow binary was not compiled to use: SSE4.1 SSE4.2 AVX AVX2 AVX512F FMA
time="2023-04-06T16:55:29-04:00" level=warning msg="firecracker exited: signal: terminated"
time="2023-04-06T16:55:29-04:00" level=fatal msg="Wait returned an error 1 error occurred:\n\t* signal: terminated\n\n"
