This is ApacheBench, Version 2.3 <$Revision: 1879490 $>
Copyright 1996 Adam Twiss, Zeus Technology Ltd, http://www.zeustech.net/
Licensed to The Apache Software Foundation, http://www.apache.org/

Benchmarking 172.18.0.2 (be patient).....done


Server Software:        
Server Hostname:        172.18.0.2
Server Port:            8080

Document Path:          /
Document Length:        68 bytes

Concurrency Level:      1
Time taken for tests:   26.718 seconds
Complete requests:      2
Failed requests:        0
Total transferred:      326 bytes
Total body sent:        584
HTML transferred:       136 bytes
Requests per second:    0.07 [#/sec] (mean)
Time per request:       13358.854 [ms] (mean)
Time per request:       13358.854 [ms] (mean, across all concurrent requests)
Transfer rate:          0.01 [Kbytes/sec] received
                        0.02 kb/s sent
                        0.03 kb/s total

Connection Times (ms)
              min  mean[+/-sd] median   max
Connect:        0    0   0.0      0       0
Processing: 12835 13358 739.9  13882   13882
Waiting:    12835 13358 739.9  13882   13882
Total:      12836 13359 739.8  13882   13882

Percentage of the requests served within a certain time (ms)
  50%  13882
  66%  13882
  75%  13882
  80%  13882
  90%  13882
  95%  13882
  98%  13882
  99%  13882
 100%  13882 (longest request)
