This is ApacheBench, Version 2.3 <$Revision: 1879490 $>
Copyright 1996 Adam Twiss, Zeus Technology Ltd, http://www.zeustech.net/
Licensed to The Apache Software Foundation, http://www.apache.org/

Benchmarking 172.18.0.2 (be patient).....done


Server Software:        
Server Hostname:        172.18.0.2
Server Port:            8080

Document Path:          /
Document Length:        93 bytes

Concurrency Level:      2
Time taken for tests:   15.432 seconds
Complete requests:      10
Failed requests:        4
   (Connect: 0, Receive: 0, Length: 4, Exceptions: 0)
Total transferred:      1875 bytes
Total body sent:        2350
HTML transferred:       925 bytes
Requests per second:    0.65 [#/sec] (mean)
Time per request:       3086.486 [ms] (mean)
Time per request:       1543.243 [ms] (mean, across all concurrent requests)
Transfer rate:          0.12 [Kbytes/sec] received
                        0.15 kb/s sent
                        0.27 kb/s total

Connection Times (ms)
              min  mean[+/-sd] median   max
Connect:        0    0   0.4      0       1
Processing:    98 2334 2974.5   1739    8246
Waiting:       98 2334 2974.5   1739    8246
Total:         98 2334 2974.4   1739    8247

Percentage of the requests served within a certain time (ms)
  50%   1739
  66%   1776
  75%   2568
  80%   7186
  90%   8247
  95%   8247
  98%   8247
  99%   8247
 100%   8247 (longest request)
