This is ApacheBench, Version 2.3 <$Revision: 1879490 $>
Copyright 1996 Adam Twiss, Zeus Technology Ltd, http://www.zeustech.net/
Licensed to The Apache Software Foundation, http://www.apache.org/

Benchmarking 194.210.229.191 (be patient).....done


Server Software:        
Server Hostname:        194.210.229.191
Server Port:            8080

Document Path:          /run
Document Length:        16 bytes

Concurrency Level:      1
Time taken for tests:   5.503 seconds
Complete requests:      100
Failed requests:        0
Total transferred:      12400 bytes
Total body sent:        20700
HTML transferred:       1600 bytes
Requests per second:    18.17 [#/sec] (mean)
Time per request:       55.026 [ms] (mean)
Time per request:       55.026 [ms] (mean, across all concurrent requests)
Transfer rate:          2.20 [Kbytes/sec] received
                        3.67 kb/s sent
                        5.87 kb/s total

Connection Times (ms)
              min  mean[+/-sd] median   max
Connect:        0    6  21.2      0      90
Processing:     2   49  44.8      9     100
Waiting:        2   49  44.8      9     100
Total:          2   55  44.8     92     101

Percentage of the requests served within a certain time (ms)
  50%     92
  66%     95
  75%     96
  80%     96
  90%     97
  95%     98
  98%    100
  99%    101
 100%    101 (longest request)
