time="2023-04-08T09:58:36-04:00" level=info msg="Called startVMM(), setting up a VMM on /tmp/testtap.socket"
time="2023-04-08T09:58:36-04:00" level=info msg="VMM logging disabled."
time="2023-04-08T09:58:36-04:00" level=info msg="VMM metrics disabled."
time="2023-04-08T09:58:36-04:00" level=info msg="refreshMachineConfiguration: [GET /machine-config][200] getMachineConfigurationOK  &{CPUTemplate:Uninitialized HtEnabled:0xc00008e124 MemSizeMib:0xc00008e118 VcpuCount:0xc00008e110}"
time="2023-04-08T09:58:36-04:00" level=info msg="PutGuestBootSource: [PUT /boot-source][204] putGuestBootSourceNoContent "
time="2023-04-08T09:58:36-04:00" level=info msg="Attaching drive /tmp/test-proxy/polyglot-proxy.img, slot 1, root true."
time="2023-04-08T09:58:36-04:00" level=info msg="Attached drive /tmp/test-proxy/polyglot-proxy.img: [PUT /drives/{drive_id}][204] putGuestDriveByIdNoContent "
time="2023-04-08T09:58:36-04:00" level=info msg="Attaching NIC testtap (hwaddr DE:AD:BE:EF:5B:8C) at index 1"
2023-04-08T09:58:36.632291287 [anonymous-instance:main:WARN:src/vmm/src/builder.rs:599] Could not add serial input event to epoll: Error during epoll call: Operation not permitted (os error 1)
time="2023-04-08T09:58:36-04:00" level=info msg="startInstance successful: [PUT /actions][204] createSyncActionNoContent "
[    0.012132] dmi: Firmware registration failed.
[    0.039972] zswap: default zpool zbud not available
[    0.040242] zswap: pool creation failed
Graalvisor boot time: 187 ms.
Graalvisor listening on port 8080.
Warning: graalvisor compiled with no truffle language support.
Function dynamichtml registered with context sandboxing in 320 ms
[thread 41] New context sandbox 139606555099136 in 29 us
[thread 36] Creating context org.graalvm.polyglot.Context@762df673
[thread 49] New context sandbox 139606555099136 in 13 us
[thread 42] Creating context org.graalvm.polyglot.Context@713ac881
[thread 50] New context sandbox 139606555099136 in 10 us
[thread 43] Creating context org.graalvm.polyglot.Context@18deb595
[thread 51] New context sandbox 139606555099136 in 8 us
[thread 44] Creating context org.graalvm.polyglot.Context@14351a65
[thread 52] New context sandbox 139606555099136 in 8 us
[thread 45] Creating context org.graalvm.polyglot.Context@653c547b
[thread 53] New context sandbox 139606555099136 in 9 us
[thread 46] Creating context org.graalvm.polyglot.Context@49db5341
[thread 54] New context sandbox 139606555099136 in 10 us
[thread 47] Creating context org.graalvm.polyglot.Context@7b755591
[thread 55] New context sandbox 139606555099136 in 9 us
[thread 49] Creating context org.graalvm.polyglot.Context@21f6b212
time="2023-04-08T09:58:40-04:00" level=warning msg="firecracker exited: signal: terminated"
time="2023-04-08T09:58:40-04:00" level=fatal msg="Wait returned an error 1 error occurred:\n\t* signal: terminated\n\n"
