This is ApacheBench, Version 2.3 <$Revision: 1879490 $>
Copyright 1996 Adam Twiss, Zeus Technology Ltd, http://www.zeustech.net/
Licensed to The Apache Software Foundation, http://www.apache.org/

Benchmarking 172.18.0.2 (be patient).....done


Server Software:        
Server Hostname:        172.18.0.2
Server Port:            8080

Document Path:          /
Document Length:        1072 bytes

Concurrency Level:      1
Time taken for tests:   1.387 seconds
Complete requests:      5
Failed requests:        4
   (Connect: 0, Receive: 0, Length: 4, Exceptions: 0)
Total transferred:      5848 bytes
Total body sent:        1420
HTML transferred:       5363 bytes
Requests per second:    3.60 [#/sec] (mean)
Time per request:       277.491 [ms] (mean)
Time per request:       277.491 [ms] (mean, across all concurrent requests)
Transfer rate:          4.12 [Kbytes/sec] received
                        1.00 kb/s sent
                        5.12 kb/s total

Connection Times (ms)
              min  mean[+/-sd] median   max
Connect:        0    0   0.1      0       0
Processing:   201  277 122.1    246     487
Waiting:      201  277 122.1    246     487
Total:        201  277 122.1    246     488

Percentage of the requests served within a certain time (ms)
  50%    210
  66%    283
  75%    283
  80%    488
  90%    488
  95%    488
  98%    488
  99%    488
 100%    488 (longest request)
