This is ApacheBench, Version 2.3 <$Revision: 1879490 $>
Copyright 1996 Adam Twiss, Zeus Technology Ltd, http://www.zeustech.net/
Licensed to The Apache Software Foundation, http://www.apache.org/

Benchmarking 172.172.0.2 (be patient)
Completed 204 requests
Completed 408 requests
Completed 612 requests
Completed 816 requests
Completed 1020 requests
Completed 1224 requests
Completed 1428 requests
Completed 1632 requests
Completed 1836 requests
Completed 2040 requests
Finished 2048 requests


Server Software:        
Server Hostname:        172.172.0.2
Server Port:            8080

Document Path:          /
Document Length:        1205 bytes

Concurrency Level:      8
Time taken for tests:   5.163 seconds
Complete requests:      2048
Failed requests:        1423
   (Connect: 0, Receive: 0, Length: 1423, Exceptions: 0)
Total transferred:      2664234 bytes
Total body sent:        579584
HTML transferred:       2465578 bytes
Requests per second:    396.66 [#/sec] (mean)
Time per request:       20.168 [ms] (mean)
Time per request:       2.521 [ms] (mean, across all concurrent requests)
Transfer rate:          503.92 [Kbytes/sec] received
                        109.62 kb/s sent
                        613.54 kb/s total

Connection Times (ms)
              min  mean[+/-sd] median   max
Connect:        0    1   4.1      0     119
Processing:     2   19  14.1     16     182
Waiting:        2   19  13.9     16     181
Total:          2   20  15.0     16     186

Percentage of the requests served within a certain time (ms)
  50%     16
  66%     18
  75%     22
  80%     28
  90%     38
  95%     41
  98%     49
  99%     72
 100%    186 (longest request)
