This is ApacheBench, Version 2.3 <$Revision: 1879490 $>
Copyright 1996 Adam Twiss, Zeus Technology Ltd, http://www.zeustech.net/
Licensed to The Apache Software Foundation, http://www.apache.org/

Benchmarking 172.18.0.2 (be patient)
Completed 300 requests
Completed 600 requests
Completed 900 requests
Completed 1200 requests
Completed 1500 requests
Completed 1800 requests
Completed 2100 requests
Completed 2400 requests
Completed 2700 requests
Completed 3000 requests
Finished 3000 requests


Server Software:        
Server Hostname:        172.18.0.2
Server Port:            8080

Document Path:          /
Document Length:        72 bytes

Concurrency Level:      1
Time taken for tests:   1.262 seconds
Complete requests:      3000
Failed requests:        4
   (Connect: 0, Receive: 0, Length: 4, Exceptions: 0)
Total transferred:      501006 bytes
Total body sent:        717000
HTML transferred:       216006 bytes
Requests per second:    2376.94 [#/sec] (mean)
Time per request:       0.421 [ms] (mean)
Time per request:       0.421 [ms] (mean, across all concurrent requests)
Transfer rate:          387.65 [Kbytes/sec] received
                        554.77 kb/s sent
                        942.42 kb/s total

Connection Times (ms)
              min  mean[+/-sd] median   max
Connect:        0    0   0.7      0      26
Processing:     0    0   1.2      0      27
Waiting:        0    0   1.0      0      26
Total:          0    0   1.4      0      27

Percentage of the requests served within a certain time (ms)
  50%      0
  66%      0
  75%      0
  80%      0
  90%      0
  95%      0
  98%      1
  99%      1
 100%     27 (longest request)
This is ApacheBench, Version 2.3 <$Revision: 1879490 $>
Copyright 1996 Adam Twiss, Zeus Technology Ltd, http://www.zeustech.net/
Licensed to The Apache Software Foundation, http://www.apache.org/

Benchmarking 172.18.0.2 (be patient)
Completed 300 requests
Completed 600 requests
Completed 900 requests
Completed 1200 requests
Completed 1500 requests
Completed 1800 requests
Completed 2100 requests
Completed 2400 requests
Completed 2700 requests
Completed 3000 requests
Finished 3000 requests


Server Software:        
Server Hostname:        172.18.0.2
Server Port:            8080

Document Path:          /
Document Length:        72 bytes

Concurrency Level:      1
Time taken for tests:   1.242 seconds
Complete requests:      3000
Failed requests:        12
   (Connect: 0, Receive: 0, Length: 12, Exceptions: 0)
Total transferred:      501018 bytes
Total body sent:        717000
HTML transferred:       216018 bytes
Requests per second:    2415.49 [#/sec] (mean)
Time per request:       0.414 [ms] (mean)
Time per request:       0.414 [ms] (mean, across all concurrent requests)
Transfer rate:          393.95 [Kbytes/sec] received
                        563.77 kb/s sent
                        957.72 kb/s total

Connection Times (ms)
              min  mean[+/-sd] median   max
Connect:        0    0   0.4      0      23
Processing:     0    0   1.3      0      26
Waiting:        0    0   1.2      0      26
Total:          0    0   1.3      0      26

Percentage of the requests served within a certain time (ms)
  50%      0
  66%      0
  75%      0
  80%      0
  90%      0
  95%      0
  98%      1
  99%      1
 100%     26 (longest request)
This is ApacheBench, Version 2.3 <$Revision: 1879490 $>
Copyright 1996 Adam Twiss, Zeus Technology Ltd, http://www.zeustech.net/
Licensed to The Apache Software Foundation, http://www.apache.org/

Benchmarking 172.18.0.2 (be patient)
Completed 300 requests
Completed 600 requests
Completed 900 requests
Completed 1200 requests
Completed 1500 requests
Completed 1800 requests
Completed 2100 requests
Completed 2400 requests
Completed 2700 requests
Completed 3000 requests
Finished 3000 requests


Server Software:        
Server Hostname:        172.18.0.2
Server Port:            8080

Document Path:          /
Document Length:        72 bytes

Concurrency Level:      1
Time taken for tests:   1.223 seconds
Complete requests:      3000
Failed requests:        4
   (Connect: 0, Receive: 0, Length: 4, Exceptions: 0)
Total transferred:      501004 bytes
Total body sent:        717000
HTML transferred:       216004 bytes
Requests per second:    2452.75 [#/sec] (mean)
Time per request:       0.408 [ms] (mean)
Time per request:       0.408 [ms] (mean, across all concurrent requests)
Transfer rate:          400.01 [Kbytes/sec] received
                        572.47 kb/s sent
                        972.48 kb/s total

Connection Times (ms)
              min  mean[+/-sd] median   max
Connect:        0    0   0.8      0      24
Processing:     0    0   1.2      0      25
Waiting:        0    0   0.9      0      25
Total:          0    0   1.5      0      26

Percentage of the requests served within a certain time (ms)
  50%      0
  66%      0
  75%      0
  80%      0
  90%      0
  95%      0
  98%      0
  99%      1
 100%     26 (longest request)
This is ApacheBench, Version 2.3 <$Revision: 1879490 $>
Copyright 1996 Adam Twiss, Zeus Technology Ltd, http://www.zeustech.net/
Licensed to The Apache Software Foundation, http://www.apache.org/

Benchmarking 172.18.0.2 (be patient)
Completed 300 requests
Completed 600 requests
Completed 900 requests
Completed 1200 requests
Completed 1500 requests
Completed 1800 requests
Completed 2100 requests
Completed 2400 requests
Completed 2700 requests
Completed 3000 requests
Finished 3000 requests


Server Software:        
Server Hostname:        172.18.0.2
Server Port:            8080

Document Path:          /
Document Length:        72 bytes

Concurrency Level:      1
Time taken for tests:   1.238 seconds
Complete requests:      3000
Failed requests:        2
   (Connect: 0, Receive: 0, Length: 2, Exceptions: 0)
Total transferred:      501002 bytes
Total body sent:        717000
HTML transferred:       216002 bytes
Requests per second:    2422.29 [#/sec] (mean)
Time per request:       0.413 [ms] (mean)
Time per request:       0.413 [ms] (mean, across all concurrent requests)
Transfer rate:          395.04 [Kbytes/sec] received
                        565.36 kb/s sent
                        960.40 kb/s total

Connection Times (ms)
              min  mean[+/-sd] median   max
Connect:        0    0   0.7      0      27
Processing:     0    0   1.3      0      28
Waiting:        0    0   1.0      0      28
Total:          0    0   1.5      0      28

Percentage of the requests served within a certain time (ms)
  50%      0
  66%      0
  75%      0
  80%      0
  90%      0
  95%      0
  98%      0
  99%      1
 100%     28 (longest request)
This is ApacheBench, Version 2.3 <$Revision: 1879490 $>
Copyright 1996 Adam Twiss, Zeus Technology Ltd, http://www.zeustech.net/
Licensed to The Apache Software Foundation, http://www.apache.org/

Benchmarking 172.18.0.2 (be patient)
Completed 300 requests
Completed 600 requests
Completed 900 requests
Completed 1200 requests
Completed 1500 requests
Completed 1800 requests
Completed 2100 requests
Completed 2400 requests
Completed 2700 requests
Completed 3000 requests
Finished 3000 requests


Server Software:        
Server Hostname:        172.18.0.2
Server Port:            8080

Document Path:          /
Document Length:        72 bytes

Concurrency Level:      1
Time taken for tests:   1.388 seconds
Complete requests:      3000
Failed requests:        4
   (Connect: 0, Receive: 0, Length: 4, Exceptions: 0)
Total transferred:      501008 bytes
Total body sent:        717000
HTML transferred:       216008 bytes
Requests per second:    2161.90 [#/sec] (mean)
Time per request:       0.463 [ms] (mean)
Time per request:       0.463 [ms] (mean, across all concurrent requests)
Transfer rate:          352.58 [Kbytes/sec] received
                        504.58 kb/s sent
                        857.16 kb/s total

Connection Times (ms)
              min  mean[+/-sd] median   max
Connect:        0    0   1.0      0      29
Processing:     0    0   1.4      0      30
Waiting:        0    0   1.3      0      30
Total:          0    0   1.7      0      31

Percentage of the requests served within a certain time (ms)
  50%      0
  66%      0
  75%      0
  80%      0
  90%      0
  95%      0
  98%      1
  99%      1
 100%     31 (longest request)
