This is ApacheBench, Version 2.3 <$Revision: 1879490 $>
Copyright 1996 Adam Twiss, Zeus Technology Ltd, http://www.zeustech.net/
Licensed to The Apache Software Foundation, http://www.apache.org/

Benchmarking 172.18.0.2 (be patient)
Completed 102 requests
Completed 204 requests
Completed 306 requests
Completed 408 requests
Completed 510 requests
Completed 612 requests
Completed 714 requests
Completed 816 requests
Completed 918 requests
Completed 1020 requests
Finished 1024 requests


Server Software:        
Server Hostname:        172.18.0.2
Server Port:            8080

Document Path:          /
Document Length:        171 bytes

Concurrency Level:      4
Time taken for tests:   11.615 seconds
Complete requests:      1024
Failed requests:        728
   (Connect: 0, Receive: 0, Length: 728, Exceptions: 0)
Total transferred:      272673 bytes
Total body sent:        240640
HTML transferred:       174369 bytes
Requests per second:    88.16 [#/sec] (mean)
Time per request:       45.372 [ms] (mean)
Time per request:       11.343 [ms] (mean, across all concurrent requests)
Transfer rate:          22.93 [Kbytes/sec] received
                        20.23 kb/s sent
                        43.16 kb/s total

Connection Times (ms)
              min  mean[+/-sd] median   max
Connect:        0    0   0.0      0       1
Processing:    14   45  13.7     43     120
Waiting:       14   45  13.7     43     120
Total:         14   45  13.7     43     120

Percentage of the requests served within a certain time (ms)
  50%     43
  66%     48
  75%     51
  80%     54
  90%     61
  95%     69
  98%     84
  99%     94
 100%    120 (longest request)
