This is ApacheBench, Version 2.3 <$Revision: 1879490 $>
Copyright 1996 Adam Twiss, Zeus Technology Ltd, http://www.zeustech.net/
Licensed to The Apache Software Foundation, http://www.apache.org/

Benchmarking 172.18.0.2 (be patient).....done


Server Software:        
Server Hostname:        172.18.0.2
Server Port:            8080

Document Path:          /
Document Length:        67 bytes

Concurrency Level:      2
Time taken for tests:   18.543 seconds
Complete requests:      4
Failed requests:        0
Total transferred:      648 bytes
Total body sent:        1176
HTML transferred:       268 bytes
Requests per second:    0.22 [#/sec] (mean)
Time per request:       9271.743 [ms] (mean)
Time per request:       4635.872 [ms] (mean, across all concurrent requests)
Transfer rate:          0.03 [Kbytes/sec] received
                        0.06 kb/s sent
                        0.10 kb/s total

Connection Times (ms)
              min  mean[+/-sd] median   max
Connect:        0    0   0.1      0       0
Processing:  4583 6974 2746.6   9352    9353
Waiting:     4583 6974 2746.6   9352    9353
Total:       4583 6974 2746.5   9353    9353

Percentage of the requests served within a certain time (ms)
  50%   9353
  66%   9353
  75%   9353
  80%   9353
  90%   9353
  95%   9353
  98%   9353
  99%   9353
 100%   9353 (longest request)
