time="2023-04-08T10:19:28-04:00" level=info msg="Called startVMM(), setting up a VMM on /tmp/testtap.socket"
time="2023-04-08T10:19:28-04:00" level=info msg="VMM logging disabled."
time="2023-04-08T10:19:28-04:00" level=info msg="VMM metrics disabled."
time="2023-04-08T10:19:28-04:00" level=info msg="refreshMachineConfiguration: [GET /machine-config][200] getMachineConfigurationOK  &{CPUTemplate:Uninitialized HtEnabled:0xc00050e084 MemSizeMib:0xc00050e078 VcpuCount:0xc00050e070}"
time="2023-04-08T10:19:28-04:00" level=info msg="PutGuestBootSource: [PUT /boot-source][204] putGuestBootSourceNoContent "
time="2023-04-08T10:19:28-04:00" level=info msg="Attaching drive /tmp/test-proxy/polyglot-proxy.img, slot 1, root true."
time="2023-04-08T10:19:28-04:00" level=info msg="Attached drive /tmp/test-proxy/polyglot-proxy.img: [PUT /drives/{drive_id}][204] putGuestDriveByIdNoContent "
time="2023-04-08T10:19:28-04:00" level=info msg="Attaching NIC testtap (hwaddr DE:AD:BE:EF:E6:C7) at index 1"
2023-04-08T10:19:28.292144279 [anonymous-instance:main:WARN:src/vmm/src/builder.rs:599] Could not add serial input event to epoll: Error during epoll call: Operation not permitted (os error 1)
time="2023-04-08T10:19:28-04:00" level=info msg="startInstance successful: [PUT /actions][204] createSyncActionNoContent "
[    0.012000] dmi: Firmware registration failed.
[    0.040979] zswap: default zpool zbud not available
[    0.041225] zswap: pool creation failed
Graalvisor boot time: 167 ms.
Graalvisor listening on port 8080.
Warning: graalvisor compiled with no truffle language support.
Function hw registered with process sandboxing in 741 ms
[thread 1] Creating context org.graalvm.polyglot.Context@141b47e1
[thread 41] New process sandbox 468 in 335 us
[thread 1] Creating context org.graalvm.polyglot.Context@6f29fa16
[thread 50] New process sandbox 487 in 563 us
[thread 52] New process sandbox 490 in 292 us
[thread 53] New process sandbox 491 in 262 us
[thread 54] New process sandbox 493 in 371 us
[thread 55] New process sandbox 494 in 4363 us
[thread 56] New process sandbox 495 in 488 us
[thread 57] New process sandbox 497 in 670 us
[thread 1] Creating context org.graalvm.polyglot.Context@11fce6cf
[thread 1] Creating context org.graalvm.polyglot.Context@4a8ea8c1
[thread 1] Creating context org.graalvm.polyglot.Context@2f9a0e43
[thread 1] Creating context org.graalvm.polyglot.Context@1cb967d8
[thread 1] Creating context org.graalvm.polyglot.Context@20aa3785
[thread 1] Creating context org.graalvm.polyglot.Context@5fa9f480
[thread 1] Creating context org.graalvm.polyglot.Context@28c47038
time="2023-04-08T10:19:34-04:00" level=warning msg="firecracker exited: signal: terminated"
time="2023-04-08T10:19:34-04:00" level=fatal msg="Wait returned an error 1 error occurred:\n\t* signal: terminated\n\n"
