This is ApacheBench, Version 2.3 <$Revision: 1879490 $>
Copyright 1996 Adam Twiss, Zeus Technology Ltd, http://www.zeustech.net/
Licensed to The Apache Software Foundation, http://www.apache.org/

Benchmarking 127.0.0.1 (be patient)
Completed 1000 requests
Completed 2000 requests
Completed 3000 requests
Completed 4000 requests
Completed 5000 requests
Completed 6000 requests
Completed 7000 requests
Completed 8000 requests
Completed 9000 requests
Completed 10000 requests
Finished 10000 requests


Server Software:        
Server Hostname:        127.0.0.1
Server Port:            8080

Document Path:          /
Document Length:        111 bytes

Concurrency Level:      1
Time taken for tests:   0.773 seconds
Complete requests:      10000
Failed requests:        6170
   (Connect: 0, Receive: 0, Length: 6170, Exceptions: 0)
Total transferred:      2063840 bytes
Total body sent:        2020000
HTML transferred:       1103840 bytes
Requests per second:    12936.68 [#/sec] (mean)
Time per request:       0.077 [ms] (mean)
Time per request:       0.077 [ms] (mean, across all concurrent requests)
Transfer rate:          2607.35 [Kbytes/sec] received
                        2551.96 kb/s sent
                        5159.31 kb/s total

Connection Times (ms)
              min  mean[+/-sd] median   max
Connect:        0    0   0.0      0       0
Processing:     0    0   0.1      0      11
Waiting:        0    0   0.1      0      11
Total:          0    0   0.1      0      11

Percentage of the requests served within a certain time (ms)
  50%      0
  66%      0
  75%      0
  80%      0
  90%      0
  95%      0
  98%      0
  99%      0
 100%     11 (longest request)
This is ApacheBench, Version 2.3 <$Revision: 1879490 $>
Copyright 1996 Adam Twiss, Zeus Technology Ltd, http://www.zeustech.net/
Licensed to The Apache Software Foundation, http://www.apache.org/

Benchmarking 127.0.0.1 (be patient)
Completed 1000 requests
Completed 2000 requests
Completed 3000 requests
Completed 4000 requests
Completed 5000 requests
Completed 6000 requests
Completed 7000 requests
Completed 8000 requests
Completed 9000 requests
Completed 10000 requests
Finished 10000 requests


Server Software:        
Server Hostname:        127.0.0.1
Server Port:            8080

Document Path:          /
Document Length:        111 bytes

Concurrency Level:      1
Time taken for tests:   0.752 seconds
Complete requests:      10000
Failed requests:        6455
   (Connect: 0, Receive: 0, Length: 6455, Exceptions: 0)
Total transferred:      2063553 bytes
Total body sent:        2020000
HTML transferred:       1103553 bytes
Requests per second:    13296.79 [#/sec] (mean)
Time per request:       0.075 [ms] (mean)
Time per request:       0.075 [ms] (mean, across all concurrent requests)
Transfer rate:          2679.55 [Kbytes/sec] received
                        2623.00 kb/s sent
                        5302.55 kb/s total

Connection Times (ms)
              min  mean[+/-sd] median   max
Connect:        0    0   0.0      0       0
Processing:     0    0   0.1      0       2
Waiting:        0    0   0.1      0       2
Total:          0    0   0.1      0       2

Percentage of the requests served within a certain time (ms)
  50%      0
  66%      0
  75%      0
  80%      0
  90%      0
  95%      0
  98%      0
  99%      0
 100%      2 (longest request)
This is ApacheBench, Version 2.3 <$Revision: 1879490 $>
Copyright 1996 Adam Twiss, Zeus Technology Ltd, http://www.zeustech.net/
Licensed to The Apache Software Foundation, http://www.apache.org/

Benchmarking 127.0.0.1 (be patient)
Completed 1000 requests
Completed 2000 requests
Completed 3000 requests
Completed 4000 requests
Completed 5000 requests
Completed 6000 requests
Completed 7000 requests
Completed 8000 requests
Completed 9000 requests
Completed 10000 requests
Finished 10000 requests


Server Software:        
Server Hostname:        127.0.0.1
Server Port:            8080

Document Path:          /
Document Length:        111 bytes

Concurrency Level:      1
Time taken for tests:   0.784 seconds
Complete requests:      10000
Failed requests:        7589
   (Connect: 0, Receive: 0, Length: 7589, Exceptions: 0)
Total transferred:      2062420 bytes
Total body sent:        2020000
HTML transferred:       1102420 bytes
Requests per second:    12756.62 [#/sec] (mean)
Time per request:       0.078 [ms] (mean)
Time per request:       0.078 [ms] (mean, across all concurrent requests)
Transfer rate:          2569.29 [Kbytes/sec] received
                        2516.44 kb/s sent
                        5085.73 kb/s total

Connection Times (ms)
              min  mean[+/-sd] median   max
Connect:        0    0   0.0      0       0
Processing:     0    0   0.1      0       4
Waiting:        0    0   0.1      0       4
Total:          0    0   0.1      0       4

Percentage of the requests served within a certain time (ms)
  50%      0
  66%      0
  75%      0
  80%      0
  90%      0
  95%      0
  98%      0
  99%      0
 100%      4 (longest request)
This is ApacheBench, Version 2.3 <$Revision: 1879490 $>
Copyright 1996 Adam Twiss, Zeus Technology Ltd, http://www.zeustech.net/
Licensed to The Apache Software Foundation, http://www.apache.org/

Benchmarking 127.0.0.1 (be patient)
Completed 1000 requests
Completed 2000 requests
Completed 3000 requests
Completed 4000 requests
Completed 5000 requests
Completed 6000 requests
Completed 7000 requests
Completed 8000 requests
Completed 9000 requests
Completed 10000 requests
Finished 10000 requests


Server Software:        
Server Hostname:        127.0.0.1
Server Port:            8080

Document Path:          /
Document Length:        111 bytes

Concurrency Level:      1
Time taken for tests:   0.784 seconds
Complete requests:      10000
Failed requests:        6629
   (Connect: 0, Receive: 0, Length: 6629, Exceptions: 0)
Total transferred:      2063375 bytes
Total body sent:        2020000
HTML transferred:       1103375 bytes
Requests per second:    12751.23 [#/sec] (mean)
Time per request:       0.078 [ms] (mean)
Time per request:       0.078 [ms] (mean, across all concurrent requests)
Transfer rate:          2569.39 [Kbytes/sec] received
                        2515.38 kb/s sent
                        5084.77 kb/s total

Connection Times (ms)
              min  mean[+/-sd] median   max
Connect:        0    0   0.0      0       0
Processing:     0    0   0.1      0       3
Waiting:        0    0   0.1      0       1
Total:          0    0   0.1      0       3

Percentage of the requests served within a certain time (ms)
  50%      0
  66%      0
  75%      0
  80%      0
  90%      0
  95%      0
  98%      0
  99%      0
 100%      3 (longest request)
This is ApacheBench, Version 2.3 <$Revision: 1879490 $>
Copyright 1996 Adam Twiss, Zeus Technology Ltd, http://www.zeustech.net/
Licensed to The Apache Software Foundation, http://www.apache.org/

Benchmarking 127.0.0.1 (be patient)
Completed 1000 requests
Completed 2000 requests
Completed 3000 requests
Completed 4000 requests
Completed 5000 requests
Completed 6000 requests
Completed 7000 requests
Completed 8000 requests
Completed 9000 requests
Completed 10000 requests
Finished 10000 requests


Server Software:        
Server Hostname:        127.0.0.1
Server Port:            8080

Document Path:          /
Document Length:        111 bytes

Concurrency Level:      1
Time taken for tests:   0.758 seconds
Complete requests:      10000
Failed requests:        7715
   (Connect: 0, Receive: 0, Length: 7715, Exceptions: 0)
Total transferred:      2062293 bytes
Total body sent:        2020000
HTML transferred:       1102293 bytes
Requests per second:    13201.23 [#/sec] (mean)
Time per request:       0.076 [ms] (mean)
Time per request:       0.076 [ms] (mean, across all concurrent requests)
Transfer rate:          2658.67 [Kbytes/sec] received
                        2604.15 kb/s sent
                        5262.82 kb/s total

Connection Times (ms)
              min  mean[+/-sd] median   max
Connect:        0    0   0.0      0       0
Processing:     0    0   0.1      0       1
Waiting:        0    0   0.1      0       1
Total:          0    0   0.1      0       1

Percentage of the requests served within a certain time (ms)
  50%      0
  66%      0
  75%      0
  80%      0
  90%      0
  95%      0
  98%      0
  99%      0
 100%      1 (longest request)
