This is ApacheBench, Version 2.3 <$Revision: 1879490 $>
Copyright 1996 Adam Twiss, Zeus Technology Ltd, http://www.zeustech.net/
Licensed to The Apache Software Foundation, http://www.apache.org/

Benchmarking 172.18.0.2 (be patient)
Completed 100 requests
Completed 200 requests
Finished 256 requests


Server Software:        
Server Hostname:        172.18.0.2
Server Port:            8080

Document Path:          /run
Document Length:        14 bytes

Concurrency Level:      1
Time taken for tests:   16.196 seconds
Complete requests:      256
Failed requests:        0
Total transferred:      27904 bytes
Total body sent:        50944
HTML transferred:       3584 bytes
Requests per second:    15.81 [#/sec] (mean)
Time per request:       63.265 [ms] (mean)
Time per request:       63.265 [ms] (mean, across all concurrent requests)
Transfer rate:          1.68 [Kbytes/sec] received
                        3.07 kb/s sent
                        4.75 kb/s total

Connection Times (ms)
              min  mean[+/-sd] median   max
Connect:        0    4  17.3      0      91
Processing:     1   59  96.6     92    1403
Waiting:        1   48  91.5      6    1302
Total:          1   63 100.9     93    1489

Percentage of the requests served within a certain time (ms)
  50%     93
  66%     95
  75%     97
  80%     97
  90%     99
  95%    100
  98%    103
  99%    193
 100%   1489 (longest request)
