This is ApacheBench, Version 2.3 <$Revision: 1879490 $>
Copyright 1996 Adam Twiss, Zeus Technology Ltd, http://www.zeustech.net/
Licensed to The Apache Software Foundation, http://www.apache.org/

Benchmarking 172.18.0.2 (be patient).....done


Server Software:        
Server Hostname:        172.18.0.2
Server Port:            8080

Document Path:          /
Document Length:        68 bytes

Concurrency Level:      1
Time taken for tests:   28.032 seconds
Complete requests:      2
Failed requests:        0
Total transferred:      326 bytes
Total body sent:        584
HTML transferred:       136 bytes
Requests per second:    0.07 [#/sec] (mean)
Time per request:       14015.849 [ms] (mean)
Time per request:       14015.849 [ms] (mean, across all concurrent requests)
Transfer rate:          0.01 [Kbytes/sec] received
                        0.02 kb/s sent
                        0.03 kb/s total

Connection Times (ms)
              min  mean[+/-sd] median   max
Connect:        0    0   0.2      0       0
Processing: 13188 14015 1170.6  14843   14843
Waiting:    13188 14015 1170.4  14843   14843
Total:      13188 14016 1170.8  14844   14844

Percentage of the requests served within a certain time (ms)
  50%  14844
  66%  14844
  75%  14844
  80%  14844
  90%  14844
  95%  14844
  98%  14844
  99%  14844
 100%  14844 (longest request)
