100000 100000
999354
Added process 999354 to cgroup experiments with a quota of 100000 out of 100000.
pid 999354's current affinity list: 0-7
pid 999354's new affinity list: 0
Pinned process 999354 to core 0.
1
Disabled turbo boost.
0
Enabled turbo boost.
100000 100000
999767
Added process 999767 to cgroup experiments with a quota of 100000 out of 100000.
pid 999767's current affinity list: 0-7
pid 999767's new affinity list: 0
Pinned process 999767 to core 0.
1
Disabled turbo boost.
0
Enabled turbo boost.
100000 100000
1000130
Added process 1000130 to cgroup experiments with a quota of 100000 out of 100000.
pid 1000130's current affinity list: 0-7
pid 1000130's new affinity list: 0
Pinned process 1000130 to core 0.
1
Disabled turbo boost.
0
Enabled turbo boost.
100000 100000
1000474
Added process 1000474 to cgroup experiments with a quota of 100000 out of 100000.
pid 1000474's current affinity list: 0-7
pid 1000474's new affinity list: 0
Pinned process 1000474 to core 0.
1
Disabled turbo boost.
0
Enabled turbo boost.
