This is ApacheBench, Version 2.3 <$Revision: 1879490 $>
Copyright 1996 Adam Twiss, Zeus Technology Ltd, http://www.zeustech.net/
Licensed to The Apache Software Foundation, http://www.apache.org/

Benchmarking 172.18.0.2 (be patient).....done


Server Software:        
Server Hostname:        172.18.0.2
Server Port:            8080

Document Path:          /
Document Length:        71 bytes

Concurrency Level:      1
Time taken for tests:   5.040 seconds
Complete requests:      10
Failed requests:        0
Total transferred:      1660 bytes
Total body sent:        3970
HTML transferred:       710 bytes
Requests per second:    1.98 [#/sec] (mean)
Time per request:       503.968 [ms] (mean)
Time per request:       503.968 [ms] (mean, across all concurrent requests)
Transfer rate:          0.32 [Kbytes/sec] received
                        0.77 kb/s sent
                        1.09 kb/s total

Connection Times (ms)
              min  mean[+/-sd] median   max
Connect:        0    0   0.1      0       0
Processing:   495  504   8.4    500     522
Waiting:      495  504   8.4    500     522
Total:        495  504   8.5    501     522

Percentage of the requests served within a certain time (ms)
  50%    501
  66%    508
  75%    510
  80%    510
  90%    522
  95%    522
  98%    522
  99%    522
 100%    522 (longest request)
