This is ApacheBench, Version 2.3 <$Revision: 1879490 $>
Copyright 1996 Adam Twiss, Zeus Technology Ltd, http://www.zeustech.net/
Licensed to The Apache Software Foundation, http://www.apache.org/

Benchmarking 172.18.0.2 (be patient).....done


Server Software:        
Server Hostname:        172.18.0.2
Server Port:            8080

Document Path:          /
Document Length:        86 bytes

Concurrency Level:      1
Time taken for tests:   7.411 seconds
Complete requests:      5
Failed requests:        0
Total transferred:      905 bytes
Total body sent:        1195
HTML transferred:       430 bytes
Requests per second:    0.67 [#/sec] (mean)
Time per request:       1482.275 [ms] (mean)
Time per request:       1482.275 [ms] (mean, across all concurrent requests)
Transfer rate:          0.12 [Kbytes/sec] received
                        0.16 kb/s sent
                        0.28 kb/s total

Connection Times (ms)
              min  mean[+/-sd] median   max
Connect:        0    0   0.2      0       1
Processing:  1390 1482 109.3   1504    1605
Waiting:     1390 1482 109.1   1503    1605
Total:       1390 1482 109.4   1504    1606

Percentage of the requests served within a certain time (ms)
  50%   1410
  66%   1598
  75%   1598
  80%   1606
  90%   1606
  95%   1606
  98%   1606
  99%   1606
 100%   1606 (longest request)
