time="2023-04-08T09:47:18-04:00" level=info msg="Called startVMM(), setting up a VMM on /tmp/testtap.socket"
time="2023-04-08T09:47:18-04:00" level=info msg="VMM logging disabled."
time="2023-04-08T09:47:18-04:00" level=info msg="VMM metrics disabled."
time="2023-04-08T09:47:18-04:00" level=info msg="refreshMachineConfiguration: [GET /machine-config][200] getMachineConfigurationOK  &{CPUTemplate:Uninitialized HtEnabled:0xc00048e274 MemSizeMib:0xc00048e268 VcpuCount:0xc00048e260}"
time="2023-04-08T09:47:18-04:00" level=info msg="PutGuestBootSource: [PUT /boot-source][204] putGuestBootSourceNoContent "
time="2023-04-08T09:47:18-04:00" level=info msg="Attaching drive /tmp/test-proxy/polyglot-proxy.img, slot 1, root true."
time="2023-04-08T09:47:18-04:00" level=info msg="Attached drive /tmp/test-proxy/polyglot-proxy.img: [PUT /drives/{drive_id}][204] putGuestDriveByIdNoContent "
time="2023-04-08T09:47:18-04:00" level=info msg="Attaching NIC testtap (hwaddr DE:AD:BE:EF:46:88) at index 1"
2023-04-08T09:47:18.957831338 [anonymous-instance:main:WARN:src/vmm/src/builder.rs:599] Could not add serial input event to epoll: Error during epoll call: Operation not permitted (os error 1)
time="2023-04-08T09:47:18-04:00" level=info msg="startInstance successful: [PUT /actions][204] createSyncActionNoContent "
[    0.012000] dmi: Firmware registration failed.
[    0.040238] zswap: default zpool zbud not available
[    0.040484] zswap: pool creation failed
Graalvisor boot time: 182 ms.
Graalvisor listening on port 8080.
Warning: graalvisor compiled with no truffle language support.
Function filehashing registered with isolate sandboxing in 30 ms
[thread 41] New isolate sandbox 140255175901184 in 742 us
[thread 49] New isolate sandbox 140220522561536 in 471 us
[thread 51] New isolate sandbox 140186136608768 in 446 us
[thread 52] New isolate sandbox 140151767433216 in 671 us
[thread 53] New isolate sandbox 140117398257664 in 511 us
[thread 54] New isolate sandbox 140083029082112 in 420 us
[thread 55] New isolate sandbox 140048659906560 in 422 us
[thread 56] New isolate sandbox 140014290731008 in 414 us
time="2023-04-08T09:47:27-04:00" level=warning msg="firecracker exited: signal: terminated"
time="2023-04-08T09:47:27-04:00" level=fatal msg="Wait returned an error 1 error occurred:\n\t* signal: terminated\n\n"
