This is ApacheBench, Version 2.3 <$Revision: 1879490 $>
Copyright 1996 Adam Twiss, Zeus Technology Ltd, http://www.zeustech.net/
Licensed to The Apache Software Foundation, http://www.apache.org/

Benchmarking 172.18.0.2 (be patient)
Completed 200 requests
Completed 400 requests
Completed 600 requests
Completed 800 requests
Completed 1000 requests
Completed 1200 requests
Completed 1400 requests
Completed 1600 requests
Completed 1800 requests
Completed 2000 requests
Finished 2000 requests


Server Software:        
Server Hostname:        172.18.0.2
Server Port:            8080

Document Path:          /
Document Length:        94 bytes

Concurrency Level:      1
Time taken for tests:   12.913 seconds
Complete requests:      2000
Failed requests:        1952
   (Connect: 0, Receive: 0, Length: 1952, Exceptions: 0)
Total transferred:      376054 bytes
Total body sent:        394000
HTML transferred:       186054 bytes
Requests per second:    154.88 [#/sec] (mean)
Time per request:       6.456 [ms] (mean)
Time per request:       6.456 [ms] (mean, across all concurrent requests)
Transfer rate:          28.44 [Kbytes/sec] received
                        29.80 kb/s sent
                        58.24 kb/s total

Connection Times (ms)
              min  mean[+/-sd] median   max
Connect:        0    2  12.3      0      95
Processing:     0    5  19.1      0     102
Waiting:        0    2  12.8      0     102
Total:          0    6  22.5      1     102

Percentage of the requests served within a certain time (ms)
  50%      1
  66%      1
  75%      1
  80%      1
  90%      1
  95%     91
  98%     93
  99%     94
 100%    102 (longest request)
