This is ApacheBench, Version 2.3 <$Revision: 1879490 $>
Copyright 1996 Adam Twiss, Zeus Technology Ltd, http://www.zeustech.net/
Licensed to The Apache Software Foundation, http://www.apache.org/

Benchmarking 172.18.0.2 (be patient)
Completed 200 requests
Completed 400 requests
Completed 600 requests
Completed 800 requests
Completed 1000 requests
Completed 1200 requests
Completed 1400 requests
Completed 1600 requests
Completed 1800 requests
Completed 2000 requests
Finished 2000 requests


Server Software:        
Server Hostname:        172.18.0.2
Server Port:            8080

Document Path:          /
Document Length:        93 bytes

Concurrency Level:      1
Time taken for tests:   11.095 seconds
Complete requests:      2000
Failed requests:        59
   (Connect: 0, Receive: 0, Length: 59, Exceptions: 0)
Total transferred:      376049 bytes
Total body sent:        394000
HTML transferred:       186049 bytes
Requests per second:    180.26 [#/sec] (mean)
Time per request:       5.548 [ms] (mean)
Time per request:       5.548 [ms] (mean, across all concurrent requests)
Transfer rate:          33.10 [Kbytes/sec] received
                        34.68 kb/s sent
                        67.78 kb/s total

Connection Times (ms)
              min  mean[+/-sd] median   max
Connect:        0    2  12.3      0      94
Processing:     0    4  17.2      0      95
Waiting:        0    2  12.8      0      95
Total:          0    6  20.9      1      95

Percentage of the requests served within a certain time (ms)
  50%      1
  66%      1
  75%      1
  80%      1
  90%      1
  95%     90
  98%     92
  99%     93
 100%     95 (longest request)
