config: mmap_no_init_no_unmap_bench , n=100 , size=1048576
0.000001774
0.000000885
0.000000465
0.000000434
0.000000420
0.000000415
0.000000441
0.000000425
0.000000426
0.000000419
0.000000421
0.000000417
0.000000422
0.000000416
0.000000411
0.000000404
0.000000403
0.000000407
0.000000406
0.000000411
0.000000406
0.000000410
0.000000412
0.000000416
0.000000419
0.000000414
0.000000625
0.000000441
0.000000414
0.000000418
0.000000414
0.000000408
0.000000407
0.000000411
0.000000413
0.000000410
0.000000414
0.000000413
0.000000419
0.000000419
0.000000417
0.000000414
0.000000415
0.000000412
0.000000416
0.000000416
0.000000419
0.000000427
0.000000424
0.000000410
0.000000412
0.000000416
0.000000419
0.000000419
0.000000418
0.000000414
0.000000410
0.000000408
0.000000411
0.000000444
0.000000405
0.000000403
0.000000413
0.000000425
0.000000415
0.000000413
0.000000408
0.000000407
0.000000406
0.000000409
0.000000411
0.000000415
0.000000410
0.000000409
0.000000413
0.000000417
0.000000410
0.000000413
0.000000411
0.000000406
0.000000411
0.000000413
0.000000411
0.000000413
0.000000415
0.000000411
0.000000409
0.000000412
0.000000414
0.000000409
0.000000411
0.000000417
0.000000413
0.000000414
0.000000415
0.000000407
0.000000408
0.000000405
0.000000408
0.000000402
avg: 0.000000435
