config: mmap_init_no_unmap_bench , n=100 , size=1048576
0.003468336
0.003551904
0.003614271
0.003621378
0.003532851
0.003566299
0.004502133
0.005249108
0.006012934
0.006189214
0.006140526
0.005596119
0.005175813
0.004132273
0.004052825
0.003490437
0.003611428
0.003525652
0.003636967
0.003629378
0.003597027
0.003640607
0.003552853
0.003530929
0.003576104
0.003567786
0.003645188
0.003692022
0.003559814
0.003612307
0.003591118
0.003541890
0.003609879
0.003532341
0.003600045
0.003573723
0.003593290
0.003622870
0.003586425
0.003484145
0.003480257
0.003593026
0.003642441
0.003580500
0.003561375
0.003611048
0.003611865
0.003506166
0.003488240
0.003516707
0.003579407
0.003555383
0.003581183
0.003527055
0.003514847
0.003495646
0.003527351
0.003548974
0.003564543
0.003567477
0.003528572
0.003572206
0.003535485
0.003513512
0.003544871
0.003596762
0.003619663
0.003604373
0.003636500
0.003581117
0.003668994
0.003554756
0.003508933
0.003600133
0.003623577
0.003533129
0.003592411
0.003558568
0.003576886
0.003446630
0.003546686
0.003561473
0.003440389
0.003538673
0.003599467
0.003591821
0.003556398
0.003470242
0.003567513
0.003660537
0.003617801
0.003581210
0.003609405
0.003586966
0.003586537
0.003494125
0.003517102
0.003568092
0.003577494
0.003549617
avg: 0.003716823
