config: mmap_init_bench , n=100 , size=1048576
0.006524202
0.006928420
0.007345287
0.007349510
0.007339052
0.007108273
0.006483647
0.005589141
0.004428279
0.004206558
0.003876882
0.003605522
0.003807770
0.003849373
0.003821007
0.003851866
0.003619946
0.003660286
0.003657417
0.003583119
0.003621928
0.003664489
0.003604063
0.003605275
0.003628397
0.003621622
0.003561905
0.003628037
0.003594115
0.003578269
0.003616016
0.003674488
0.003663495
0.003551133
0.003592632
0.003613837
0.003565477
0.003543470
0.003652810
0.003644061
0.003662384
0.003639604
0.003627742
0.003565700
0.003670331
0.003608110
0.003656568
0.003573881
0.003612077
0.003574646
0.003639528
0.003593141
0.003592179
0.003614017
0.003581874
0.003673795
0.003565579
0.003634874
0.003625383
0.003598058
0.003608651
0.003580541
0.003598113
0.003634409
0.003604884
0.003538997
0.003575481
0.003651498
0.003675780
0.003577402
0.003618301
0.003588532
0.003640073
0.003624921
0.003553607
0.003603872
0.003574445
0.003705501
0.003660089
0.003680155
0.003637225
0.003594537
0.003627802
0.003651476
0.003525350
0.003677246
0.003632781
0.003582943
0.003673762
0.003597054
0.003696845
0.003596998
0.003662915
0.003599413
0.003618958
0.003679141
0.003622363
0.003593499
0.003647812
0.003653256
avg: 0.003900372
