config: mmap_no_init_bench , n=100 , size=1048576
0.000002758
0.000001227
0.000000782
0.000000811
0.000000771
0.000000760
0.000000759
0.000000799
0.000000758
0.000000764
0.000000756
0.000000806
0.000000755
0.000000756
0.000000748
0.000000753
0.000000750
0.000000749
0.000000753
0.000000810
0.000000761
0.000000756
0.000000756
0.000000749
0.000000748
0.000000755
0.000000747
0.000000755
0.000000753
0.000000752
0.000000760
0.000000761
0.000000749
0.000000757
0.000000745
0.000000752
0.000000752
0.000000790
0.000000758
0.000000740
0.000000743
0.000000756
0.000000754
0.000000759
0.000000747
0.000000754
0.000000754
0.000000746
0.000000750
0.000000755
0.000000755
0.000000792
0.000000755
0.000000757
0.000000756
0.000000751
0.000000752
0.000000752
0.000000756
0.000000754
0.000000748
0.000000754
0.000000744
0.000000753
0.000000750
0.000000785
0.000000749
0.000000755
0.000000747
0.000000753
0.000000754
0.000000754
0.000000755
0.000000747
0.000000747
0.000000750
0.000000752
0.000000753
0.000000748
0.000000756
0.000000751
0.000000755
0.000000754
0.000000751
0.000000747
0.000000749
0.000000752
0.000000754
0.000000749
0.000000753
0.000000752
0.000000752
0.000000752
0.000000749
0.000000751
0.000000756
0.000000754
0.000000757
0.000000758
0.000000748
avg: 0.000000781
