This is ApacheBench, Version 2.3 <$Revision: 1879490 $>
Copyright 1996 Adam Twiss, Zeus Technology Ltd, http://www.zeustech.net/
Licensed to The Apache Software Foundation, http://www.apache.org/

Benchmarking 172.18.0.2 (be patient).....done


Server Software:        
Server Hostname:        172.18.0.2
Server Port:            8080

Document Path:          /
Document Length:        67 bytes

Concurrency Level:      2
Time taken for tests:   18.477 seconds
Complete requests:      4
Failed requests:        0
Total transferred:      648 bytes
Total body sent:        1176
HTML transferred:       268 bytes
Requests per second:    0.22 [#/sec] (mean)
Time per request:       9238.716 [ms] (mean)
Time per request:       4619.358 [ms] (mean, across all concurrent requests)
Transfer rate:          0.03 [Kbytes/sec] received
                        0.06 kb/s sent
                        0.10 kb/s total

Connection Times (ms)
              min  mean[+/-sd] median   max
Connect:        0    0   0.1      0       0
Processing:  4572 6947 2730.7   9312    9313
Waiting:     4572 6947 2730.7   9312    9313
Total:       4572 6948 2730.8   9312    9313

Percentage of the requests served within a certain time (ms)
  50%   9312
  66%   9312
  75%   9313
  80%   9313
  90%   9313
  95%   9313
  98%   9313
  99%   9313
 100%   9313 (longest request)
