This is ApacheBench, Version 2.3 <$Revision: 1879490 $>
Copyright 1996 Adam Twiss, Zeus Technology Ltd, http://www.zeustech.net/
Licensed to The Apache Software Foundation, http://www.apache.org/

Benchmarking 172.172.0.2 (be patient)
Completed 1600 requests
Completed 3200 requests
Completed 4800 requests
Completed 6400 requests
Completed 8000 requests
Completed 9600 requests
Completed 11200 requests
Completed 12800 requests
Completed 14400 requests
Completed 16000 requests
Finished 16000 requests


Server Software:        
Server Hostname:        172.172.0.2
Server Port:            8080

Document Path:          /
Document Length:        95 bytes

Concurrency Level:      8
Time taken for tests:   8.451 seconds
Complete requests:      16000
Failed requests:        15958
   (Connect: 0, Receive: 0, Length: 15958, Exceptions: 0)
Total transferred:      3013878 bytes
Total body sent:        3168000
HTML transferred:       1493878 bytes
Requests per second:    1893.22 [#/sec] (mean)
Time per request:       4.226 [ms] (mean)
Time per request:       0.528 [ms] (mean, across all concurrent requests)
Transfer rate:          348.26 [Kbytes/sec] received
                        366.07 kb/s sent
                        714.33 kb/s total

Connection Times (ms)
              min  mean[+/-sd] median   max
Connect:        0    0   2.4      0      67
Processing:     1    4   7.4      2     167
Waiting:        0    4   7.2      2     167
Total:          1    4   7.8      3     167

Percentage of the requests served within a certain time (ms)
  50%      3
  66%      3
  75%      3
  80%      3
  90%      3
  95%      5
  98%     40
  99%     41
 100%    167 (longest request)
