This is ApacheBench, Version 2.3 <$Revision: 1879490 $>
Copyright 1996 Adam Twiss, Zeus Technology Ltd, http://www.zeustech.net/
Licensed to The Apache Software Foundation, http://www.apache.org/

Benchmarking 127.0.0.1 (be patient)
Completed 100 requests
Completed 200 requests
Finished 200 requests


Server Software:        
Server Hostname:        127.0.0.1
Server Port:            8081

Document Path:          /
Document Length:        304 bytes

Concurrency Level:      8
Time taken for tests:   0.373 seconds
Complete requests:      200
Failed requests:        2
   (Connect: 0, Receive: 0, Length: 2, Exceptions: 0)
Total transferred:      79998 bytes
Total body sent:        57600
HTML transferred:       60798 bytes
Requests per second:    536.56 [#/sec] (mean)
Time per request:       14.910 [ms] (mean)
Time per request:       1.864 [ms] (mean, across all concurrent requests)
Transfer rate:          209.59 [Kbytes/sec] received
                        150.91 kb/s sent
                        360.50 kb/s total

Connection Times (ms)
              min  mean[+/-sd] median   max
Connect:        0    0   0.0      0       0
Processing:    11   14   5.8     12      43
Waiting:       10   14   5.8     12      43
Total:         11   14   5.8     12      43

Percentage of the requests served within a certain time (ms)
  50%     12
  66%     13
  75%     14
  80%     14
  90%     16
  95%     17
  98%     42
  99%     43
 100%     43 (longest request)
