time="2023-04-06T22:48:25-04:00" level=info msg="Called startVMM(), setting up a VMM on /tmp/testtap.socket"
time="2023-04-06T22:48:25-04:00" level=info msg="VMM logging disabled."
time="2023-04-06T22:48:25-04:00" level=info msg="VMM metrics disabled."
time="2023-04-06T22:48:25-04:00" level=info msg="refreshMachineConfiguration: [GET /machine-config][200] getMachineConfigurationOK  &{CPUTemplate:Uninitialized HtEnabled:0xc0004d8184 MemSizeMib:0xc0004d8178 VcpuCount:0xc0004d8170}"
time="2023-04-06T22:48:25-04:00" level=info msg="PutGuestBootSource: [PUT /boot-source][204] putGuestBootSourceNoContent "
time="2023-04-06T22:48:25-04:00" level=info msg="Attaching drive /tmp/test-proxy/polyglot-proxy.img, slot 1, root true."
time="2023-04-06T22:48:25-04:00" level=info msg="Attached drive /tmp/test-proxy/polyglot-proxy.img: [PUT /drives/{drive_id}][204] putGuestDriveByIdNoContent "
time="2023-04-06T22:48:25-04:00" level=info msg="Attaching NIC testtap (hwaddr DE:AD:BE:EF:71:3E) at index 1"
2023-04-06T22:48:25.396279019 [anonymous-instance:main:WARN:src/vmm/src/builder.rs:599] Could not add serial input event to epoll: Error during epoll call: Operation not permitted (os error 1)
time="2023-04-06T22:48:25-04:00" level=info msg="startInstance successful: [PUT /actions][204] createSyncActionNoContent "
[    0.012000] dmi: Firmware registration failed.
[    0.040276] zswap: default zpool zbud not available
[    0.040516] zswap: pool creation failed
Graalvisor boot time: 165 ms.
Graalvisor listening on port 8080.
Warning: graalvisor compiled with no truffle language support.
Function hw registered with runtime sandboxing in 80 ms
[thread 40] New runtime sandbox 140213220278272 in 4016 us
time="2023-04-06T22:48:44-04:00" level=warning msg="firecracker exited: signal: terminated"
time="2023-04-06T22:48:44-04:00" level=fatal msg="Wait returned an error 1 error occurred:\n\t* signal: terminated\n\n"
