This is ApacheBench, Version 2.3 <$Revision: 1879490 $>
Copyright 1996 Adam Twiss, Zeus Technology Ltd, http://www.zeustech.net/
Licensed to The Apache Software Foundation, http://www.apache.org/

Benchmarking 172.18.0.2 (be patient)
Completed 100 requests
Completed 200 requests
Finished 256 requests


Server Software:        
Server Hostname:        172.18.0.2
Server Port:            8080

Document Path:          /
Document Length:        1214 bytes

Concurrency Level:      1
Time taken for tests:   10.089 seconds
Complete requests:      256
Failed requests:        169
   (Connect: 0, Receive: 0, Length: 169, Exceptions: 0)
Total transferred:      335711 bytes
Total body sent:        72704
HTML transferred:       310879 bytes
Requests per second:    25.37 [#/sec] (mean)
Time per request:       39.410 [ms] (mean)
Time per request:       39.410 [ms] (mean, across all concurrent requests)
Transfer rate:          32.49 [Kbytes/sec] received
                        7.04 kb/s sent
                        39.53 kb/s total

Connection Times (ms)
              min  mean[+/-sd] median   max
Connect:        0    7  25.2      0     191
Processing:     1   32  47.9      4     406
Waiting:        1   29  46.8      3     406
Total:          1   39  50.4      5     406

Percentage of the requests served within a certain time (ms)
  50%      5
  66%     91
  75%     94
  80%     94
  90%     95
  95%     97
  98%     97
  99%     99
 100%    406 (longest request)
