This is ApacheBench, Version 2.3 <$Revision: 1879490 $>
Copyright 1996 Adam Twiss, Zeus Technology Ltd, http://www.zeustech.net/
Licensed to The Apache Software Foundation, http://www.apache.org/

Benchmarking 172.18.0.2 (be patient).....done


Server Software:        
Server Hostname:        172.18.0.2
Server Port:            8080

Document Path:          /
Document Length:        139 bytes

Concurrency Level:      2
Time taken for tests:   1.106 seconds
Complete requests:      100
Failed requests:        74
   (Connect: 0, Receive: 0, Length: 74, Exceptions: 0)
Total transferred:      23675 bytes
Total body sent:        20000
HTML transferred:       14075 bytes
Requests per second:    90.44 [#/sec] (mean)
Time per request:       22.114 [ms] (mean)
Time per request:       11.057 [ms] (mean, across all concurrent requests)
Transfer rate:          20.91 [Kbytes/sec] received
                        17.66 kb/s sent
                        38.57 kb/s total

Connection Times (ms)
              min  mean[+/-sd] median   max
Connect:        0    0   0.5      0       5
Processing:     2   20  36.2     12     292
Waiting:        2   20  36.2     12     292
Total:          3   21  36.2     12     292

Percentage of the requests served within a certain time (ms)
  50%     12
  66%     13
  75%     16
  80%     17
  90%     73
  95%     92
  98%    105
  99%    292
 100%    292 (longest request)
