time="2023-04-08T10:32:49-04:00" level=info msg="Called startVMM(), setting up a VMM on /tmp/testtap.socket"
time="2023-04-08T10:32:49-04:00" level=info msg="VMM logging disabled."
time="2023-04-08T10:32:49-04:00" level=info msg="VMM metrics disabled."
time="2023-04-08T10:32:49-04:00" level=info msg="refreshMachineConfiguration: [GET /machine-config][200] getMachineConfigurationOK  &{CPUTemplate:Uninitialized HtEnabled:0xc0006903a4 MemSizeMib:0xc000690398 VcpuCount:0xc000690390}"
time="2023-04-08T10:32:49-04:00" level=info msg="PutGuestBootSource: [PUT /boot-source][204] putGuestBootSourceNoContent "
time="2023-04-08T10:32:49-04:00" level=info msg="Attaching drive /tmp/test-proxy/polyglot-proxy.img, slot 1, root true."
time="2023-04-08T10:32:49-04:00" level=info msg="Attached drive /tmp/test-proxy/polyglot-proxy.img: [PUT /drives/{drive_id}][204] putGuestDriveByIdNoContent "
time="2023-04-08T10:32:49-04:00" level=info msg="Attaching NIC testtap (hwaddr DE:AD:BE:EF:94:4D) at index 1"
2023-04-08T10:32:49.973870779 [anonymous-instance:main:WARN:src/vmm/src/builder.rs:599] Could not add serial input event to epoll: Error during epoll call: Operation not permitted (os error 1)
time="2023-04-08T10:32:49-04:00" level=info msg="startInstance successful: [PUT /actions][204] createSyncActionNoContent "
[    0.012096] dmi: Firmware registration failed.
[    0.040805] zswap: default zpool zbud not available
[    0.041069] zswap: pool creation failed
Graalvisor boot time: 165 ms.
Graalvisor listening on port 8080.
Warning: graalvisor compiled with no truffle language support.
Function mst registered with process sandboxing in 680 ms
[thread 1] Creating context org.graalvm.polyglot.Context@4b996fdb
[thread 41] New process sandbox 470 in 468 us
[thread 1] Creating context org.graalvm.polyglot.Context@1dcf9a7a
[thread 44] New process sandbox 483 in 465 us
[thread 1] Creating context org.graalvm.polyglot.Context@72a651d4
time="2023-04-08T10:33:24-04:00" level=warning msg="firecracker exited: signal: terminated"
time="2023-04-08T10:33:24-04:00" level=fatal msg="Wait returned an error 1 error occurred:\n\t* signal: terminated\n\n"
