This is ApacheBench, Version 2.3 <$Revision: 1879490 $>
Copyright 1996 Adam Twiss, Zeus Technology Ltd, http://www.zeustech.net/
Licensed to The Apache Software Foundation, http://www.apache.org/

Benchmarking 172.18.0.2 (be patient).....done


Server Software:        
Server Hostname:        172.18.0.2
Server Port:            8080

Document Path:          /
Document Length:        72 bytes

Concurrency Level:      1
Time taken for tests:   15.158 seconds
Complete requests:      25
Failed requests:        24
   (Connect: 0, Receive: 0, Length: 24, Exceptions: 0)
Total transferred:      4151 bytes
Total body sent:        10000
HTML transferred:       1776 bytes
Requests per second:    1.65 [#/sec] (mean)
Time per request:       606.322 [ms] (mean)
Time per request:       606.322 [ms] (mean, across all concurrent requests)
Transfer rate:          0.27 [Kbytes/sec] received
                        0.64 kb/s sent
                        0.91 kb/s total

Connection Times (ms)
              min  mean[+/-sd] median   max
Connect:        0    0   0.1      0       1
Processing:   489  606 432.6    507    2674
Waiting:      489  606 432.6    507    2674
Total:        490  606 432.6    507    2675

Percentage of the requests served within a certain time (ms)
  50%    506
  66%    526
  75%    527
  80%    531
  90%    600
  95%    669
  98%   2675
  99%   2675
 100%   2675 (longest request)
