This is ApacheBench, Version 2.3 <$Revision: 1879490 $>
Copyright 1996 Adam Twiss, Zeus Technology Ltd, http://www.zeustech.net/
Licensed to The Apache Software Foundation, http://www.apache.org/

Benchmarking 172.172.0.2 (be patient).....done


Server Software:        
Server Hostname:        172.172.0.2
Server Port:            8080

Document Path:          /
Document Length:        92 bytes

Concurrency Level:      1
Time taken for tests:   2.750 seconds
Complete requests:      10
Failed requests:        0
Total transferred:      1870 bytes
Total body sent:        2340
HTML transferred:       920 bytes
Requests per second:    3.64 [#/sec] (mean)
Time per request:       274.955 [ms] (mean)
Time per request:       274.955 [ms] (mean, across all concurrent requests)
Transfer rate:          0.66 [Kbytes/sec] received
                        0.83 kb/s sent
                        1.50 kb/s total

Connection Times (ms)
              min  mean[+/-sd] median   max
Connect:        0    0   0.2      0       1
Processing:   214  274 105.8    267     563
Waiting:      214  274 105.7    267     563
Total:        215  275 105.9    267     564

Percentage of the requests served within a certain time (ms)
  50%    267
  66%    268
  75%    271
  80%    294
  90%    564
  95%    564
  98%    564
  99%    564
 100%    564 (longest request)
