This is ApacheBench, Version 2.3 <$Revision: 1879490 $>
Copyright 1996 Adam Twiss, Zeus Technology Ltd, http://www.zeustech.net/
Licensed to The Apache Software Foundation, http://www.apache.org/

Benchmarking 172.18.0.2 (be patient).....done


Server Software:        
Server Hostname:        172.18.0.2
Server Port:            8080

Document Path:          /
Document Length:        123 bytes

Concurrency Level:      4
Time taken for tests:   0.440 seconds
Complete requests:      20
Failed requests:        2
   (Connect: 0, Receive: 0, Length: 2, Exceptions: 0)
Total transferred:      4302 bytes
Total body sent:        4780
HTML transferred:       2384 bytes
Requests per second:    45.49 [#/sec] (mean)
Time per request:       87.939 [ms] (mean)
Time per request:       21.985 [ms] (mean, across all concurrent requests)
Transfer rate:          9.55 [Kbytes/sec] received
                        10.62 kb/s sent
                        20.17 kb/s total

Connection Times (ms)
              min  mean[+/-sd] median   max
Connect:        0    0   0.0      0       0
Processing:     1   45 133.5      1     436
Waiting:        0   45 133.7      1     436
Total:          1   45 133.5      1     436

Percentage of the requests served within a certain time (ms)
  50%      1
  66%      2
  75%      5
  80%      6
  90%    436
  95%    436
  98%    436
  99%    436
 100%    436 (longest request)
