This is ApacheBench, Version 2.3 <$Revision: 1879490 $>
Copyright 1996 Adam Twiss, Zeus Technology Ltd, http://www.zeustech.net/
Licensed to The Apache Software Foundation, http://www.apache.org/

Benchmarking 172.172.0.2 (be patient).....done


Server Software:        
Server Hostname:        172.172.0.2
Server Port:            8080

Document Path:          /run
Document Length:        888 bytes

Concurrency Level:      1
Time taken for tests:   1.878 seconds
Complete requests:      25
Failed requests:        21
   (Connect: 0, Receive: 0, Length: 21, Exceptions: 0)
Total transferred:      24965 bytes
Total body sent:        6025
HTML transferred:       22240 bytes
Requests per second:    13.32 [#/sec] (mean)
Time per request:       75.102 [ms] (mean)
Time per request:       75.102 [ms] (mean, across all concurrent requests)
Transfer rate:          12.98 [Kbytes/sec] received
                        3.13 kb/s sent
                        16.12 kb/s total

Connection Times (ms)
              min  mean[+/-sd] median   max
Connect:        0    7  24.6      0      89
Processing:     4   68  57.1     94     194
Waiting:        4   68  57.1     94     194
Total:          4   75  54.5     95     194

Percentage of the requests served within a certain time (ms)
  50%     95
  66%     96
  75%     97
  80%     97
  90%    106
  95%    190
  98%    194
  99%    194
 100%    194 (longest request)
