This is ApacheBench, Version 2.3 <$Revision: 1879490 $>
Copyright 1996 Adam Twiss, Zeus Technology Ltd, http://www.zeustech.net/
Licensed to The Apache Software Foundation, http://www.apache.org/

Benchmarking 172.18.0.2 (be patient).....done


Server Software:        
Server Hostname:        172.18.0.2
Server Port:            8080

Document Path:          /
Document Length:        149 bytes

Concurrency Level:      2
Time taken for tests:   16.026 seconds
Complete requests:      100
Failed requests:        99
   (Connect: 0, Receive: 0, Length: 99, Exceptions: 0)
Total transferred:      24081 bytes
Total body sent:        20000
HTML transferred:       14481 bytes
Requests per second:    6.24 [#/sec] (mean)
Time per request:       320.511 [ms] (mean)
Time per request:       160.255 [ms] (mean, across all concurrent requests)
Transfer rate:          1.47 [Kbytes/sec] received
                        1.22 kb/s sent
                        2.69 kb/s total

Connection Times (ms)
              min  mean[+/-sd] median   max
Connect:        0    0   0.4      0       4
Processing:    20  212 1123.1     36    8120
Waiting:       20  212 1123.1     36    8120
Total:         20  212 1123.1     36    8120

Percentage of the requests served within a certain time (ms)
  50%     36
  66%     47
  75%     48
  80%     48
  90%    109
  95%    168
  98%   7905
  99%   8120
 100%   8120 (longest request)
