time="2023-04-08T10:11:16-04:00" level=info msg="Called startVMM(), setting up a VMM on /tmp/testtap.socket"
time="2023-04-08T10:11:16-04:00" level=info msg="VMM logging disabled."
time="2023-04-08T10:11:16-04:00" level=info msg="VMM metrics disabled."
time="2023-04-08T10:11:16-04:00" level=info msg="refreshMachineConfiguration: [GET /machine-config][200] getMachineConfigurationOK  &{CPUTemplate:Uninitialized HtEnabled:0xc000500074 MemSizeMib:0xc000500068 VcpuCount:0xc000500060}"
time="2023-04-08T10:11:16-04:00" level=info msg="PutGuestBootSource: [PUT /boot-source][204] putGuestBootSourceNoContent "
time="2023-04-08T10:11:16-04:00" level=info msg="Attaching drive /tmp/test-proxy/polyglot-proxy.img, slot 1, root true."
time="2023-04-08T10:11:16-04:00" level=info msg="Attached drive /tmp/test-proxy/polyglot-proxy.img: [PUT /drives/{drive_id}][204] putGuestDriveByIdNoContent "
time="2023-04-08T10:11:16-04:00" level=info msg="Attaching NIC testtap (hwaddr DE:AD:BE:EF:3E:0F) at index 1"
2023-04-08T10:11:16.131313458 [anonymous-instance:main:WARN:src/vmm/src/builder.rs:599] Could not add serial input event to epoll: Error during epoll call: Operation not permitted (os error 1)
time="2023-04-08T10:11:16-04:00" level=info msg="startInstance successful: [PUT /actions][204] createSyncActionNoContent "
[    0.012061] dmi: Firmware registration failed.
[    0.040197] zswap: default zpool zbud not available
[    0.040442] zswap: pool creation failed
Graalvisor boot time: 165 ms.
Graalvisor listening on port 8080.
Warning: graalvisor compiled with no truffle language support.
Function mst registered with context sandboxing in 713 ms
[thread 41] New context sandbox 140193401143296 in 30 us
[thread 39] Creating context org.graalvm.polyglot.Context@3c8f8c5e
[thread 43] New context sandbox 140193401143296 in 9 us
[thread 52] Creating context org.graalvm.polyglot.Context@3d83810
time="2023-04-08T10:11:34-04:00" level=warning msg="firecracker exited: signal: terminated"
time="2023-04-08T10:11:34-04:00" level=fatal msg="Wait returned an error 1 error occurred:\n\t* signal: terminated\n\n"
