This is ApacheBench, Version 2.3 <$Revision: 1879490 $>
Copyright 1996 Adam Twiss, Zeus Technology Ltd, http://www.zeustech.net/
Licensed to The Apache Software Foundation, http://www.apache.org/

Benchmarking 172.172.0.2 (be patient)
Completed 100 requests
Completed 200 requests
Finished 256 requests


Server Software:        
Server Hostname:        172.172.0.2
Server Port:            8080

Document Path:          /run
Document Length:        29 bytes

Concurrency Level:      1
Time taken for tests:   19.095 seconds
Complete requests:      256
Failed requests:        96
   (Connect: 0, Receive: 0, Length: 96, Exceptions: 0)
Total transferred:      60488 bytes
Total body sent:        50688
HTML transferred:       7496 bytes
Requests per second:    13.41 [#/sec] (mean)
Time per request:       74.588 [ms] (mean)
Time per request:       74.588 [ms] (mean, across all concurrent requests)
Transfer rate:          3.09 [Kbytes/sec] received
                        2.59 kb/s sent
                        5.69 kb/s total

Connection Times (ms)
              min  mean[+/-sd] median   max
Connect:        0    3  13.9      0      83
Processing:     1   72  51.5     90     395
Waiting:        1   68  51.1     90     395
Total:          2   75  51.7     91     396

Percentage of the requests served within a certain time (ms)
  50%     91
  66%     94
  75%     97
  80%     99
  90%    105
  95%    181
  98%    195
  99%    206
 100%    396 (longest request)
