This is ApacheBench, Version 2.3 <$Revision: 1879490 $>
Copyright 1996 Adam Twiss, Zeus Technology Ltd, http://www.zeustech.net/
Licensed to The Apache Software Foundation, http://www.apache.org/

Benchmarking 172.18.0.2 (be patient)
Completed 204 requests
Completed 408 requests
Completed 612 requests
Completed 816 requests
Completed 1020 requests
Completed 1224 requests
Completed 1428 requests
Completed 1632 requests
Completed 1836 requests
Completed 2040 requests
Finished 2048 requests


Server Software:        
Server Hostname:        172.18.0.2
Server Port:            8080

Document Path:          /
Document Length:        1213 bytes

Concurrency Level:      8
Time taken for tests:   3.067 seconds
Complete requests:      2048
Failed requests:        1347
   (Connect: 0, Receive: 0, Length: 1347, Exceptions: 0)
Total transferred:      2683359 bytes
Total body sent:        581632
HTML transferred:       2484703 bytes
Requests per second:    667.83 [#/sec] (mean)
Time per request:       11.979 [ms] (mean)
Time per request:       1.497 [ms] (mean, across all concurrent requests)
Transfer rate:          854.50 [Kbytes/sec] received
                        185.22 kb/s sent
                        1039.72 kb/s total

Connection Times (ms)
              min  mean[+/-sd] median   max
Connect:        0    0   0.3      0       9
Processing:     1   12   8.2      9      72
Waiting:        1   11   8.0      8      52
Total:          1   12   8.2      9      72

Percentage of the requests served within a certain time (ms)
  50%      9
  66%     13
  75%     17
  80%     20
  90%     24
  95%     28
  98%     32
  99%     35
 100%     72 (longest request)
