time="2023-04-06T16:07:12-04:00" level=info msg="Called startVMM(), setting up a VMM on /tmp/testtap.socket"
time="2023-04-06T16:07:12-04:00" level=info msg="VMM logging disabled."
time="2023-04-06T16:07:12-04:00" level=info msg="VMM metrics disabled."
time="2023-04-06T16:07:12-04:00" level=info msg="refreshMachineConfiguration: [GET /machine-config][200] getMachineConfigurationOK  &{CPUTemplate:Uninitialized HtEnabled:0xc00079f504 MemSizeMib:0xc00079f4f8 VcpuCount:0xc00079f4f0}"
time="2023-04-06T16:07:12-04:00" level=info msg="PutGuestBootSource: [PUT /boot-source][204] putGuestBootSourceNoContent "
time="2023-04-06T16:07:12-04:00" level=info msg="Attaching drive /tmp/test-proxy/polyglot-proxy.img, slot 1, root true."
time="2023-04-06T16:07:12-04:00" level=info msg="Attached drive /tmp/test-proxy/polyglot-proxy.img: [PUT /drives/{drive_id}][204] putGuestDriveByIdNoContent "
time="2023-04-06T16:07:12-04:00" level=info msg="Attaching NIC testtap (hwaddr DE:AD:BE:EF:D6:E9) at index 1"
2023-04-06T16:07:12.369402624 [anonymous-instance:main:WARN:src/vmm/src/builder.rs:599] Could not add serial input event to epoll: Error during epoll call: Operation not permitted (os error 1)
time="2023-04-06T16:07:12-04:00" level=info msg="startInstance successful: [PUT /actions][204] createSyncActionNoContent "
[    0.012000] dmi: Firmware registration failed.
[    0.041121] zswap: default zpool zbud not available
[    0.041372] zswap: pool creation failed
Graalvisor boot time: 171 ms.
Graalvisor listening on port 8080.
Warning: graalvisor compiled with no truffle language support.
Function httprequest registered with runtime sandboxing in 31 ms
[thread 40] New runtime sandbox 139649182859264 in 1537 us
[thread 48] New runtime sandbox 139614487576576 in 492 us
[thread 49] New runtime sandbox 139580118401024 in 490 us
[thread 50] New runtime sandbox 139545749225472 in 472 us
[thread 51] New runtime sandbox 139511380049920 in 450 us
[thread 52] New runtime sandbox 139477010874368 in 460 us
[thread 53] New runtime sandbox 139442641698816 in 479 us
[thread 54] New runtime sandbox 139408272523264 in 454 us
time="2023-04-06T16:07:19-04:00" level=warning msg="firecracker exited: signal: terminated"
time="2023-04-06T16:07:19-04:00" level=fatal msg="Wait returned an error 1 error occurred:\n\t* signal: terminated\n\n"
