This is ApacheBench, Version 2.3 <$Revision: 1879490 $>
Copyright 1996 Adam Twiss, Zeus Technology Ltd, http://www.zeustech.net/
Licensed to The Apache Software Foundation, http://www.apache.org/

Benchmarking 172.18.0.2 (be patient).....done


Server Software:        
Server Hostname:        172.18.0.2
Server Port:            8080

Document Path:          /
Document Length:        95 bytes

Concurrency Level:      2
Time taken for tests:   3.448 seconds
Complete requests:      4
Failed requests:        1
   (Connect: 0, Receive: 0, Length: 1, Exceptions: 0)
Total transferred:      759 bytes
Total body sent:        1168
HTML transferred:       379 bytes
Requests per second:    1.16 [#/sec] (mean)
Time per request:       1724.167 [ms] (mean)
Time per request:       862.083 [ms] (mean, across all concurrent requests)
Transfer rate:          0.21 [Kbytes/sec] received
                        0.33 kb/s sent
                        0.55 kb/s total

Connection Times (ms)
              min  mean[+/-sd] median   max
Connect:        0    0   0.0      0       0
Processing:   719 1288 427.9   1506    1705
Waiting:      719 1288 427.9   1506    1705
Total:        719 1288 427.9   1506    1705

Percentage of the requests served within a certain time (ms)
  50%   1506
  66%   1506
  75%   1705
  80%   1705
  90%   1705
  95%   1705
  98%   1705
  99%   1705
 100%   1705 (longest request)
