This is ApacheBench, Version 2.3 <$Revision: 1879490 $>
Copyright 1996 Adam Twiss, Zeus Technology Ltd, http://www.zeustech.net/
Licensed to The Apache Software Foundation, http://www.apache.org/

Benchmarking 172.18.0.2 (be patient).....done


Server Software:        
Server Hostname:        172.18.0.2
Server Port:            8080

Document Path:          /
Document Length:        86 bytes

Concurrency Level:      1
Time taken for tests:   13.289 seconds
Complete requests:      5
Failed requests:        0
Total transferred:      905 bytes
Total body sent:        1195
HTML transferred:       430 bytes
Requests per second:    0.38 [#/sec] (mean)
Time per request:       2657.893 [ms] (mean)
Time per request:       2657.893 [ms] (mean, across all concurrent requests)
Transfer rate:          0.07 [Kbytes/sec] received
                        0.09 kb/s sent
                        0.15 kb/s total

Connection Times (ms)
              min  mean[+/-sd] median   max
Connect:        0    0   0.1      0       0
Processing:  1403 2658 1864.9   2250    5900
Waiting:     1403 2657 1864.7   2250    5899
Total:       1403 2658 1864.9   2250    5900

Percentage of the requests served within a certain time (ms)
  50%   2006
  66%   2494
  75%   2494
  80%   5900
  90%   5900
  95%   5900
  98%   5900
  99%   5900
 100%   5900 (longest request)
