This is ApacheBench, Version 2.3 <$Revision: 1879490 $>
Copyright 1996 Adam Twiss, Zeus Technology Ltd, http://www.zeustech.net/
Licensed to The Apache Software Foundation, http://www.apache.org/

Benchmarking 172.18.0.2 (be patient).....done


Server Software:        
Server Hostname:        172.18.0.2
Server Port:            8080

Document Path:          /warmup
Document Length:        149 bytes

Concurrency Level:      1
Time taken for tests:   8.518 seconds
Complete requests:      1
Failed requests:        0
Total transferred:      245 bytes
Total body sent:        206
HTML transferred:       149 bytes
Requests per second:    0.12 [#/sec] (mean)
Time per request:       8518.215 [ms] (mean)
Time per request:       8518.215 [ms] (mean, across all concurrent requests)
Transfer rate:          0.03 [Kbytes/sec] received
                        0.02 kb/s sent
                        0.05 kb/s total

Connection Times (ms)
              min  mean[+/-sd] median   max
Connect:        0    0   0.0      0       0
Processing:  8518 8518   0.0   8518    8518
Waiting:     8518 8518   0.0   8518    8518
Total:       8518 8518   0.0   8518    8518
