This is ApacheBench, Version 2.3 <$Revision: 1879490 $>
Copyright 1996 Adam Twiss, Zeus Technology Ltd, http://www.zeustech.net/
Licensed to The Apache Software Foundation, http://www.apache.org/

Benchmarking 172.18.0.2 (be patient).....done


Server Software:        
Server Hostname:        172.18.0.2
Server Port:            8080

Document Path:          /
Document Length:        139 bytes

Concurrency Level:      2
Time taken for tests:   0.962 seconds
Complete requests:      100
Failed requests:        58
   (Connect: 0, Receive: 0, Length: 58, Exceptions: 0)
Total transferred:      23661 bytes
Total body sent:        20000
HTML transferred:       14061 bytes
Requests per second:    103.96 [#/sec] (mean)
Time per request:       19.239 [ms] (mean)
Time per request:       9.619 [ms] (mean, across all concurrent requests)
Transfer rate:          24.02 [Kbytes/sec] received
                        20.30 kb/s sent
                        44.32 kb/s total

Connection Times (ms)
              min  mean[+/-sd] median   max
Connect:        0    0   0.3      0       2
Processing:     2   19  31.9     12     221
Waiting:        2   19  31.9     12     221
Total:          2   19  31.9     12     221

Percentage of the requests served within a certain time (ms)
  50%     12
  66%     12
  75%     13
  80%     16
  90%     29
  95%     84
  98%    171
  99%    221
 100%    221 (longest request)
