This is ApacheBench, Version 2.3 <$Revision: 1879490 $>
Copyright 1996 Adam Twiss, Zeus Technology Ltd, http://www.zeustech.net/
Licensed to The Apache Software Foundation, http://www.apache.org/

Benchmarking 172.172.0.2 (be patient)
Completed 204 requests
Completed 408 requests
Completed 612 requests
Completed 816 requests
Completed 1020 requests
Completed 1224 requests
Completed 1428 requests
Completed 1632 requests
Completed 1836 requests
Completed 2040 requests
Finished 2048 requests


Server Software:        
Server Hostname:        172.172.0.2
Server Port:            8080

Document Path:          /
Document Length:        94 bytes

Concurrency Level:      8
Time taken for tests:   1.132 seconds
Complete requests:      2048
Failed requests:        2045
   (Connect: 0, Receive: 0, Length: 2045, Exceptions: 0)
Total transferred:      382030 bytes
Total body sent:        372736
HTML transferred:       187470 bytes
Requests per second:    1808.73 [#/sec] (mean)
Time per request:       4.423 [ms] (mean)
Time per request:       0.553 [ms] (mean, across all concurrent requests)
Transfer rate:          329.49 [Kbytes/sec] received
                        321.47 kb/s sent
                        650.96 kb/s total

Connection Times (ms)
              min  mean[+/-sd] median   max
Connect:        0    0   2.8      0      41
Processing:     0    4   6.6      2      42
Waiting:        0    3   6.4      2      42
Total:          1    4   7.1      3      42

Percentage of the requests served within a certain time (ms)
  50%      3
  66%      3
  75%      3
  80%      4
  90%      5
  95%     11
  98%     40
  99%     41
 100%     42 (longest request)
