This is ApacheBench, Version 2.3 <$Revision: 1879490 $>
Copyright 1996 Adam Twiss, Zeus Technology Ltd, http://www.zeustech.net/
Licensed to The Apache Software Foundation, http://www.apache.org/

Benchmarking 172.18.0.2 (be patient).....done


Server Software:        
Server Hostname:        172.18.0.2
Server Port:            8080

Document Path:          /
Document Length:        71 bytes

Concurrency Level:      1
Time taken for tests:   4.707 seconds
Complete requests:      25
Failed requests:        0
Total transferred:      4150 bytes
Total body sent:        9925
HTML transferred:       1775 bytes
Requests per second:    5.31 [#/sec] (mean)
Time per request:       188.272 [ms] (mean)
Time per request:       188.272 [ms] (mean, across all concurrent requests)
Transfer rate:          0.86 [Kbytes/sec] received
                        2.06 kb/s sent
                        2.92 kb/s total

Connection Times (ms)
              min  mean[+/-sd] median   max
Connect:        0    0   0.3      0       2
Processing:   152  188 144.1    159     879
Waiting:      152  188 144.1    159     879
Total:        152  188 144.1    159     879

Percentage of the requests served within a certain time (ms)
  50%    159
  66%    163
  75%    165
  80%    167
  90%    169
  95%    169
  98%    879
  99%    879
 100%    879 (longest request)
