This is ApacheBench, Version 2.3 <$Revision: 1879490 $>
Copyright 1996 Adam Twiss, Zeus Technology Ltd, http://www.zeustech.net/
Licensed to The Apache Software Foundation, http://www.apache.org/

Benchmarking 172.18.0.2 (be patient)
Completed 4000 requests
Completed 8000 requests
Completed 12000 requests
Completed 16000 requests
Completed 20000 requests
Completed 24000 requests
Completed 28000 requests
Completed 32000 requests
Completed 36000 requests
Completed 40000 requests
Finished 40000 requests


Server Software:        
Server Hostname:        172.18.0.2
Server Port:            8080

Document Path:          /
Document Length:        87 bytes

Concurrency Level:      8
Time taken for tests:   35.251 seconds
Complete requests:      40000
Failed requests:        39999
   (Connect: 0, Receive: 0, Length: 39999, Exceptions: 0)
Total transferred:      7490612 bytes
Total body sent:        8120000
HTML transferred:       3690612 bytes
Requests per second:    1134.71 [#/sec] (mean)
Time per request:       7.050 [ms] (mean)
Time per request:       0.881 [ms] (mean, across all concurrent requests)
Transfer rate:          207.51 [Kbytes/sec] received
                        224.95 kb/s sent
                        432.46 kb/s total

Connection Times (ms)
              min  mean[+/-sd] median   max
Connect:        0    0   1.2      0      31
Processing:     1    7   8.0      5     458
Waiting:        0    6   7.9      5     455
Total:          1    7   8.1      5     458

Percentage of the requests served within a certain time (ms)
  50%      5
  66%      6
  75%      6
  80%      6
  90%      7
  95%     26
  98%     29
  99%     32
 100%    458 (longest request)
