This is ApacheBench, Version 2.3 <$Revision: 1879490 $>
Copyright 1996 Adam Twiss, Zeus Technology Ltd, http://www.zeustech.net/
Licensed to The Apache Software Foundation, http://www.apache.org/

Benchmarking 172.172.0.2 (be patient).....done


Server Software:        
Server Hostname:        172.172.0.2
Server Port:            8080

Document Path:          /
Document Length:        1073 bytes

Concurrency Level:      4
Time taken for tests:   20.831 seconds
Complete requests:      100
Failed requests:        60
   (Connect: 0, Receive: 0, Length: 60, Exceptions: 0)
Total transferred:      116919 bytes
Total body sent:        28300
HTML transferred:       107219 bytes
Requests per second:    4.80 [#/sec] (mean)
Time per request:       833.255 [ms] (mean)
Time per request:       208.314 [ms] (mean, across all concurrent requests)
Transfer rate:          5.48 [Kbytes/sec] received
                        1.33 kb/s sent
                        6.81 kb/s total

Connection Times (ms)
              min  mean[+/-sd] median   max
Connect:        0    0   0.4      0       4
Processing:    23  602 2762.4     44   16060
Waiting:       23  601 2762.5     44   16060
Total:         24  602 2762.5     44   16060

Percentage of the requests served within a certain time (ms)
  50%     44
  66%     64
  75%     76
  80%     88
  90%    154
  95%    636
  98%  15961
  99%  16060
 100%  16060 (longest request)
