This is ApacheBench, Version 2.3 <$Revision: 1879490 $>
Copyright 1996 Adam Twiss, Zeus Technology Ltd, http://www.zeustech.net/
Licensed to The Apache Software Foundation, http://www.apache.org/

Benchmarking 172.18.0.2 (be patient).....done


Server Software:        
Server Hostname:        172.18.0.2
Server Port:            8080

Document Path:          /
Document Length:        113 bytes

Concurrency Level:      1
Time taken for tests:   0.419 seconds
Complete requests:      2
Failed requests:        0
Total transferred:      418 bytes
Total body sent:        584
HTML transferred:       226 bytes
Requests per second:    4.77 [#/sec] (mean)
Time per request:       209.687 [ms] (mean)
Time per request:       209.687 [ms] (mean, across all concurrent requests)
Transfer rate:          0.97 [Kbytes/sec] received
                        1.36 kb/s sent
                        2.33 kb/s total

Connection Times (ms)
              min  mean[+/-sd] median   max
Connect:        0    0   0.1      0       0
Processing:   203  209   8.6    216     216
Waiting:      203  209   8.6    216     216
Total:        204  210   8.7    216     216

Percentage of the requests served within a certain time (ms)
  50%    216
  66%    216
  75%    216
  80%    216
  90%    216
  95%    216
  98%    216
  99%    216
 100%    216 (longest request)
