This is ApacheBench, Version 2.3 <$Revision: 1879490 $>
Copyright 1996 Adam Twiss, Zeus Technology Ltd, http://www.zeustech.net/
Licensed to The Apache Software Foundation, http://www.apache.org/

Benchmarking 172.18.0.2 (be patient).....done


Server Software:        
Server Hostname:        172.18.0.2
Server Port:            8080

Document Path:          /
Document Length:        1072 bytes

Concurrency Level:      1
Time taken for tests:   1.290 seconds
Complete requests:      5
Failed requests:        4
   (Connect: 0, Receive: 0, Length: 4, Exceptions: 0)
Total transferred:      5851 bytes
Total body sent:        1420
HTML transferred:       5366 bytes
Requests per second:    3.88 [#/sec] (mean)
Time per request:       257.958 [ms] (mean)
Time per request:       257.958 [ms] (mean, across all concurrent requests)
Transfer rate:          4.43 [Kbytes/sec] received
                        1.08 kb/s sent
                        5.51 kb/s total

Connection Times (ms)
              min  mean[+/-sd] median   max
Connect:        0   15  33.2      0      75
Processing:   203  243  48.9    248     306
Waiting:      203  243  48.9    248     306
Total:        204  258  47.0    284     306

Percentage of the requests served within a certain time (ms)
  50%    283
  66%    286
  75%    286
  80%    306
  90%    306
  95%    306
  98%    306
  99%    306
 100%    306 (longest request)
