This is ApacheBench, Version 2.3 <$Revision: 1879490 $>
Copyright 1996 Adam Twiss, Zeus Technology Ltd, http://www.zeustech.net/
Licensed to The Apache Software Foundation, http://www.apache.org/

Benchmarking 172.18.0.2 (be patient)
Completed 100 requests
Completed 200 requests
Finished 256 requests


Server Software:        
Server Hostname:        172.18.0.2
Server Port:            8080

Document Path:          /run
Document Length:        33 bytes

Concurrency Level:      1
Time taken for tests:   5.591 seconds
Complete requests:      256
Failed requests:        0
Total transferred:      61440 bytes
Total body sent:        36352
HTML transferred:       8448 bytes
Requests per second:    45.79 [#/sec] (mean)
Time per request:       21.839 [ms] (mean)
Time per request:       21.839 [ms] (mean, across all concurrent requests)
Transfer rate:          10.73 [Kbytes/sec] received
                        6.35 kb/s sent
                        17.08 kb/s total

Connection Times (ms)
              min  mean[+/-sd] median   max
Connect:        0    3  16.6      0      93
Processing:     0   18  34.9      2      96
Waiting:        0   15  31.7      2      96
Total:          1   22  37.3      2      97

Percentage of the requests served within a certain time (ms)
  50%      2
  66%      2
  75%      3
  80%     89
  90%     93
  95%     93
  98%     94
  99%     95
 100%     97 (longest request)
