This is ApacheBench, Version 2.3 <$Revision: 1879490 $>
Copyright 1996 Adam Twiss, Zeus Technology Ltd, http://www.zeustech.net/
Licensed to The Apache Software Foundation, http://www.apache.org/

Benchmarking 172.18.0.2 (be patient).....done


Server Software:        
Server Hostname:        172.18.0.2
Server Port:            8080

Document Path:          /
Document Length:        67 bytes

Concurrency Level:      2
Time taken for tests:   18.852 seconds
Complete requests:      4
Failed requests:        0
Total transferred:      648 bytes
Total body sent:        1176
HTML transferred:       268 bytes
Requests per second:    0.21 [#/sec] (mean)
Time per request:       9426.250 [ms] (mean)
Time per request:       4713.125 [ms] (mean, across all concurrent requests)
Transfer rate:          0.03 [Kbytes/sec] received
                        0.06 kb/s sent
                        0.09 kb/s total

Connection Times (ms)
              min  mean[+/-sd] median   max
Connect:        0    0   0.0      0       0
Processing:  4663 7082 2743.3   9438    9477
Waiting:     4663 7082 2743.3   9438    9477
Total:       4663 7083 2743.3   9439    9478

Percentage of the requests served within a certain time (ms)
  50%   9439
  66%   9439
  75%   9478
  80%   9478
  90%   9478
  95%   9478
  98%   9478
  99%   9478
 100%   9478 (longest request)
