time="2023-04-08T09:46:29-04:00" level=info msg="Called startVMM(), setting up a VMM on /tmp/testtap.socket"
time="2023-04-08T09:46:29-04:00" level=info msg="VMM logging disabled."
time="2023-04-08T09:46:29-04:00" level=info msg="VMM metrics disabled."
time="2023-04-08T09:46:29-04:00" level=info msg="refreshMachineConfiguration: [GET /machine-config][200] getMachineConfigurationOK  &{CPUTemplate:Uninitialized HtEnabled:0xc000782c94 MemSizeMib:0xc000782c88 VcpuCount:0xc000782c80}"
time="2023-04-08T09:46:29-04:00" level=info msg="PutGuestBootSource: [PUT /boot-source][204] putGuestBootSourceNoContent "
time="2023-04-08T09:46:29-04:00" level=info msg="Attaching drive /tmp/test-proxy/polyglot-proxy.img, slot 1, root true."
time="2023-04-08T09:46:29-04:00" level=info msg="Attached drive /tmp/test-proxy/polyglot-proxy.img: [PUT /drives/{drive_id}][204] putGuestDriveByIdNoContent "
time="2023-04-08T09:46:29-04:00" level=info msg="Attaching NIC testtap (hwaddr DE:AD:BE:EF:F3:B2) at index 1"
2023-04-08T09:46:29.475419328 [anonymous-instance:main:WARN:src/vmm/src/builder.rs:599] Could not add serial input event to epoll: Error during epoll call: Operation not permitted (os error 1)
time="2023-04-08T09:46:29-04:00" level=info msg="startInstance successful: [PUT /actions][204] createSyncActionNoContent "
[    0.012000] dmi: Firmware registration failed.
[    0.036674] zswap: default zpool zbud not available
[    0.036915] zswap: pool creation failed
Graalvisor boot time: 163 ms.
Graalvisor listening on port 8080.
Warning: graalvisor compiled with no truffle language support.
Function hw registered with isolate sandboxing in 23 ms
[thread 41] New isolate sandbox 139559659634688 in 696 us
[thread 49] New isolate sandbox 139525031460864 in 412 us
[thread 51] New isolate sandbox 139490628730880 in 412 us
[thread 52] New isolate sandbox 139456259555328 in 601 us
[thread 53] New isolate sandbox 139421890379776 in 358 us
[thread 54] New isolate sandbox 139387521204224 in 360 us
[thread 55] New isolate sandbox 139353152028672 in 368 us
[thread 56] New isolate sandbox 139318782853120 in 362 us
time="2023-04-08T09:46:33-04:00" level=warning msg="firecracker exited: signal: terminated"
time="2023-04-08T09:46:33-04:00" level=fatal msg="Wait returned an error 1 error occurred:\n\t* signal: terminated\n\n"
