This is ApacheBench, Version 2.3 <$Revision: 1879490 $>
Copyright 1996 Adam Twiss, Zeus Technology Ltd, http://www.zeustech.net/
Licensed to The Apache Software Foundation, http://www.apache.org/

Benchmarking 172.18.0.2 (be patient).....done


Server Software:        
Server Hostname:        172.18.0.2
Server Port:            8080

Document Path:          /
Document Length:        67 bytes

Concurrency Level:      2
Time taken for tests:   18.871 seconds
Complete requests:      4
Failed requests:        0
Total transferred:      648 bytes
Total body sent:        1176
HTML transferred:       268 bytes
Requests per second:    0.21 [#/sec] (mean)
Time per request:       9435.306 [ms] (mean)
Time per request:       4717.653 [ms] (mean, across all concurrent requests)
Transfer rate:          0.03 [Kbytes/sec] received
                        0.06 kb/s sent
                        0.09 kb/s total

Connection Times (ms)
              min  mean[+/-sd] median   max
Connect:        0    0   0.1      0       0
Processing:  4688 7081 2719.5   9418    9454
Waiting:     4688 7081 2719.5   9418    9454
Total:       4689 7081 2719.4   9418    9454

Percentage of the requests served within a certain time (ms)
  50%   9418
  66%   9418
  75%   9454
  80%   9454
  90%   9454
  95%   9454
  98%   9454
  99%   9454
 100%   9454 (longest request)
