This is ApacheBench, Version 2.3 <$Revision: 1879490 $>
Copyright 1996 Adam Twiss, Zeus Technology Ltd, http://www.zeustech.net/
Licensed to The Apache Software Foundation, http://www.apache.org/

Benchmarking 172.18.0.2 (be patient).....done


Server Software:        
Server Hostname:        172.18.0.2
Server Port:            8080

Document Path:          /
Document Length:        67 bytes

Concurrency Level:      2
Time taken for tests:   18.561 seconds
Complete requests:      4
Failed requests:        0
Total transferred:      648 bytes
Total body sent:        1176
HTML transferred:       268 bytes
Requests per second:    0.22 [#/sec] (mean)
Time per request:       9280.706 [ms] (mean)
Time per request:       4640.353 [ms] (mean, across all concurrent requests)
Transfer rate:          0.03 [Kbytes/sec] received
                        0.06 kb/s sent
                        0.10 kb/s total

Connection Times (ms)
              min  mean[+/-sd] median   max
Connect:        0    0   0.1      0       0
Processing:  4625 6963 2688.7   9292    9292
Waiting:     4625 6963 2688.8   9292    9292
Total:       4625 6963 2688.7   9292    9292

Percentage of the requests served within a certain time (ms)
  50%   9292
  66%   9292
  75%   9292
  80%   9292
  90%   9292
  95%   9292
  98%   9292
  99%   9292
 100%   9292 (longest request)
