time="2023-04-06T17:22:43-04:00" level=info msg="Called startVMM(), setting up a VMM on /tmp/testtap.socket"
time="2023-04-06T17:22:43-04:00" level=info msg="VMM logging disabled."
time="2023-04-06T17:22:43-04:00" level=info msg="VMM metrics disabled."
time="2023-04-06T17:22:43-04:00" level=info msg="refreshMachineConfiguration: [GET /machine-config][200] getMachineConfigurationOK  &{CPUTemplate:Uninitialized HtEnabled:0xc0006120e4 MemSizeMib:0xc0006120c8 VcpuCount:0xc0006120c0}"
time="2023-04-06T17:22:43-04:00" level=info msg="PutGuestBootSource: [PUT /boot-source][204] putGuestBootSourceNoContent "
time="2023-04-06T17:22:43-04:00" level=info msg="Attaching drive /tmp/test-proxy/polyglot-proxy.img, slot 1, root true."
time="2023-04-06T17:22:43-04:00" level=info msg="Attached drive /tmp/test-proxy/polyglot-proxy.img: [PUT /drives/{drive_id}][204] putGuestDriveByIdNoContent "
time="2023-04-06T17:22:43-04:00" level=info msg="Attaching NIC testtap (hwaddr DE:AD:BE:EF:13:59) at index 1"
2023-04-06T17:22:43.107353340 [anonymous-instance:main:WARN:src/vmm/src/builder.rs:599] Could not add serial input event to epoll: Error during epoll call: Operation not permitted (os error 1)
time="2023-04-06T17:22:43-04:00" level=info msg="startInstance successful: [PUT /actions][204] createSyncActionNoContent "
[    0.012000] dmi: Firmware registration failed.
[    0.040511] zswap: default zpool zbud not available
[    0.040747] zswap: pool creation failed
Graalvisor boot time: 182 ms.
Graalvisor listening on port 8080.
Warning: graalvisor compiled with no truffle language support.
Function shopcart registered with isolate sandboxing in 493 ms
[thread 40] New isolate sandbox 140527503671296 in 7172 us
 __  __ _                                  _   
|  \/  (_) ___ _ __ ___  _ __   __ _ _   _| |_ 
| |\/| | |/ __| '__/ _ \| '_ \ / _` | | | | __|
| |  | | | (__| | | (_) | | | | (_| | |_| | |_ 
|_|  |_|_|\___|_|  \___/|_| |_|\__,_|\__,_|\__|
  Micronaut (v3.3.1)

[36m17:22:44.564[0;39m [1;30m[main][0;39m [34mINFO [0;39m [35mio.micronaut.runtime.Micronaut[0;39m - Startup completed in 32ms. Server Running: http://localhost:46805
[thread 48] New isolate sandbox 140492858720256 in 23009 us
[thread 50] New isolate sandbox 140424137146368 in 22362 us
[thread 49] New isolate sandbox 140458497933312 in 28484 us
 __  __ _                                  _   
|  \/  (_) ___ _ __ ___  _ __   __ _ _   _| |_ 
| |\/| | |/ __| '__/ _ \| '_ \ / _` | | | | __|
| |  | | | (__| | | (_) | | | | (_| | |_| | |_ 
|_|  |_|_|\___|_|  \___/|_| |_|\__,_|\__,_|\__| __  __ _                                  _   
|  \/  (_) ___ _ __ ___  _ __   __ _ _   _| |_ 
| |\/| | |/ __| '__/ _ \| '_ \ / _` | | | | __| __  __ _                                  _   
|  \/  (_) ___ _ __ ___  _ __   __ _ _   _| |_ 
| |\/| | |/ __| '__/ _ \| '_ \ / _` | | | | __|

| |  | | | (__| | | (_) | | | | (_| | |_| | |_ | |  | | | (__| | | (_) | | | | (_| | |_| | |_ 
|_|  |_|_|\___|_|  \___/|_| |_|\__,_|\__,_|\__|
  Micronaut (v3.3.1)


  Micronaut (v3.3.1)


|_|  |_|_|\___|_|  \___/|_| |_|\__,_|\__,_|\__|
  Micronaut (v3.3.1)

[36m17:22:44.794[0;39m [1;30m[main][0;39m [34mINFO [0;39m [35mio.micronaut.runtime.Micronaut[0;39m - Startup completed in 162ms. Server Running: http://localhost:36487
[36m17:22:44.799[0;39m [1;30m[main][0;39m [34mINFO [0;39m [35mio.micronaut.runtime.Micronaut[0;39m - Startup completed in 173ms. Server Running: http://localhost:39969
[36m17:22:44.805[0;39m [1;30m[main][0;39m [34mINFO [0;39m [35mio.micronaut.runtime.Micronaut[0;39m - Startup completed in 178ms. Server Running: http://localhost:32865
[thread 51] New isolate sandbox 140320954122240 in 22394 us
[thread 53] New isolate sandbox 140389675696128 in 31176 us
[thread 52] New isolate sandbox 140355314909184 in 33780 us
 __  __ _                                  _    __  __ _                                  _   
|  \/  (_) ___ _ __ ___  _ __   __ _ _   _| |_ 
| |\/| | |/ __| '__/ _ \| '_ \ / _` | | | | __|
| |  | | | (__| | | (_) | | | | (_| | |_| | |_  __  __ _                                  _   
|  \/  (_) ___ _ __ ___  _ __   __ _ _   _| |_ 
| |\/| | |/ __| '__/ _ \| '_ \ / _` | | | | __|
| |  | | | (__| | | (_) | | | | (_| | |_| | |_ 
|_|  |_|_|\___|_|  \___/|_| |_|\__,_|\__,_|\__|
|  \/  (_) ___ _ __ ___  _ __   __ _ _   _| |_ 
| |\/| | |/ __| '__/ _ \| '_ \ / _` | | | | __|
| |  | | | (__| | | (_) | | | | (_| | |_| | |_ 
|_|  |_|_|\___|_|  \___/|_| |_|\__,_|\__,_|\__|
  Micronaut (v3.3.1)


|_|  |_|_|\___|_|  \___/|_| |_|\__,_|\__,_|\__|
  Micronaut (v3.3.1)

[thread 54] New isolate sandbox 140286559780864 in 46807 us
  Micronaut (v3.3.1)


 __  __ _                                  _   
|  \/  (_) ___ _ __ ___  _ __   __ _ _   _| |_ 
| |\/| | |/ __| '__/ _ \| '_ \ / _` | | | | __|
| |  | | | (__| | | (_) | | | | (_| | |_| | |_ 
|_|  |_|_|\___|_|  \___/|_| |_|\__,_|\__,_|\__|
  Micronaut (v3.3.1)

[36m17:22:45.614[0;39m [1;30m[main][0;39m [34mINFO [0;39m [35mio.micronaut.runtime.Micronaut[0;39m - Startup completed in 184ms. Server Running: http://localhost:36031
[36m17:22:45.620[0;39m [1;30m[main][0;39m [34mINFO [0;39m [35mio.micronaut.runtime.Micronaut[0;39m - Startup completed in 210ms. Server Running: http://localhost:40009
[36m17:22:45.626[0;39m [1;30m[main][0;39m [34mINFO [0;39m [35mio.micronaut.runtime.Micronaut[0;39m - Startup completed in 211ms. Server Running: http://localhost:39771
[36m17:22:45.660[0;39m [1;30m[main][0;39m [34mINFO [0;39m [35mio.micronaut.runtime.Micronaut[0;39m - Startup completed in 171ms. Server Running: http://localhost:37349
time="2023-04-06T17:23:50-04:00" level=warning msg="firecracker exited: signal: terminated"
time="2023-04-06T17:23:50-04:00" level=fatal msg="Wait returned an error 1 error occurred:\n\t* signal: terminated\n\n"
