time="2023-04-08T10:19:59-04:00" level=info msg="Called startVMM(), setting up a VMM on /tmp/testtap.socket"
time="2023-04-08T10:19:59-04:00" level=info msg="VMM logging disabled."
time="2023-04-08T10:19:59-04:00" level=info msg="VMM metrics disabled."
time="2023-04-08T10:19:59-04:00" level=info msg="refreshMachineConfiguration: [GET /machine-config][200] getMachineConfigurationOK  &{CPUTemplate:Uninitialized HtEnabled:0xc000803b64 MemSizeMib:0xc000803b58 VcpuCount:0xc000803b50}"
time="2023-04-08T10:19:59-04:00" level=info msg="PutGuestBootSource: [PUT /boot-source][204] putGuestBootSourceNoContent "
time="2023-04-08T10:19:59-04:00" level=info msg="Attaching drive /tmp/test-proxy/polyglot-proxy.img, slot 1, root true."
time="2023-04-08T10:19:59-04:00" level=info msg="Attached drive /tmp/test-proxy/polyglot-proxy.img: [PUT /drives/{drive_id}][204] putGuestDriveByIdNoContent "
time="2023-04-08T10:19:59-04:00" level=info msg="Attaching NIC testtap (hwaddr DE:AD:BE:EF:91:65) at index 1"
2023-04-08T10:19:59.401530078 [anonymous-instance:main:WARN:src/vmm/src/builder.rs:599] Could not add serial input event to epoll: Error during epoll call: Operation not permitted (os error 1)
time="2023-04-08T10:19:59-04:00" level=info msg="startInstance successful: [PUT /actions][204] createSyncActionNoContent "
[    0.012234] dmi: Firmware registration failed.
[    0.040888] zswap: default zpool zbud not available
[    0.041132] zswap: pool creation failed
Graalvisor boot time: 177 ms.
Graalvisor listening on port 8080.
Warning: graalvisor compiled with no truffle language support.
Function dynamichtml registered with process sandboxing in 740 ms
[thread 1] Creating context org.graalvm.polyglot.Context@72f45bc3
[thread 41] New process sandbox 471 in 339 us
[thread 1] Creating context org.graalvm.polyglot.Context@6683b88d
[thread 46] New process sandbox 488 in 411 us
[thread 47] New process sandbox 489 in 479 us
[thread 48] New process sandbox 490 in 674 us
[thread 1] Creating context org.graalvm.polyglot.Context@6ca1fd95
[thread 1] Creating context org.graalvm.polyglot.Context@5defbf6c
[thread 1] Creating context org.graalvm.polyglot.Context@57df72f6
time="2023-04-08T10:20:22-04:00" level=warning msg="firecracker exited: signal: terminated"
time="2023-04-08T10:20:22-04:00" level=fatal msg="Wait returned an error 1 error occurred:\n\t* signal: terminated\n\n"
