This is ApacheBench, Version 2.3 <$Revision: 1879490 $>
Copyright 1996 Adam Twiss, Zeus Technology Ltd, http://www.zeustech.net/
Licensed to The Apache Software Foundation, http://www.apache.org/

Benchmarking 172.172.0.2 (be patient).....done


Server Software:        
Server Hostname:        172.172.0.2
Server Port:            8080

Document Path:          /run
Document Length:        16 bytes

Concurrency Level:      1
Time taken for tests:   0.692 seconds
Complete requests:      10
Failed requests:        0
Total transferred:      1240 bytes
Total body sent:        1980
HTML transferred:       160 bytes
Requests per second:    14.45 [#/sec] (mean)
Time per request:       69.204 [ms] (mean)
Time per request:       69.204 [ms] (mean, across all concurrent requests)
Transfer rate:          1.75 [Kbytes/sec] received
                        2.79 kb/s sent
                        4.54 kb/s total

Connection Times (ms)
              min  mean[+/-sd] median   max
Connect:        0    9  28.4      0      90
Processing:     6   60  45.9     95      99
Waiting:        6   60  45.9     95      99
Total:          6   69  42.9     96      99

Percentage of the requests served within a certain time (ms)
  50%     96
  66%     97
  75%     98
  80%     98
  90%     99
  95%     99
  98%     99
  99%     99
 100%     99 (longest request)
