This is ApacheBench, Version 2.3 <$Revision: 1879490 $>
Copyright 1996 Adam Twiss, Zeus Technology Ltd, http://www.zeustech.net/
Licensed to The Apache Software Foundation, http://www.apache.org/

Benchmarking 127.0.0.1 (be patient)
Completed 204 requests
Completed 408 requests
Completed 612 requests
Completed 816 requests
Completed 1020 requests
Completed 1224 requests
Completed 1428 requests
Completed 1632 requests
Completed 1836 requests
Completed 2040 requests
Finished 2048 requests


Server Software:        
Server Hostname:        127.0.0.1
Server Port:            8081

Document Path:          /
Document Length:        316 bytes

Concurrency Level:      8
Time taken for tests:   0.446 seconds
Complete requests:      2048
Failed requests:        1637
   (Connect: 0, Receive: 0, Length: 1637, Exceptions: 0)
Total transferred:      842201 bytes
Total body sent:        589824
HTML transferred:       645593 bytes
Requests per second:    4592.68 [#/sec] (mean)
Time per request:       1.742 [ms] (mean)
Time per request:       0.218 [ms] (mean, across all concurrent requests)
Transfer rate:          1844.39 [Kbytes/sec] received
                        1291.69 kb/s sent
                        3136.08 kb/s total

Connection Times (ms)
              min  mean[+/-sd] median   max
Connect:        0    0   0.0      0       0
Processing:     1    2   3.7      1      50
Waiting:        1    2   3.7      1      50
Total:          1    2   3.7      1      50

Percentage of the requests served within a certain time (ms)
  50%      1
  66%      1
  75%      1
  80%      1
  90%      2
  95%      2
  98%      9
  99%     12
 100%     50 (longest request)
