This is ApacheBench, Version 2.3 <$Revision: 1879490 $>
Copyright 1996 Adam Twiss, Zeus Technology Ltd, http://www.zeustech.net/
Licensed to The Apache Software Foundation, http://www.apache.org/

Benchmarking 172.18.0.2 (be patient).....done


Server Software:        
Server Hostname:        172.18.0.2
Server Port:            8080

Document Path:          /
Document Length:        67 bytes

Concurrency Level:      2
Time taken for tests:   18.907 seconds
Complete requests:      4
Failed requests:        0
Total transferred:      648 bytes
Total body sent:        1176
HTML transferred:       268 bytes
Requests per second:    0.21 [#/sec] (mean)
Time per request:       9453.277 [ms] (mean)
Time per request:       4726.639 [ms] (mean, across all concurrent requests)
Transfer rate:          0.03 [Kbytes/sec] received
                        0.06 kb/s sent
                        0.09 kb/s total

Connection Times (ms)
              min  mean[+/-sd] median   max
Connect:        0    0   0.1      0       0
Processing:  4638 7105 2783.6   9516    9516
Waiting:     4638 7105 2783.6   9516    9516
Total:       4638 7106 2783.5   9516    9516

Percentage of the requests served within a certain time (ms)
  50%   9516
  66%   9516
  75%   9516
  80%   9516
  90%   9516
  95%   9516
  98%   9516
  99%   9516
 100%   9516 (longest request)
