This is ApacheBench, Version 2.3 <$Revision: 1879490 $>
Copyright 1996 Adam Twiss, Zeus Technology Ltd, http://www.zeustech.net/
Licensed to The Apache Software Foundation, http://www.apache.org/

Benchmarking 172.18.0.2 (be patient)
Completed 204 requests
Completed 408 requests
Completed 612 requests
Completed 816 requests
Completed 1020 requests
Completed 1224 requests
Completed 1428 requests
Completed 1632 requests
Completed 1836 requests
Completed 2040 requests
Finished 2048 requests


Server Software:        
Server Hostname:        172.18.0.2
Server Port:            8080

Document Path:          /
Document Length:        91 bytes

Concurrency Level:      8
Time taken for tests:   2.833 seconds
Complete requests:      2048
Failed requests:        2044
   (Connect: 0, Receive: 0, Length: 2044, Exceptions: 0)
Total transferred:      372874 bytes
Total body sent:        370688
HTML transferred:       178314 bytes
Requests per second:    722.89 [#/sec] (mean)
Time per request:       11.067 [ms] (mean)
Time per request:       1.383 [ms] (mean, across all concurrent requests)
Transfer rate:          128.53 [Kbytes/sec] received
                        127.78 kb/s sent
                        256.31 kb/s total

Connection Times (ms)
              min  mean[+/-sd] median   max
Connect:        0    0   0.1      0       2
Processing:     0   10 135.0      0    2329
Waiting:        0   10 134.7      0    2329
Total:          0   10 135.0      0    2329

Percentage of the requests served within a certain time (ms)
  50%      0
  66%      1
  75%      2
  80%      3
  90%      4
  95%      5
  98%     12
  99%     17
 100%   2329 (longest request)
