This is ApacheBench, Version 2.3 <$Revision: 1879490 $>
Copyright 1996 Adam Twiss, Zeus Technology Ltd, http://www.zeustech.net/
Licensed to The Apache Software Foundation, http://www.apache.org/

Benchmarking 192.168.1.84 (be patient).....done


Server Software:        
Server Hostname:        192.168.1.84
Server Port:            8080

Document Path:          /run
Document Length:        36 bytes

Concurrency Level:      1
Time taken for tests:   24.493 seconds
Complete requests:      100
Failed requests:        0
Total transferred:      14400 bytes
Total body sent:        20100
HTML transferred:       3600 bytes
Requests per second:    4.08 [#/sec] (mean)
Time per request:       244.926 [ms] (mean)
Time per request:       244.926 [ms] (mean, across all concurrent requests)
Transfer rate:          0.57 [Kbytes/sec] received
                        0.80 kb/s sent
                        1.38 kb/s total

Connection Times (ms)
              min  mean[+/-sd] median   max
Connect:        0    9  26.8      0      92
Processing:   108  236 132.9    204    1490
Waiting:      108  235 132.8    204    1490
Total:        199  245 132.8    205    1491

Percentage of the requests served within a certain time (ms)
  50%    205
  66%    210
  75%    292
  80%    293
  90%    295
  95%    297
  98%    300
  99%   1491
 100%   1491 (longest request)
