This is ApacheBench, Version 2.3 <$Revision: 1879490 $>
Copyright 1996 Adam Twiss, Zeus Technology Ltd, http://www.zeustech.net/
Licensed to The Apache Software Foundation, http://www.apache.org/

Benchmarking 172.172.0.2 (be patient)
Completed 800 requests
Completed 1600 requests
Completed 2400 requests
Completed 3200 requests
Completed 4000 requests
Completed 4800 requests
Completed 5600 requests
Completed 6400 requests
Completed 7200 requests
Completed 8000 requests
Finished 8000 requests


Server Software:        
Server Hostname:        172.172.0.2
Server Port:            8080

Document Path:          /
Document Length:        86 bytes

Concurrency Level:      8
Time taken for tests:   9.057 seconds
Complete requests:      8000
Failed requests:        7423
   (Connect: 0, Receive: 0, Length: 7423, Exceptions: 0)
Total transferred:      1439444 bytes
Total body sent:        1888000
HTML transferred:       679444 bytes
Requests per second:    883.34 [#/sec] (mean)
Time per request:       9.057 [ms] (mean)
Time per request:       1.132 [ms] (mean, across all concurrent requests)
Transfer rate:          155.21 [Kbytes/sec] received
                        203.58 kb/s sent
                        358.80 kb/s total

Connection Times (ms)
              min  mean[+/-sd] median   max
Connect:        0    0   2.0      0      34
Processing:     1    9   9.6      6     186
Waiting:        1    8   9.2      5     186
Total:          1    9   9.8      6     186

Percentage of the requests served within a certain time (ms)
  50%      6
  66%      7
  75%      8
  80%      9
  90%     14
  95%     36
  98%     39
  99%     41
 100%    186 (longest request)
