This is ApacheBench, Version 2.3 <$Revision: 1879490 $>
Copyright 1996 Adam Twiss, Zeus Technology Ltd, http://www.zeustech.net/
Licensed to The Apache Software Foundation, http://www.apache.org/

Benchmarking 172.172.0.2 (be patient)
Completed 100 requests
Completed 200 requests
Completed 300 requests
Completed 400 requests
Completed 500 requests
Completed 600 requests
Completed 700 requests
Completed 800 requests
Completed 900 requests
Completed 1000 requests
Finished 1000 requests


Server Software:        
Server Hostname:        172.172.0.2
Server Port:            8080

Document Path:          /run
Document Length:        14 bytes

Concurrency Level:      1
Time taken for tests:   43.485 seconds
Complete requests:      1000
Failed requests:        0
Total transferred:      109000 bytes
Total body sent:        198000
HTML transferred:       14000 bytes
Requests per second:    23.00 [#/sec] (mean)
Time per request:       43.485 [ms] (mean)
Time per request:       43.485 [ms] (mean, across all concurrent requests)
Transfer rate:          2.45 [Kbytes/sec] received
                        4.45 kb/s sent
                        6.89 kb/s total

Connection Times (ms)
              min  mean[+/-sd] median   max
Connect:        0    4  18.1      0      97
Processing:     2   39  52.5      4     908
Waiting:        1   20  45.1      2     905
Total:          2   43  54.5      5     993

Percentage of the requests served within a certain time (ms)
  50%      5
  66%     92
  75%     94
  80%     94
  90%     96
  95%     98
  98%     99
  99%     99
 100%    993 (longest request)
