time="2023-04-06T15:50:47-04:00" level=info msg="Called startVMM(), setting up a VMM on /tmp/testtap.socket"
time="2023-04-06T15:50:47-04:00" level=info msg="VMM logging disabled."
time="2023-04-06T15:50:47-04:00" level=info msg="VMM metrics disabled."
time="2023-04-06T15:50:47-04:00" level=info msg="refreshMachineConfiguration: [GET /machine-config][200] getMachineConfigurationOK  &{CPUTemplate:Uninitialized HtEnabled:0xc00041208c MemSizeMib:0xc000412080 VcpuCount:0xc000412078}"
time="2023-04-06T15:50:47-04:00" level=info msg="PutGuestBootSource: [PUT /boot-source][204] putGuestBootSourceNoContent "
time="2023-04-06T15:50:47-04:00" level=info msg="Attaching drive /tmp/test-proxy/polyglot-proxy.img, slot 1, root true."
time="2023-04-06T15:50:47-04:00" level=info msg="Attached drive /tmp/test-proxy/polyglot-proxy.img: [PUT /drives/{drive_id}][204] putGuestDriveByIdNoContent "
time="2023-04-06T15:50:47-04:00" level=info msg="Attaching NIC testtap (hwaddr DE:AD:BE:EF:4C:3A) at index 1"
2023-04-06T15:50:47.605140895 [anonymous-instance:main:WARN:src/vmm/src/builder.rs:599] Could not add serial input event to epoll: Error during epoll call: Operation not permitted (os error 1)
time="2023-04-06T15:50:47-04:00" level=info msg="startInstance successful: [PUT /actions][204] createSyncActionNoContent "
[    0.016332] dmi: Firmware registration failed.
[    0.044903] zswap: default zpool zbud not available
[    0.045155] zswap: pool creation failed
Graalvisor boot time: 182 ms.
Graalvisor listening on port 8080.
Warning: graalvisor compiled with no truffle language support.
Function hw registered with process sandboxing in 25 ms
[thread 40] New process sandbox 460 in 247 us
[thread 51] New process sandbox 474 in 257 us
[thread 52] New process sandbox 475 in 275 us
[thread 50] New process sandbox 476 in 509 us
[thread 54] New process sandbox 479 in 262 us
[thread 53] New process sandbox 480 in 298 us
[thread 55] New process sandbox 492 in 305 us
[thread 56] New process sandbox 498 in 445 us
time="2023-04-06T15:50:52-04:00" level=warning msg="firecracker exited: signal: terminated"
time="2023-04-06T15:50:52-04:00" level=fatal msg="Wait returned an error 1 error occurred:\n\t* signal: terminated\n\n"
