This is ApacheBench, Version 2.3 <$Revision: 1879490 $>
Copyright 1996 Adam Twiss, Zeus Technology Ltd, http://www.zeustech.net/
Licensed to The Apache Software Foundation, http://www.apache.org/

Benchmarking 172.18.0.2 (be patient).....done


Server Software:        
Server Hostname:        172.18.0.2
Server Port:            8080

Document Path:          /
Document Length:        93 bytes

Concurrency Level:      2
Time taken for tests:   15.896 seconds
Complete requests:      10
Failed requests:        4
   (Connect: 0, Receive: 0, Length: 4, Exceptions: 0)
Total transferred:      1876 bytes
Total body sent:        2350
HTML transferred:       926 bytes
Requests per second:    0.63 [#/sec] (mean)
Time per request:       3179.294 [ms] (mean)
Time per request:       1589.647 [ms] (mean, across all concurrent requests)
Transfer rate:          0.12 [Kbytes/sec] received
                        0.14 kb/s sent
                        0.26 kb/s total

Connection Times (ms)
              min  mean[+/-sd] median   max
Connect:        0    0   0.1      0       0
Processing:   108 2461 2983.3   1627    8703
Waiting:      108 2461 2983.3   1627    8703
Total:        108 2461 2983.3   1627    8703

Percentage of the requests served within a certain time (ms)
  50%   1627
  66%   1695
  75%   2520
  80%   7038
  90%   8703
  95%   8703
  98%   8703
  99%   8703
 100%   8703 (longest request)
