This is ApacheBench, Version 2.3 <$Revision: 1879490 $>
Copyright 1996 Adam Twiss, Zeus Technology Ltd, http://www.zeustech.net/
Licensed to The Apache Software Foundation, http://www.apache.org/

Benchmarking 172.18.0.2 (be patient).....done


Server Software:        
Server Hostname:        172.18.0.2
Server Port:            8080

Document Path:          /
Document Length:        91 bytes

Concurrency Level:      2
Time taken for tests:   0.577 seconds
Complete requests:      10
Failed requests:        7
   (Connect: 0, Receive: 0, Length: 7, Exceptions: 0)
Total transferred:      1867 bytes
Total body sent:        2350
HTML transferred:       917 bytes
Requests per second:    17.32 [#/sec] (mean)
Time per request:       115.456 [ms] (mean)
Time per request:       57.728 [ms] (mean, across all concurrent requests)
Transfer rate:          3.16 [Kbytes/sec] received
                        3.98 kb/s sent
                        7.13 kb/s total

Connection Times (ms)
              min  mean[+/-sd] median   max
Connect:        0    0   0.1      0       0
Processing:    65  104  22.6    105     147
Waiting:       65  104  22.6    105     147
Total:         65  104  22.6    105     147

Percentage of the requests served within a certain time (ms)
  50%    105
  66%    106
  75%    112
  80%    128
  90%    147
  95%    147
  98%    147
  99%    147
 100%    147 (longest request)
