This is ApacheBench, Version 2.3 <$Revision: 1879490 $>
Copyright 1996 Adam Twiss, Zeus Technology Ltd, http://www.zeustech.net/
Licensed to The Apache Software Foundation, http://www.apache.org/

Benchmarking 172.18.0.2 (be patient).....done


Server Software:        
Server Hostname:        172.18.0.2
Server Port:            8080

Document Path:          /
Document Length:        85 bytes

Concurrency Level:      1
Time taken for tests:   1.210 seconds
Complete requests:      5
Failed requests:        0
Total transferred:      900 bytes
Total body sent:        1170
HTML transferred:       425 bytes
Requests per second:    4.13 [#/sec] (mean)
Time per request:       241.978 [ms] (mean)
Time per request:       241.978 [ms] (mean, across all concurrent requests)
Transfer rate:          0.73 [Kbytes/sec] received
                        0.94 kb/s sent
                        1.67 kb/s total

Connection Times (ms)
              min  mean[+/-sd] median   max
Connect:        0    0   0.1      0       0
Processing:   203  242  49.5    249     302
Waiting:      203  242  49.5    249     302
Total:        203  242  49.6    250     302

Percentage of the requests served within a certain time (ms)
  50%    209
  66%    290
  75%    290
  80%    302
  90%    302
  95%    302
  98%    302
  99%    302
 100%    302 (longest request)
