This is ApacheBench, Version 2.3 <$Revision: 1879490 $>
Copyright 1996 Adam Twiss, Zeus Technology Ltd, http://www.zeustech.net/
Licensed to The Apache Software Foundation, http://www.apache.org/

Benchmarking 172.18.0.2 (be patient).....done


Server Software:        
Server Hostname:        172.18.0.2
Server Port:            8080

Document Path:          /
Document Length:        84 bytes

Concurrency Level:      4
Time taken for tests:   0.712 seconds
Complete requests:      20
Failed requests:        17
   (Connect: 0, Receive: 0, Length: 17, Exceptions: 0)
Total transferred:      3597 bytes
Total body sent:        4680
HTML transferred:       1697 bytes
Requests per second:    28.07 [#/sec] (mean)
Time per request:       142.492 [ms] (mean)
Time per request:       35.623 [ms] (mean, across all concurrent requests)
Transfer rate:          4.93 [Kbytes/sec] received
                        6.41 kb/s sent
                        11.35 kb/s total

Connection Times (ms)
              min  mean[+/-sd] median   max
Connect:        0    0   0.1      0       0
Processing:    59  122  27.6    126     179
Waiting:       59  122  27.6    126     179
Total:         59  122  27.6    127     179

Percentage of the requests served within a certain time (ms)
  50%    127
  66%    131
  75%    140
  80%    148
  90%    161
  95%    179
  98%    179
  99%    179
 100%    179 (longest request)
