This is ApacheBench, Version 2.3 <$Revision: 1879490 $>
Copyright 1996 Adam Twiss, Zeus Technology Ltd, http://www.zeustech.net/
Licensed to The Apache Software Foundation, http://www.apache.org/

Benchmarking 127.0.0.1 (be patient).....done


Server Software:        
Server Hostname:        127.0.0.1
Server Port:            8081

Document Path:          /
Document Length:        121 bytes

Concurrency Level:      1
Time taken for tests:   2.860 seconds
Complete requests:      10
Failed requests:        9
   (Connect: 0, Receive: 0, Length: 9, Exceptions: 0)
Total transferred:      2145 bytes
Total body sent:        2090
HTML transferred:       1185 bytes
Requests per second:    3.50 [#/sec] (mean)
Time per request:       286.008 [ms] (mean)
Time per request:       286.008 [ms] (mean, across all concurrent requests)
Transfer rate:          0.73 [Kbytes/sec] received
                        0.71 kb/s sent
                        1.45 kb/s total

Connection Times (ms)
              min  mean[+/-sd] median   max
Connect:        0    0   0.0      0       0
Processing:     8  286 868.1      9    2757
Waiting:        8  286 868.0      9    2756
Total:          8  286 868.1      9    2757

Percentage of the requests served within a certain time (ms)
  50%      9
  66%      9
  75%     11
  80%     33
  90%   2757
  95%   2757
  98%   2757
  99%   2757
 100%   2757 (longest request)
