This is ApacheBench, Version 2.3 <$Revision: 1879490 $>
Copyright 1996 Adam Twiss, Zeus Technology Ltd, http://www.zeustech.net/
Licensed to The Apache Software Foundation, http://www.apache.org/

Benchmarking 127.0.0.1 (be patient)
Completed 100 requests
Completed 200 requests
Completed 300 requests
Completed 400 requests
Completed 500 requests
Completed 600 requests
Completed 700 requests
Completed 800 requests
Completed 900 requests
Completed 1000 requests
Finished 1000 requests


Server Software:        
Server Hostname:        127.0.0.1
Server Port:            8081

Document Path:          /
Document Length:        54 bytes

Concurrency Level:      1
Time taken for tests:   0.507 seconds
Complete requests:      1000
Failed requests:        998
   (Connect: 0, Receive: 0, Length: 998, Exceptions: 0)
Total transferred:      148002 bytes
Total body sent:        238000
HTML transferred:       53002 bytes
Requests per second:    1971.02 [#/sec] (mean)
Time per request:       0.507 [ms] (mean)
Time per request:       0.507 [ms] (mean, across all concurrent requests)
Transfer rate:          284.88 [Kbytes/sec] received
                        458.11 kb/s sent
                        742.99 kb/s total

Connection Times (ms)
              min  mean[+/-sd] median   max
Connect:        0    0   0.0      0       0
Processing:     0    0   0.3      0       9
Waiting:        0    0   0.2      0       6
Total:          0    0   0.3      0       9

Percentage of the requests served within a certain time (ms)
  50%      0
  66%      0
  75%      1
  80%      1
  90%      1
  95%      1
  98%      1
  99%      1
 100%      9 (longest request)
