This is ApacheBench, Version 2.3 <$Revision: 1879490 $>
Copyright 1996 Adam Twiss, Zeus Technology Ltd, http://www.zeustech.net/
Licensed to The Apache Software Foundation, http://www.apache.org/

Benchmarking 192.168.31.28 (be patient)
Completed 500 requests
Completed 1000 requests
Completed 1500 requests
Completed 2000 requests
Completed 2500 requests
Completed 3000 requests
Completed 3500 requests
Completed 4000 requests
Completed 4500 requests
Completed 5000 requests
Finished 5000 requests


Server Software:        
Server Hostname:        192.168.31.28
Server Port:            8080

Document Path:          /
Document Length:        111 bytes

Concurrency Level:      1
Time taken for tests:   1.214 seconds
Complete requests:      5000
Failed requests:        180
   (Connect: 0, Receive: 0, Length: 180, Exceptions: 0)
Total transferred:      1034826 bytes
Total body sent:        1030000
HTML transferred:       554826 bytes
Requests per second:    4116.93 [#/sec] (mean)
Time per request:       0.243 [ms] (mean)
Time per request:       0.243 [ms] (mean, across all concurrent requests)
Transfer rate:          832.09 [Kbytes/sec] received
                        828.21 kb/s sent
                        1660.30 kb/s total

Connection Times (ms)
              min  mean[+/-sd] median   max
Connect:        0    0   0.6      0      25
Processing:     0    0   0.9      0      26
Waiting:        0    0   0.6      0      26
Total:          0    0   1.1      0      26

Percentage of the requests served within a certain time (ms)
  50%      0
  66%      0
  75%      0
  80%      0
  90%      0
  95%      0
  98%      0
  99%      0
 100%     26 (longest request)
This is ApacheBench, Version 2.3 <$Revision: 1879490 $>
Copyright 1996 Adam Twiss, Zeus Technology Ltd, http://www.zeustech.net/
Licensed to The Apache Software Foundation, http://www.apache.org/

Benchmarking 192.168.31.28 (be patient)
Completed 500 requests
Completed 1000 requests
Completed 1500 requests
Completed 2000 requests
Completed 2500 requests
Completed 3000 requests
Completed 3500 requests
Completed 4000 requests
Completed 4500 requests
Completed 5000 requests
Finished 5000 requests


Server Software:        
Server Hostname:        192.168.31.28
Server Port:            8080

Document Path:          /
Document Length:        111 bytes

Concurrency Level:      1
Time taken for tests:   1.181 seconds
Complete requests:      5000
Failed requests:        4
   (Connect: 0, Receive: 0, Length: 4, Exceptions: 0)
Total transferred:      1034996 bytes
Total body sent:        1030000
HTML transferred:       554996 bytes
Requests per second:    4233.60 [#/sec] (mean)
Time per request:       0.236 [ms] (mean)
Time per request:       0.236 [ms] (mean, across all concurrent requests)
Transfer rate:          855.81 [Kbytes/sec] received
                        851.68 kb/s sent
                        1707.49 kb/s total

Connection Times (ms)
              min  mean[+/-sd] median   max
Connect:        0    0   0.5      0      24
Processing:     0    0   0.9      0      24
Waiting:        0    0   0.6      0      23
Total:          0    0   1.0      0      25

Percentage of the requests served within a certain time (ms)
  50%      0
  66%      0
  75%      0
  80%      0
  90%      0
  95%      0
  98%      0
  99%      0
 100%     25 (longest request)
This is ApacheBench, Version 2.3 <$Revision: 1879490 $>
Copyright 1996 Adam Twiss, Zeus Technology Ltd, http://www.zeustech.net/
Licensed to The Apache Software Foundation, http://www.apache.org/

Benchmarking 192.168.31.28 (be patient)
Completed 500 requests
Completed 1000 requests
Completed 1500 requests
Completed 2000 requests
Completed 2500 requests
Completed 3000 requests
Completed 3500 requests
Completed 4000 requests
Completed 4500 requests
Completed 5000 requests
Finished 5000 requests


Server Software:        
Server Hostname:        192.168.31.28
Server Port:            8080

Document Path:          /
Document Length:        111 bytes

Concurrency Level:      1
Time taken for tests:   1.179 seconds
Complete requests:      5000
Failed requests:        29
   (Connect: 0, Receive: 0, Length: 29, Exceptions: 0)
Total transferred:      1034975 bytes
Total body sent:        1030000
HTML transferred:       554975 bytes
Requests per second:    4241.31 [#/sec] (mean)
Time per request:       0.236 [ms] (mean)
Time per request:       0.236 [ms] (mean, across all concurrent requests)
Transfer rate:          857.35 [Kbytes/sec] received
                        853.23 kb/s sent
                        1710.59 kb/s total

Connection Times (ms)
              min  mean[+/-sd] median   max
Connect:        0    0   0.5      0      24
Processing:     0    0   1.0      0      26
Waiting:        0    0   0.7      0      26
Total:          0    0   1.1      0      26

Percentage of the requests served within a certain time (ms)
  50%      0
  66%      0
  75%      0
  80%      0
  90%      0
  95%      0
  98%      0
  99%      0
 100%     26 (longest request)
This is ApacheBench, Version 2.3 <$Revision: 1879490 $>
Copyright 1996 Adam Twiss, Zeus Technology Ltd, http://www.zeustech.net/
Licensed to The Apache Software Foundation, http://www.apache.org/

Benchmarking 192.168.31.28 (be patient)
Completed 500 requests
Completed 1000 requests
Completed 1500 requests
Completed 2000 requests
Completed 2500 requests
Completed 3000 requests
Completed 3500 requests
Completed 4000 requests
Completed 4500 requests
Completed 5000 requests
Finished 5000 requests


Server Software:        
Server Hostname:        192.168.31.28
Server Port:            8080

Document Path:          /
Document Length:        111 bytes

Concurrency Level:      1
Time taken for tests:   1.171 seconds
Complete requests:      5000
Failed requests:        10
   (Connect: 0, Receive: 0, Length: 10, Exceptions: 0)
Total transferred:      1034990 bytes
Total body sent:        1030000
HTML transferred:       554990 bytes
Requests per second:    4270.63 [#/sec] (mean)
Time per request:       0.234 [ms] (mean)
Time per request:       0.234 [ms] (mean, across all concurrent requests)
Transfer rate:          863.29 [Kbytes/sec] received
                        859.13 kb/s sent
                        1722.42 kb/s total

Connection Times (ms)
              min  mean[+/-sd] median   max
Connect:        0    0   0.7      0      26
Processing:     0    0   0.8      0      30
Waiting:        0    0   0.8      0      30
Total:          0    0   1.1      0      30

Percentage of the requests served within a certain time (ms)
  50%      0
  66%      0
  75%      0
  80%      0
  90%      0
  95%      0
  98%      0
  99%      0
 100%     30 (longest request)
This is ApacheBench, Version 2.3 <$Revision: 1879490 $>
Copyright 1996 Adam Twiss, Zeus Technology Ltd, http://www.zeustech.net/
Licensed to The Apache Software Foundation, http://www.apache.org/

Benchmarking 192.168.31.28 (be patient)
Completed 500 requests
Completed 1000 requests
Completed 1500 requests
Completed 2000 requests
Completed 2500 requests
Completed 3000 requests
Completed 3500 requests
Completed 4000 requests
Completed 4500 requests
Completed 5000 requests
Finished 5000 requests


Server Software:        
Server Hostname:        192.168.31.28
Server Port:            8080

Document Path:          /
Document Length:        111 bytes

Concurrency Level:      1
Time taken for tests:   1.215 seconds
Complete requests:      5000
Failed requests:        34
   (Connect: 0, Receive: 0, Length: 34, Exceptions: 0)
Total transferred:      1034970 bytes
Total body sent:        1030000
HTML transferred:       554970 bytes
Requests per second:    4115.21 [#/sec] (mean)
Time per request:       0.243 [ms] (mean)
Time per request:       0.243 [ms] (mean, across all concurrent requests)
Transfer rate:          831.86 [Kbytes/sec] received
                        827.86 kb/s sent
                        1659.72 kb/s total

Connection Times (ms)
              min  mean[+/-sd] median   max
Connect:        0    0   0.3      0      18
Processing:     0    0   1.0      0      23
Waiting:        0    0   0.7      0      23
Total:          0    0   1.0      0      23

Percentage of the requests served within a certain time (ms)
  50%      0
  66%      0
  75%      0
  80%      0
  90%      0
  95%      0
  98%      0
  99%      1
 100%     23 (longest request)
