time="2023-04-08T10:23:57-04:00" level=info msg="Called startVMM(), setting up a VMM on /tmp/testtap.socket"
time="2023-04-08T10:23:57-04:00" level=info msg="VMM logging disabled."
time="2023-04-08T10:23:57-04:00" level=info msg="VMM metrics disabled."
time="2023-04-08T10:23:57-04:00" level=info msg="refreshMachineConfiguration: [GET /machine-config][200] getMachineConfigurationOK  &{CPUTemplate:Uninitialized HtEnabled:0xc000801024 MemSizeMib:0xc000801018 VcpuCount:0xc000801010}"
time="2023-04-08T10:23:57-04:00" level=info msg="PutGuestBootSource: [PUT /boot-source][204] putGuestBootSourceNoContent "
time="2023-04-08T10:23:57-04:00" level=info msg="Attaching drive /tmp/test-proxy/polyglot-proxy.img, slot 1, root true."
time="2023-04-08T10:23:57-04:00" level=info msg="Attached drive /tmp/test-proxy/polyglot-proxy.img: [PUT /drives/{drive_id}][204] putGuestDriveByIdNoContent "
time="2023-04-08T10:23:57-04:00" level=info msg="Attaching NIC testtap (hwaddr DE:AD:BE:EF:7E:EF) at index 1"
2023-04-08T10:23:57.353520572 [anonymous-instance:main:WARN:src/vmm/src/builder.rs:599] Could not add serial input event to epoll: Error during epoll call: Operation not permitted (os error 1)
time="2023-04-08T10:23:57-04:00" level=info msg="startInstance successful: [PUT /actions][204] createSyncActionNoContent "
[    0.012000] dmi: Firmware registration failed.
[    0.041192] zswap: default zpool zbud not available
[    0.041453] zswap: pool creation failed
Graalvisor boot time: 180 ms.
Graalvisor listening on port 8080.
Warning: graalvisor compiled with no truffle language support.
Function thumbnail registered with process sandboxing in 724 ms
[thread 1] Creating context org.graalvm.polyglot.Context@795ea59f
[thread 41] New process sandbox 470 in 403 us
[thread 1] Creating context org.graalvm.polyglot.Context@72743bef
[thread 44] New process sandbox 483 in 562 us
[thread 1] Creating context org.graalvm.polyglot.Context@5a482cef
time="2023-04-08T10:24:31-04:00" level=warning msg="firecracker exited: signal: terminated"
time="2023-04-08T10:24:31-04:00" level=fatal msg="Wait returned an error 1 error occurred:\n\t* signal: terminated\n\n"
