This is ApacheBench, Version 2.3 <$Revision: 1879490 $>
Copyright 1996 Adam Twiss, Zeus Technology Ltd, http://www.zeustech.net/
Licensed to The Apache Software Foundation, http://www.apache.org/

Benchmarking 172.18.0.2 (be patient).....done


Server Software:        
Server Hostname:        172.18.0.2
Server Port:            8080

Document Path:          /
Document Length:        1070 bytes

Concurrency Level:      4
Time taken for tests:   0.282 seconds
Complete requests:      20
Failed requests:        16
   (Connect: 0, Receive: 0, Length: 16, Exceptions: 0)
Total transferred:      23373 bytes
Total body sent:        5680
HTML transferred:       21433 bytes
Requests per second:    70.89 [#/sec] (mean)
Time per request:       56.422 [ms] (mean)
Time per request:       14.105 [ms] (mean, across all concurrent requests)
Transfer rate:          80.91 [Kbytes/sec] received
                        19.66 kb/s sent
                        100.57 kb/s total

Connection Times (ms)
              min  mean[+/-sd] median   max
Connect:        0    0   0.0      0       0
Processing:    26   52  10.3     53      67
Waiting:       26   52  10.4     53      67
Total:         26   52  10.3     53      67

Percentage of the requests served within a certain time (ms)
  50%     53
  66%     60
  75%     60
  80%     61
  90%     64
  95%     67
  98%     67
  99%     67
 100%     67 (longest request)
