This is ApacheBench, Version 2.3 <$Revision: 1879490 $>
Copyright 1996 Adam Twiss, Zeus Technology Ltd, http://www.zeustech.net/
Licensed to The Apache Software Foundation, http://www.apache.org/

Benchmarking 172.18.0.2 (be patient).....done


Server Software:        
Server Hostname:        172.18.0.2
Server Port:            8080

Document Path:          /
Document Length:        149 bytes

Concurrency Level:      2
Time taken for tests:   23.493 seconds
Complete requests:      100
Failed requests:        98
   (Connect: 0, Receive: 0, Length: 98, Exceptions: 0)
Total transferred:      24031 bytes
Total body sent:        20000
HTML transferred:       14431 bytes
Requests per second:    4.26 [#/sec] (mean)
Time per request:       469.857 [ms] (mean)
Time per request:       234.928 [ms] (mean, across all concurrent requests)
Transfer rate:          1.00 [Kbytes/sec] received
                        0.83 kb/s sent
                        1.83 kb/s total

Connection Times (ms)
              min  mean[+/-sd] median   max
Connect:        0    0   0.1      0       0
Processing:     4  299 1736.7     54   15520
Waiting:        4  298 1736.7     54   15519
Total:          4  299 1736.7     54   15520

Percentage of the requests served within a certain time (ms)
  50%     54
  66%     63
  75%     67
  80%     68
  90%     86
  95%    224
  98%   7973
  99%  15520
 100%  15520 (longest request)
