This is ApacheBench, Version 2.3 <$Revision: 1879490 $>
Copyright 1996 Adam Twiss, Zeus Technology Ltd, http://www.zeustech.net/
Licensed to The Apache Software Foundation, http://www.apache.org/

Benchmarking 172.18.0.2 (be patient).....done


Server Software:        
Server Hostname:        172.18.0.2
Server Port:            8080

Document Path:          /
Document Length:        86 bytes

Concurrency Level:      4
Time taken for tests:   17.850 seconds
Complete requests:      20
Failed requests:        18
   (Connect: 0, Receive: 0, Length: 18, Exceptions: 0)
Total transferred:      3593 bytes
Total body sent:        4680
HTML transferred:       1693 bytes
Requests per second:    1.12 [#/sec] (mean)
Time per request:       3569.927 [ms] (mean)
Time per request:       892.482 [ms] (mean, across all concurrent requests)
Transfer rate:          0.20 [Kbytes/sec] received
                        0.26 kb/s sent
                        0.45 kb/s total

Connection Times (ms)
              min  mean[+/-sd] median   max
Connect:        0    0   0.1      0       0
Processing:    51 2463 5244.5     72   14548
Waiting:       51 2463 5244.5     72   14548
Total:         51 2463 5244.5     72   14548

Percentage of the requests served within a certain time (ms)
  50%     72
  66%     90
  75%   1392
  80%   3301
  90%  14493
  95%  14548
  98%  14548
  99%  14548
 100%  14548 (longest request)
