time="2023-04-06T16:07:42-04:00" level=info msg="Called startVMM(), setting up a VMM on /tmp/testtap.socket"
time="2023-04-06T16:07:42-04:00" level=info msg="VMM logging disabled."
time="2023-04-06T16:07:42-04:00" level=info msg="VMM metrics disabled."
time="2023-04-06T16:07:42-04:00" level=info msg="refreshMachineConfiguration: [GET /machine-config][200] getMachineConfigurationOK  &{CPUTemplate:Uninitialized HtEnabled:0xc000710f1c MemSizeMib:0xc000710f10 VcpuCount:0xc000710f08}"
time="2023-04-06T16:07:42-04:00" level=info msg="PutGuestBootSource: [PUT /boot-source][204] putGuestBootSourceNoContent "
time="2023-04-06T16:07:42-04:00" level=info msg="Attaching drive /tmp/test-proxy/polyglot-proxy.img, slot 1, root true."
time="2023-04-06T16:07:42-04:00" level=info msg="Attached drive /tmp/test-proxy/polyglot-proxy.img: [PUT /drives/{drive_id}][204] putGuestDriveByIdNoContent "
time="2023-04-06T16:07:42-04:00" level=info msg="Attaching NIC testtap (hwaddr DE:AD:BE:EF:BB:83) at index 1"
2023-04-06T16:07:42.318927616 [anonymous-instance:main:WARN:src/vmm/src/builder.rs:599] Could not add serial input event to epoll: Error during epoll call: Operation not permitted (os error 1)
time="2023-04-06T16:07:42-04:00" level=info msg="startInstance successful: [PUT /actions][204] createSyncActionNoContent "
[    0.016459] dmi: Firmware registration failed.
[    0.046114] zswap: default zpool zbud not available
[    0.046402] zswap: pool creation failed
Graalvisor boot time: 181 ms.
Graalvisor listening on port 8080.
Warning: graalvisor compiled with no truffle language support.
Function httprequest registered with runtime sandboxing in 32 ms
[thread 40] New runtime sandbox 139844721311744 in 1444 us
[thread 48] New runtime sandbox 139809975697408 in 537 us
[thread 49] New runtime sandbox 139775614910464 in 481 us
[thread 50] New runtime sandbox 139741254123520 in 704 us
[thread 51] New runtime sandbox 139706893336576 in 445 us
[thread 52] New runtime sandbox 139672532549632 in 486 us
[thread 53] New runtime sandbox 139638163374080 in 434 us
[thread 54] New runtime sandbox 139603794198528 in 430 us
time="2023-04-06T16:07:50-04:00" level=warning msg="firecracker exited: signal: terminated"
time="2023-04-06T16:07:50-04:00" level=fatal msg="Wait returned an error 1 error occurred:\n\t* signal: terminated\n\n"
