time="2023-04-08T10:06:07-04:00" level=info msg="Called startVMM(), setting up a VMM on /tmp/testtap.socket"
time="2023-04-08T10:06:07-04:00" level=info msg="VMM logging disabled."
time="2023-04-08T10:06:07-04:00" level=info msg="VMM metrics disabled."
time="2023-04-08T10:06:07-04:00" level=info msg="refreshMachineConfiguration: [GET /machine-config][200] getMachineConfigurationOK  &{CPUTemplate:Uninitialized HtEnabled:0xc000789a84 MemSizeMib:0xc000789a78 VcpuCount:0xc000789a70}"
time="2023-04-08T10:06:07-04:00" level=info msg="PutGuestBootSource: [PUT /boot-source][204] putGuestBootSourceNoContent "
time="2023-04-08T10:06:07-04:00" level=info msg="Attaching drive /tmp/test-proxy/polyglot-proxy.img, slot 1, root true."
time="2023-04-08T10:06:07-04:00" level=info msg="Attached drive /tmp/test-proxy/polyglot-proxy.img: [PUT /drives/{drive_id}][204] putGuestDriveByIdNoContent "
time="2023-04-08T10:06:07-04:00" level=info msg="Attaching NIC testtap (hwaddr DE:AD:BE:EF:49:F8) at index 1"
2023-04-08T10:06:07.679367810 [anonymous-instance:main:WARN:src/vmm/src/builder.rs:599] Could not add serial input event to epoll: Error during epoll call: Operation not permitted (os error 1)
time="2023-04-08T10:06:07-04:00" level=info msg="startInstance successful: [PUT /actions][204] createSyncActionNoContent "
[    0.012211] dmi: Firmware registration failed.
[    0.040811] zswap: default zpool zbud not available
[    0.041057] zswap: pool creation failed
Graalvisor boot time: 176 ms.
Graalvisor listening on port 8080.
Warning: graalvisor compiled with no truffle language support.
Function compression registered with context sandboxing in 722 ms
[thread 41] New context sandbox 139866312540160 in 28 us
[thread 41] Creating context org.graalvm.polyglot.Context@5af5657e
[thread 45] New context sandbox 139866312540160 in 9 us
[thread 54] Creating context org.graalvm.polyglot.Context@7d2421ee
[thread 46] New context sandbox 139866312540160 in 6 us
[thread 55] Creating context org.graalvm.polyglot.Context@7d0f6c48
[thread 47] New context sandbox 139866312540160 in 5 us
[thread 56] Creating context org.graalvm.polyglot.Context@7fc63458
[thread 51] New context sandbox 139866312540160 in 9062 us
[thread 77] Creating context org.graalvm.polyglot.Context@6a94e172
[thread 52] New context sandbox 139866312540160 in 17239 us
[thread 78] Creating context org.graalvm.polyglot.Context@289434cd
[thread 53] New context sandbox 139866312540160 in 21029 us
[thread 79] Creating context org.graalvm.polyglot.Context@1d3ee25
time="2023-04-08T10:07:26-04:00" level=warning msg="firecracker exited: signal: terminated"
time="2023-04-08T10:07:26-04:00" level=fatal msg="Wait returned an error 1 error occurred:\n\t* signal: terminated\n\n"
