This is ApacheBench, Version 2.3 <$Revision: 1879490 $>
Copyright 1996 Adam Twiss, Zeus Technology Ltd, http://www.zeustech.net/
Licensed to The Apache Software Foundation, http://www.apache.org/

Benchmarking 192.168.31.28 (be patient).....done


Server Software:        
Server Hostname:        192.168.31.28
Server Port:            8080

Document Path:          /
Document Length:        103 bytes

Concurrency Level:      4
Time taken for tests:   9.085 seconds
Complete requests:      20
Failed requests:        15
   (Connect: 0, Receive: 0, Length: 15, Exceptions: 0)
Total transferred:      3997 bytes
Total body sent:        4760
HTML transferred:       2077 bytes
Requests per second:    2.20 [#/sec] (mean)
Time per request:       1817.076 [ms] (mean)
Time per request:       454.269 [ms] (mean, across all concurrent requests)
Transfer rate:          0.43 [Kbytes/sec] received
                        0.51 kb/s sent
                        0.94 kb/s total

Connection Times (ms)
              min  mean[+/-sd] median   max
Connect:        0    0   0.1      0       0
Processing:    79  674 1941.4    120    8798
Waiting:       78  674 1941.4    120    8798
Total:         79  674 1941.4    120    8798

Percentage of the requests served within a certain time (ms)
  50%    120
  66%    140
  75%    206
  80%    519
  90%   1506
  95%   8798
  98%   8798
  99%   8798
 100%   8798 (longest request)
This is ApacheBench, Version 2.3 <$Revision: 1879490 $>
Copyright 1996 Adam Twiss, Zeus Technology Ltd, http://www.zeustech.net/
Licensed to The Apache Software Foundation, http://www.apache.org/

Benchmarking 192.168.31.28 (be patient).....done


Server Software:        
Server Hostname:        192.168.31.28
Server Port:            8080

Document Path:          /
Document Length:        103 bytes

Concurrency Level:      4
Time taken for tests:   0.750 seconds
Complete requests:      20
Failed requests:        19
   (Connect: 0, Receive: 0, Length: 19, Exceptions: 0)
Total transferred:      3999 bytes
Total body sent:        4760
HTML transferred:       2079 bytes
Requests per second:    26.66 [#/sec] (mean)
Time per request:       150.048 [ms] (mean)
Time per request:       37.512 [ms] (mean, across all concurrent requests)
Transfer rate:          5.21 [Kbytes/sec] received
                        6.20 kb/s sent
                        11.40 kb/s total

Connection Times (ms)
              min  mean[+/-sd] median   max
Connect:        0    0   0.0      0       0
Processing:    49  133  25.5    137     164
Waiting:       49  133  25.5    137     164
Total:         49  133  25.5    137     164

Percentage of the requests served within a certain time (ms)
  50%    137
  66%    146
  75%    151
  80%    153
  90%    158
  95%    164
  98%    164
  99%    164
 100%    164 (longest request)
This is ApacheBench, Version 2.3 <$Revision: 1879490 $>
Copyright 1996 Adam Twiss, Zeus Technology Ltd, http://www.zeustech.net/
Licensed to The Apache Software Foundation, http://www.apache.org/

Benchmarking 192.168.31.28 (be patient).....done


Server Software:        
Server Hostname:        192.168.31.28
Server Port:            8080

Document Path:          /
Document Length:        103 bytes

Concurrency Level:      4
Time taken for tests:   0.741 seconds
Complete requests:      20
Failed requests:        18
   (Connect: 0, Receive: 0, Length: 18, Exceptions: 0)
Total transferred:      3998 bytes
Total body sent:        4760
HTML transferred:       2078 bytes
Requests per second:    26.99 [#/sec] (mean)
Time per request:       148.189 [ms] (mean)
Time per request:       37.047 [ms] (mean, across all concurrent requests)
Transfer rate:          5.27 [Kbytes/sec] received
                        6.27 kb/s sent
                        11.54 kb/s total

Connection Times (ms)
              min  mean[+/-sd] median   max
Connect:        0    0   0.0      0       0
Processing:    76  127  20.9    132     156
Waiting:       76  127  20.9    132     156
Total:         76  127  20.9    132     156

Percentage of the requests served within a certain time (ms)
  50%    132
  66%    140
  75%    144
  80%    149
  90%    152
  95%    156
  98%    156
  99%    156
 100%    156 (longest request)
