time="2023-03-27T16:05:03-04:00" level=info msg="Called startVMM(), setting up a VMM on /tmp/testtap.socket"
time="2023-03-27T16:05:03-04:00" level=info msg="VMM logging disabled."
time="2023-03-27T16:05:03-04:00" level=info msg="VMM metrics disabled."
time="2023-03-27T16:05:03-04:00" level=info msg="refreshMachineConfiguration: [GET /machine-config][200] getMachineConfigurationOK  &{CPUTemplate:Uninitialized HtEnabled:0xc0008076c4 MemSizeMib:0xc0008076b8 VcpuCount:0xc0008076b0}"
time="2023-03-27T16:05:03-04:00" level=info msg="PutGuestBootSource: [PUT /boot-source][204] putGuestBootSourceNoContent "
time="2023-03-27T16:05:03-04:00" level=info msg="Attaching drive /tmp/test-proxy/polyglot-proxy.img, slot 1, root true."
time="2023-03-27T16:05:03-04:00" level=info msg="Attached drive /tmp/test-proxy/polyglot-proxy.img: [PUT /drives/{drive_id}][204] putGuestDriveByIdNoContent "
time="2023-03-27T16:05:03-04:00" level=info msg="Attaching NIC testtap (hwaddr DE:AD:BE:EF:23:0A) at index 1"
2023-03-27T16:05:03.515449443 [anonymous-instance:main:WARN:src/vmm/src/builder.rs:599] Could not add serial input event to epoll: Error during epoll call: Operation not permitted (os error 1)
time="2023-03-27T16:05:03-04:00" level=info msg="startInstance successful: [PUT /actions][204] createSyncActionNoContent "
[    0.012000] dmi: Firmware registration failed.
[    0.035992] zswap: default zpool zbud not available
[    0.036258] zswap: pool creation failed
Graalvisor boot time: 180 ms.
Graalvisor listening on port 8080.
Warning: graalvisor compiled with no truffle language support.
Waiting for 192.168.31.28:8080
Function uploader registered with process sandboxing in 711 ms
[thread 1] Creating context org.graalvm.polyglot.Context@38522c59
[thread 41] New process sandbox 471 in 100876 us
[thread 1] Creating context org.graalvm.polyglot.Context@11348300
[thread 45] New process sandbox 485 in 100506 us
[thread 1] Creating context org.graalvm.polyglot.Context@48a0f680
[thread 46] New process sandbox 489 in 100545 us
[thread 1] Creating context org.graalvm.polyglot.Context@7d8f1793
[thread 47] New process sandbox 494 in 100518 us
[thread 1] Creating context org.graalvm.polyglot.Context@205092a3
[thread 41] Destroying process sandbox 471
[thread 48] New process sandbox 521 in 114495 us
[thread 1] Creating context org.graalvm.polyglot.Context@3be5926
time="2023-03-27T16:05:40-04:00" level=warning msg="firecracker exited: signal: terminated"
time="2023-03-27T16:05:40-04:00" level=fatal msg="Wait returned an error 1 error occurred:\n\t* signal: terminated\n\n"
