This is ApacheBench, Version 2.3 <$Revision: 1879490 $>
Copyright 1996 Adam Twiss, Zeus Technology Ltd, http://www.zeustech.net/
Licensed to The Apache Software Foundation, http://www.apache.org/

Benchmarking 127.0.0.1 (be patient)
Completed 100 requests
Completed 200 requests
Completed 300 requests
Finished 320 requests


Server Software:        
Server Hostname:        127.0.0.1
Server Port:            8081

Document Path:          /
Document Length:        46 bytes

Concurrency Level:      8
Time taken for tests:   0.031 seconds
Complete requests:      320
Failed requests:        133
   (Connect: 0, Receive: 0, Length: 133, Exceptions: 0)
Total transferred:      45015 bytes
Total body sent:        65600
HTML transferred:       14615 bytes
Requests per second:    10373.78 [#/sec] (mean)
Time per request:       0.771 [ms] (mean)
Time per request:       0.096 [ms] (mean, across all concurrent requests)
Transfer rate:          1425.10 [Kbytes/sec] received
                        2076.78 kb/s sent
                        3501.88 kb/s total

Connection Times (ms)
              min  mean[+/-sd] median   max
Connect:        0    0   0.0      0       0
Processing:     0    1   0.8      0       6
Waiting:        0    1   0.7      0       6
Total:          0    1   0.8      1       6
WARNING: The median and mean for the processing time are not within a normal deviation
        These results are probably not that reliable.
WARNING: The median and mean for the waiting time are not within a normal deviation
        These results are probably not that reliable.

Percentage of the requests served within a certain time (ms)
  50%      1
  66%      1
  75%      1
  80%      1
  90%      1
  95%      1
  98%      4
  99%      5
 100%      6 (longest request)
