time="2023-04-08T10:12:12-04:00" level=info msg="Called startVMM(), setting up a VMM on /tmp/testtap.socket"
time="2023-04-08T10:12:12-04:00" level=info msg="VMM logging disabled."
time="2023-04-08T10:12:12-04:00" level=info msg="VMM metrics disabled."
time="2023-04-08T10:12:12-04:00" level=info msg="refreshMachineConfiguration: [GET /machine-config][200] getMachineConfigurationOK  &{CPUTemplate:Uninitialized HtEnabled:0xc00046a5e4 MemSizeMib:0xc00046a5d8 VcpuCount:0xc00046a5d0}"
time="2023-04-08T10:12:12-04:00" level=info msg="PutGuestBootSource: [PUT /boot-source][204] putGuestBootSourceNoContent "
time="2023-04-08T10:12:12-04:00" level=info msg="Attaching drive /tmp/test-proxy/polyglot-proxy.img, slot 1, root true."
time="2023-04-08T10:12:12-04:00" level=info msg="Attached drive /tmp/test-proxy/polyglot-proxy.img: [PUT /drives/{drive_id}][204] putGuestDriveByIdNoContent "
time="2023-04-08T10:12:12-04:00" level=info msg="Attaching NIC testtap (hwaddr DE:AD:BE:EF:31:AE) at index 1"
2023-04-08T10:12:12.498246106 [anonymous-instance:main:WARN:src/vmm/src/builder.rs:599] Could not add serial input event to epoll: Error during epoll call: Operation not permitted (os error 1)
time="2023-04-08T10:12:12-04:00" level=info msg="startInstance successful: [PUT /actions][204] createSyncActionNoContent "
[    0.012000] dmi: Firmware registration failed.
[    0.040704] zswap: default zpool zbud not available
[    0.040974] zswap: pool creation failed
Graalvisor boot time: 170 ms.
Graalvisor listening on port 8080.
Warning: graalvisor compiled with no truffle language support.
Function hw registered with process sandboxing in 346 ms
[thread 1] Creating context org.graalvm.polyglot.Context@43b577b3
[thread 41] New process sandbox 463 in 365 us
[thread 1] Creating context org.graalvm.polyglot.Context@6e82611d
[thread 50] New process sandbox 479 in 377 us
[thread 51] New process sandbox 480 in 554 us
[thread 52] New process sandbox 481 in 389 us
[thread 53] New process sandbox 482 in 347 us
[thread 56] New process sandbox 489 in 362 us
[thread 57] New process sandbox 491 in 388 us
[thread 58] New process sandbox 492 in 412 us
[thread 1] Creating context org.graalvm.polyglot.Context@3e4fde9
[thread 1] Creating context org.graalvm.polyglot.Context@1b8388be
[thread 1] Creating context org.graalvm.polyglot.Context@7f35e82d
[thread 1] Creating context org.graalvm.polyglot.Context@7e5bdf7f
[thread 1] Creating context org.graalvm.polyglot.Context@502e8fe4
[thread 1] Creating context org.graalvm.polyglot.Context@772087dd
[thread 1] Creating context org.graalvm.polyglot.Context@6b0e33e1
time="2023-04-08T10:12:15-04:00" level=warning msg="firecracker exited: signal: terminated"
time="2023-04-08T10:12:15-04:00" level=fatal msg="Wait returned an error 1 error occurred:\n\t* signal: terminated\n\n"
