This is ApacheBench, Version 2.3 <$Revision: 1879490 $>
Copyright 1996 Adam Twiss, Zeus Technology Ltd, http://www.zeustech.net/
Licensed to The Apache Software Foundation, http://www.apache.org/

Benchmarking 172.18.0.2 (be patient).....done


Server Software:        
Server Hostname:        172.18.0.2
Server Port:            8080

Document Path:          /
Document Length:        85 bytes

Concurrency Level:      1
Time taken for tests:   1.713 seconds
Complete requests:      5
Failed requests:        0
Total transferred:      900 bytes
Total body sent:        1170
HTML transferred:       425 bytes
Requests per second:    2.92 [#/sec] (mean)
Time per request:       342.564 [ms] (mean)
Time per request:       342.564 [ms] (mean, across all concurrent requests)
Transfer rate:          0.51 [Kbytes/sec] received
                        0.67 kb/s sent
                        1.18 kb/s total

Connection Times (ms)
              min  mean[+/-sd] median   max
Connect:        0    0   0.1      0       0
Processing:   207  342 152.2    302     605
Waiting:      207  342 152.2    302     605
Total:        207  343 152.2    302     605

Percentage of the requests served within a certain time (ms)
  50%    298
  66%    307
  75%    307
  80%    605
  90%    605
  95%    605
  98%    605
  99%    605
 100%    605 (longest request)
