This is ApacheBench, Version 2.3 <$Revision: 1879490 $>
Copyright 1996 Adam Twiss, Zeus Technology Ltd, http://www.zeustech.net/
Licensed to The Apache Software Foundation, http://www.apache.org/

Benchmarking 172.18.0.2 (be patient).....done


Server Software:        
Server Hostname:        172.18.0.2
Server Port:            8080

Document Path:          /
Document Length:        85 bytes

Concurrency Level:      1
Time taken for tests:   1.097 seconds
Complete requests:      5
Failed requests:        0
Total transferred:      900 bytes
Total body sent:        1170
HTML transferred:       425 bytes
Requests per second:    4.56 [#/sec] (mean)
Time per request:       219.385 [ms] (mean)
Time per request:       219.385 [ms] (mean, across all concurrent requests)
Transfer rate:          0.80 [Kbytes/sec] received
                        1.04 kb/s sent
                        1.84 kb/s total

Connection Times (ms)
              min  mean[+/-sd] median   max
Connect:        0   16  34.3      0      77
Processing:   108  204  62.9    215     284
Waiting:      108  204  62.9    215     284
Total:        109  219  75.8    247     296

Percentage of the requests served within a certain time (ms)
  50%    210
  66%    284
  75%    284
  80%    296
  90%    296
  95%    296
  98%    296
  99%    296
 100%    296 (longest request)
