This is ApacheBench, Version 2.3 <$Revision: 1879490 $>
Copyright 1996 Adam Twiss, Zeus Technology Ltd, http://www.zeustech.net/
Licensed to The Apache Software Foundation, http://www.apache.org/

Benchmarking 172.172.0.2 (be patient)
Completed 100 requests
Completed 200 requests
Completed 300 requests
Completed 400 requests
Completed 500 requests
Completed 600 requests
Completed 700 requests
Completed 800 requests
Completed 900 requests
Completed 1000 requests
Finished 1000 requests


Server Software:        
Server Hostname:        172.172.0.2
Server Port:            8080

Document Path:          /run
Document Length:        43 bytes

Concurrency Level:      1
Time taken for tests:   56.686 seconds
Complete requests:      1000
Failed requests:        0
Total transferred:      138000 bytes
Total body sent:        198000
HTML transferred:       43000 bytes
Requests per second:    17.64 [#/sec] (mean)
Time per request:       56.686 [ms] (mean)
Time per request:       56.686 [ms] (mean, across all concurrent requests)
Transfer rate:          2.38 [Kbytes/sec] received
                        3.41 kb/s sent
                        5.79 kb/s total

Connection Times (ms)
              min  mean[+/-sd] median   max
Connect:        0    4  17.9      0      94
Processing:     2   52  57.8     90    1102
Waiting:        1   29  51.4      4    1009
Total:          2   57  59.2     92    1187

Percentage of the requests served within a certain time (ms)
  50%     92
  66%     95
  75%     96
  80%     97
  90%     99
  95%    100
  98%    103
  99%    104
 100%   1187 (longest request)
