This is ApacheBench, Version 2.3 <$Revision: 1879490 $>
Copyright 1996 Adam Twiss, Zeus Technology Ltd, http://www.zeustech.net/
Licensed to The Apache Software Foundation, http://www.apache.org/

Benchmarking 172.172.0.2 (be patient).....done


Server Software:        
Server Hostname:        172.172.0.2
Server Port:            8080

Document Path:          /
Document Length:        86 bytes

Concurrency Level:      4
Time taken for tests:   22.345 seconds
Complete requests:      40
Failed requests:        39
   (Connect: 0, Receive: 0, Length: 39, Exceptions: 0)
Total transferred:      7180 bytes
Total body sent:        9320
HTML transferred:       3380 bytes
Requests per second:    1.79 [#/sec] (mean)
Time per request:       2234.535 [ms] (mean)
Time per request:       558.634 [ms] (mean, across all concurrent requests)
Transfer rate:          0.31 [Kbytes/sec] received
                        0.41 kb/s sent
                        0.72 kb/s total

Connection Times (ms)
              min  mean[+/-sd] median   max
Connect:        0    0   1.3      0       8
Processing:    40 1554 4741.9     67   17873
Waiting:       40 1554 4741.9     67   17873
Total:         41 1554 4741.8     67   17873

Percentage of the requests served within a certain time (ms)
  50%     67
  66%    107
  75%    143
  80%    254
  90%   4473
  95%  17789
  98%  17873
  99%  17873
 100%  17873 (longest request)
