This is ApacheBench, Version 2.3 <$Revision: 1879490 $>
Copyright 1996 Adam Twiss, Zeus Technology Ltd, http://www.zeustech.net/
Licensed to The Apache Software Foundation, http://www.apache.org/

Benchmarking 172.18.0.2 (be patient).....done


Server Software:        
Server Hostname:        172.18.0.2
Server Port:            8080

Document Path:          /
Document Length:        95 bytes

Concurrency Level:      1
Time taken for tests:   2.002 seconds
Complete requests:      2
Failed requests:        1
   (Connect: 0, Receive: 0, Length: 1, Exceptions: 0)
Total transferred:      379 bytes
Total body sent:        584
HTML transferred:       189 bytes
Requests per second:    1.00 [#/sec] (mean)
Time per request:       1001.189 [ms] (mean)
Time per request:       1001.189 [ms] (mean, across all concurrent requests)
Transfer rate:          0.18 [Kbytes/sec] received
                        0.28 kb/s sent
                        0.47 kb/s total

Connection Times (ms)
              min  mean[+/-sd] median   max
Connect:        0    0   0.1      0       0
Processing:   903 1001 139.0   1099    1099
Waiting:      903 1001 139.0   1099    1099
Total:        903 1001 139.1   1100    1100

Percentage of the requests served within a certain time (ms)
  50%   1100
  66%   1100
  75%   1100
  80%   1100
  90%   1100
  95%   1100
  98%   1100
  99%   1100
 100%   1100 (longest request)
