This is ApacheBench, Version 2.3 <$Revision: 1879490 $>
Copyright 1996 Adam Twiss, Zeus Technology Ltd, http://www.zeustech.net/
Licensed to The Apache Software Foundation, http://www.apache.org/

Benchmarking 172.18.0.2 (be patient).....done


Server Software:        
Server Hostname:        172.18.0.2
Server Port:            8080

Document Path:          /
Document Length:        94 bytes

Concurrency Level:      1
Time taken for tests:   1.741 seconds
Complete requests:      2
Failed requests:        0
Total transferred:      378 bytes
Total body sent:        584
HTML transferred:       188 bytes
Requests per second:    1.15 [#/sec] (mean)
Time per request:       870.251 [ms] (mean)
Time per request:       870.251 [ms] (mean, across all concurrent requests)
Transfer rate:          0.21 [Kbytes/sec] received
                        0.33 kb/s sent
                        0.54 kb/s total

Connection Times (ms)
              min  mean[+/-sd] median   max
Connect:        0    0   0.0      0       0
Processing:   798  870 101.5    942     942
Waiting:      798  870 101.5    942     942
Total:        798  870 101.5    942     942

Percentage of the requests served within a certain time (ms)
  50%    942
  66%    942
  75%    942
  80%    942
  90%    942
  95%    942
  98%    942
  99%    942
 100%    942 (longest request)
