time="2023-04-06T15:49:34-04:00" level=info msg="Called startVMM(), setting up a VMM on /tmp/testtap.socket"
time="2023-04-06T15:49:34-04:00" level=info msg="VMM logging disabled."
time="2023-04-06T15:49:34-04:00" level=info msg="VMM metrics disabled."
time="2023-04-06T15:49:34-04:00" level=info msg="refreshMachineConfiguration: [GET /machine-config][200] getMachineConfigurationOK  &{CPUTemplate:Uninitialized HtEnabled:0xc0003eadf4 MemSizeMib:0xc0003eade8 VcpuCount:0xc0003eade0}"
time="2023-04-06T15:49:34-04:00" level=info msg="PutGuestBootSource: [PUT /boot-source][204] putGuestBootSourceNoContent "
time="2023-04-06T15:49:34-04:00" level=info msg="Attaching drive /tmp/test-proxy/polyglot-proxy.img, slot 1, root true."
time="2023-04-06T15:49:34-04:00" level=info msg="Attached drive /tmp/test-proxy/polyglot-proxy.img: [PUT /drives/{drive_id}][204] putGuestDriveByIdNoContent "
time="2023-04-06T15:49:34-04:00" level=info msg="Attaching NIC testtap (hwaddr DE:AD:BE:EF:A1:96) at index 1"
2023-04-06T15:49:34.965671482 [anonymous-instance:main:WARN:src/vmm/src/builder.rs:599] Could not add serial input event to epoll: Error during epoll call: Operation not permitted (os error 1)
time="2023-04-06T15:49:34-04:00" level=info msg="startInstance successful: [PUT /actions][204] createSyncActionNoContent "
[    0.012000] dmi: Firmware registration failed.
[    0.040853] zswap: default zpool zbud not available
[    0.041102] zswap: pool creation failed
Graalvisor boot time: 166 ms.
Graalvisor listening on port 8080.
Warning: graalvisor compiled with no truffle language support.
Function hw registered with runtime sandboxing in 22 ms
[thread 40] New runtime sandbox 140344967561216 in 1305 us
[thread 51] New runtime sandbox 140310263889920 in 462 us
[thread 49] New runtime sandbox 140275894714368 in 591 us
[thread 50] New runtime sandbox 140241525538816 in 384 us
[thread 52] New runtime sandbox 140207156363264 in 549 us
[thread 53] New runtime sandbox 140172787187712 in 358 us
[thread 54] New runtime sandbox 140138418012160 in 358 us
[thread 55] New runtime sandbox 140104048836608 in 356 us
time="2023-04-06T15:49:39-04:00" level=warning msg="firecracker exited: signal: terminated"
time="2023-04-06T15:49:39-04:00" level=fatal msg="Wait returned an error 1 error occurred:\n\t* signal: terminated\n\n"
