This is ApacheBench, Version 2.3 <$Revision: 1879490 $>
Copyright 1996 Adam Twiss, Zeus Technology Ltd, http://www.zeustech.net/
Licensed to The Apache Software Foundation, http://www.apache.org/

Benchmarking 172.172.0.2 (be patient)
Completed 100 requests
Completed 200 requests
Finished 256 requests


Server Software:        
Server Hostname:        172.172.0.2
Server Port:            8080

Document Path:          /
Document Length:        185 bytes

Concurrency Level:      1
Time taken for tests:   61.826 seconds
Complete requests:      256
Failed requests:        213
   (Connect: 0, Receive: 0, Length: 213, Exceptions: 0)
Total transferred:      71886 bytes
Total body sent:        59648
HTML transferred:       47310 bytes
Requests per second:    4.14 [#/sec] (mean)
Time per request:       241.510 [ms] (mean)
Time per request:       241.510 [ms] (mean, across all concurrent requests)
Transfer rate:          1.14 [Kbytes/sec] received
                        0.94 kb/s sent
                        2.08 kb/s total

Connection Times (ms)
              min  mean[+/-sd] median   max
Connect:        0    5  20.6      0      94
Processing:     2  236 409.0      4    1294
Waiting:        2  235 409.2      4    1294
Total:          2  241 406.7      5    1295

Percentage of the requests served within a certain time (ms)
  50%      5
  66%     93
  75%     95
  80%   1023
  90%   1024
  95%   1024
  98%   1025
  99%   1025
 100%   1295 (longest request)
