This is ApacheBench, Version 2.3 <$Revision: 1879490 $>
Copyright 1996 Adam Twiss, Zeus Technology Ltd, http://www.zeustech.net/
Licensed to The Apache Software Foundation, http://www.apache.org/

Benchmarking 172.18.0.2 (be patient).....done


Server Software:        
Server Hostname:        172.18.0.2
Server Port:            8080

Document Path:          /
Document Length:        95 bytes

Concurrency Level:      2
Time taken for tests:   3.728 seconds
Complete requests:      4
Failed requests:        1
   (Connect: 0, Receive: 0, Length: 1, Exceptions: 0)
Total transferred:      759 bytes
Total body sent:        1168
HTML transferred:       379 bytes
Requests per second:    1.07 [#/sec] (mean)
Time per request:       1864.141 [ms] (mean)
Time per request:       932.071 [ms] (mean, across all concurrent requests)
Transfer rate:          0.20 [Kbytes/sec] received
                        0.31 kb/s sent
                        0.50 kb/s total

Connection Times (ms)
              min  mean[+/-sd] median   max
Connect:        0    0   0.1      0       0
Processing:   893 1360 343.5   1460    1714
Waiting:      893 1360 343.5   1460    1714
Total:        893 1361 343.5   1460    1714

Percentage of the requests served within a certain time (ms)
  50%   1460
  66%   1460
  75%   1714
  80%   1714
  90%   1714
  95%   1714
  98%   1714
  99%   1714
 100%   1714 (longest request)
