time="2023-03-26T21:57:37-04:00" level=info msg="Called startVMM(), setting up a VMM on /tmp/testtap.socket"
time="2023-03-26T21:57:37-04:00" level=info msg="VMM logging disabled."
time="2023-03-26T21:57:37-04:00" level=info msg="VMM metrics disabled."
time="2023-03-26T21:57:37-04:00" level=info msg="refreshMachineConfiguration: [GET /machine-config][200] getMachineConfigurationOK  &{CPUTemplate:Uninitialized HtEnabled:0xc0002edd94 MemSizeMib:0xc0002edd88 VcpuCount:0xc0002edd80}"
time="2023-03-26T21:57:37-04:00" level=info msg="PutGuestBootSource: [PUT /boot-source][204] putGuestBootSourceNoContent "
time="2023-03-26T21:57:37-04:00" level=info msg="Attaching drive /tmp/test-proxy/polyglot-proxy.img, slot 1, root true."
time="2023-03-26T21:57:37-04:00" level=info msg="Attached drive /tmp/test-proxy/polyglot-proxy.img: [PUT /drives/{drive_id}][204] putGuestDriveByIdNoContent "
time="2023-03-26T21:57:37-04:00" level=info msg="Attaching NIC testtap (hwaddr DE:AD:BE:EF:77:60) at index 1"
2023-03-26T21:57:37.191689869 [anonymous-instance:main:WARN:src/vmm/src/builder.rs:599] Could not add serial input event to epoll: Error during epoll call: Operation not permitted (os error 1)
time="2023-03-26T21:57:37-04:00" level=info msg="startInstance successful: [PUT /actions][204] createSyncActionNoContent "
[    0.012000] dmi: Firmware registration failed.
[    0.040171] zswap: default zpool zbud not available
[    0.040420] zswap: pool creation failed
Graalvisor boot time: 192 ms.
Graalvisor listening on port 8080.
Warning: graalvisor compiled with no truffle language support.
Waiting for 192.168.4.33:8080
Function uploader registered with context sandboxing in 327 ms
[thread 43] New context sandbox 140115241336832 in 25 us
[thread 37] Creating context org.graalvm.polyglot.Context@4b3ae5cf
[thread 50] New context sandbox 140115241336832 in 62 us
[thread 42] Creating context org.graalvm.polyglot.Context@3db6bd95
[thread 51] New context sandbox 140115241336832 in 14 us
[thread 43] Creating context org.graalvm.polyglot.Context@32ecac3b
[thread 52] New context sandbox 140115241336832 in 11 us
[thread 44] Creating context org.graalvm.polyglot.Context@6d4d4cb5
[thread 53] New context sandbox 140115241336832 in 16 us
[thread 45] Creating context org.graalvm.polyglot.Context@3f66a455
[thread 54] New context sandbox 140115241336832 in 12 us
[thread 46] Creating context org.graalvm.polyglot.Context@29f0db0e
[thread 55] New context sandbox 140115241336832 in 14 us
[thread 47] Creating context org.graalvm.polyglot.Context@f641559
[thread 56] New context sandbox 140115241336832 in 14 us
[thread 48] Creating context org.graalvm.polyglot.Context@5cc15219
[thread 57] New context sandbox 140115241336832 in 21 us
[thread 49] Creating context org.graalvm.polyglot.Context@353a422
time="2023-03-26T21:57:46-04:00" level=warning msg="firecracker exited: signal: terminated"
time="2023-03-26T21:57:46-04:00" level=fatal msg="Wait returned an error 1 error occurred:\n\t* signal: terminated\n\n"
