This is ApacheBench, Version 2.3 <$Revision: 1879490 $>
Copyright 1996 Adam Twiss, Zeus Technology Ltd, http://www.zeustech.net/
Licensed to The Apache Software Foundation, http://www.apache.org/

Benchmarking 127.0.0.1 (be patient)
Completed 100 requests
Completed 200 requests
Completed 300 requests
Finished 320 requests


Server Software:        
Server Hostname:        127.0.0.1
Server Port:            8081

Document Path:          /
Document Length:        57 bytes

Concurrency Level:      8
Time taken for tests:   0.378 seconds
Complete requests:      320
Failed requests:        312
   (Connect: 0, Receive: 0, Length: 312, Exceptions: 0)
Total transferred:      47711 bytes
Total body sent:        65600
HTML transferred:       17311 bytes
Requests per second:    845.91 [#/sec] (mean)
Time per request:       9.457 [ms] (mean)
Time per request:       1.182 [ms] (mean, across all concurrent requests)
Transfer rate:          123.17 [Kbytes/sec] received
                        169.35 kb/s sent
                        292.52 kb/s total

Connection Times (ms)
              min  mean[+/-sd] median   max
Connect:        0    0   0.1      0       1
Processing:     0    5  26.0      1     178
Waiting:        0    5  26.0      0     177
Total:          0    5  26.0      1     178

Percentage of the requests served within a certain time (ms)
  50%      1
  66%      1
  75%      1
  80%      1
  90%      1
  95%      6
  98%    161
  99%    164
 100%    178 (longest request)
