HTTP/1.1 204 
Server: Firecracker API
Connection: keep-alive

HTTP/1.1 204 
Server: Firecracker API
Connection: keep-alive

HTTP/1.1 204 
Server: Firecracker API
Connection: keep-alive

HTTP/1.1 204 
Server: Firecracker API
Connection: keep-alive

2024-02-05T17:59:37.319655489 [anonymous-instance:main:WARN:src/devices/src/legacy/serial.rs:249] Failed to register serial input fd: event_manager: failed to manage epoll file descriptor
HTTP/1.1 204 
Server: Firecracker API
Connection: keep-alive

[    0.021118] dmi: Firmware registration failed.
[    0.050742] zswap: default zpool zbud not available
[    0.051073] zswap: pool creation failed
Graalvisor boot time: 1872 ms.
Graalvisor listening on port 8080.
seccomp(SECCOMP_GET_NOTIF_SIZES): Invalid argument
Warning: graalvisor compiled with no truffle language support.
Function hw registered with context sandboxing in 1076 ms
[thread 55] New context sandbox 140470875324416 in 84 us
[thread 54] Creating context org.graalvm.polyglot.Context@7b1897ce
[thread 63] New context sandbox 140470875324416 in 44 us
[thread 57] Creating context org.graalvm.polyglot.Context@6d49ef00
[thread 64] New context sandbox 140470875324416 in 41 us
[thread 65] New context sandbox 140470875324416 in 31 us
[thread 66] New context sandbox 140470875324416 in 27 us
[thread 68] New context sandbox 140470875324416 in 35 us
[thread 67] New context sandbox 140470875324416 in 29 us
[thread 61] Creating context org.graalvm.polyglot.Context@5acbc9d0
[thread 62] Creating context org.graalvm.polyglot.Context@2091f2e5
[thread 60] Creating context org.graalvm.polyglot.Context@238d5a87
[thread 58] Creating context org.graalvm.polyglot.Context@78f8cd11
[thread 59] Creating context org.graalvm.polyglot.Context@4a475f5a
[thread 69] New context sandbox 140470875324416 in 112 us
[thread 63] Creating context org.graalvm.polyglot.Context@1330c60a
