This is ApacheBench, Version 2.3 <$Revision: 1879490 $>
Copyright 1996 Adam Twiss, Zeus Technology Ltd, http://www.zeustech.net/
Licensed to The Apache Software Foundation, http://www.apache.org/

Benchmarking 172.18.0.2 (be patient)
Completed 100 requests
Completed 200 requests
Finished 256 requests


Server Software:        
Server Hostname:        172.18.0.2
Server Port:            8080

Document Path:          /
Document Length:        186 bytes

Concurrency Level:      1
Time taken for tests:   8.022 seconds
Complete requests:      256
Failed requests:        72
   (Connect: 0, Receive: 0, Length: 72, Exceptions: 0)
Total transferred:      72185 bytes
Total body sent:        59904
HTML transferred:       47609 bytes
Requests per second:    31.91 [#/sec] (mean)
Time per request:       31.336 [ms] (mean)
Time per request:       31.336 [ms] (mean, across all concurrent requests)
Transfer rate:          8.79 [Kbytes/sec] received
                        7.29 kb/s sent
                        16.08 kb/s total

Connection Times (ms)
              min  mean[+/-sd] median   max
Connect:        0    5  20.1      0      95
Processing:     1   26  83.1      2    1198
Waiting:        1   24  82.5      2    1198
Total:          1   31  84.2      2    1198

Percentage of the requests served within a certain time (ms)
  50%      2
  66%      3
  75%     91
  80%     93
  90%     94
  95%     95
  98%     99
  99%    103
 100%   1198 (longest request)
