This is ApacheBench, Version 2.3 <$Revision: 1879490 $>
Copyright 1996 Adam Twiss, Zeus Technology Ltd, http://www.zeustech.net/
Licensed to The Apache Software Foundation, http://www.apache.org/

Benchmarking 172.18.0.2 (be patient).....done


Server Software:        
Server Hostname:        172.18.0.2
Server Port:            8080

Document Path:          /
Document Length:        68 bytes

Concurrency Level:      1
Time taken for tests:   26.809 seconds
Complete requests:      2
Failed requests:        0
Total transferred:      326 bytes
Total body sent:        584
HTML transferred:       136 bytes
Requests per second:    0.08 [#/sec] (mean)
Time per request:       13404.341 [ms] (mean)
Time per request:       13404.341 [ms] (mean, across all concurrent requests)
Transfer rate:          0.01 [Kbytes/sec] received
                        0.02 kb/s sent
                        0.03 kb/s total

Connection Times (ms)
              min  mean[+/-sd] median   max
Connect:        0    0   0.0      0       0
Processing: 13274 13404 183.9  13534   13534
Waiting:    13274 13404 183.9  13534   13534
Total:      13274 13404 183.9  13534   13534

Percentage of the requests served within a certain time (ms)
  50%  13534
  66%  13534
  75%  13534
  80%  13534
  90%  13534
  95%  13534
  98%  13534
  99%  13534
 100%  13534 (longest request)
