This is ApacheBench, Version 2.3 <$Revision: 1879490 $>
Copyright 1996 Adam Twiss, Zeus Technology Ltd, http://www.zeustech.net/
Licensed to The Apache Software Foundation, http://www.apache.org/

Benchmarking 172.18.0.2 (be patient)
Completed 100 requests
Completed 200 requests
Finished 256 requests


Server Software:        
Server Hostname:        172.18.0.2
Server Port:            8080

Document Path:          /
Document Length:        1214 bytes

Concurrency Level:      1
Time taken for tests:   7.392 seconds
Complete requests:      256
Failed requests:        166
   (Connect: 0, Receive: 0, Length: 166, Exceptions: 0)
Total transferred:      335663 bytes
Total body sent:        72704
HTML transferred:       310831 bytes
Requests per second:    34.63 [#/sec] (mean)
Time per request:       28.874 [ms] (mean)
Time per request:       28.874 [ms] (mean, across all concurrent requests)
Transfer rate:          44.35 [Kbytes/sec] received
                        9.61 kb/s sent
                        53.95 kb/s total

Connection Times (ms)
              min  mean[+/-sd] median   max
Connect:        0    7  23.2      0      95
Processing:     1   22  39.0      2     199
Waiting:        1   20  37.2      2     199
Total:          2   29  42.5      2     200

Percentage of the requests served within a certain time (ms)
  50%      2
  66%      3
  75%     93
  80%     93
  90%     94
  95%     95
  98%     97
  99%     97
 100%    200 (longest request)
