This is ApacheBench, Version 2.3 <$Revision: 1879490 $>
Copyright 1996 Adam Twiss, Zeus Technology Ltd, http://www.zeustech.net/
Licensed to The Apache Software Foundation, http://www.apache.org/

Benchmarking 172.18.0.2 (be patient).....done


Server Software:        
Server Hostname:        172.18.0.2
Server Port:            8080

Document Path:          /
Document Length:        86 bytes

Concurrency Level:      4
Time taken for tests:   12.045 seconds
Complete requests:      20
Failed requests:        14
   (Connect: 0, Receive: 0, Length: 14, Exceptions: 0)
Total transferred:      3606 bytes
Total body sent:        4780
HTML transferred:       1706 bytes
Requests per second:    1.66 [#/sec] (mean)
Time per request:       2408.989 [ms] (mean)
Time per request:       602.247 [ms] (mean, across all concurrent requests)
Transfer rate:          0.29 [Kbytes/sec] received
                        0.39 kb/s sent
                        0.68 kb/s total

Connection Times (ms)
              min  mean[+/-sd] median   max
Connect:        0    0   0.1      0       0
Processing:   496 1834 2217.3    792    6748
Waiting:      496 1834 2217.3    792    6748
Total:        496 1834 2217.3    792    6748

Percentage of the requests served within a certain time (ms)
  50%    792
  66%    871
  75%   1268
  80%   3682
  90%   6748
  95%   6748
  98%   6748
  99%   6748
 100%   6748 (longest request)
