This is ApacheBench, Version 2.3 <$Revision: 1879490 $>
Copyright 1996 Adam Twiss, Zeus Technology Ltd, http://www.zeustech.net/
Licensed to The Apache Software Foundation, http://www.apache.org/

Benchmarking 172.18.0.2 (be patient).....done


Server Software:        
Server Hostname:        172.18.0.2
Server Port:            8080

Document Path:          /
Document Length:        85 bytes

Concurrency Level:      4
Time taken for tests:   2.379 seconds
Complete requests:      20
Failed requests:        9
   (Connect: 0, Receive: 0, Length: 9, Exceptions: 0)
Total transferred:      3884 bytes
Total body sent:        4780
HTML transferred:       1976 bytes
Requests per second:    8.41 [#/sec] (mean)
Time per request:       475.854 [ms] (mean)
Time per request:       118.964 [ms] (mean, across all concurrent requests)
Transfer rate:          1.59 [Kbytes/sec] received
                        1.96 kb/s sent
                        3.56 kb/s total

Connection Times (ms)
              min  mean[+/-sd] median   max
Connect:        0    0   0.1      0       0
Processing:     0  403 355.4    611     813
Waiting:        0  403 355.4    611     813
Total:          0  403 355.4    611     813

Percentage of the requests served within a certain time (ms)
  50%    611
  66%    680
  75%    687
  80%    799
  90%    813
  95%    813
  98%    813
  99%    813
 100%    813 (longest request)
