This is ApacheBench, Version 2.3 <$Revision: 1879490 $>
Copyright 1996 Adam Twiss, Zeus Technology Ltd, http://www.zeustech.net/
Licensed to The Apache Software Foundation, http://www.apache.org/

Benchmarking 172.172.0.2 (be patient)
Completed 204 requests
Completed 408 requests
Completed 612 requests
Completed 816 requests
Completed 1020 requests
Completed 1224 requests
Completed 1428 requests
Completed 1632 requests
Completed 1836 requests
Completed 2040 requests
Finished 2048 requests


Server Software:        
Server Hostname:        172.172.0.2
Server Port:            8080

Document Path:          /
Document Length:        185 bytes

Concurrency Level:      8
Time taken for tests:   3.583 seconds
Complete requests:      2048
Failed requests:        1737
   (Connect: 0, Receive: 0, Length: 1737, Exceptions: 0)
Total transferred:      573719 bytes
Total body sent:        477184
HTML transferred:       377111 bytes
Requests per second:    571.56 [#/sec] (mean)
Time per request:       13.997 [ms] (mean)
Time per request:       1.750 [ms] (mean, across all concurrent requests)
Transfer rate:          156.36 [Kbytes/sec] received
                        130.05 kb/s sent
                        286.41 kb/s total

Connection Times (ms)
              min  mean[+/-sd] median   max
Connect:        0    1   3.8      0      74
Processing:     2   13  15.0      8     114
Waiting:        2   13  14.7      7     114
Total:          2   14  15.3      8     114

Percentage of the requests served within a certain time (ms)
  50%      8
  66%      9
  75%     10
  80%     12
  90%     42
  95%     46
  98%     54
  99%     73
 100%    114 (longest request)
