This is ApacheBench, Version 2.3 <$Revision: 1879490 $>
Copyright 1996 Adam Twiss, Zeus Technology Ltd, http://www.zeustech.net/
Licensed to The Apache Software Foundation, http://www.apache.org/

Benchmarking 192.168.31.28 (be patient).....done


Server Software:        
Server Hostname:        192.168.31.28
Server Port:            8080

Document Path:          /
Document Length:        110 bytes

Concurrency Level:      2
Time taken for tests:   0.507 seconds
Complete requests:      10
Failed requests:        2
   (Connect: 0, Receive: 0, Length: 2, Exceptions: 0)
Total transferred:      2062 bytes
Total body sent:        2400
HTML transferred:       1102 bytes
Requests per second:    19.72 [#/sec] (mean)
Time per request:       101.422 [ms] (mean)
Time per request:       50.711 [ms] (mean, across all concurrent requests)
Transfer rate:          3.97 [Kbytes/sec] received
                        4.62 kb/s sent
                        8.59 kb/s total

Connection Times (ms)
              min  mean[+/-sd] median   max
Connect:        0    0   0.1      0       0
Processing:    55   93  24.5     88     148
Waiting:       55   93  24.5     88     148
Total:         55   93  24.5     88     148

Percentage of the requests served within a certain time (ms)
  50%     88
  66%     90
  75%     98
  80%    116
  90%    148
  95%    148
  98%    148
  99%    148
 100%    148 (longest request)
This is ApacheBench, Version 2.3 <$Revision: 1879490 $>
Copyright 1996 Adam Twiss, Zeus Technology Ltd, http://www.zeustech.net/
Licensed to The Apache Software Foundation, http://www.apache.org/

Benchmarking 192.168.31.28 (be patient).....done


Server Software:        
Server Hostname:        192.168.31.28
Server Port:            8080

Document Path:          /
Document Length:        110 bytes

Concurrency Level:      2
Time taken for tests:   0.449 seconds
Complete requests:      10
Failed requests:        0
Total transferred:      2060 bytes
Total body sent:        2400
HTML transferred:       1100 bytes
Requests per second:    22.25 [#/sec] (mean)
Time per request:       89.873 [ms] (mean)
Time per request:       44.936 [ms] (mean, across all concurrent requests)
Transfer rate:          4.48 [Kbytes/sec] received
                        5.22 kb/s sent
                        9.69 kb/s total

Connection Times (ms)
              min  mean[+/-sd] median   max
Connect:        0    0   0.0      0       0
Processing:    58   80  11.9     84     100
Waiting:       58   80  12.0     84     100
Total:         59   80  11.9     84     100

Percentage of the requests served within a certain time (ms)
  50%     84
  66%     84
  75%     84
  80%     85
  90%    100
  95%    100
  98%    100
  99%    100
 100%    100 (longest request)
This is ApacheBench, Version 2.3 <$Revision: 1879490 $>
Copyright 1996 Adam Twiss, Zeus Technology Ltd, http://www.zeustech.net/
Licensed to The Apache Software Foundation, http://www.apache.org/

Benchmarking 192.168.31.28 (be patient).....done


Server Software:        
Server Hostname:        192.168.31.28
Server Port:            8080

Document Path:          /
Document Length:        110 bytes

Concurrency Level:      2
Time taken for tests:   0.442 seconds
Complete requests:      10
Failed requests:        0
Total transferred:      2060 bytes
Total body sent:        2400
HTML transferred:       1100 bytes
Requests per second:    22.65 [#/sec] (mean)
Time per request:       88.315 [ms] (mean)
Time per request:       44.157 [ms] (mean, across all concurrent requests)
Transfer rate:          4.56 [Kbytes/sec] received
                        5.31 kb/s sent
                        9.86 kb/s total

Connection Times (ms)
              min  mean[+/-sd] median   max
Connect:        0    0   0.0      0       0
Processing:    56   78  11.7     84      90
Waiting:       56   78  11.7     84      90
Total:         56   78  11.7     84      90

Percentage of the requests served within a certain time (ms)
  50%     84
  66%     84
  75%     84
  80%     84
  90%     90
  95%     90
  98%     90
  99%     90
 100%     90 (longest request)
