This is ApacheBench, Version 2.3 <$Revision: 1879490 $>
Copyright 1996 Adam Twiss, Zeus Technology Ltd, http://www.zeustech.net/
Licensed to The Apache Software Foundation, http://www.apache.org/

Benchmarking 172.18.0.2 (be patient).....done


Server Software:        
Server Hostname:        172.18.0.2
Server Port:            8080

Document Path:          /
Document Length:        72 bytes

Concurrency Level:      1
Time taken for tests:   15.031 seconds
Complete requests:      25
Failed requests:        24
   (Connect: 0, Receive: 0, Length: 24, Exceptions: 0)
Total transferred:      4151 bytes
Total body sent:        10000
HTML transferred:       1776 bytes
Requests per second:    1.66 [#/sec] (mean)
Time per request:       601.254 [ms] (mean)
Time per request:       601.254 [ms] (mean, across all concurrent requests)
Transfer rate:          0.27 [Kbytes/sec] received
                        0.65 kb/s sent
                        0.92 kb/s total

Connection Times (ms)
              min  mean[+/-sd] median   max
Connect:        0    0   0.9      0       5
Processing:   483  601 425.2    505    2630
Waiting:      483  601 425.2    505    2630
Total:        483  601 425.2    506    2630

Percentage of the requests served within a certain time (ms)
  50%    504
  66%    527
  75%    533
  80%    542
  90%    545
  95%    712
  98%   2630
  99%   2630
 100%   2630 (longest request)
