This is ApacheBench, Version 2.3 <$Revision: 1879490 $>
Copyright 1996 Adam Twiss, Zeus Technology Ltd, http://www.zeustech.net/
Licensed to The Apache Software Foundation, http://www.apache.org/

Benchmarking 172.18.0.2 (be patient).....done


Server Software:        
Server Hostname:        172.18.0.2
Server Port:            8080

Document Path:          /warmup
Document Length:        187 bytes

Concurrency Level:      1
Time taken for tests:   0.013 seconds
Complete requests:      1
Failed requests:        0
Total transferred:      283 bytes
Total body sent:        240
HTML transferred:       187 bytes
Requests per second:    77.16 [#/sec] (mean)
Time per request:       12.960 [ms] (mean)
Time per request:       12.960 [ms] (mean, across all concurrent requests)
Transfer rate:          21.32 [Kbytes/sec] received
                        18.08 kb/s sent
                        39.41 kb/s total

Connection Times (ms)
              min  mean[+/-sd] median   max
Connect:        0    0   0.0      0       0
Processing:    13   13   0.0     13      13
Waiting:       13   13   0.0     13      13
Total:         13   13   0.0     13      13
