time="2023-04-08T10:13:26-04:00" level=info msg="Called startVMM(), setting up a VMM on /tmp/testtap.socket"
time="2023-04-08T10:13:26-04:00" level=info msg="VMM logging disabled."
time="2023-04-08T10:13:26-04:00" level=info msg="VMM metrics disabled."
time="2023-04-08T10:13:26-04:00" level=info msg="refreshMachineConfiguration: [GET /machine-config][200] getMachineConfigurationOK  &{CPUTemplate:Uninitialized HtEnabled:0xc000096074 MemSizeMib:0xc000096068 VcpuCount:0xc000096060}"
time="2023-04-08T10:13:26-04:00" level=info msg="PutGuestBootSource: [PUT /boot-source][204] putGuestBootSourceNoContent "
time="2023-04-08T10:13:26-04:00" level=info msg="Attaching drive /tmp/test-proxy/polyglot-proxy.img, slot 1, root true."
time="2023-04-08T10:13:26-04:00" level=info msg="Attached drive /tmp/test-proxy/polyglot-proxy.img: [PUT /drives/{drive_id}][204] putGuestDriveByIdNoContent "
time="2023-04-08T10:13:26-04:00" level=info msg="Attaching NIC testtap (hwaddr DE:AD:BE:EF:45:11) at index 1"
2023-04-08T10:13:26.354886326 [anonymous-instance:main:WARN:src/vmm/src/builder.rs:599] Could not add serial input event to epoll: Error during epoll call: Operation not permitted (os error 1)
time="2023-04-08T10:13:26-04:00" level=info msg="startInstance successful: [PUT /actions][204] createSyncActionNoContent "
[    0.012135] dmi: Firmware registration failed.
[    0.041197] zswap: default zpool zbud not available
[    0.041468] zswap: pool creation failed
Graalvisor boot time: 176 ms.
Graalvisor listening on port 8080.
Warning: graalvisor compiled with no truffle language support.
Function uploader registered with process sandboxing in 270 ms
[thread 1] Creating context org.graalvm.polyglot.Context@36905a24
[thread 41] New process sandbox 464 in 237 us
[thread 1] Creating context org.graalvm.polyglot.Context@47d25b98
[thread 50] New process sandbox 482 in 274 us
[thread 51] New process sandbox 483 in 237 us
[thread 52] New process sandbox 484 in 274 us
[thread 53] New process sandbox 485 in 213 us
[thread 54] New process sandbox 486 in 214 us
[thread 55] New process sandbox 487 in 233 us
[thread 56] New process sandbox 488 in 245 us
[thread 1] Creating context org.graalvm.polyglot.Context@543cee27
[thread 1] Creating context org.graalvm.polyglot.Context@2c9d5a1e
[thread 1] Creating context org.graalvm.polyglot.Context@d7473ef
[thread 1] Creating context org.graalvm.polyglot.Context@14a2d6a3
[thread 1] Creating context org.graalvm.polyglot.Context@1e940638
[thread 1] Creating context org.graalvm.polyglot.Context@60f4e42e
[thread 1] Creating context org.graalvm.polyglot.Context@7b210106
time="2023-04-08T10:13:31-04:00" level=warning msg="firecracker exited: signal: terminated"
time="2023-04-08T10:13:31-04:00" level=fatal msg="Wait returned an error 1 error occurred:\n\t* signal: terminated\n\n"
