This is ApacheBench, Version 2.3 <$Revision: 1879490 $>
Copyright 1996 Adam Twiss, Zeus Technology Ltd, http://www.zeustech.net/
Licensed to The Apache Software Foundation, http://www.apache.org/

Benchmarking 172.18.0.2 (be patient)
Completed 100 requests
Completed 200 requests
Finished 256 requests


Server Software:        
Server Hostname:        172.18.0.2
Server Port:            8080

Document Path:          /
Document Length:        89 bytes

Concurrency Level:      1
Time taken for tests:   1.916 seconds
Complete requests:      256
Failed requests:        255
   (Connect: 0, Receive: 0, Length: 255, Exceptions: 0)
Total transferred:      46660 bytes
Total body sent:        46336
HTML transferred:       22340 bytes
Requests per second:    133.61 [#/sec] (mean)
Time per request:       7.485 [ms] (mean)
Time per request:       7.485 [ms] (mean, across all concurrent requests)
Transfer rate:          23.78 [Kbytes/sec] received
                        23.62 kb/s sent
                        47.40 kb/s total

Connection Times (ms)
              min  mean[+/-sd] median   max
Connect:        0    2  11.3      0      93
Processing:     0    6  21.3      1      92
Waiting:        0    4  18.4      0      92
Total:          0    7  23.8      1      95

Percentage of the requests served within a certain time (ms)
  50%      1
  66%      1
  75%      1
  80%      1
  90%      2
  95%     91
  98%     92
  99%     92
 100%     95 (longest request)
