12500 100000
1892221
Added process 1892221 to cgroup experiments with a quota of 12500 out of 100000.
pid 1892221's current affinity list: 0-7
pid 1892221's new affinity list: 0
Pinned process 1892221 to core 0.
12500 100000
1892779
Added process 1892779 to cgroup experiments with a quota of 12500 out of 100000.
pid 1892779's current affinity list: 0-7
pid 1892779's new affinity list: 0
Pinned process 1892779 to core 0.
12500 100000
1893360
Added process 1893360 to cgroup experiments with a quota of 12500 out of 100000.
pid 1893360's current affinity list: 0-7
pid 1893360's new affinity list: 0
Pinned process 1893360 to core 0.
12500 100000
1893935
Added process 1893935 to cgroup experiments with a quota of 12500 out of 100000.
pid 1893935's current affinity list: 0-7
pid 1893935's new affinity list: 0
Pinned process 1893935 to core 0.
12500 100000
1894503
Added process 1894503 to cgroup experiments with a quota of 12500 out of 100000.
pid 1894503's current affinity list: 0-7
pid 1894503's new affinity list: 0
Pinned process 1894503 to core 0.
