This is ApacheBench, Version 2.3 <$Revision: 1879490 $>
Copyright 1996 Adam Twiss, Zeus Technology Ltd, http://www.zeustech.net/
Licensed to The Apache Software Foundation, http://www.apache.org/

Benchmarking 172.18.0.2 (be patient).....done


Server Software:        
Server Hostname:        172.18.0.2
Server Port:            8080

Document Path:          /
Document Length:        71 bytes

Concurrency Level:      1
Time taken for tests:   4.187 seconds
Complete requests:      10
Failed requests:        0
Total transferred:      1660 bytes
Total body sent:        3970
HTML transferred:       710 bytes
Requests per second:    2.39 [#/sec] (mean)
Time per request:       418.675 [ms] (mean)
Time per request:       418.675 [ms] (mean, across all concurrent requests)
Transfer rate:          0.39 [Kbytes/sec] received
                        0.93 kb/s sent
                        1.31 kb/s total

Connection Times (ms)
              min  mean[+/-sd] median   max
Connect:        0    0   0.1      0       0
Processing:   384  418  72.7    398     624
Waiting:      384  418  72.7    398     624
Total:        384  419  72.7    398     625

Percentage of the requests served within a certain time (ms)
  50%    398
  66%    399
  75%    405
  80%    407
  90%    625
  95%    625
  98%    625
  99%    625
 100%    625 (longest request)
