This is ApacheBench, Version 2.3 <$Revision: 1879490 $>
Copyright 1996 Adam Twiss, Zeus Technology Ltd, http://www.zeustech.net/
Licensed to The Apache Software Foundation, http://www.apache.org/

Benchmarking 172.18.0.2 (be patient).....done


Server Software:        
Server Hostname:        172.18.0.2
Server Port:            8080

Document Path:          /
Document Length:        142 bytes

Concurrency Level:      1
Time taken for tests:   0.792 seconds
Complete requests:      50
Failed requests:        43
   (Connect: 0, Receive: 0, Length: 43, Exceptions: 0)
Total transferred:      11815 bytes
Total body sent:        10000
HTML transferred:       7015 bytes
Requests per second:    63.16 [#/sec] (mean)
Time per request:       15.834 [ms] (mean)
Time per request:       15.834 [ms] (mean, across all concurrent requests)
Transfer rate:          14.57 [Kbytes/sec] received
                        12.34 kb/s sent
                        26.91 kb/s total

Connection Times (ms)
              min  mean[+/-sd] median   max
Connect:        0    0   0.1      0       0
Processing:     3   16  19.6      8      68
Waiting:        3   16  19.6      8      68
Total:          3   16  19.6      8      68

Percentage of the requests served within a certain time (ms)
  50%      8
  66%     11
  75%     16
  80%     18
  90%     58
  95%     60
  98%     68
  99%     68
 100%     68 (longest request)
