This is ApacheBench, Version 2.3 <$Revision: 1879490 $>
Copyright 1996 Adam Twiss, Zeus Technology Ltd, http://www.zeustech.net/
Licensed to The Apache Software Foundation, http://www.apache.org/

Benchmarking 172.172.0.2 (be patient)
Completed 100 requests
Completed 200 requests
Finished 200 requests


Server Software:        
Server Hostname:        172.172.0.2
Server Port:            8080

Document Path:          /
Document Length:        91 bytes

Concurrency Level:      8
Time taken for tests:   3.747 seconds
Complete requests:      200
Failed requests:        197
   (Connect: 0, Receive: 0, Length: 197, Exceptions: 0)
Total transferred:      36556 bytes
Total body sent:        36400
HTML transferred:       17556 bytes
Requests per second:    53.38 [#/sec] (mean)
Time per request:       149.876 [ms] (mean)
Time per request:       18.734 [ms] (mean, across all concurrent requests)
Transfer rate:          9.53 [Kbytes/sec] received
                        9.49 kb/s sent
                        19.01 kb/s total

Connection Times (ms)
              min  mean[+/-sd] median   max
Connect:        0    0   0.1      0       1
Processing:     0  125 628.0      1    3444
Waiting:        0  125 628.0      1    3444
Total:          0  126 628.0      1    3444

Percentage of the requests served within a certain time (ms)
  50%      1
  66%      3
  75%      4
  80%      4
  90%     10
  95%    123
  98%   3407
  99%   3417
 100%   3444 (longest request)
