This is ApacheBench, Version 2.3 <$Revision: 1879490 $>
Copyright 1996 Adam Twiss, Zeus Technology Ltd, http://www.zeustech.net/
Licensed to The Apache Software Foundation, http://www.apache.org/

Benchmarking 172.18.0.2 (be patient)
Completed 100 requests
Completed 200 requests
Finished 256 requests


Server Software:        
Server Hostname:        172.18.0.2
Server Port:            8080

Document Path:          /run
Document Length:        29 bytes

Concurrency Level:      1
Time taken for tests:   21.493 seconds
Complete requests:      256
Failed requests:        98
   (Connect: 0, Receive: 0, Length: 98, Exceptions: 0)
Total transferred:      60492 bytes
Total body sent:        50944
HTML transferred:       7500 bytes
Requests per second:    11.91 [#/sec] (mean)
Time per request:       83.956 [ms] (mean)
Time per request:       83.956 [ms] (mean, across all concurrent requests)
Transfer rate:          2.75 [Kbytes/sec] received
                        2.31 kb/s sent
                        5.06 kb/s total

Connection Times (ms)
              min  mean[+/-sd] median   max
Connect:        0    4  17.3      0      85
Processing:     1   80  42.9     94     286
Waiting:        1   74  42.0     92     195
Total:          2   84  44.1     95     286

Percentage of the requests served within a certain time (ms)
  50%     95
  66%     98
  75%    100
  80%    102
  90%    109
  95%    178
  98%    187
  99%    190
 100%    286 (longest request)
