This is ApacheBench, Version 2.3 <$Revision: 1879490 $>
Copyright 1996 Adam Twiss, Zeus Technology Ltd, http://www.zeustech.net/
Licensed to The Apache Software Foundation, http://www.apache.org/

Benchmarking 172.18.0.2 (be patient).....done


Server Software:        
Server Hostname:        172.18.0.2
Server Port:            8080

Document Path:          /
Document Length:        93 bytes

Concurrency Level:      2
Time taken for tests:   15.849 seconds
Complete requests:      10
Failed requests:        5
   (Connect: 0, Receive: 0, Length: 5, Exceptions: 0)
Total transferred:      1874 bytes
Total body sent:        2350
HTML transferred:       924 bytes
Requests per second:    0.63 [#/sec] (mean)
Time per request:       3169.819 [ms] (mean)
Time per request:       1584.909 [ms] (mean, across all concurrent requests)
Transfer rate:          0.12 [Kbytes/sec] received
                        0.14 kb/s sent
                        0.26 kb/s total

Connection Times (ms)
              min  mean[+/-sd] median   max
Connect:        0    0   0.0      0       0
Processing:   100 2289 3099.4   1616    7998
Waiting:      100 2289 3099.4   1616    7998
Total:        100 2289 3099.4   1616    7998

Percentage of the requests served within a certain time (ms)
  50%   1616
  66%   1762
  75%   2696
  80%   7851
  90%   7998
  95%   7998
  98%   7998
  99%   7998
 100%   7998 (longest request)
