time="2023-04-08T10:04:46-04:00" level=info msg="Called startVMM(), setting up a VMM on /tmp/testtap.socket"
time="2023-04-08T10:04:46-04:00" level=info msg="VMM logging disabled."
time="2023-04-08T10:04:46-04:00" level=info msg="VMM metrics disabled."
time="2023-04-08T10:04:46-04:00" level=info msg="refreshMachineConfiguration: [GET /machine-config][200] getMachineConfigurationOK  &{CPUTemplate:Uninitialized HtEnabled:0xc0004580e4 MemSizeMib:0xc0004580a8 VcpuCount:0xc0004580a0}"
time="2023-04-08T10:04:46-04:00" level=info msg="PutGuestBootSource: [PUT /boot-source][204] putGuestBootSourceNoContent "
time="2023-04-08T10:04:46-04:00" level=info msg="Attaching drive /tmp/test-proxy/polyglot-proxy.img, slot 1, root true."
time="2023-04-08T10:04:46-04:00" level=info msg="Attached drive /tmp/test-proxy/polyglot-proxy.img: [PUT /drives/{drive_id}][204] putGuestDriveByIdNoContent "
time="2023-04-08T10:04:46-04:00" level=info msg="Attaching NIC testtap (hwaddr DE:AD:BE:EF:18:D1) at index 1"
2023-04-08T10:04:46.055338424 [anonymous-instance:main:WARN:src/vmm/src/builder.rs:599] Could not add serial input event to epoll: Error during epoll call: Operation not permitted (os error 1)
time="2023-04-08T10:04:46-04:00" level=info msg="startInstance successful: [PUT /actions][204] createSyncActionNoContent "
[    0.012351] dmi: Firmware registration failed.
[    0.041920] zswap: default zpool zbud not available
[    0.042188] zswap: pool creation failed
Graalvisor boot time: 170 ms.
Graalvisor listening on port 8080.
Warning: graalvisor compiled with no truffle language support.
Function thumbnail registered with context sandboxing in 912 ms
[thread 41] New context sandbox 140040124497920 in 33 us
[thread 44] Creating context org.graalvm.polyglot.Context@7be79d03
[thread 43] New context sandbox 140040124497920 in 11 us
[thread 57] Creating context org.graalvm.polyglot.Context@2a41ec12
time="2023-04-08T10:05:04-04:00" level=warning msg="firecracker exited: signal: terminated"
time="2023-04-08T10:05:04-04:00" level=fatal msg="Wait returned an error 1 error occurred:\n\t* signal: terminated\n\n"
