This is ApacheBench, Version 2.3 <$Revision: 1879490 $>
Copyright 1996 Adam Twiss, Zeus Technology Ltd, http://www.zeustech.net/
Licensed to The Apache Software Foundation, http://www.apache.org/

Benchmarking 172.18.0.2 (be patient).....done


Server Software:        
Server Hostname:        172.18.0.2
Server Port:            8080

Document Path:          /
Document Length:        67 bytes

Concurrency Level:      1
Time taken for tests:   18.724 seconds
Complete requests:      2
Failed requests:        0
Total transferred:      324 bytes
Total body sent:        584
HTML transferred:       134 bytes
Requests per second:    0.11 [#/sec] (mean)
Time per request:       9362.025 [ms] (mean)
Time per request:       9362.025 [ms] (mean, across all concurrent requests)
Transfer rate:          0.02 [Kbytes/sec] received
                        0.03 kb/s sent
                        0.05 kb/s total

Connection Times (ms)
              min  mean[+/-sd] median   max
Connect:        0   26  35.9     51      51
Processing:  9321 9336  21.7   9352    9352
Waiting:     9321 9336  21.7   9352    9352
Total:       9352 9362  14.2   9372    9372

Percentage of the requests served within a certain time (ms)
  50%   9372
  66%   9372
  75%   9372
  80%   9372
  90%   9372
  95%   9372
  98%   9372
  99%   9372
 100%   9372 (longest request)
