This is ApacheBench, Version 2.3 <$Revision: 1879490 $>
Copyright 1996 Adam Twiss, Zeus Technology Ltd, http://www.zeustech.net/
Licensed to The Apache Software Foundation, http://www.apache.org/

Benchmarking 172.18.0.2 (be patient).....done


Server Software:        
Server Hostname:        172.18.0.2
Server Port:            8080

Document Path:          /
Document Length:        67 bytes

Concurrency Level:      1
Time taken for tests:   18.607 seconds
Complete requests:      2
Failed requests:        0
Total transferred:      324 bytes
Total body sent:        584
HTML transferred:       134 bytes
Requests per second:    0.11 [#/sec] (mean)
Time per request:       9303.534 [ms] (mean)
Time per request:       9303.534 [ms] (mean, across all concurrent requests)
Transfer rate:          0.02 [Kbytes/sec] received
                        0.03 kb/s sent
                        0.05 kb/s total

Connection Times (ms)
              min  mean[+/-sd] median   max
Connect:        0    0   0.2      0       0
Processing:  9300 9303   5.1   9307    9307
Waiting:     9300 9303   5.1   9307    9307
Total:       9300 9304   5.2   9307    9307

Percentage of the requests served within a certain time (ms)
  50%   9307
  66%   9307
  75%   9307
  80%   9307
  90%   9307
  95%   9307
  98%   9307
  99%   9307
 100%   9307 (longest request)
