This is ApacheBench, Version 2.3 <$Revision: 1879490 $>
Copyright 1996 Adam Twiss, Zeus Technology Ltd, http://www.zeustech.net/
Licensed to The Apache Software Foundation, http://www.apache.org/

Benchmarking 172.18.0.2 (be patient).....done


Server Software:        
Server Hostname:        172.18.0.2
Server Port:            8080

Document Path:          /
Document Length:        71 bytes

Concurrency Level:      1
Time taken for tests:   12.248 seconds
Complete requests:      25
Failed requests:        0
Total transferred:      4150 bytes
Total body sent:        10000
HTML transferred:       1775 bytes
Requests per second:    2.04 [#/sec] (mean)
Time per request:       489.920 [ms] (mean)
Time per request:       489.920 [ms] (mean, across all concurrent requests)
Transfer rate:          0.33 [Kbytes/sec] received
                        0.80 kb/s sent
                        1.13 kb/s total

Connection Times (ms)
              min  mean[+/-sd] median   max
Connect:        0    0   0.1      0       0
Processing:   476  490  10.7    490     512
Waiting:      476  490  10.7    490     512
Total:        477  490  10.7    491     513

Percentage of the requests served within a certain time (ms)
  50%    490
  66%    494
  75%    496
  80%    500
  90%    503
  95%    512
  98%    513
  99%    513
 100%    513 (longest request)
