This is ApacheBench, Version 2.3 <$Revision: 1879490 $>
Copyright 1996 Adam Twiss, Zeus Technology Ltd, http://www.zeustech.net/
Licensed to The Apache Software Foundation, http://www.apache.org/

Benchmarking 172.18.0.2 (be patient).....done


Server Software:        
Server Hostname:        172.18.0.2
Server Port:            8080

Document Path:          /
Document Length:        67 bytes

Concurrency Level:      2
Time taken for tests:   18.695 seconds
Complete requests:      4
Failed requests:        0
Total transferred:      648 bytes
Total body sent:        1176
HTML transferred:       268 bytes
Requests per second:    0.21 [#/sec] (mean)
Time per request:       9347.635 [ms] (mean)
Time per request:       4673.818 [ms] (mean, across all concurrent requests)
Transfer rate:          0.03 [Kbytes/sec] received
                        0.06 kb/s sent
                        0.10 kb/s total

Connection Times (ms)
              min  mean[+/-sd] median   max
Connect:        0    0   0.1      0       0
Processing:  4610 7029 2761.7   9420    9421
Waiting:     4610 7029 2761.7   9420    9420
Total:       4610 7029 2761.7   9420    9421

Percentage of the requests served within a certain time (ms)
  50%   9420
  66%   9420
  75%   9421
  80%   9421
  90%   9421
  95%   9421
  98%   9421
  99%   9421
 100%   9421 (longest request)
