time="2023-04-08T09:53:13-04:00" level=info msg="Called startVMM(), setting up a VMM on /tmp/testtap.socket"
time="2023-04-08T09:53:13-04:00" level=info msg="VMM logging disabled."
time="2023-04-08T09:53:13-04:00" level=info msg="VMM metrics disabled."
time="2023-04-08T09:53:13-04:00" level=info msg="refreshMachineConfiguration: [GET /machine-config][200] getMachineConfigurationOK  &{CPUTemplate:Uninitialized HtEnabled:0xc0004d814c MemSizeMib:0xc0004d8140 VcpuCount:0xc0004d8128}"
time="2023-04-08T09:53:13-04:00" level=info msg="PutGuestBootSource: [PUT /boot-source][204] putGuestBootSourceNoContent "
time="2023-04-08T09:53:13-04:00" level=info msg="Attaching drive /tmp/test-proxy/polyglot-proxy.img, slot 1, root true."
time="2023-04-08T09:53:13-04:00" level=info msg="Attached drive /tmp/test-proxy/polyglot-proxy.img: [PUT /drives/{drive_id}][204] putGuestDriveByIdNoContent "
time="2023-04-08T09:53:13-04:00" level=info msg="Attaching NIC testtap (hwaddr DE:AD:BE:EF:08:1F) at index 1"
2023-04-08T09:53:13.465040813 [anonymous-instance:main:WARN:src/vmm/src/builder.rs:599] Could not add serial input event to epoll: Error during epoll call: Operation not permitted (os error 1)
time="2023-04-08T09:53:13-04:00" level=info msg="startInstance successful: [PUT /actions][204] createSyncActionNoContent "
[    0.012171] dmi: Firmware registration failed.
[    0.041038] zswap: default zpool zbud not available
[    0.041286] zswap: pool creation failed
Graalvisor boot time: 168 ms.
Graalvisor listening on port 8080.
Warning: graalvisor compiled with no truffle language support.
Function filehashing registered with process sandboxing in 33 ms
[thread 41] New process sandbox 460 in 231 us
[thread 50] New process sandbox 477 in 3405 us
[thread 52] New process sandbox 478 in 279 us
[thread 53] New process sandbox 479 in 494 us
[thread 51] New process sandbox 480 in 280 us
[thread 55] New process sandbox 481 in 461 us
[thread 54] New process sandbox 482 in 279 us
[thread 56] New process sandbox 495 in 318 us
time="2023-04-08T09:53:22-04:00" level=warning msg="firecracker exited: signal: terminated"
time="2023-04-08T09:53:22-04:00" level=fatal msg="Wait returned an error 1 error occurred:\n\t* signal: terminated\n\n"
