{
  "result" : "Promise{[[PromiseStatus]]: \"resolved\", [[PromiseValue]]: {result: \"None\"}}",
  "process time (us)" : 1073263
}
Time taken: 1088180 us
{
  "result" : "Promise{[[PromiseStatus]]: \"resolved\", [[PromiseValue]]: {result: \"None\"}}",
  "process time (us)" : 1030002
}
Time taken: 1051985 us
{
  "result" : "Promise{[[PromiseStatus]]: \"resolved\", [[PromiseValue]]: {result: \"None\"}}",
  "process time (us)" : 1025199
}
Time taken: 1041858 us
{
  "result" : "Promise{[[PromiseStatus]]: \"resolved\", [[PromiseValue]]: {result: \"None\"}}",
  "process time (us)" : 1025405
}
Time taken: 1040674 us
{
  "result" : "Promise{[[PromiseStatus]]: \"resolved\", [[PromiseValue]]: {result: \"None\"}}",
  "process time (us)" : 1030043
}
Time taken: 1049322 us
{
  "result" : "Promise{[[PromiseStatus]]: \"resolved\", [[PromiseValue]]: {result: \"None\"}}",
  "process time (us)" : 1022618
}
Time taken: 1041931 us
{
  "result" : "Promise{[[PromiseStatus]]: \"resolved\", [[PromiseValue]]: {result: \"None\"}}",
  "process time (us)" : 1021316
}
Time taken: 1040355 us
{
  "result" : "Promise{[[PromiseStatus]]: \"resolved\", [[PromiseValue]]: {result: \"None\"}}",
  "process time (us)" : 1028228
}
Time taken: 1047000 us
{
  "result" : "Promise{[[PromiseStatus]]: \"resolved\", [[PromiseValue]]: {result: \"None\"}}",
  "process time (us)" : 1033250
}
Time taken: 1051910 us
{
  "result" : "Promise{[[PromiseStatus]]: \"resolved\", [[PromiseValue]]: {result: \"None\"}}",
  "process time (us)" : 1029911
}
Time taken: 1048999 us
