time="2023-04-08T09:58:42-04:00" level=info msg="Called startVMM(), setting up a VMM on /tmp/testtap.socket"
time="2023-04-08T09:58:42-04:00" level=info msg="VMM logging disabled."
time="2023-04-08T09:58:42-04:00" level=info msg="VMM metrics disabled."
time="2023-04-08T09:58:42-04:00" level=info msg="refreshMachineConfiguration: [GET /machine-config][200] getMachineConfigurationOK  &{CPUTemplate:Uninitialized HtEnabled:0xc000592654 MemSizeMib:0xc000592648 VcpuCount:0xc000592640}"
time="2023-04-08T09:58:42-04:00" level=info msg="PutGuestBootSource: [PUT /boot-source][204] putGuestBootSourceNoContent "
time="2023-04-08T09:58:42-04:00" level=info msg="Attaching drive /tmp/test-proxy/polyglot-proxy.img, slot 1, root true."
time="2023-04-08T09:58:42-04:00" level=info msg="Attached drive /tmp/test-proxy/polyglot-proxy.img: [PUT /drives/{drive_id}][204] putGuestDriveByIdNoContent "
time="2023-04-08T09:58:42-04:00" level=info msg="Attaching NIC testtap (hwaddr DE:AD:BE:EF:39:5B) at index 1"
2023-04-08T09:58:42.075542288 [anonymous-instance:main:WARN:src/vmm/src/builder.rs:599] Could not add serial input event to epoll: Error during epoll call: Operation not permitted (os error 1)
time="2023-04-08T09:58:42-04:00" level=info msg="startInstance successful: [PUT /actions][204] createSyncActionNoContent "
[    0.012000] dmi: Firmware registration failed.
[    0.040332] zswap: default zpool zbud not available
[    0.040577] zswap: pool creation failed
Graalvisor boot time: 169 ms.
Graalvisor listening on port 8080.
Warning: graalvisor compiled with no truffle language support.
Function dynamichtml registered with context sandboxing in 324 ms
[thread 41] New context sandbox 139609776324608 in 31 us
[thread 36] Creating context org.graalvm.polyglot.Context@c60f970
[thread 49] New context sandbox 139609776324608 in 12 us
[thread 43] Creating context org.graalvm.polyglot.Context@486b133a
[thread 50] New context sandbox 139609776324608 in 10 us
[thread 44] Creating context org.graalvm.polyglot.Context@685e7d65
[thread 51] New context sandbox 139609776324608 in 9 us
[thread 45] Creating context org.graalvm.polyglot.Context@71716ffa
[thread 52] New context sandbox 139609776324608 in 9 us
[thread 46] Creating context org.graalvm.polyglot.Context@7571a129
[thread 53] New context sandbox 139609776324608 in 8 us
[thread 47] Creating context org.graalvm.polyglot.Context@6fad0940
[thread 54] New context sandbox 139609776324608 in 46 us
[thread 48] Creating context org.graalvm.polyglot.Context@6abb2d31
[thread 55] New context sandbox 139609776324608 in 13 us
[thread 49] Creating context org.graalvm.polyglot.Context@42edd2c1
time="2023-04-08T09:58:46-04:00" level=warning msg="firecracker exited: signal: terminated"
time="2023-04-08T09:58:46-04:00" level=fatal msg="Wait returned an error 1 error occurred:\n\t* signal: terminated\n\n"
