100000 100000
991129
Added process 991129 to cgroup experiments with a quota of 100000 out of 100000.
pid 991129's current affinity list: 0-7
pid 991129's new affinity list: 0
Pinned process 991129 to core 0.
1
Disabled turbo boost.
0
Enabled turbo boost.
100000 100000
991937
Added process 991937 to cgroup experiments with a quota of 100000 out of 100000.
pid 991937's current affinity list: 0-7
pid 991937's new affinity list: 0
Pinned process 991937 to core 0.
1
Disabled turbo boost.
0
Enabled turbo boost.
100000 100000
992747
Added process 992747 to cgroup experiments with a quota of 100000 out of 100000.
pid 992747's current affinity list: 0-7
pid 992747's new affinity list: 0
Pinned process 992747 to core 0.
1
Disabled turbo boost.
0
Enabled turbo boost.
