time="2023-04-05T19:04:41-04:00" level=info msg="Called startVMM(), setting up a VMM on /tmp/testtap.socket"
time="2023-04-05T19:04:41-04:00" level=info msg="VMM logging disabled."
time="2023-04-05T19:04:41-04:00" level=info msg="VMM metrics disabled."
time="2023-04-05T19:04:41-04:00" level=info msg="refreshMachineConfiguration: [GET /machine-config][200] getMachineConfigurationOK  &{CPUTemplate:Uninitialized HtEnabled:0xc0004fb0a4 MemSizeMib:0xc0004fb098 VcpuCount:0xc0004fb090}"
time="2023-04-05T19:04:41-04:00" level=info msg="PutGuestBootSource: [PUT /boot-source][204] putGuestBootSourceNoContent "
time="2023-04-05T19:04:41-04:00" level=info msg="Attaching drive /tmp/test-proxy/polyglot-proxy.img, slot 1, root true."
time="2023-04-05T19:04:41-04:00" level=info msg="Attached drive /tmp/test-proxy/polyglot-proxy.img: [PUT /drives/{drive_id}][204] putGuestDriveByIdNoContent "
time="2023-04-05T19:04:41-04:00" level=info msg="Attaching NIC testtap (hwaddr DE:AD:BE:EF:23:6A) at index 1"
2023-04-05T19:04:41.849080116 [anonymous-instance:main:WARN:src/vmm/src/builder.rs:599] Could not add serial input event to epoll: Error during epoll call: Operation not permitted (os error 1)
time="2023-04-05T19:04:41-04:00" level=info msg="startInstance successful: [PUT /actions][204] createSyncActionNoContent "
[    0.047689] dmi: Firmware registration failed.
[    0.096163] zswap: default zpool zbud not available
[    0.097034] zswap: pool creation failed
Graalvisor boot time: 370 ms.
Graalvisor listening on port 8080.
Warning: graalvisor compiled with no truffle language support.
Function filehashing registered with process sandboxing in 127 ms
[thread 40] New process sandbox 461 in 678 us
time="2023-04-05T19:05:37-04:00" level=warning msg="firecracker exited: signal: terminated"
time="2023-04-05T19:05:37-04:00" level=fatal msg="Wait returned an error 1 error occurred:\n\t* signal: terminated\n\n"
