This is ApacheBench, Version 2.3 <$Revision: 1879490 $>
Copyright 1996 Adam Twiss, Zeus Technology Ltd, http://www.zeustech.net/
Licensed to The Apache Software Foundation, http://www.apache.org/

Benchmarking 172.18.0.2 (be patient).....done


Server Software:        
Server Hostname:        172.18.0.2
Server Port:            8080

Document Path:          /
Document Length:        1073 bytes

Concurrency Level:      4
Time taken for tests:   0.290 seconds
Complete requests:      20
Failed requests:        9
   (Connect: 0, Receive: 0, Length: 9, Exceptions: 0)
Total transferred:      23385 bytes
Total body sent:        5680
HTML transferred:       21445 bytes
Requests per second:    69.03 [#/sec] (mean)
Time per request:       57.942 [ms] (mean)
Time per request:       14.485 [ms] (mean, across all concurrent requests)
Transfer rate:          78.83 [Kbytes/sec] received
                        19.15 kb/s sent
                        97.97 kb/s total

Connection Times (ms)
              min  mean[+/-sd] median   max
Connect:        0    0   0.0      0       0
Processing:    28   53   9.3     55      67
Waiting:       28   53   9.3     55      67
Total:         28   53   9.3     55      67

Percentage of the requests served within a certain time (ms)
  50%     55
  66%     57
  75%     60
  80%     62
  90%     63
  95%     67
  98%     67
  99%     67
 100%     67 (longest request)
