This is ApacheBench, Version 2.3 <$Revision: 1879490 $>
Copyright 1996 Adam Twiss, Zeus Technology Ltd, http://www.zeustech.net/
Licensed to The Apache Software Foundation, http://www.apache.org/

Benchmarking 172.18.0.2 (be patient)
Completed 300 requests
Completed 600 requests
Completed 900 requests
Completed 1200 requests
Completed 1500 requests
Completed 1800 requests
Completed 2100 requests
Completed 2400 requests
Completed 2700 requests
Completed 3000 requests
Finished 3000 requests


Server Software:        
Server Hostname:        172.18.0.2
Server Port:            8080

Document Path:          /
Document Length:        73 bytes

Concurrency Level:      1
Time taken for tests:   1.461 seconds
Complete requests:      3000
Failed requests:        2989
   (Connect: 0, Receive: 0, Length: 2989, Exceptions: 0)
Total transferred:      501015 bytes
Total body sent:        717000
HTML transferred:       216015 bytes
Requests per second:    2052.73 [#/sec] (mean)
Time per request:       0.487 [ms] (mean)
Time per request:       0.487 [ms] (mean, across all concurrent requests)
Transfer rate:          334.78 [Kbytes/sec] received
                        479.10 kb/s sent
                        813.89 kb/s total

Connection Times (ms)
              min  mean[+/-sd] median   max
Connect:        0    0   0.9      0      26
Processing:     0    0   1.1      0      25
Waiting:        0    0   0.9      0      22
Total:          0    0   1.5      0      28

Percentage of the requests served within a certain time (ms)
  50%      0
  66%      0
  75%      0
  80%      0
  90%      0
  95%      0
  98%      1
  99%      1
 100%     28 (longest request)
This is ApacheBench, Version 2.3 <$Revision: 1879490 $>
Copyright 1996 Adam Twiss, Zeus Technology Ltd, http://www.zeustech.net/
Licensed to The Apache Software Foundation, http://www.apache.org/

Benchmarking 172.18.0.2 (be patient)
Completed 300 requests
Completed 600 requests
Completed 900 requests
Completed 1200 requests
Completed 1500 requests
Completed 1800 requests
Completed 2100 requests
Completed 2400 requests
Completed 2700 requests
Completed 3000 requests
Finished 3000 requests


Server Software:        
Server Hostname:        172.18.0.2
Server Port:            8080

Document Path:          /
Document Length:        73 bytes

Concurrency Level:      1
Time taken for tests:   1.449 seconds
Complete requests:      3000
Failed requests:        2989
   (Connect: 0, Receive: 0, Length: 2989, Exceptions: 0)
Total transferred:      501021 bytes
Total body sent:        717000
HTML transferred:       216021 bytes
Requests per second:    2070.78 [#/sec] (mean)
Time per request:       0.483 [ms] (mean)
Time per request:       0.483 [ms] (mean, across all concurrent requests)
Transfer rate:          337.73 [Kbytes/sec] received
                        483.32 kb/s sent
                        821.05 kb/s total

Connection Times (ms)
              min  mean[+/-sd] median   max
Connect:        0    0   0.7      0      26
Processing:     0    0   1.4      0      32
Waiting:        0    0   1.3      0      32
Total:          0    0   1.6      0      32

Percentage of the requests served within a certain time (ms)
  50%      0
  66%      0
  75%      0
  80%      0
  90%      0
  95%      0
  98%      1
  99%      1
 100%     32 (longest request)
This is ApacheBench, Version 2.3 <$Revision: 1879490 $>
Copyright 1996 Adam Twiss, Zeus Technology Ltd, http://www.zeustech.net/
Licensed to The Apache Software Foundation, http://www.apache.org/

Benchmarking 172.18.0.2 (be patient)
Completed 300 requests
Completed 600 requests
Completed 900 requests
Completed 1200 requests
Completed 1500 requests
Completed 1800 requests
Completed 2100 requests
Completed 2400 requests
Completed 2700 requests
Completed 3000 requests
Finished 3000 requests


Server Software:        
Server Hostname:        172.18.0.2
Server Port:            8080

Document Path:          /
Document Length:        73 bytes

Concurrency Level:      1
Time taken for tests:   1.413 seconds
Complete requests:      3000
Failed requests:        2990
   (Connect: 0, Receive: 0, Length: 2990, Exceptions: 0)
Total transferred:      501018 bytes
Total body sent:        717000
HTML transferred:       216018 bytes
Requests per second:    2123.09 [#/sec] (mean)
Time per request:       0.471 [ms] (mean)
Time per request:       0.471 [ms] (mean, across all concurrent requests)
Transfer rate:          346.26 [Kbytes/sec] received
                        495.53 kb/s sent
                        841.79 kb/s total

Connection Times (ms)
              min  mean[+/-sd] median   max
Connect:        0    0   0.6      0      22
Processing:     0    0   1.3      0      25
Waiting:        0    0   1.2      0      25
Total:          0    0   1.4      0      25

Percentage of the requests served within a certain time (ms)
  50%      0
  66%      0
  75%      0
  80%      0
  90%      0
  95%      0
  98%      1
  99%      1
 100%     25 (longest request)
This is ApacheBench, Version 2.3 <$Revision: 1879490 $>
Copyright 1996 Adam Twiss, Zeus Technology Ltd, http://www.zeustech.net/
Licensed to The Apache Software Foundation, http://www.apache.org/

Benchmarking 172.18.0.2 (be patient)
Completed 300 requests
Completed 600 requests
Completed 900 requests
Completed 1200 requests
Completed 1500 requests
Completed 1800 requests
Completed 2100 requests
Completed 2400 requests
Completed 2700 requests
Completed 3000 requests
Finished 3000 requests


Server Software:        
Server Hostname:        172.18.0.2
Server Port:            8080

Document Path:          /
Document Length:        74 bytes

Concurrency Level:      1
Time taken for tests:   1.391 seconds
Complete requests:      3000
Failed requests:        2992
   (Connect: 0, Receive: 0, Length: 2992, Exceptions: 0)
Total transferred:      501019 bytes
Total body sent:        717000
HTML transferred:       216019 bytes
Requests per second:    2156.49 [#/sec] (mean)
Time per request:       0.464 [ms] (mean)
Time per request:       0.464 [ms] (mean, across all concurrent requests)
Transfer rate:          351.71 [Kbytes/sec] received
                        503.32 kb/s sent
                        855.03 kb/s total

Connection Times (ms)
              min  mean[+/-sd] median   max
Connect:        0    0   0.5      0      21
Processing:     0    0   1.2      0      21
Waiting:        0    0   1.1      0      21
Total:          0    0   1.3      0      23

Percentage of the requests served within a certain time (ms)
  50%      0
  66%      0
  75%      0
  80%      0
  90%      0
  95%      0
  98%      1
  99%      1
 100%     23 (longest request)
This is ApacheBench, Version 2.3 <$Revision: 1879490 $>
Copyright 1996 Adam Twiss, Zeus Technology Ltd, http://www.zeustech.net/
Licensed to The Apache Software Foundation, http://www.apache.org/

Benchmarking 172.18.0.2 (be patient)
Completed 300 requests
Completed 600 requests
Completed 900 requests
Completed 1200 requests
Completed 1500 requests
Completed 1800 requests
Completed 2100 requests
Completed 2400 requests
Completed 2700 requests
Completed 3000 requests
Finished 3000 requests


Server Software:        
Server Hostname:        172.18.0.2
Server Port:            8080

Document Path:          /
Document Length:        73 bytes

Concurrency Level:      1
Time taken for tests:   1.438 seconds
Complete requests:      3000
Failed requests:        2990
   (Connect: 0, Receive: 0, Length: 2990, Exceptions: 0)
Total transferred:      501018 bytes
Total body sent:        717000
HTML transferred:       216018 bytes
Requests per second:    2086.28 [#/sec] (mean)
Time per request:       0.479 [ms] (mean)
Time per request:       0.479 [ms] (mean, across all concurrent requests)
Transfer rate:          340.25 [Kbytes/sec] received
                        486.93 kb/s sent
                        827.19 kb/s total

Connection Times (ms)
              min  mean[+/-sd] median   max
Connect:        0    0   0.7      0      20
Processing:     0    0   1.2      0      23
Waiting:        0    0   1.0      0      23
Total:          0    0   1.4      0      23

Percentage of the requests served within a certain time (ms)
  50%      0
  66%      0
  75%      0
  80%      0
  90%      0
  95%      0
  98%      1
  99%      1
 100%     23 (longest request)
