This is ApacheBench, Version 2.3 <$Revision: 1879490 $>
Copyright 1996 Adam Twiss, Zeus Technology Ltd, http://www.zeustech.net/
Licensed to The Apache Software Foundation, http://www.apache.org/

Benchmarking 192.168.4.33 (be patient)
Completed 102 requests
Completed 204 requests
Completed 306 requests
Completed 408 requests
Completed 510 requests
Completed 612 requests
Completed 714 requests
Completed 816 requests
Completed 918 requests
Completed 1020 requests
Finished 1024 requests


Server Software:        
Server Hostname:        192.168.4.33
Server Port:            8080

Document Path:          /
Document Length:        189 bytes

Concurrency Level:      4
Time taken for tests:   11.040 seconds
Complete requests:      1024
Failed requests:        413
   (Connect: 0, Receive: 0, Length: 413, Exceptions: 0)
Total transferred:      292119 bytes
Total body sent:        242688
HTML transferred:       193815 bytes
Requests per second:    92.76 [#/sec] (mean)
Time per request:       43.124 [ms] (mean)
Time per request:       10.781 [ms] (mean, across all concurrent requests)
Transfer rate:          25.84 [Kbytes/sec] received
                        21.47 kb/s sent
                        47.31 kb/s total

Connection Times (ms)
              min  mean[+/-sd] median   max
Connect:        0    0   0.4      0       8
Processing:    11   43  13.1     42     110
Waiting:       11   43  13.1     42     110
Total:         11   43  13.1     42     110

Percentage of the requests served within a certain time (ms)
  50%     42
  66%     47
  75%     50
  80%     52
  90%     60
  95%     67
  98%     74
  99%     82
 100%    110 (longest request)
This is ApacheBench, Version 2.3 <$Revision: 1879490 $>
Copyright 1996 Adam Twiss, Zeus Technology Ltd, http://www.zeustech.net/
Licensed to The Apache Software Foundation, http://www.apache.org/

Benchmarking 192.168.4.33 (be patient)
Completed 102 requests
Completed 204 requests
Completed 306 requests
Completed 408 requests
Completed 510 requests
Completed 612 requests
Completed 714 requests
Completed 816 requests
Completed 918 requests
Completed 1020 requests
Finished 1024 requests


Server Software:        
Server Hostname:        192.168.4.33
Server Port:            8080

Document Path:          /
Document Length:        189 bytes

Concurrency Level:      4
Time taken for tests:   10.663 seconds
Complete requests:      1024
Failed requests:        408
   (Connect: 0, Receive: 0, Length: 408, Exceptions: 0)
Total transferred:      292145 bytes
Total body sent:        242688
HTML transferred:       193841 bytes
Requests per second:    96.03 [#/sec] (mean)
Time per request:       41.653 [ms] (mean)
Time per request:       10.413 [ms] (mean, across all concurrent requests)
Transfer rate:          26.76 [Kbytes/sec] received
                        22.23 kb/s sent
                        48.98 kb/s total

Connection Times (ms)
              min  mean[+/-sd] median   max
Connect:        0    0   0.5      0      10
Processing:    12   41  12.3     40      96
Waiting:       12   41  12.3     40      96
Total:         12   42  12.3     40      96

Percentage of the requests served within a certain time (ms)
  50%     40
  66%     45
  75%     48
  80%     51
  90%     58
  95%     63
  98%     75
  99%     82
 100%     96 (longest request)
This is ApacheBench, Version 2.3 <$Revision: 1879490 $>
Copyright 1996 Adam Twiss, Zeus Technology Ltd, http://www.zeustech.net/
Licensed to The Apache Software Foundation, http://www.apache.org/

Benchmarking 192.168.4.33 (be patient)
Completed 102 requests
Completed 204 requests
Completed 306 requests
Completed 408 requests
Completed 510 requests
Completed 612 requests
Completed 714 requests
Completed 816 requests
Completed 918 requests
Completed 1020 requests
Finished 1024 requests


Server Software:        
Server Hostname:        192.168.4.33
Server Port:            8080

Document Path:          /
Document Length:        190 bytes

Concurrency Level:      4
Time taken for tests:   10.693 seconds
Complete requests:      1024
Failed requests:        749
   (Connect: 0, Receive: 0, Length: 749, Exceptions: 0)
Total transferred:      292120 bytes
Total body sent:        242688
HTML transferred:       193816 bytes
Requests per second:    95.76 [#/sec] (mean)
Time per request:       41.769 [ms] (mean)
Time per request:       10.442 [ms] (mean, across all concurrent requests)
Transfer rate:          26.68 [Kbytes/sec] received
                        22.16 kb/s sent
                        48.84 kb/s total

Connection Times (ms)
              min  mean[+/-sd] median   max
Connect:        0    0   0.5      0      10
Processing:    10   42  13.2     40      88
Waiting:       10   42  13.2     40      88
Total:         11   42  13.3     40      88

Percentage of the requests served within a certain time (ms)
  50%     40
  66%     46
  75%     49
  80%     52
  90%     59
  95%     66
  98%     76
  99%     79
 100%     88 (longest request)
