This is ApacheBench, Version 2.3 <$Revision: 1879490 $>
Copyright 1996 Adam Twiss, Zeus Technology Ltd, http://www.zeustech.net/
Licensed to The Apache Software Foundation, http://www.apache.org/

Benchmarking 172.18.0.2 (be patient).....done


Server Software:        
Server Hostname:        172.18.0.2
Server Port:            8080

Document Path:          /
Document Length:        86 bytes

Concurrency Level:      4
Time taken for tests:   11.677 seconds
Complete requests:      20
Failed requests:        14
   (Connect: 0, Receive: 0, Length: 14, Exceptions: 0)
Total transferred:      3667 bytes
Total body sent:        4780
HTML transferred:       1764 bytes
Requests per second:    1.71 [#/sec] (mean)
Time per request:       2335.487 [ms] (mean)
Time per request:       583.872 [ms] (mean, across all concurrent requests)
Transfer rate:          0.31 [Kbytes/sec] received
                        0.40 kb/s sent
                        0.71 kb/s total

Connection Times (ms)
              min  mean[+/-sd] median   max
Connect:        0    0   0.1      0       0
Processing:     0 1736 2303.6    816    6793
Waiting:        0 1736 2303.6    816    6793
Total:          0 1736 2303.6    816    6793

Percentage of the requests served within a certain time (ms)
  50%    816
  66%    856
  75%   1252
  80%   3701
  90%   6781
  95%   6793
  98%   6793
  99%   6793
 100%   6793 (longest request)
