time="2023-04-08T10:13:39-04:00" level=info msg="Called startVMM(), setting up a VMM on /tmp/testtap.socket"
time="2023-04-08T10:13:39-04:00" level=info msg="VMM logging disabled."
time="2023-04-08T10:13:39-04:00" level=info msg="VMM metrics disabled."
time="2023-04-08T10:13:39-04:00" level=info msg="refreshMachineConfiguration: [GET /machine-config][200] getMachineConfigurationOK  &{CPUTemplate:Uninitialized HtEnabled:0xc00011a704 MemSizeMib:0xc00011a6b8 VcpuCount:0xc00011a6b0}"
time="2023-04-08T10:13:39-04:00" level=info msg="PutGuestBootSource: [PUT /boot-source][204] putGuestBootSourceNoContent "
time="2023-04-08T10:13:39-04:00" level=info msg="Attaching drive /tmp/test-proxy/polyglot-proxy.img, slot 1, root true."
time="2023-04-08T10:13:39-04:00" level=info msg="Attached drive /tmp/test-proxy/polyglot-proxy.img: [PUT /drives/{drive_id}][204] putGuestDriveByIdNoContent "
time="2023-04-08T10:13:39-04:00" level=info msg="Attaching NIC testtap (hwaddr DE:AD:BE:EF:78:B9) at index 1"
2023-04-08T10:13:39.953891878 [anonymous-instance:main:WARN:src/vmm/src/builder.rs:599] Could not add serial input event to epoll: Error during epoll call: Operation not permitted (os error 1)
time="2023-04-08T10:13:39-04:00" level=info msg="startInstance successful: [PUT /actions][204] createSyncActionNoContent "
[    0.012000] dmi: Firmware registration failed.
[    0.040817] zswap: default zpool zbud not available
[    0.041061] zswap: pool creation failed
Graalvisor boot time: 179 ms.
Graalvisor listening on port 8080.
Warning: graalvisor compiled with no truffle language support.
Function uploader registered with process sandboxing in 250 ms
[thread 1] Creating context org.graalvm.polyglot.Context@1c668f5b
[thread 41] New process sandbox 464 in 244 us
[thread 1] Creating context org.graalvm.polyglot.Context@672bcc6b
[thread 50] New process sandbox 480 in 274 us
[thread 51] New process sandbox 483 in 299 us
[thread 52] New process sandbox 484 in 222 us
[thread 53] New process sandbox 485 in 221 us
[thread 54] New process sandbox 486 in 297 us
[thread 55] New process sandbox 487 in 285 us
[thread 56] New process sandbox 490 in 395 us
[thread 1] Creating context org.graalvm.polyglot.Context@48896495
[thread 1] Creating context org.graalvm.polyglot.Context@5d90cfd6
[thread 1] Creating context org.graalvm.polyglot.Context@77eab90b
[thread 1] Creating context org.graalvm.polyglot.Context@6eb79c6b
[thread 1] Creating context org.graalvm.polyglot.Context@1ff84537
[thread 1] Creating context org.graalvm.polyglot.Context@52b57589
[thread 1] Creating context org.graalvm.polyglot.Context@3840d1d9
time="2023-04-08T10:13:46-04:00" level=warning msg="firecracker exited: signal: terminated"
time="2023-04-08T10:13:46-04:00" level=fatal msg="Wait returned an error 1 error occurred:\n\t* signal: terminated\n\n"
