time="2023-04-08T09:58:31-04:00" level=info msg="Called startVMM(), setting up a VMM on /tmp/testtap.socket"
time="2023-04-08T09:58:31-04:00" level=info msg="VMM logging disabled."
time="2023-04-08T09:58:31-04:00" level=info msg="VMM metrics disabled."
time="2023-04-08T09:58:31-04:00" level=info msg="refreshMachineConfiguration: [GET /machine-config][200] getMachineConfigurationOK  &{CPUTemplate:Uninitialized HtEnabled:0xc0005801c4 MemSizeMib:0xc0005801b8 VcpuCount:0xc0005801b0}"
time="2023-04-08T09:58:31-04:00" level=info msg="PutGuestBootSource: [PUT /boot-source][204] putGuestBootSourceNoContent "
time="2023-04-08T09:58:31-04:00" level=info msg="Attaching drive /tmp/test-proxy/polyglot-proxy.img, slot 1, root true."
time="2023-04-08T09:58:31-04:00" level=info msg="Attached drive /tmp/test-proxy/polyglot-proxy.img: [PUT /drives/{drive_id}][204] putGuestDriveByIdNoContent "
time="2023-04-08T09:58:31-04:00" level=info msg="Attaching NIC testtap (hwaddr DE:AD:BE:EF:19:1A) at index 1"
2023-04-08T09:58:31.042943594 [anonymous-instance:main:WARN:src/vmm/src/builder.rs:599] Could not add serial input event to epoll: Error during epoll call: Operation not permitted (os error 1)
time="2023-04-08T09:58:31-04:00" level=info msg="startInstance successful: [PUT /actions][204] createSyncActionNoContent "
[    0.012639] dmi: Firmware registration failed.
[    0.040747] zswap: default zpool zbud not available
[    0.040995] zswap: pool creation failed
Graalvisor boot time: 167 ms.
Graalvisor listening on port 8080.
Warning: graalvisor compiled with no truffle language support.
Function dynamichtml registered with context sandboxing in 343 ms
[thread 41] New context sandbox 140299454119936 in 28 us
[thread 36] Creating context org.graalvm.polyglot.Context@6f0e3c9d
[thread 49] New context sandbox 140299454119936 in 18 us
[thread 42] Creating context org.graalvm.polyglot.Context@6d1c5c5e
[thread 50] New context sandbox 140299454119936 in 32 us
[thread 43] Creating context org.graalvm.polyglot.Context@27953998
[thread 51] New context sandbox 140299454119936 in 11 us
[thread 44] Creating context org.graalvm.polyglot.Context@7da2aa51
[thread 52] New context sandbox 140299454119936 in 43 us
[thread 45] Creating context org.graalvm.polyglot.Context@2020fb31
[thread 53] New context sandbox 140299454119936 in 37 us
[thread 46] Creating context org.graalvm.polyglot.Context@2aa9a862
[thread 54] New context sandbox 140299454119936 in 39 us
[thread 47] Creating context org.graalvm.polyglot.Context@a91dde2
[thread 55] New context sandbox 140299454119936 in 39 us
[thread 48] Creating context org.graalvm.polyglot.Context@30ef6b5e
time="2023-04-08T09:58:34-04:00" level=warning msg="firecracker exited: signal: terminated"
time="2023-04-08T09:58:34-04:00" level=fatal msg="Wait returned an error 1 error occurred:\n\t* signal: terminated\n\n"
