time="2023-04-06T22:49:04-04:00" level=info msg="Called startVMM(), setting up a VMM on /tmp/testtap.socket"
time="2023-04-06T22:49:04-04:00" level=info msg="VMM logging disabled."
time="2023-04-06T22:49:04-04:00" level=info msg="VMM metrics disabled."
time="2023-04-06T22:49:04-04:00" level=info msg="refreshMachineConfiguration: [GET /machine-config][200] getMachineConfigurationOK  &{CPUTemplate:Uninitialized HtEnabled:0xc0000243f4 MemSizeMib:0xc0000243e8 VcpuCount:0xc0000243e0}"
time="2023-04-06T22:49:04-04:00" level=info msg="PutGuestBootSource: [PUT /boot-source][204] putGuestBootSourceNoContent "
time="2023-04-06T22:49:04-04:00" level=info msg="Attaching drive /tmp/test-proxy/polyglot-proxy.img, slot 1, root true."
time="2023-04-06T22:49:04-04:00" level=info msg="Attached drive /tmp/test-proxy/polyglot-proxy.img: [PUT /drives/{drive_id}][204] putGuestDriveByIdNoContent "
time="2023-04-06T22:49:04-04:00" level=info msg="Attaching NIC testtap (hwaddr DE:AD:BE:EF:D6:2A) at index 1"
2023-04-06T22:49:04.023942137 [anonymous-instance:main:WARN:src/vmm/src/builder.rs:599] Could not add serial input event to epoll: Error during epoll call: Operation not permitted (os error 1)
time="2023-04-06T22:49:04-04:00" level=info msg="startInstance successful: [PUT /actions][204] createSyncActionNoContent "
[    0.012089] dmi: Firmware registration failed.
[    0.040300] zswap: default zpool zbud not available
[    0.040545] zswap: pool creation failed
Graalvisor boot time: 191 ms.
Graalvisor listening on port 8080.
Warning: graalvisor compiled with no truffle language support.
Function hw registered with runtime sandboxing in 92 ms
[thread 41] New runtime sandbox 139570665488384 in 3512 us
time="2023-04-06T22:49:23-04:00" level=warning msg="firecracker exited: signal: terminated"
time="2023-04-06T22:49:23-04:00" level=fatal msg="Wait returned an error 1 error occurred:\n\t* signal: terminated\n\n"
