This is ApacheBench, Version 2.3 <$Revision: 1879490 $>
Copyright 1996 Adam Twiss, Zeus Technology Ltd, http://www.zeustech.net/
Licensed to The Apache Software Foundation, http://www.apache.org/

Benchmarking 172.172.0.2 (be patient)
Completed 100 requests
Completed 200 requests
Finished 256 requests


Server Software:        
Server Hostname:        172.172.0.2
Server Port:            8080

Document Path:          /
Document Length:        164 bytes

Concurrency Level:      1
Time taken for tests:   36.069 seconds
Complete requests:      256
Failed requests:        255
   (Connect: 0, Receive: 0, Length: 255, Exceptions: 0)
Total transferred:      66305 bytes
Total body sent:        59904
HTML transferred:       41729 bytes
Requests per second:    7.10 [#/sec] (mean)
Time per request:       140.896 [ms] (mean)
Time per request:       140.896 [ms] (mean, across all concurrent requests)
Transfer rate:          1.80 [Kbytes/sec] received
                        1.62 kb/s sent
                        3.42 kb/s total

Connection Times (ms)
              min  mean[+/-sd] median   max
Connect:        0    3  13.8      0      77
Processing:   105  138  87.1    107    1387
Waiting:      105  138  87.1    107    1387
Total:        106  141  87.7    107    1388

Percentage of the requests served within a certain time (ms)
  50%    107
  66%    181
  75%    182
  80%    182
  90%    198
  95%    200
  98%    201
  99%    202
 100%   1388 (longest request)
