This is ApacheBench, Version 2.3 <$Revision: 1879490 $>
Copyright 1996 Adam Twiss, Zeus Technology Ltd, http://www.zeustech.net/
Licensed to The Apache Software Foundation, http://www.apache.org/

Benchmarking 172.18.0.2 (be patient).....done


Server Software:        
Server Hostname:        172.18.0.2
Server Port:            8080

Document Path:          /
Document Length:        68 bytes

Concurrency Level:      1
Time taken for tests:   25.510 seconds
Complete requests:      2
Failed requests:        0
Total transferred:      326 bytes
Total body sent:        584
HTML transferred:       136 bytes
Requests per second:    0.08 [#/sec] (mean)
Time per request:       12755.041 [ms] (mean)
Time per request:       12755.041 [ms] (mean, across all concurrent requests)
Transfer rate:          0.01 [Kbytes/sec] received
                        0.02 kb/s sent
                        0.03 kb/s total

Connection Times (ms)
              min  mean[+/-sd] median   max
Connect:        0    0   0.2      1       1
Processing: 12714 12755  57.1  12795   12795
Waiting:    12714 12755  57.1  12795   12795
Total:      12714 12755  57.3  12796   12796
ERROR: The median and mean for the initial connection time are more than twice the standard
       deviation apart. These results are NOT reliable.

Percentage of the requests served within a certain time (ms)
  50%  12796
  66%  12796
  75%  12796
  80%  12796
  90%  12796
  95%  12796
  98%  12796
  99%  12796
 100%  12796 (longest request)
