This is ApacheBench, Version 2.3 <$Revision: 1879490 $>
Copyright 1996 Adam Twiss, Zeus Technology Ltd, http://www.zeustech.net/
Licensed to The Apache Software Foundation, http://www.apache.org/

Benchmarking 172.18.0.2 (be patient).....done


Server Software:        
Server Hostname:        172.18.0.2
Server Port:            8080

Document Path:          /
Document Length:        72 bytes

Concurrency Level:      1
Time taken for tests:   15.102 seconds
Complete requests:      25
Failed requests:        24
   (Connect: 0, Receive: 0, Length: 24, Exceptions: 0)
Total transferred:      4151 bytes
Total body sent:        10000
HTML transferred:       1776 bytes
Requests per second:    1.66 [#/sec] (mean)
Time per request:       604.099 [ms] (mean)
Time per request:       604.099 [ms] (mean, across all concurrent requests)
Transfer rate:          0.27 [Kbytes/sec] received
                        0.65 kb/s sent
                        0.92 kb/s total

Connection Times (ms)
              min  mean[+/-sd] median   max
Connect:        0    0   0.8      0       4
Processing:   491  604 434.5    507    2679
Waiting:      491  604 434.5    507    2679
Total:        492  604 434.5    507    2680

Percentage of the requests served within a certain time (ms)
  50%    507
  66%    509
  75%    525
  80%    528
  90%    582
  95%    701
  98%   2680
  99%   2680
 100%   2680 (longest request)
