This is ApacheBench, Version 2.3 <$Revision: 1879490 $>
Copyright 1996 Adam Twiss, Zeus Technology Ltd, http://www.zeustech.net/
Licensed to The Apache Software Foundation, http://www.apache.org/

Benchmarking 172.18.0.2 (be patient).....done


Server Software:        
Server Hostname:        172.18.0.2
Server Port:            8080

Document Path:          /
Document Length:        71 bytes

Concurrency Level:      1
Time taken for tests:   12.433 seconds
Complete requests:      25
Failed requests:        0
Total transferred:      4150 bytes
Total body sent:        10000
HTML transferred:       1775 bytes
Requests per second:    2.01 [#/sec] (mean)
Time per request:       497.310 [ms] (mean)
Time per request:       497.310 [ms] (mean, across all concurrent requests)
Transfer rate:          0.33 [Kbytes/sec] received
                        0.79 kb/s sent
                        1.11 kb/s total

Connection Times (ms)
              min  mean[+/-sd] median   max
Connect:        0    0   0.2      0       1
Processing:   489  497   5.2    496     511
Waiting:      489  497   5.2    496     511
Total:        490  497   5.2    496     511

Percentage of the requests served within a certain time (ms)
  50%    496
  66%    498
  75%    499
  80%    502
  90%    504
  95%    509
  98%    511
  99%    511
 100%    511 (longest request)
