This is ApacheBench, Version 2.3 <$Revision: 1879490 $>
Copyright 1996 Adam Twiss, Zeus Technology Ltd, http://www.zeustech.net/
Licensed to The Apache Software Foundation, http://www.apache.org/

Benchmarking 172.18.0.2 (be patient)
Completed 100 requests
Completed 200 requests
Finished 256 requests


Server Software:        
Server Hostname:        172.18.0.2
Server Port:            8080

Document Path:          /run
Document Length:        33 bytes

Concurrency Level:      1
Time taken for tests:   5.694 seconds
Complete requests:      256
Failed requests:        0
Total transferred:      61440 bytes
Total body sent:        36352
HTML transferred:       8448 bytes
Requests per second:    44.96 [#/sec] (mean)
Time per request:       22.242 [ms] (mean)
Time per request:       22.242 [ms] (mean, across all concurrent requests)
Transfer rate:          10.54 [Kbytes/sec] received
                        6.23 kb/s sent
                        16.77 kb/s total

Connection Times (ms)
              min  mean[+/-sd] median   max
Connect:        0    7  23.1      0      94
Processing:     0   16  32.6      2     102
Waiting:        0   11  27.5      2     102
Total:          1   22  37.8      2     103

Percentage of the requests served within a certain time (ms)
  50%      2
  66%      2
  75%      3
  80%     89
  90%     93
  95%     94
  98%     96
  99%     96
 100%    103 (longest request)
