This is ApacheBench, Version 2.3 <$Revision: 1879490 $>
Copyright 1996 Adam Twiss, Zeus Technology Ltd, http://www.zeustech.net/
Licensed to The Apache Software Foundation, http://www.apache.org/

Benchmarking 192.168.16.182 (be patient)
Completed 204 requests
Completed 408 requests
Completed 612 requests
Completed 816 requests
Completed 1020 requests
Completed 1224 requests
Completed 1428 requests
Completed 1632 requests
Completed 1836 requests
Completed 2040 requests
Finished 2048 requests


Server Software:        
Server Hostname:        192.168.16.182
Server Port:            8080

Document Path:          /
Document Length:        73 bytes

Concurrency Level:      8
Time taken for tests:   1.335 seconds
Complete requests:      2048
Failed requests:        73
   (Connect: 0, Receive: 0, Length: 73, Exceptions: 0)
Total transferred:      344137 bytes
Total body sent:        499712
HTML transferred:       149577 bytes
Requests per second:    1533.61 [#/sec] (mean)
Time per request:       5.216 [ms] (mean)
Time per request:       0.652 [ms] (mean, across all concurrent requests)
Transfer rate:          251.66 [Kbytes/sec] received
                        365.43 kb/s sent
                        617.09 kb/s total

Connection Times (ms)
              min  mean[+/-sd] median   max
Connect:        0    0   0.6      0      23
Processing:     1    5   4.9      4      32
Waiting:        1    4   4.7      3      31
Total:          1    5   5.0      4      32

Percentage of the requests served within a certain time (ms)
  50%      4
  66%      4
  75%      5
  80%      5
  90%      6
  95%     19
  98%     27
  99%     28
 100%     32 (longest request)
This is ApacheBench, Version 2.3 <$Revision: 1879490 $>
Copyright 1996 Adam Twiss, Zeus Technology Ltd, http://www.zeustech.net/
Licensed to The Apache Software Foundation, http://www.apache.org/

Benchmarking 192.168.16.182 (be patient)
Completed 204 requests
Completed 408 requests
Completed 612 requests
Completed 816 requests
Completed 1020 requests
Completed 1224 requests
Completed 1428 requests
Completed 1632 requests
Completed 1836 requests
Completed 2040 requests
Finished 2048 requests


Server Software:        
Server Hostname:        192.168.16.182
Server Port:            8080

Document Path:          /
Document Length:        73 bytes

Concurrency Level:      8
Time taken for tests:   1.711 seconds
Complete requests:      2048
Failed requests:        80
   (Connect: 0, Receive: 0, Length: 80, Exceptions: 0)
Total transferred:      344146 bytes
Total body sent:        499712
HTML transferred:       149586 bytes
Requests per second:    1197.10 [#/sec] (mean)
Time per request:       6.683 [ms] (mean)
Time per request:       0.835 [ms] (mean, across all concurrent requests)
Transfer rate:          196.45 [Kbytes/sec] received
                        285.25 kb/s sent
                        481.69 kb/s total

Connection Times (ms)
              min  mean[+/-sd] median   max
Connect:        0    0   0.7      0      22
Processing:     1    5  23.1      3    1026
Waiting:        1    4  23.0      3    1026
Total:          1    5  23.1      3    1026

Percentage of the requests served within a certain time (ms)
  50%      3
  66%      4
  75%      4
  80%      4
  90%      5
  95%     10
  98%     26
  99%     27
 100%   1026 (longest request)
This is ApacheBench, Version 2.3 <$Revision: 1879490 $>
Copyright 1996 Adam Twiss, Zeus Technology Ltd, http://www.zeustech.net/
Licensed to The Apache Software Foundation, http://www.apache.org/

Benchmarking 192.168.16.182 (be patient)
Completed 204 requests
Completed 408 requests
Completed 612 requests
Completed 816 requests
Completed 1020 requests
Completed 1224 requests
Completed 1428 requests
Completed 1632 requests
Completed 1836 requests
Completed 2040 requests
Finished 2048 requests


Server Software:        
Server Hostname:        192.168.16.182
Server Port:            8080

Document Path:          /
Document Length:        73 bytes

Concurrency Level:      8
Time taken for tests:   1.175 seconds
Complete requests:      2048
Failed requests:        66
   (Connect: 0, Receive: 0, Length: 66, Exceptions: 0)
Total transferred:      344130 bytes
Total body sent:        499712
HTML transferred:       149570 bytes
Requests per second:    1742.72 [#/sec] (mean)
Time per request:       4.591 [ms] (mean)
Time per request:       0.574 [ms] (mean, across all concurrent requests)
Transfer rate:          285.97 [Kbytes/sec] received
                        415.26 kb/s sent
                        701.23 kb/s total

Connection Times (ms)
              min  mean[+/-sd] median   max
Connect:        0    0   0.7      0      22
Processing:     1    4   4.6      4      30
Waiting:        1    4   4.5      3      30
Total:          1    5   4.6      4      30

Percentage of the requests served within a certain time (ms)
  50%      4
  66%      4
  75%      4
  80%      4
  90%      5
  95%      6
  98%     26
  99%     28
 100%     30 (longest request)
