This is ApacheBench, Version 2.3 <$Revision: 1879490 $>
Copyright 1996 Adam Twiss, Zeus Technology Ltd, http://www.zeustech.net/
Licensed to The Apache Software Foundation, http://www.apache.org/

Benchmarking 172.18.0.2 (be patient)
Completed 1000 requests
Completed 2000 requests
Completed 3000 requests
Completed 4000 requests
Completed 5000 requests
Completed 6000 requests
Completed 7000 requests
Completed 8000 requests
Completed 9000 requests
Completed 10000 requests
Finished 10000 requests


Server Software:        
Server Hostname:        172.18.0.2
Server Port:            8080

Document Path:          /
Document Length:        92 bytes

Concurrency Level:      1
Time taken for tests:   8.627 seconds
Complete requests:      10000
Failed requests:        68
   (Connect: 0, Receive: 0, Length: 68, Exceptions: 0)
Total transferred:      1870068 bytes
Total body sent:        2030000
HTML transferred:       920068 bytes
Requests per second:    1159.09 [#/sec] (mean)
Time per request:       0.863 [ms] (mean)
Time per request:       0.863 [ms] (mean, across all concurrent requests)
Transfer rate:          211.68 [Kbytes/sec] received
                        229.78 kb/s sent
                        441.46 kb/s total

Connection Times (ms)
              min  mean[+/-sd] median   max
Connect:        0    0   1.3      0      29
Processing:     0    1   1.8      0      30
Waiting:        0    0   1.3      0      30
Total:          0    1   2.3      1      30

Percentage of the requests served within a certain time (ms)
  50%      1
  66%      1
  75%      1
  80%      1
  90%      1
  95%      1
  98%      1
  99%      1
 100%     30 (longest request)
This is ApacheBench, Version 2.3 <$Revision: 1879490 $>
Copyright 1996 Adam Twiss, Zeus Technology Ltd, http://www.zeustech.net/
Licensed to The Apache Software Foundation, http://www.apache.org/

Benchmarking 172.18.0.2 (be patient)
Completed 1000 requests
Completed 2000 requests
Completed 3000 requests
Completed 4000 requests
Completed 5000 requests
Completed 6000 requests
Completed 7000 requests
Completed 8000 requests
Completed 9000 requests
Completed 10000 requests
Finished 10000 requests


Server Software:        
Server Hostname:        172.18.0.2
Server Port:            8080

Document Path:          /
Document Length:        92 bytes

Concurrency Level:      1
Time taken for tests:   8.626 seconds
Complete requests:      10000
Failed requests:        59
   (Connect: 0, Receive: 0, Length: 59, Exceptions: 0)
Total transferred:      1870059 bytes
Total body sent:        2030000
HTML transferred:       920059 bytes
Requests per second:    1159.31 [#/sec] (mean)
Time per request:       0.863 [ms] (mean)
Time per request:       0.863 [ms] (mean, across all concurrent requests)
Transfer rate:          211.72 [Kbytes/sec] received
                        229.82 kb/s sent
                        441.54 kb/s total

Connection Times (ms)
              min  mean[+/-sd] median   max
Connect:        0    0   1.3      0      27
Processing:     0    1   1.8      0      31
Waiting:        0    0   1.3      0      31
Total:          0    1   2.2      1      31

Percentage of the requests served within a certain time (ms)
  50%      1
  66%      1
  75%      1
  80%      1
  90%      1
  95%      1
  98%      1
  99%      2
 100%     31 (longest request)
This is ApacheBench, Version 2.3 <$Revision: 1879490 $>
Copyright 1996 Adam Twiss, Zeus Technology Ltd, http://www.zeustech.net/
Licensed to The Apache Software Foundation, http://www.apache.org/

Benchmarking 172.18.0.2 (be patient)
Completed 1000 requests
Completed 2000 requests
Completed 3000 requests
Completed 4000 requests
Completed 5000 requests
Completed 6000 requests
Completed 7000 requests
Completed 8000 requests
Completed 9000 requests
Completed 10000 requests
Finished 10000 requests


Server Software:        
Server Hostname:        172.18.0.2
Server Port:            8080

Document Path:          /
Document Length:        92 bytes

Concurrency Level:      1
Time taken for tests:   8.624 seconds
Complete requests:      10000
Failed requests:        58
   (Connect: 0, Receive: 0, Length: 58, Exceptions: 0)
Total transferred:      1870063 bytes
Total body sent:        2030000
HTML transferred:       920063 bytes
Requests per second:    1159.52 [#/sec] (mean)
Time per request:       0.862 [ms] (mean)
Time per request:       0.862 [ms] (mean, across all concurrent requests)
Transfer rate:          211.76 [Kbytes/sec] received
                        229.87 kb/s sent
                        441.62 kb/s total

Connection Times (ms)
              min  mean[+/-sd] median   max
Connect:        0    0   1.1      0      27
Processing:     0    1   1.9      0      27
Waiting:        0    0   1.3      0      27
Total:          0    1   2.2      1      27

Percentage of the requests served within a certain time (ms)
  50%      1
  66%      1
  75%      1
  80%      1
  90%      1
  95%      1
  98%      1
  99%      2
 100%     27 (longest request)
This is ApacheBench, Version 2.3 <$Revision: 1879490 $>
Copyright 1996 Adam Twiss, Zeus Technology Ltd, http://www.zeustech.net/
Licensed to The Apache Software Foundation, http://www.apache.org/

Benchmarking 172.18.0.2 (be patient)
Completed 1000 requests
Completed 2000 requests
Completed 3000 requests
Completed 4000 requests
Completed 5000 requests
Completed 6000 requests
Completed 7000 requests
Completed 8000 requests
Completed 9000 requests
Completed 10000 requests
Finished 10000 requests


Server Software:        
Server Hostname:        172.18.0.2
Server Port:            8080

Document Path:          /
Document Length:        92 bytes

Concurrency Level:      1
Time taken for tests:   8.610 seconds
Complete requests:      10000
Failed requests:        55
   (Connect: 0, Receive: 0, Length: 55, Exceptions: 0)
Total transferred:      1870057 bytes
Total body sent:        2030000
HTML transferred:       920057 bytes
Requests per second:    1161.45 [#/sec] (mean)
Time per request:       0.861 [ms] (mean)
Time per request:       0.861 [ms] (mean, across all concurrent requests)
Transfer rate:          212.11 [Kbytes/sec] received
                        230.25 kb/s sent
                        442.35 kb/s total

Connection Times (ms)
              min  mean[+/-sd] median   max
Connect:        0    0   1.4      0      28
Processing:     0    1   1.7      0      27
Waiting:        0    0   1.3      0      27
Total:          0    1   2.2      1      29

Percentage of the requests served within a certain time (ms)
  50%      1
  66%      1
  75%      1
  80%      1
  90%      1
  95%      1
  98%      1
  99%      3
 100%     29 (longest request)
This is ApacheBench, Version 2.3 <$Revision: 1879490 $>
Copyright 1996 Adam Twiss, Zeus Technology Ltd, http://www.zeustech.net/
Licensed to The Apache Software Foundation, http://www.apache.org/

Benchmarking 172.18.0.2 (be patient)
Completed 1000 requests
Completed 2000 requests
Completed 3000 requests
Completed 4000 requests
Completed 5000 requests
Completed 6000 requests
Completed 7000 requests
Completed 8000 requests
Completed 9000 requests
Completed 10000 requests
Finished 10000 requests


Server Software:        
Server Hostname:        172.18.0.2
Server Port:            8080

Document Path:          /
Document Length:        92 bytes

Concurrency Level:      1
Time taken for tests:   8.708 seconds
Complete requests:      10000
Failed requests:        53
   (Connect: 0, Receive: 0, Length: 53, Exceptions: 0)
Total transferred:      1870059 bytes
Total body sent:        2030000
HTML transferred:       920059 bytes
Requests per second:    1148.35 [#/sec] (mean)
Time per request:       0.871 [ms] (mean)
Time per request:       0.871 [ms] (mean, across all concurrent requests)
Transfer rate:          209.71 [Kbytes/sec] received
                        227.65 kb/s sent
                        437.37 kb/s total

Connection Times (ms)
              min  mean[+/-sd] median   max
Connect:        0    0   1.2      0      28
Processing:     0    1   1.9      0      28
Waiting:        0    0   1.5      0      28
Total:          0    1   2.2      1      29

Percentage of the requests served within a certain time (ms)
  50%      1
  66%      1
  75%      1
  80%      1
  90%      1
  95%      1
  98%      1
  99%      4
 100%     29 (longest request)
