This is ApacheBench, Version 2.3 <$Revision: 1879490 $>
Copyright 1996 Adam Twiss, Zeus Technology Ltd, http://www.zeustech.net/
Licensed to The Apache Software Foundation, http://www.apache.org/

Benchmarking 172.18.0.2 (be patient)
Completed 100 requests
Completed 200 requests
Finished 256 requests


Server Software:        
Server Hostname:        172.18.0.2
Server Port:            8080

Document Path:          /run
Document Length:        29 bytes

Concurrency Level:      1
Time taken for tests:   8.989 seconds
Complete requests:      256
Failed requests:        0
Total transferred:      31744 bytes
Total body sent:        45056
HTML transferred:       7424 bytes
Requests per second:    28.48 [#/sec] (mean)
Time per request:       35.112 [ms] (mean)
Time per request:       35.112 [ms] (mean, across all concurrent requests)
Transfer rate:          3.45 [Kbytes/sec] received
                        4.90 kb/s sent
                        8.34 kb/s total

Connection Times (ms)
              min  mean[+/-sd] median   max
Connect:        0    7  22.9      0      94
Processing:     0   29  67.9      3     907
Waiting:        0   14  57.0      1     807
Total:          1   35  73.4      3     989

Percentage of the requests served within a certain time (ms)
  50%      3
  66%      6
  75%     92
  80%     93
  90%     95
  95%     96
  98%     97
  99%    105
 100%    989 (longest request)
