time="2023-04-08T10:10:13-04:00" level=info msg="Called startVMM(), setting up a VMM on /tmp/testtap.socket"
time="2023-04-08T10:10:13-04:00" level=info msg="VMM logging disabled."
time="2023-04-08T10:10:13-04:00" level=info msg="VMM metrics disabled."
time="2023-04-08T10:10:13-04:00" level=info msg="refreshMachineConfiguration: [GET /machine-config][200] getMachineConfigurationOK  &{CPUTemplate:Uninitialized HtEnabled:0xc000024154 MemSizeMib:0xc000024148 VcpuCount:0xc000024140}"
time="2023-04-08T10:10:13-04:00" level=info msg="PutGuestBootSource: [PUT /boot-source][204] putGuestBootSourceNoContent "
time="2023-04-08T10:10:13-04:00" level=info msg="Attaching drive /tmp/test-proxy/polyglot-proxy.img, slot 1, root true."
time="2023-04-08T10:10:13-04:00" level=info msg="Attached drive /tmp/test-proxy/polyglot-proxy.img: [PUT /drives/{drive_id}][204] putGuestDriveByIdNoContent "
time="2023-04-08T10:10:13-04:00" level=info msg="Attaching NIC testtap (hwaddr DE:AD:BE:EF:F9:60) at index 1"
2023-04-08T10:10:13.796310774 [anonymous-instance:main:WARN:src/vmm/src/builder.rs:599] Could not add serial input event to epoll: Error during epoll call: Operation not permitted (os error 1)
time="2023-04-08T10:10:13-04:00" level=info msg="startInstance successful: [PUT /actions][204] createSyncActionNoContent "
[    0.012000] dmi: Firmware registration failed.
[    0.040354] zswap: default zpool zbud not available
[    0.040599] zswap: pool creation failed
Graalvisor boot time: 166 ms.
Graalvisor listening on port 8080.
Warning: graalvisor compiled with no truffle language support.
Function mst registered with context sandboxing in 753 ms
[thread 41] New context sandbox 140498679365632 in 28 us
[thread 39] Creating context org.graalvm.polyglot.Context@426c506a
[thread 43] New context sandbox 140498679365632 in 71802 us
[thread 52] Creating context org.graalvm.polyglot.Context@7f9ca627
time="2023-04-08T10:10:33-04:00" level=warning msg="firecracker exited: signal: terminated"
time="2023-04-08T10:10:33-04:00" level=fatal msg="Wait returned an error 1 error occurred:\n\t* signal: terminated\n\n"
