This is ApacheBench, Version 2.3 <$Revision: 1879490 $>
Copyright 1996 Adam Twiss, Zeus Technology Ltd, http://www.zeustech.net/
Licensed to The Apache Software Foundation, http://www.apache.org/

Benchmarking 172.18.0.2 (be patient)
Completed 100 requests
Completed 200 requests
Finished 256 requests


Server Software:        
Server Hostname:        172.18.0.2
Server Port:            8080

Document Path:          /
Document Length:        1217 bytes

Concurrency Level:      1
Time taken for tests:   11.040 seconds
Complete requests:      256
Failed requests:        251
   (Connect: 0, Receive: 0, Length: 251, Exceptions: 0)
Total transferred:      335731 bytes
Total body sent:        72704
HTML transferred:       310899 bytes
Requests per second:    23.19 [#/sec] (mean)
Time per request:       43.127 [ms] (mean)
Time per request:       43.127 [ms] (mean, across all concurrent requests)
Transfer rate:          29.70 [Kbytes/sec] received
                        6.43 kb/s sent
                        36.13 kb/s total

Connection Times (ms)
              min  mean[+/-sd] median   max
Connect:        0    4  18.3      0      91
Processing:     2   39  78.4      3    1018
Waiting:        2   38  78.3      3    1018
Total:          2   43  78.8      4    1019

Percentage of the requests served within a certain time (ms)
  50%      4
  66%     92
  75%     94
  80%     94
  90%     96
  95%     98
  98%     98
  99%    101
 100%   1019 (longest request)
