This is ApacheBench, Version 2.3 <$Revision: 1879490 $>
Copyright 1996 Adam Twiss, Zeus Technology Ltd, http://www.zeustech.net/
Licensed to The Apache Software Foundation, http://www.apache.org/

Benchmarking 172.18.0.2 (be patient)
Completed 100 requests
Completed 200 requests
Finished 256 requests


Server Software:        
Server Hostname:        172.18.0.2
Server Port:            8080

Document Path:          /
Document Length:        1217 bytes

Concurrency Level:      1
Time taken for tests:   10.279 seconds
Complete requests:      256
Failed requests:        253
   (Connect: 0, Receive: 0, Length: 253, Exceptions: 0)
Total transferred:      335713 bytes
Total body sent:        72704
HTML transferred:       310881 bytes
Requests per second:    24.90 [#/sec] (mean)
Time per request:       40.153 [ms] (mean)
Time per request:       40.153 [ms] (mean, across all concurrent requests)
Transfer rate:          31.89 [Kbytes/sec] received
                        6.91 kb/s sent
                        38.80 kb/s total

Connection Times (ms)
              min  mean[+/-sd] median   max
Connect:        0    4  19.2      0      93
Processing:     1   36  78.6      3    1033
Waiting:        1   33  78.1      3    1033
Total:          1   40  79.2      4    1034

Percentage of the requests served within a certain time (ms)
  50%      4
  66%     89
  75%     93
  80%     94
  90%     95
  95%     97
  98%     98
  99%     98
 100%   1034 (longest request)
