time="2023-04-08T10:03:04-04:00" level=info msg="Called startVMM(), setting up a VMM on /tmp/testtap.socket"
time="2023-04-08T10:03:04-04:00" level=info msg="VMM logging disabled."
time="2023-04-08T10:03:04-04:00" level=info msg="VMM metrics disabled."
time="2023-04-08T10:03:04-04:00" level=info msg="refreshMachineConfiguration: [GET /machine-config][200] getMachineConfigurationOK  &{CPUTemplate:Uninitialized HtEnabled:0xc00008e3d4 MemSizeMib:0xc00008e3c8 VcpuCount:0xc00008e3c0}"
time="2023-04-08T10:03:04-04:00" level=info msg="PutGuestBootSource: [PUT /boot-source][204] putGuestBootSourceNoContent "
time="2023-04-08T10:03:04-04:00" level=info msg="Attaching drive /tmp/test-proxy/polyglot-proxy.img, slot 1, root true."
time="2023-04-08T10:03:04-04:00" level=info msg="Attached drive /tmp/test-proxy/polyglot-proxy.img: [PUT /drives/{drive_id}][204] putGuestDriveByIdNoContent "
time="2023-04-08T10:03:04-04:00" level=info msg="Attaching NIC testtap (hwaddr DE:AD:BE:EF:43:3F) at index 1"
2023-04-08T10:03:04.242207482 [anonymous-instance:main:WARN:src/vmm/src/builder.rs:599] Could not add serial input event to epoll: Error during epoll call: Operation not permitted (os error 1)
time="2023-04-08T10:03:04-04:00" level=info msg="startInstance successful: [PUT /actions][204] createSyncActionNoContent "
[    0.012000] dmi: Firmware registration failed.
[    0.040669] zswap: default zpool zbud not available
[    0.040924] zswap: pool creation failed
Graalvisor boot time: 168 ms.
Graalvisor listening on port 8080.
Warning: graalvisor compiled with no truffle language support.
Function dynamichtml registered with context sandboxing in 623 ms
[thread 41] New context sandbox 140552633843712 in 29 us
[thread 40] Creating context org.graalvm.polyglot.Context@364d1055
[thread 45] New context sandbox 140552633843712 in 11 us
[thread 53] Creating context org.graalvm.polyglot.Context@6a637544
[thread 46] New context sandbox 140552633843712 in 8 us
[thread 54] Creating context org.graalvm.polyglot.Context@353c554a
[thread 47] New context sandbox 140552633843712 in 6 us
[thread 55] Creating context org.graalvm.polyglot.Context@4380924c
time="2023-04-08T10:03:14-04:00" level=warning msg="firecracker exited: signal: terminated"
time="2023-04-08T10:03:14-04:00" level=fatal msg="Wait returned an error 1 error occurred:\n\t* signal: terminated\n\n"
