time="2023-03-23T23:47:36-04:00" level=info msg="Called startVMM(), setting up a VMM on /tmp/testtap.socket"
time="2023-03-23T23:47:36-04:00" level=info msg="VMM logging disabled."
time="2023-03-23T23:47:36-04:00" level=info msg="VMM metrics disabled."
time="2023-03-23T23:47:36-04:00" level=info msg="refreshMachineConfiguration: [GET /machine-config][200] getMachineConfigurationOK  &{CPUTemplate:Uninitialized HtEnabled:0xc00050e624 MemSizeMib:0xc00050e618 VcpuCount:0xc00050e610}"
time="2023-03-23T23:47:36-04:00" level=info msg="PutGuestBootSource: [PUT /boot-source][204] putGuestBootSourceNoContent "
time="2023-03-23T23:47:36-04:00" level=info msg="Attaching drive /tmp/test-proxy/polyglot-proxy.img, slot 1, root true."
time="2023-03-23T23:47:36-04:00" level=info msg="Attached drive /tmp/test-proxy/polyglot-proxy.img: [PUT /drives/{drive_id}][204] putGuestDriveByIdNoContent "
time="2023-03-23T23:47:36-04:00" level=info msg="Attaching NIC testtap (hwaddr DE:AD:BE:EF:47:97) at index 1"
2023-03-23T23:47:36.762187926 [anonymous-instance:main:WARN:src/vmm/src/builder.rs:599] Could not add serial input event to epoll: Error during epoll call: Operation not permitted (os error 1)
time="2023-03-23T23:47:36-04:00" level=info msg="startInstance successful: [PUT /actions][204] createSyncActionNoContent "
[    0.012000] dmi: Firmware registration failed.
[    0.040717] zswap: default zpool zbud not available
[    0.040991] zswap: pool creation failed
Graalvisor boot time: 206 ms.
Graalvisor listening on port 8080.
Waiting for 192.168.4.33:8080
Function videoprocessing registered with process sandboxing in 33 ms
[thread 43] New process sandbox 461 in 100966 us
SLF4J: Failed to load class "org.slf4j.impl.StaticLoggerBinder".
SLF4J: Defaulting to no-operation (NOP) logger implementation
SLF4J: See http://www.slf4j.org/codes.html#StaticLoggerBinder for further details.
time="2023-03-23T23:48:13-04:00" level=warning msg="firecracker exited: signal: terminated"
time="2023-03-23T23:48:13-04:00" level=fatal msg="Wait returned an error 1 error occurred:\n\t* signal: terminated\n\n"
