time="2023-04-06T15:49:40-04:00" level=info msg="Called startVMM(), setting up a VMM on /tmp/testtap.socket"
time="2023-04-06T15:49:40-04:00" level=info msg="VMM logging disabled."
time="2023-04-06T15:49:40-04:00" level=info msg="VMM metrics disabled."
time="2023-04-06T15:49:40-04:00" level=info msg="refreshMachineConfiguration: [GET /machine-config][200] getMachineConfigurationOK  &{CPUTemplate:Uninitialized HtEnabled:0xc000694384 MemSizeMib:0xc000694378 VcpuCount:0xc000694370}"
time="2023-04-06T15:49:40-04:00" level=info msg="PutGuestBootSource: [PUT /boot-source][204] putGuestBootSourceNoContent "
time="2023-04-06T15:49:40-04:00" level=info msg="Attaching drive /tmp/test-proxy/polyglot-proxy.img, slot 1, root true."
time="2023-04-06T15:49:40-04:00" level=info msg="Attached drive /tmp/test-proxy/polyglot-proxy.img: [PUT /drives/{drive_id}][204] putGuestDriveByIdNoContent "
time="2023-04-06T15:49:40-04:00" level=info msg="Attaching NIC testtap (hwaddr DE:AD:BE:EF:04:56) at index 1"
2023-04-06T15:49:40.278026795 [anonymous-instance:main:WARN:src/vmm/src/builder.rs:599] Could not add serial input event to epoll: Error during epoll call: Operation not permitted (os error 1)
time="2023-04-06T15:49:40-04:00" level=info msg="startInstance successful: [PUT /actions][204] createSyncActionNoContent "
[    0.012018] dmi: Firmware registration failed.
[    0.040584] zswap: default zpool zbud not available
[    0.040820] zswap: pool creation failed
Graalvisor boot time: 185 ms.
Graalvisor listening on port 8080.
Warning: graalvisor compiled with no truffle language support.
Function hw registered with runtime sandboxing in 26 ms
[thread 40] New runtime sandbox 140274490671104 in 1160 us
[thread 51] New runtime sandbox 140239740862464 in 455 us
[thread 50] New runtime sandbox 140205380075520 in 375 us
[thread 49] New runtime sandbox 140171019288576 in 422 us
[thread 55] New runtime sandbox 140136658501632 in 290 us
[thread 53] New runtime sandbox 140067928539136 in 262 us
[thread 54] New runtime sandbox 140102297714688 in 1396 us
[thread 52] New runtime sandbox 140033559363584 in 231 us
time="2023-04-06T15:49:45-04:00" level=warning msg="firecracker exited: signal: terminated"
time="2023-04-06T15:49:45-04:00" level=fatal msg="Wait returned an error 1 error occurred:\n\t* signal: terminated\n\n"
