This is ApacheBench, Version 2.3 <$Revision: 1879490 $>
Copyright 1996 Adam Twiss, Zeus Technology Ltd, http://www.zeustech.net/
Licensed to The Apache Software Foundation, http://www.apache.org/

Benchmarking 172.18.0.2 (be patient).....done


Server Software:        
Server Hostname:        172.18.0.2
Server Port:            8080

Document Path:          /
Document Length:        90 bytes

Concurrency Level:      1
Time taken for tests:   1.516 seconds
Complete requests:      10
Failed requests:        0
Total transferred:      1850 bytes
Total body sent:        3970
HTML transferred:       900 bytes
Requests per second:    6.60 [#/sec] (mean)
Time per request:       151.581 [ms] (mean)
Time per request:       151.581 [ms] (mean, across all concurrent requests)
Transfer rate:          1.19 [Kbytes/sec] received
                        2.56 kb/s sent
                        3.75 kb/s total

Connection Times (ms)
              min  mean[+/-sd] median   max
Connect:        0    0   0.1      0       0
Processing:   149  151   2.4    151     156
Waiting:      149  151   2.4    151     156
Total:        149  152   2.4    151     156

Percentage of the requests served within a certain time (ms)
  50%    151
  66%    152
  75%    154
  80%    155
  90%    156
  95%    156
  98%    156
  99%    156
 100%    156 (longest request)
This is ApacheBench, Version 2.3 <$Revision: 1879490 $>
Copyright 1996 Adam Twiss, Zeus Technology Ltd, http://www.zeustech.net/
Licensed to The Apache Software Foundation, http://www.apache.org/

Benchmarking 172.18.0.2 (be patient).....done


Server Software:        
Server Hostname:        172.18.0.2
Server Port:            8080

Document Path:          /
Document Length:        90 bytes

Concurrency Level:      1
Time taken for tests:   1.509 seconds
Complete requests:      10
Failed requests:        0
Total transferred:      1850 bytes
Total body sent:        3970
HTML transferred:       900 bytes
Requests per second:    6.63 [#/sec] (mean)
Time per request:       150.862 [ms] (mean)
Time per request:       150.862 [ms] (mean, across all concurrent requests)
Transfer rate:          1.20 [Kbytes/sec] received
                        2.57 kb/s sent
                        3.77 kb/s total

Connection Times (ms)
              min  mean[+/-sd] median   max
Connect:        0    0   0.1      0       0
Processing:   149  151   1.5    150     153
Waiting:      149  151   1.5    150     153
Total:        149  151   1.5    150     153

Percentage of the requests served within a certain time (ms)
  50%    150
  66%    152
  75%    152
  80%    153
  90%    153
  95%    153
  98%    153
  99%    153
 100%    153 (longest request)
This is ApacheBench, Version 2.3 <$Revision: 1879490 $>
Copyright 1996 Adam Twiss, Zeus Technology Ltd, http://www.zeustech.net/
Licensed to The Apache Software Foundation, http://www.apache.org/

Benchmarking 172.18.0.2 (be patient).....done


Server Software:        
Server Hostname:        172.18.0.2
Server Port:            8080

Document Path:          /
Document Length:        90 bytes

Concurrency Level:      1
Time taken for tests:   1.530 seconds
Complete requests:      10
Failed requests:        0
Total transferred:      1850 bytes
Total body sent:        3970
HTML transferred:       900 bytes
Requests per second:    6.54 [#/sec] (mean)
Time per request:       153.021 [ms] (mean)
Time per request:       153.021 [ms] (mean, across all concurrent requests)
Transfer rate:          1.18 [Kbytes/sec] received
                        2.53 kb/s sent
                        3.71 kb/s total

Connection Times (ms)
              min  mean[+/-sd] median   max
Connect:        0    0   0.3      0       1
Processing:   145  153   4.8    152     163
Waiting:      145  153   4.8    152     163
Total:        146  153   4.9    152     163

Percentage of the requests served within a certain time (ms)
  50%    152
  66%    152
  75%    156
  80%    158
  90%    163
  95%    163
  98%    163
  99%    163
 100%    163 (longest request)
This is ApacheBench, Version 2.3 <$Revision: 1879490 $>
Copyright 1996 Adam Twiss, Zeus Technology Ltd, http://www.zeustech.net/
Licensed to The Apache Software Foundation, http://www.apache.org/

Benchmarking 172.18.0.2 (be patient).....done


Server Software:        
Server Hostname:        172.18.0.2
Server Port:            8080

Document Path:          /
Document Length:        90 bytes

Concurrency Level:      1
Time taken for tests:   1.514 seconds
Complete requests:      10
Failed requests:        0
Total transferred:      1850 bytes
Total body sent:        3970
HTML transferred:       900 bytes
Requests per second:    6.60 [#/sec] (mean)
Time per request:       151.445 [ms] (mean)
Time per request:       151.445 [ms] (mean, across all concurrent requests)
Transfer rate:          1.19 [Kbytes/sec] received
                        2.56 kb/s sent
                        3.75 kb/s total

Connection Times (ms)
              min  mean[+/-sd] median   max
Connect:        0    0   0.0      0       0
Processing:   149  151   1.5    151     154
Waiting:      149  151   1.4    151     154
Total:        149  151   1.5    151     154

Percentage of the requests served within a certain time (ms)
  50%    151
  66%    151
  75%    152
  80%    153
  90%    154
  95%    154
  98%    154
  99%    154
 100%    154 (longest request)
This is ApacheBench, Version 2.3 <$Revision: 1879490 $>
Copyright 1996 Adam Twiss, Zeus Technology Ltd, http://www.zeustech.net/
Licensed to The Apache Software Foundation, http://www.apache.org/

Benchmarking 172.18.0.2 (be patient).....done


Server Software:        
Server Hostname:        172.18.0.2
Server Port:            8080

Document Path:          /
Document Length:        90 bytes

Concurrency Level:      1
Time taken for tests:   1.463 seconds
Complete requests:      10
Failed requests:        0
Total transferred:      1850 bytes
Total body sent:        3970
HTML transferred:       900 bytes
Requests per second:    6.84 [#/sec] (mean)
Time per request:       146.289 [ms] (mean)
Time per request:       146.289 [ms] (mean, across all concurrent requests)
Transfer rate:          1.23 [Kbytes/sec] received
                        2.65 kb/s sent
                        3.89 kb/s total

Connection Times (ms)
              min  mean[+/-sd] median   max
Connect:        0    0   0.1      0       0
Processing:   145  146   1.2    147     148
Waiting:      145  146   1.2    147     148
Total:        145  146   1.3    147     148

Percentage of the requests served within a certain time (ms)
  50%    147
  66%    147
  75%    147
  80%    148
  90%    148
  95%    148
  98%    148
  99%    148
 100%    148 (longest request)
