This is ApacheBench, Version 2.3 <$Revision: 1879490 $>
Copyright 1996 Adam Twiss, Zeus Technology Ltd, http://www.zeustech.net/
Licensed to The Apache Software Foundation, http://www.apache.org/

Benchmarking 172.18.0.2 (be patient).....done


Server Software:        
Server Hostname:        172.18.0.2
Server Port:            8080

Document Path:          /
Document Length:        139 bytes

Concurrency Level:      2
Time taken for tests:   0.591 seconds
Complete requests:      100
Failed requests:        40
   (Connect: 0, Receive: 0, Length: 40, Exceptions: 0)
Total transferred:      23603 bytes
Total body sent:        20000
HTML transferred:       14003 bytes
Requests per second:    169.19 [#/sec] (mean)
Time per request:       11.821 [ms] (mean)
Time per request:       5.911 [ms] (mean, across all concurrent requests)
Transfer rate:          39.00 [Kbytes/sec] received
                        33.04 kb/s sent
                        72.04 kb/s total

Connection Times (ms)
              min  mean[+/-sd] median   max
Connect:        0    0   0.0      0       0
Processing:     4   12  15.8      8      93
Waiting:        4   12  15.8      8      93
Total:          4   12  15.8      8      94

Percentage of the requests served within a certain time (ms)
  50%      8
  66%     10
  75%     10
  80%     10
  90%     12
  95%     16
  98%     88
  99%     94
 100%     94 (longest request)
