time="2023-04-05T20:22:59-04:00" level=info msg="Called startVMM(), setting up a VMM on /tmp/testtap.socket"
time="2023-04-05T20:22:59-04:00" level=info msg="VMM logging disabled."
time="2023-04-05T20:22:59-04:00" level=info msg="VMM metrics disabled."
time="2023-04-05T20:22:59-04:00" level=info msg="refreshMachineConfiguration: [GET /machine-config][200] getMachineConfigurationOK  &{CPUTemplate:Uninitialized HtEnabled:0xc00008e364 MemSizeMib:0xc00008e358 VcpuCount:0xc00008e350}"
time="2023-04-05T20:22:59-04:00" level=info msg="PutGuestBootSource: [PUT /boot-source][204] putGuestBootSourceNoContent "
time="2023-04-05T20:22:59-04:00" level=info msg="Attaching drive /tmp/test-proxy/polyglot-proxy.img, slot 1, root true."
time="2023-04-05T20:22:59-04:00" level=info msg="Attached drive /tmp/test-proxy/polyglot-proxy.img: [PUT /drives/{drive_id}][204] putGuestDriveByIdNoContent "
time="2023-04-05T20:22:59-04:00" level=info msg="Attaching NIC testtap (hwaddr DE:AD:BE:EF:3D:88) at index 1"
2023-04-05T20:22:59.800660562 [anonymous-instance:main:WARN:src/vmm/src/builder.rs:599] Could not add serial input event to epoll: Error during epoll call: Operation not permitted (os error 1)
time="2023-04-05T20:22:59-04:00" level=info msg="startInstance successful: [PUT /actions][204] createSyncActionNoContent "
[    0.047457] dmi: Firmware registration failed.
[    0.095261] zswap: default zpool zbud not available
[    0.096169] zswap: pool creation failed
Graalvisor boot time: 368 ms.
Graalvisor listening on port 8080.
Warning: graalvisor compiled with no truffle language support.
Function filehashing registered with process sandboxing in 113 ms
[thread 40] New process sandbox 462 in 736 us
[thread 51] New process sandbox 480 in 660 us
[thread 52] New process sandbox 481 in 1337 us
[thread 53] New process sandbox 482 in 859 us
[thread 54] New process sandbox 484 in 829 us
[thread 49] New process sandbox 485 in 845 us
[thread 55] New process sandbox 486 in 827 us
[thread 50] New process sandbox 483 in 25839 us
time="2023-04-05T20:23:39-04:00" level=warning msg="firecracker exited: signal: terminated"
time="2023-04-05T20:23:39-04:00" level=fatal msg="Wait returned an error 1 error occurred:\n\t* signal: terminated\n\n"
