time="2023-04-08T10:15:41-04:00" level=info msg="Called startVMM(), setting up a VMM on /tmp/testtap.socket"
time="2023-04-08T10:15:41-04:00" level=info msg="VMM logging disabled."
time="2023-04-08T10:15:41-04:00" level=info msg="VMM metrics disabled."
time="2023-04-08T10:15:41-04:00" level=info msg="refreshMachineConfiguration: [GET /machine-config][200] getMachineConfigurationOK  &{CPUTemplate:Uninitialized HtEnabled:0xc0006880d4 MemSizeMib:0xc0006880a8 VcpuCount:0xc0006880a0}"
time="2023-04-08T10:15:41-04:00" level=info msg="PutGuestBootSource: [PUT /boot-source][204] putGuestBootSourceNoContent "
time="2023-04-08T10:15:41-04:00" level=info msg="Attaching drive /tmp/test-proxy/polyglot-proxy.img, slot 1, root true."
time="2023-04-08T10:15:41-04:00" level=info msg="Attached drive /tmp/test-proxy/polyglot-proxy.img: [PUT /drives/{drive_id}][204] putGuestDriveByIdNoContent "
time="2023-04-08T10:15:41-04:00" level=info msg="Attaching NIC testtap (hwaddr DE:AD:BE:EF:D0:35) at index 1"
2023-04-08T10:15:41.366368891 [anonymous-instance:main:WARN:src/vmm/src/builder.rs:599] Could not add serial input event to epoll: Error during epoll call: Operation not permitted (os error 1)
time="2023-04-08T10:15:41-04:00" level=info msg="startInstance successful: [PUT /actions][204] createSyncActionNoContent "
[    0.012000] dmi: Firmware registration failed.
[    0.047073] zswap: default zpool zbud not available
[    0.047324] zswap: pool creation failed
Graalvisor boot time: 174 ms.
Graalvisor listening on port 8080.
Warning: graalvisor compiled with no truffle language support.
Function thumbnail registered with process sandboxing in 335 ms
[thread 1] Creating context org.graalvm.polyglot.Context@6c044bb6
Apr 08, 2023 2:15:42 PM com.criteo.vips.Vips loadLibraryFromJar
WARNING: Could not load lib 'libheif.so' via classloader
Apr 08, 2023 2:15:42 PM com.criteo.vips.Vips loadLibraryFromJar
WARNING: Could not load lib 'libspng.so' via classloader
Apr 08, 2023 2:15:42 PM com.criteo.vips.Vips <clinit>
INFO: JVips dependencies have been loaded from jar
Apr 08, 2023 2:15:42 PM com.criteo.vips.Vips <clinit>
INFO: Trying to load JVips
[thread 41] New process sandbox 468 in 337 us
[thread 1] Creating context org.graalvm.polyglot.Context@47cf9102
Apr 08, 2023 2:15:47 PM com.criteo.vips.Vips loadLibraryFromJar
WARNING: Could not load lib 'libheif.so' via classloader
Apr 08, 2023 2:15:47 PM com.criteo.vips.Vips loadLibraryFromJar
WARNING: Could not load lib 'libspng.so' via classloader
Apr 08, 2023 2:15:47 PM com.criteo.vips.Vips <clinit>
INFO: JVips dependencies have been loaded from jar
Apr 08, 2023 2:15:47 PM com.criteo.vips.Vips <clinit>
INFO: Trying to load JVips
[thread 44] New process sandbox 476 in 316 us
[thread 1] Creating context org.graalvm.polyglot.Context@5c28b4ed
Apr 08, 2023 2:16:17 PM com.criteo.vips.Vips loadLibraryFromJar
WARNING: Could not load lib 'libheif.so' via classloader
Apr 08, 2023 2:16:17 PM com.criteo.vips.Vips loadLibraryFromJar
WARNING: Could not load lib 'libspng.so' via classloader
Apr 08, 2023 2:16:17 PM com.criteo.vips.Vips <clinit>
INFO: JVips dependencies have been loaded from jar
Apr 08, 2023 2:16:17 PM com.criteo.vips.Vips <clinit>
INFO: Trying to load JVips
[thread 48] New process sandbox 490 in 605 us
[thread 49] New process sandbox 491 in 451 us
[thread 50] New process sandbox 492 in 439 us
[thread 1] Creating context org.graalvm.polyglot.Context@77888598
[thread 1] Creating context org.graalvm.polyglot.Context@78b0a14e
[thread 1] Creating context org.graalvm.polyglot.Context@14c29a34
Apr 08, 2023 2:16:17 PM com.criteo.vips.Vips loadLibraryFromJar
WARNING: Could not load lib 'libheif.so' via classloader
Apr 08, 2023 2:16:17 PM com.criteo.vips.Vips loadLibraryFromJar
WARNING: Could not load lib 'libheif.so' via classloader
Apr 08, 2023 2:16:17 PM com.criteo.vips.Vips loadLibraryFromJar
WARNING: Could not load lib 'libheif.so' via classloader
Apr 08, 2023 2:16:17 PM com.criteo.vips.Vips loadLibraryFromJar
WARNING: Could not load lib 'libspng.so' via classloader
Apr 08, 2023 2:16:17 PM com.criteo.vips.Vips loadLibraryFromJar
WARNING: Could not load lib 'libspng.so' via classloader
Apr 08, 2023 2:16:17 PM com.criteo.vips.Vips loadLibraryFromJar
WARNING: Could not load lib 'libspng.so' via classloader
Apr 08, 2023 2:16:18 PM com.criteo.vips.Vips <clinit>
INFO: JVips dependencies have been loaded from jar
Apr 08, 2023 2:16:18 PM com.criteo.vips.Vips <clinit>
INFO: JVips dependencies have been loaded from jar
Apr 08, 2023 2:16:18 PM com.criteo.vips.Vips <clinit>
INFO: Trying to load JVips
Apr 08, 2023 2:16:18 PM com.criteo.vips.Vips <clinit>
INFO: Trying to load JVips
Apr 08, 2023 2:16:18 PM com.criteo.vips.Vips <clinit>
INFO: JVips dependencies have been loaded from jar
Apr 08, 2023 2:16:18 PM com.criteo.vips.Vips <clinit>
INFO: Trying to load JVips
time="2023-04-08T10:16:28-04:00" level=warning msg="firecracker exited: signal: terminated"
time="2023-04-08T10:16:28-04:00" level=fatal msg="Wait returned an error 1 error occurred:\n\t* signal: terminated\n\n"
