This is ApacheBench, Version 2.3 <$Revision: 1879490 $>
Copyright 1996 Adam Twiss, Zeus Technology Ltd, http://www.zeustech.net/
Licensed to The Apache Software Foundation, http://www.apache.org/

Benchmarking 127.0.0.1 (be patient).....done


Server Software:        
Server Hostname:        127.0.0.1
Server Port:            8080

Document Path:          /run
Document Length:        21 bytes

Concurrency Level:      1
Time taken for tests:   52.663 seconds
Complete requests:      2
Failed requests:        0
Total transferred:      232 bytes
Total body sent:        502
HTML transferred:       42 bytes
Requests per second:    0.04 [#/sec] (mean)
Time per request:       26331.503 [ms] (mean)
Time per request:       26331.503 [ms] (mean, across all concurrent requests)
Transfer rate:          0.00 [Kbytes/sec] received
                        0.01 kb/s sent
                        0.01 kb/s total

Connection Times (ms)
              min  mean[+/-sd] median   max
Connect:        0    0   0.0      0       0
Processing: 26054 26331 391.9  26608   26608
Waiting:    26054 26331 391.8  26608   26608
Total:      26054 26331 391.9  26609   26609

Percentage of the requests served within a certain time (ms)
  50%  26609
  66%  26609
  75%  26609
  80%  26609
  90%  26609
  95%  26609
  98%  26609
  99%  26609
 100%  26609 (longest request)
