This is ApacheBench, Version 2.3 <$Revision: 1879490 $>
Copyright 1996 Adam Twiss, Zeus Technology Ltd, http://www.zeustech.net/
Licensed to The Apache Software Foundation, http://www.apache.org/

Benchmarking 172.18.0.2 (be patient).....done


Server Software:        
Server Hostname:        172.18.0.2
Server Port:            8080

Document Path:          /
Document Length:        142 bytes

Concurrency Level:      1
Time taken for tests:   0.813 seconds
Complete requests:      50
Failed requests:        31
   (Connect: 0, Receive: 0, Length: 31, Exceptions: 0)
Total transferred:      11847 bytes
Total body sent:        10000
HTML transferred:       7047 bytes
Requests per second:    61.51 [#/sec] (mean)
Time per request:       16.258 [ms] (mean)
Time per request:       16.258 [ms] (mean, across all concurrent requests)
Transfer rate:          14.23 [Kbytes/sec] received
                        12.01 kb/s sent
                        26.25 kb/s total

Connection Times (ms)
              min  mean[+/-sd] median   max
Connect:        0    0   0.0      0       0
Processing:     3   16  21.0      8      69
Waiting:        3   16  21.0      8      69
Total:          3   16  21.0      8      69

Percentage of the requests served within a certain time (ms)
  50%      8
  66%      9
  75%     10
  80%     17
  90%     64
  95%     67
  98%     69
  99%     69
 100%     69 (longest request)
