This is ApacheBench, Version 2.3 <$Revision: 1879490 $>
Copyright 1996 Adam Twiss, Zeus Technology Ltd, http://www.zeustech.net/
Licensed to The Apache Software Foundation, http://www.apache.org/

Benchmarking 172.18.0.2 (be patient)
Completed 100 requests
Completed 200 requests
Finished 256 requests


Server Software:        
Server Hostname:        172.18.0.2
Server Port:            8080

Document Path:          /run
Document Length:        21 bytes

Concurrency Level:      1
Time taken for tests:   2571.414 seconds
Complete requests:      256
Failed requests:        0
Total transferred:      29696 bytes
Total body sent:        65536
HTML transferred:       5376 bytes
Requests per second:    0.10 [#/sec] (mean)
Time per request:       10044.587 [ms] (mean)
Time per request:       10044.587 [ms] (mean, across all concurrent requests)
Transfer rate:          0.01 [Kbytes/sec] received
                        0.02 kb/s sent
                        0.04 kb/s total

Connection Times (ms)
              min  mean[+/-sd] median   max
Connect:        0    1   5.6      0      55
Processing:  9704 10044 108.7  10027   11403
Waiting:     9703 10042 108.7  10026   11402
Total:       9705 10045 108.8  10027   11404

Percentage of the requests served within a certain time (ms)
  50%  10027
  66%  10084
  75%  10092
  80%  10096
  90%  10106
  95%  10129
  98%  10172
  99%  10180
 100%  11404 (longest request)
