time="2023-03-24T15:13:29-04:00" level=info msg="Called startVMM(), setting up a VMM on /tmp/testtap.socket"
time="2023-03-24T15:13:29-04:00" level=info msg="VMM logging disabled."
time="2023-03-24T15:13:29-04:00" level=info msg="VMM metrics disabled."
time="2023-03-24T15:13:29-04:00" level=info msg="refreshMachineConfiguration: [GET /machine-config][200] getMachineConfigurationOK  &{CPUTemplate:Uninitialized HtEnabled:0xc00080c3a4 MemSizeMib:0xc00080c398 VcpuCount:0xc00080c390}"
time="2023-03-24T15:13:29-04:00" level=info msg="PutGuestBootSource: [PUT /boot-source][204] putGuestBootSourceNoContent "
time="2023-03-24T15:13:29-04:00" level=info msg="Attaching drive /tmp/test-proxy/polyglot-proxy.img, slot 1, root true."
time="2023-03-24T15:13:29-04:00" level=info msg="Attached drive /tmp/test-proxy/polyglot-proxy.img: [PUT /drives/{drive_id}][204] putGuestDriveByIdNoContent "
time="2023-03-24T15:13:29-04:00" level=info msg="Attaching NIC testtap (hwaddr DE:AD:BE:EF:B7:D0) at index 1"
2023-03-24T15:13:29.240659024 [anonymous-instance:main:WARN:src/vmm/src/builder.rs:599] Could not add serial input event to epoll: Error during epoll call: Operation not permitted (os error 1)
time="2023-03-24T15:13:29-04:00" level=info msg="startInstance successful: [PUT /actions][204] createSyncActionNoContent "
[    0.012056] dmi: Firmware registration failed.
[    0.041113] zswap: default zpool zbud not available
[    0.041362] zswap: pool creation failed
Graalvisor boot time: 205 ms.
Graalvisor listening on port 8080.
Waiting for 192.168.16.182:8080
Function hw registered with process sandboxing in 24 ms
[thread 43] New process sandbox 461 in 100993 us
[thread 51] New process sandbox 471 in 102317 us
[thread 52] New process sandbox 475 in 101246 us
[thread 53] New process sandbox 479 in 101416 us
[thread 54] New process sandbox 483 in 101992 us
[thread 55] New process sandbox 487 in 101748 us
[thread 56] New process sandbox 491 in 102167 us
[thread 57] New process sandbox 495 in 102248 us
time="2023-03-24T15:13:37-04:00" level=warning msg="firecracker exited: signal: terminated"
time="2023-03-24T15:13:37-04:00" level=fatal msg="Wait returned an error 1 error occurred:\n\t* signal: terminated\n\n"
