This is ApacheBench, Version 2.3 <$Revision: 1879490 $>
Copyright 1996 Adam Twiss, Zeus Technology Ltd, http://www.zeustech.net/
Licensed to The Apache Software Foundation, http://www.apache.org/

Benchmarking 172.18.0.2 (be patient)
Completed 100 requests
Completed 200 requests
Finished 256 requests


Server Software:        
Server Hostname:        172.18.0.2
Server Port:            8080

Document Path:          /run
Document Length:        14 bytes

Concurrency Level:      1
Time taken for tests:   20.790 seconds
Complete requests:      256
Failed requests:        0
Total transferred:      56320 bytes
Total body sent:        50944
HTML transferred:       3584 bytes
Requests per second:    12.31 [#/sec] (mean)
Time per request:       81.210 [ms] (mean)
Time per request:       81.210 [ms] (mean, across all concurrent requests)
Transfer rate:          2.65 [Kbytes/sec] received
                        2.39 kb/s sent
                        5.04 kb/s total

Connection Times (ms)
              min  mean[+/-sd] median   max
Connect:        0    4  19.1      0      94
Processing:     2   77  48.3     97     296
Waiting:        2   71  48.0     97     202
Total:          2   81  47.3     98     296

Percentage of the requests served within a certain time (ms)
  50%     98
  66%     98
  75%     99
  80%     99
  90%    101
  95%    108
  98%    194
  99%    197
 100%    296 (longest request)
