time="2023-04-06T15:49:29-04:00" level=info msg="Called startVMM(), setting up a VMM on /tmp/testtap.socket"
time="2023-04-06T15:49:29-04:00" level=info msg="VMM logging disabled."
time="2023-04-06T15:49:29-04:00" level=info msg="VMM metrics disabled."
time="2023-04-06T15:49:29-04:00" level=info msg="refreshMachineConfiguration: [GET /machine-config][200] getMachineConfigurationOK  &{CPUTemplate:Uninitialized HtEnabled:0xc00008e0d4 MemSizeMib:0xc00008e0c8 VcpuCount:0xc00008e0c0}"
time="2023-04-06T15:49:29-04:00" level=info msg="PutGuestBootSource: [PUT /boot-source][204] putGuestBootSourceNoContent "
time="2023-04-06T15:49:29-04:00" level=info msg="Attaching drive /tmp/test-proxy/polyglot-proxy.img, slot 1, root true."
time="2023-04-06T15:49:29-04:00" level=info msg="Attached drive /tmp/test-proxy/polyglot-proxy.img: [PUT /drives/{drive_id}][204] putGuestDriveByIdNoContent "
time="2023-04-06T15:49:29-04:00" level=info msg="Attaching NIC testtap (hwaddr DE:AD:BE:EF:59:48) at index 1"
2023-04-06T15:49:29.796256198 [anonymous-instance:main:WARN:src/vmm/src/builder.rs:599] Could not add serial input event to epoll: Error during epoll call: Operation not permitted (os error 1)
time="2023-04-06T15:49:29-04:00" level=info msg="startInstance successful: [PUT /actions][204] createSyncActionNoContent "
[    0.012000] dmi: Firmware registration failed.
[    0.040846] zswap: default zpool zbud not available
[    0.041087] zswap: pool creation failed
Graalvisor boot time: 167 ms.
Graalvisor listening on port 8080.
Warning: graalvisor compiled with no truffle language support.
Function hw registered with isolate sandboxing in 23 ms
[thread 40] New isolate sandbox 140282086555648 in 685 us
[thread 48] New isolate sandbox 140247458381824 in 422 us
[thread 50] New isolate sandbox 140213064040448 in 393 us
[thread 51] New isolate sandbox 140178694864896 in 379 us
[thread 52] New isolate sandbox 140144325689344 in 734 us
[thread 53] New isolate sandbox 140109956513792 in 381 us
[thread 54] New isolate sandbox 140075587338240 in 362 us
[thread 55] New isolate sandbox 140041218162688 in 368 us
time="2023-04-06T15:49:34-04:00" level=warning msg="firecracker exited: signal: terminated"
time="2023-04-06T15:49:34-04:00" level=fatal msg="Wait returned an error 1 error occurred:\n\t* signal: terminated\n\n"
