This is ApacheBench, Version 2.3 <$Revision: 1879490 $>
Copyright 1996 Adam Twiss, Zeus Technology Ltd, http://www.zeustech.net/
Licensed to The Apache Software Foundation, http://www.apache.org/

Benchmarking 172.18.0.2 (be patient).....done


Server Software:        
Server Hostname:        172.18.0.2
Server Port:            8080

Document Path:          /
Document Length:        86 bytes

Concurrency Level:      1
Time taken for tests:   7.100 seconds
Complete requests:      5
Failed requests:        0
Total transferred:      905 bytes
Total body sent:        1195
HTML transferred:       430 bytes
Requests per second:    0.70 [#/sec] (mean)
Time per request:       1420.043 [ms] (mean)
Time per request:       1420.043 [ms] (mean, across all concurrent requests)
Transfer rate:          0.12 [Kbytes/sec] received
                        0.16 kb/s sent
                        0.29 kb/s total

Connection Times (ms)
              min  mean[+/-sd] median   max
Connect:        0    0   0.1      0       0
Processing:  1313 1420 154.7   1392    1687
Waiting:     1313 1420 154.7   1392    1687
Total:       1313 1420 154.7   1392    1688

Percentage of the requests served within a certain time (ms)
  50%   1392
  66%   1393
  75%   1393
  80%   1688
  90%   1688
  95%   1688
  98%   1688
  99%   1688
 100%   1688 (longest request)
