This is ApacheBench, Version 2.3 <$Revision: 1879490 $>
Copyright 1996 Adam Twiss, Zeus Technology Ltd, http://www.zeustech.net/
Licensed to The Apache Software Foundation, http://www.apache.org/

Benchmarking 172.172.0.2 (be patient)
Completed 100 requests
Completed 200 requests
Finished 256 requests


Server Software:        
Server Hostname:        172.172.0.2
Server Port:            8080

Document Path:          /run
Document Length:        30 bytes

Concurrency Level:      1
Time taken for tests:   26.292 seconds
Complete requests:      256
Failed requests:        187
   (Connect: 0, Receive: 0, Length: 187, Exceptions: 0)
Total transferred:      60471 bytes
Total body sent:        50688
HTML transferred:       7479 bytes
Requests per second:    9.74 [#/sec] (mean)
Time per request:       102.703 [ms] (mean)
Time per request:       102.703 [ms] (mean, across all concurrent requests)
Transfer rate:          2.25 [Kbytes/sec] received
                        1.88 kb/s sent
                        4.13 kb/s total

Connection Times (ms)
              min  mean[+/-sd] median   max
Connect:        0    2  11.6      0      81
Processing:     2  101  53.5    100     394
Waiting:        2   97  54.0     98     394
Total:          3  103  53.9    100     395

Percentage of the requests served within a certain time (ms)
  50%    100
  66%    104
  75%    107
  80%    111
  90%    184
  95%    192
  98%    208
  99%    287
 100%    395 (longest request)
