This is ApacheBench, Version 2.3 <$Revision: 1879490 $>
Copyright 1996 Adam Twiss, Zeus Technology Ltd, http://www.zeustech.net/
Licensed to The Apache Software Foundation, http://www.apache.org/

Benchmarking 172.172.0.2 (be patient).....done


Server Software:        
Server Hostname:        172.172.0.2
Server Port:            8080

Document Path:          /
Document Length:        93 bytes

Concurrency Level:      2
Time taken for tests:   14.231 seconds
Complete requests:      20
Failed requests:        19
   (Connect: 0, Receive: 0, Length: 19, Exceptions: 0)
Total transferred:      3832 bytes
Total body sent:        4680
HTML transferred:       1931 bytes
Requests per second:    1.41 [#/sec] (mean)
Time per request:       1423.125 [ms] (mean)
Time per request:       711.563 [ms] (mean, across all concurrent requests)
Transfer rate:          0.26 [Kbytes/sec] received
                        0.32 kb/s sent
                        0.58 kb/s total

Connection Times (ms)
              min  mean[+/-sd] median   max
Connect:        0    0   0.1      0       1
Processing:   136  894 2133.1    176    7484
Waiting:      136  894 2133.1    176    7484
Total:        136  894 2133.2    176    7484

Percentage of the requests served within a certain time (ms)
  50%    176
  66%    189
  75%    241
  80%    463
  90%   6747
  95%   7484
  98%   7484
  99%   7484
 100%   7484 (longest request)
