This is ApacheBench, Version 2.3 <$Revision: 1879490 $>
Copyright 1996 Adam Twiss, Zeus Technology Ltd, http://www.zeustech.net/
Licensed to The Apache Software Foundation, http://www.apache.org/

Benchmarking 172.172.0.2 (be patient)
Completed 102 requests
Completed 204 requests
Completed 306 requests
Completed 408 requests
Completed 510 requests
Completed 612 requests
Completed 714 requests
Completed 816 requests
Completed 918 requests
Completed 1020 requests
Finished 1024 requests


Server Software:        
Server Hostname:        172.172.0.2
Server Port:            8080

Document Path:          /
Document Length:        163 bytes

Concurrency Level:      4
Time taken for tests:   32.898 seconds
Complete requests:      1024
Failed requests:        1
   (Connect: 0, Receive: 0, Length: 1, Exceptions: 0)
Total transferred:      265215 bytes
Total body sent:        239616
HTML transferred:       166911 bytes
Requests per second:    31.13 [#/sec] (mean)
Time per request:       128.509 [ms] (mean)
Time per request:       32.127 [ms] (mean, across all concurrent requests)
Transfer rate:          7.87 [Kbytes/sec] received
                        7.11 kb/s sent
                        14.99 kb/s total

Connection Times (ms)
              min  mean[+/-sd] median   max
Connect:        0    1   7.2      0     115
Processing:    66  127  25.8    123     286
Waiting:       66  127  25.8    123     286
Total:         66  128  27.2    124     309

Percentage of the requests served within a certain time (ms)
  50%    124
  66%    124
  75%    124
  80%    124
  90%    148
  95%    196
  98%    224
  99%    236
 100%    309 (longest request)
