This is ApacheBench, Version 2.3 <$Revision: 1879490 $>
Copyright 1996 Adam Twiss, Zeus Technology Ltd, http://www.zeustech.net/
Licensed to The Apache Software Foundation, http://www.apache.org/

Benchmarking 172.18.0.2 (be patient).....done


Server Software:        
Server Hostname:        172.18.0.2
Server Port:            8080

Document Path:          /
Document Length:        91 bytes

Concurrency Level:      2
Time taken for tests:   0.477 seconds
Complete requests:      10
Failed requests:        0
Total transferred:      1860 bytes
Total body sent:        2350
HTML transferred:       910 bytes
Requests per second:    20.95 [#/sec] (mean)
Time per request:       95.460 [ms] (mean)
Time per request:       47.730 [ms] (mean, across all concurrent requests)
Transfer rate:          3.81 [Kbytes/sec] received
                        4.81 kb/s sent
                        8.61 kb/s total

Connection Times (ms)
              min  mean[+/-sd] median   max
Connect:        0    0   0.0      0       0
Processing:    56   84  14.2     90     100
Waiting:       56   84  14.2     90     100
Total:         56   84  14.2     90     100

Percentage of the requests served within a certain time (ms)
  50%     90
  66%     90
  75%     92
  80%     92
  90%    100
  95%    100
  98%    100
  99%    100
 100%    100 (longest request)
