This is ApacheBench, Version 2.3 <$Revision: 1879490 $>
Copyright 1996 Adam Twiss, Zeus Technology Ltd, http://www.zeustech.net/
Licensed to The Apache Software Foundation, http://www.apache.org/

Benchmarking 172.18.0.2 (be patient).....done


Server Software:        
Server Hostname:        172.18.0.2
Server Port:            8080

Document Path:          /
Document Length:        95 bytes

Concurrency Level:      1
Time taken for tests:   2.049 seconds
Complete requests:      2
Failed requests:        1
   (Connect: 0, Receive: 0, Length: 1, Exceptions: 0)
Total transferred:      379 bytes
Total body sent:        584
HTML transferred:       189 bytes
Requests per second:    0.98 [#/sec] (mean)
Time per request:       1024.259 [ms] (mean)
Time per request:       1024.259 [ms] (mean, across all concurrent requests)
Transfer rate:          0.18 [Kbytes/sec] received
                        0.28 kb/s sent
                        0.46 kb/s total

Connection Times (ms)
              min  mean[+/-sd] median   max
Connect:        0    0   0.0      0       0
Processing:   938 1024 122.0   1110    1110
Waiting:      938 1024 122.0   1110    1110
Total:        938 1024 122.0   1111    1111

Percentage of the requests served within a certain time (ms)
  50%   1111
  66%   1111
  75%   1111
  80%   1111
  90%   1111
  95%   1111
  98%   1111
  99%   1111
 100%   1111 (longest request)
