Graalvisor listening on port 8080.
Warning: graalvisor compiled with no truffle language support.
Function shopcart registered with isolate sandboxing in 190 ms
[thread 40] New isolate sandbox 140227392831488 in 3899 us
 __  __ _                                  _   
|  \/  (_) ___ _ __ ___  _ __   __ _ _   _| |_ 
| |\/| | |/ __| '__/ _ \| '_ \ / _` | | | | __|
| |  | | | (__| | | (_) | | | | (_| | |_| | |_ 
|_|  |_|_|\___|_|  \___/|_| |_|\__,_|\__,_|\__|
  Micronaut (v3.3.1)

[36m15:58:28.178[0;39m [1;30m[main][0;39m [34mINFO [0;39m [35mio.micronaut.runtime.Micronaut[0;39m - Startup completed in 37ms. Server Running: http://localhost:42569
./app: Terminated

 Performance counter stats for './app':

        21,132,664      cache-misses                                                
           100,645      context-switches                                            
        10,667,756      branch-misses                                               
            23,649      page-faults                                                 

       8.708008864 seconds time elapsed

       2.390105000 seconds user
       2.833674000 seconds sys


