This is ApacheBench, Version 2.3 <$Revision: 1879490 $>
Copyright 1996 Adam Twiss, Zeus Technology Ltd, http://www.zeustech.net/
Licensed to The Apache Software Foundation, http://www.apache.org/

Benchmarking 172.18.0.2 (be patient)
Completed 100 requests
Completed 200 requests
Finished 256 requests


Server Software:        
Server Hostname:        172.18.0.2
Server Port:            8080

Document Path:          /
Document Length:        57 bytes

Concurrency Level:      1
Time taken for tests:   5.240 seconds
Complete requests:      256
Failed requests:        255
   (Connect: 0, Receive: 0, Length: 255, Exceptions: 0)
Total transferred:      38008 bytes
Total body sent:        60928
HTML transferred:       13688 bytes
Requests per second:    48.85 [#/sec] (mean)
Time per request:       20.469 [ms] (mean)
Time per request:       20.469 [ms] (mean, across all concurrent requests)
Transfer rate:          7.08 [Kbytes/sec] received
                        11.35 kb/s sent
                        18.44 kb/s total

Connection Times (ms)
              min  mean[+/-sd] median   max
Connect:        0    2  13.5      0      92
Processing:     0   18  71.0      2    1033
Waiting:        0   16  70.3      1    1033
Total:          0   20  71.8      2    1033

Percentage of the requests served within a certain time (ms)
  50%      2
  66%      2
  75%      2
  80%      2
  90%     92
  95%     92
  98%     93
  99%     95
 100%   1033 (longest request)
