This is ApacheBench, Version 2.3 <$Revision: 1879490 $>
Copyright 1996 Adam Twiss, Zeus Technology Ltd, http://www.zeustech.net/
Licensed to The Apache Software Foundation, http://www.apache.org/

Benchmarking 172.18.0.2 (be patient)
Completed 800 requests
Completed 1600 requests
Completed 2400 requests
Completed 3200 requests
Completed 4000 requests
Completed 4800 requests
Completed 5600 requests
Completed 6400 requests
Completed 7200 requests
Completed 8000 requests
Finished 8000 requests


Server Software:        
Server Hostname:        172.18.0.2
Server Port:            8080

Document Path:          /
Document Length:        84 bytes

Concurrency Level:      8
Time taken for tests:   3.475 seconds
Complete requests:      8000
Failed requests:        323
   (Connect: 0, Receive: 0, Length: 323, Exceptions: 0)
Total transferred:      1432451 bytes
Total body sent:        1912000
HTML transferred:       672451 bytes
Requests per second:    2302.31 [#/sec] (mean)
Time per request:       3.475 [ms] (mean)
Time per request:       0.434 [ms] (mean, across all concurrent requests)
Transfer rate:          402.58 [Kbytes/sec] received
                        537.36 kb/s sent
                        939.94 kb/s total

Connection Times (ms)
              min  mean[+/-sd] median   max
Connect:        0    0   0.9      0      25
Processing:     1    3   3.5      3      30
Waiting:        0    3   3.3      3      28
Total:          1    3   3.6      3      30

Percentage of the requests served within a certain time (ms)
  50%      3
  66%      3
  75%      3
  80%      3
  90%      3
  95%      5
  98%     21
  99%     23
 100%     30 (longest request)
