time="2023-04-06T15:54:34-04:00" level=info msg="Called startVMM(), setting up a VMM on /tmp/testtap.socket"
time="2023-04-06T15:54:34-04:00" level=info msg="VMM logging disabled."
time="2023-04-06T15:54:34-04:00" level=info msg="VMM metrics disabled."
time="2023-04-06T15:54:34-04:00" level=info msg="refreshMachineConfiguration: [GET /machine-config][200] getMachineConfigurationOK  &{CPUTemplate:Uninitialized HtEnabled:0xc0004ee834 MemSizeMib:0xc0004ee818 VcpuCount:0xc0004ee810}"
time="2023-04-06T15:54:34-04:00" level=info msg="PutGuestBootSource: [PUT /boot-source][204] putGuestBootSourceNoContent "
time="2023-04-06T15:54:34-04:00" level=info msg="Attaching drive /tmp/test-proxy/polyglot-proxy.img, slot 1, root true."
time="2023-04-06T15:54:34-04:00" level=info msg="Attached drive /tmp/test-proxy/polyglot-proxy.img: [PUT /drives/{drive_id}][204] putGuestDriveByIdNoContent "
time="2023-04-06T15:54:34-04:00" level=info msg="Attaching NIC testtap (hwaddr DE:AD:BE:EF:E8:F7) at index 1"
2023-04-06T15:54:34.583953848 [anonymous-instance:main:WARN:src/vmm/src/builder.rs:599] Could not add serial input event to epoll: Error during epoll call: Operation not permitted (os error 1)
time="2023-04-06T15:54:34-04:00" level=info msg="startInstance successful: [PUT /actions][204] createSyncActionNoContent "
[    0.012000] dmi: Firmware registration failed.
[    0.041161] zswap: default zpool zbud not available
[    0.041411] zswap: pool creation failed
Graalvisor boot time: 172 ms.
Graalvisor listening on port 8080.
Warning: graalvisor compiled with no truffle language support.
Function filehashing registered with isolate sandboxing in 36 ms
[thread 40] New isolate sandbox 140008685043712 in 724 us
[thread 48] New isolate sandbox 139974056869888 in 511 us
[thread 49] New isolate sandbox 139939696082944 in 450 us
[thread 50] New isolate sandbox 139905326907392 in 455 us
[thread 51] New isolate sandbox 139870957731840 in 713 us
[thread 52] New isolate sandbox 139836588556288 in 462 us
[thread 53] New isolate sandbox 139802219380736 in 451 us
[thread 54] New isolate sandbox 139767850205184 in 532 us
time="2023-04-06T15:54:42-04:00" level=warning msg="firecracker exited: signal: terminated"
time="2023-04-06T15:54:42-04:00" level=fatal msg="Wait returned an error 1 error occurred:\n\t* signal: terminated\n\n"
