This is ApacheBench, Version 2.3 <$Revision: 1879490 $>
Copyright 1996 Adam Twiss, Zeus Technology Ltd, http://www.zeustech.net/
Licensed to The Apache Software Foundation, http://www.apache.org/

Benchmarking 172.172.0.2 (be patient).....done


Server Software:        
Server Hostname:        172.172.0.2
Server Port:            8080

Document Path:          /
Document Length:        1075 bytes

Concurrency Level:      4
Time taken for tests:   19.344 seconds
Complete requests:      100
Failed requests:        96
   (Connect: 0, Receive: 0, Length: 96, Exceptions: 0)
Total transferred:      116901 bytes
Total body sent:        28300
HTML transferred:       107201 bytes
Requests per second:    5.17 [#/sec] (mean)
Time per request:       773.771 [ms] (mean)
Time per request:       193.443 [ms] (mean, across all concurrent requests)
Transfer rate:          5.90 [Kbytes/sec] received
                        1.43 kb/s sent
                        7.33 kb/s total

Connection Times (ms)
              min  mean[+/-sd] median   max
Connect:        0    0   0.1      0       1
Processing:    22  546 2484.0     43   14310
Waiting:       22  546 2484.0     43   14310
Total:         22  546 2484.1     44   14310

Percentage of the requests served within a certain time (ms)
  50%     44
  66%     52
  75%     70
  80%     88
  90%    132
  95%    632
  98%  14309
  99%  14310
 100%  14310 (longest request)
