This is ApacheBench, Version 2.3 <$Revision: 1879490 $>
Copyright 1996 Adam Twiss, Zeus Technology Ltd, http://www.zeustech.net/
Licensed to The Apache Software Foundation, http://www.apache.org/

Benchmarking 172.18.0.2 (be patient).....done


Server Software:        
Server Hostname:        172.18.0.2
Server Port:            8080

Document Path:          /warmup
Document Length:        172 bytes

Concurrency Level:      1
Time taken for tests:   5.116 seconds
Complete requests:      1
Failed requests:        0
Total transferred:      268 bytes
Total body sent:        241
HTML transferred:       172 bytes
Requests per second:    0.20 [#/sec] (mean)
Time per request:       5115.738 [ms] (mean)
Time per request:       5115.738 [ms] (mean, across all concurrent requests)
Transfer rate:          0.05 [Kbytes/sec] received
                        0.05 kb/s sent
                        0.10 kb/s total

Connection Times (ms)
              min  mean[+/-sd] median   max
Connect:        0    0   0.0      0       0
Processing:  5115 5115   0.0   5115    5115
Waiting:     5115 5115   0.0   5115    5115
Total:       5116 5116   0.0   5116    5116
