time="2023-04-06T15:49:24-04:00" level=info msg="Called startVMM(), setting up a VMM on /tmp/testtap.socket"
time="2023-04-06T15:49:24-04:00" level=info msg="VMM logging disabled."
time="2023-04-06T15:49:24-04:00" level=info msg="VMM metrics disabled."
time="2023-04-06T15:49:24-04:00" level=info msg="refreshMachineConfiguration: [GET /machine-config][200] getMachineConfigurationOK  &{CPUTemplate:Uninitialized HtEnabled:0xc00050a134 MemSizeMib:0xc00050a128 VcpuCount:0xc00050a120}"
time="2023-04-06T15:49:24-04:00" level=info msg="PutGuestBootSource: [PUT /boot-source][204] putGuestBootSourceNoContent "
time="2023-04-06T15:49:24-04:00" level=info msg="Attaching drive /tmp/test-proxy/polyglot-proxy.img, slot 1, root true."
time="2023-04-06T15:49:24-04:00" level=info msg="Attached drive /tmp/test-proxy/polyglot-proxy.img: [PUT /drives/{drive_id}][204] putGuestDriveByIdNoContent "
time="2023-04-06T15:49:24-04:00" level=info msg="Attaching NIC testtap (hwaddr DE:AD:BE:EF:10:50) at index 1"
2023-04-06T15:49:24.583729641 [anonymous-instance:main:WARN:src/vmm/src/builder.rs:599] Could not add serial input event to epoll: Error during epoll call: Operation not permitted (os error 1)
time="2023-04-06T15:49:24-04:00" level=info msg="startInstance successful: [PUT /actions][204] createSyncActionNoContent "
[    0.012000] dmi: Firmware registration failed.
[    0.040698] zswap: default zpool zbud not available
[    0.040944] zswap: pool creation failed
Graalvisor boot time: 169 ms.
Graalvisor listening on port 8080.
Warning: graalvisor compiled with no truffle language support.
Function hw registered with isolate sandboxing in 26 ms
[thread 40] New isolate sandbox 140521732308992 in 649 us
[thread 48] New isolate sandbox 140487095746560 in 367 us
[thread 49] New isolate sandbox 140452726571008 in 445 us
[thread 53] New isolate sandbox 140418315452416 in 341 us
[thread 54] New isolate sandbox 140383946276864 in 345 us
[thread 52] New isolate sandbox 140349577101312 in 317 us
[thread 51] New isolate sandbox 140315207925760 in 604 us
[thread 50] New isolate sandbox 140280838750208 in 373 us
time="2023-04-06T15:49:29-04:00" level=warning msg="firecracker exited: signal: terminated"
time="2023-04-06T15:49:29-04:00" level=fatal msg="Wait returned an error 1 error occurred:\n\t* signal: terminated\n\n"
