time="2023-04-08T10:12:07-04:00" level=info msg="Called startVMM(), setting up a VMM on /tmp/testtap.socket"
time="2023-04-08T10:12:07-04:00" level=info msg="VMM logging disabled."
time="2023-04-08T10:12:07-04:00" level=info msg="VMM metrics disabled."
time="2023-04-08T10:12:07-04:00" level=info msg="refreshMachineConfiguration: [GET /machine-config][200] getMachineConfigurationOK  &{CPUTemplate:Uninitialized HtEnabled:0xc00008e3f4 MemSizeMib:0xc00008e3e8 VcpuCount:0xc00008e3e0}"
time="2023-04-08T10:12:07-04:00" level=info msg="PutGuestBootSource: [PUT /boot-source][204] putGuestBootSourceNoContent "
time="2023-04-08T10:12:07-04:00" level=info msg="Attaching drive /tmp/test-proxy/polyglot-proxy.img, slot 1, root true."
time="2023-04-08T10:12:07-04:00" level=info msg="Attached drive /tmp/test-proxy/polyglot-proxy.img: [PUT /drives/{drive_id}][204] putGuestDriveByIdNoContent "
time="2023-04-08T10:12:07-04:00" level=info msg="Attaching NIC testtap (hwaddr DE:AD:BE:EF:38:FE) at index 1"
2023-04-08T10:12:07.600833239 [anonymous-instance:main:WARN:src/vmm/src/builder.rs:599] Could not add serial input event to epoll: Error during epoll call: Operation not permitted (os error 1)
time="2023-04-08T10:12:07-04:00" level=info msg="startInstance successful: [PUT /actions][204] createSyncActionNoContent "
[    0.012000] dmi: Firmware registration failed.
[    0.036351] zswap: default zpool zbud not available
[    0.036589] zswap: pool creation failed
Graalvisor boot time: 160 ms.
Graalvisor listening on port 8080.
Warning: graalvisor compiled with no truffle language support.
Function hw registered with process sandboxing in 365 ms
[thread 1] Creating context org.graalvm.polyglot.Context@6c2dcf8e
[thread 41] New process sandbox 462 in 232 us
[thread 1] Creating context org.graalvm.polyglot.Context@3d8c86a8
[thread 50] New process sandbox 475 in 236 us
[thread 51] New process sandbox 476 in 462 us
[thread 52] New process sandbox 477 in 238 us
[thread 53] New process sandbox 484 in 352 us
[thread 54] New process sandbox 487 in 336 us
[thread 55] New process sandbox 489 in 373 us
[thread 56] New process sandbox 490 in 361 us
[thread 1] Creating context org.graalvm.polyglot.Context@788856dd
[thread 1] Creating context org.graalvm.polyglot.Context@3ae1603c
[thread 1] Creating context org.graalvm.polyglot.Context@69b123d5
[thread 1] Creating context org.graalvm.polyglot.Context@396f1de1
[thread 1] Creating context org.graalvm.polyglot.Context@77afca53
[thread 1] Creating context org.graalvm.polyglot.Context@1d061ecb
[thread 1] Creating context org.graalvm.polyglot.Context@fa94ff7
time="2023-04-08T10:12:10-04:00" level=warning msg="firecracker exited: signal: terminated"
time="2023-04-08T10:12:10-04:00" level=fatal msg="Wait returned an error 1 error occurred:\n\t* signal: terminated\n\n"
