time="2023-03-24T17:02:00-04:00" level=info msg="Called startVMM(), setting up a VMM on /tmp/testtap.socket"
time="2023-03-24T17:02:00-04:00" level=info msg="VMM logging disabled."
time="2023-03-24T17:02:00-04:00" level=info msg="VMM metrics disabled."
time="2023-03-24T17:02:00-04:00" level=info msg="refreshMachineConfiguration: [GET /machine-config][200] getMachineConfigurationOK  &{CPUTemplate:Uninitialized HtEnabled:0xc00050e384 MemSizeMib:0xc00050e378 VcpuCount:0xc00050e370}"
time="2023-03-24T17:02:00-04:00" level=info msg="PutGuestBootSource: [PUT /boot-source][204] putGuestBootSourceNoContent "
time="2023-03-24T17:02:00-04:00" level=info msg="Attaching drive /tmp/test-proxy/polyglot-proxy.img, slot 1, root true."
time="2023-03-24T17:02:00-04:00" level=info msg="Attached drive /tmp/test-proxy/polyglot-proxy.img: [PUT /drives/{drive_id}][204] putGuestDriveByIdNoContent "
time="2023-03-24T17:02:00-04:00" level=info msg="Attaching NIC testtap (hwaddr DE:AD:BE:EF:3C:92) at index 1"
2023-03-24T17:02:00.105299694 [anonymous-instance:main:WARN:src/vmm/src/builder.rs:599] Could not add serial input event to epoll: Error during epoll call: Operation not permitted (os error 1)
time="2023-03-24T17:02:00-04:00" level=info msg="startInstance successful: [PUT /actions][204] createSyncActionNoContent "
[    0.012000] dmi: Firmware registration failed.
[    0.040722] zswap: default zpool zbud not available
[    0.040971] zswap: pool creation failed
Graalvisor boot time: 225 ms.
Graalvisor listening on port 8080.
Waiting for 192.168.16.182:8080
Function hw registered with isolate sandboxing in 25 ms
[thread 43] New isolate sandbox 140007314251776 in 818 us
time="2023-03-24T17:02:05-04:00" level=warning msg="firecracker exited: signal: terminated"
time="2023-03-24T17:02:05-04:00" level=fatal msg="Wait returned an error 1 error occurred:\n\t* signal: terminated\n\n"
