This is ApacheBench, Version 2.3 <$Revision: 1879490 $>
Copyright 1996 Adam Twiss, Zeus Technology Ltd, http://www.zeustech.net/
Licensed to The Apache Software Foundation, http://www.apache.org/

Benchmarking 172.18.0.2 (be patient).....done


Server Software:        
Server Hostname:        172.18.0.2
Server Port:            8080

Document Path:          /
Document Length:        67 bytes

Concurrency Level:      2
Time taken for tests:   18.903 seconds
Complete requests:      4
Failed requests:        0
Total transferred:      648 bytes
Total body sent:        1176
HTML transferred:       268 bytes
Requests per second:    0.21 [#/sec] (mean)
Time per request:       9451.706 [ms] (mean)
Time per request:       4725.853 [ms] (mean, across all concurrent requests)
Transfer rate:          0.03 [Kbytes/sec] received
                        0.06 kb/s sent
                        0.09 kb/s total

Connection Times (ms)
              min  mean[+/-sd] median   max
Connect:        0    0   0.1      0       0
Processing:  4636 7098 2762.8   9490    9491
Waiting:     4636 7098 2762.8   9490    9491
Total:       4636 7099 2762.8   9491    9491

Percentage of the requests served within a certain time (ms)
  50%   9491
  66%   9491
  75%   9491
  80%   9491
  90%   9491
  95%   9491
  98%   9491
  99%   9491
 100%   9491 (longest request)
