This is ApacheBench, Version 2.3 <$Revision: 1879490 $>
Copyright 1996 Adam Twiss, Zeus Technology Ltd, http://www.zeustech.net/
Licensed to The Apache Software Foundation, http://www.apache.org/

Benchmarking 172.18.0.2 (be patient).....done


Server Software:        
Server Hostname:        172.18.0.2
Server Port:            8080

Document Path:          /
Document Length:        67 bytes

Concurrency Level:      2
Time taken for tests:   18.728 seconds
Complete requests:      4
Failed requests:        0
Total transferred:      648 bytes
Total body sent:        1176
HTML transferred:       268 bytes
Requests per second:    0.21 [#/sec] (mean)
Time per request:       9364.084 [ms] (mean)
Time per request:       4682.042 [ms] (mean, across all concurrent requests)
Transfer rate:          0.03 [Kbytes/sec] received
                        0.06 kb/s sent
                        0.10 kb/s total

Connection Times (ms)
              min  mean[+/-sd] median   max
Connect:        0    0   0.1      0       0
Processing:  4625 7034 2741.5   9408    9408
Waiting:     4625 7034 2741.5   9408    9408
Total:       4625 7034 2741.4   9408    9408

Percentage of the requests served within a certain time (ms)
  50%   9408
  66%   9408
  75%   9408
  80%   9408
  90%   9408
  95%   9408
  98%   9408
  99%   9408
 100%   9408 (longest request)
