100000 100000
985768
Added process 985768 to cgroup experiments with a quota of 100000 out of 100000.
pid 985768's current affinity list: 0-7
pid 985768's new affinity list: 0
Pinned process 985768 to core 0.
1
Disabled turbo boost.
0
Enabled turbo boost.
100000 100000
986132
Added process 986132 to cgroup experiments with a quota of 100000 out of 100000.
pid 986132's current affinity list: 0-7
pid 986132's new affinity list: 0
Pinned process 986132 to core 0.
1
Disabled turbo boost.
0
Enabled turbo boost.
