This is ApacheBench, Version 2.3 <$Revision: 1879490 $>
Copyright 1996 Adam Twiss, Zeus Technology Ltd, http://www.zeustech.net/
Licensed to The Apache Software Foundation, http://www.apache.org/

Benchmarking 172.172.0.2 (be patient)
Completed 100 requests
Completed 200 requests
Finished 256 requests


Server Software:        
Server Hostname:        172.172.0.2
Server Port:            8080

Document Path:          /run
Document Length:        14 bytes

Concurrency Level:      1
Time taken for tests:   22.098 seconds
Complete requests:      256
Failed requests:        0
Total transferred:      56320 bytes
Total body sent:        50688
HTML transferred:       3584 bytes
Requests per second:    11.58 [#/sec] (mean)
Time per request:       86.320 [ms] (mean)
Time per request:       86.320 [ms] (mean, across all concurrent requests)
Transfer rate:          2.49 [Kbytes/sec] received
                        2.24 kb/s sent
                        4.73 kb/s total

Connection Times (ms)
              min  mean[+/-sd] median   max
Connect:        0   15  32.8      0      93
Processing:     5   72  53.4     96     297
Waiting:        4   70  52.6     96     296
Total:          5   86  49.5     98     297

Percentage of the requests served within a certain time (ms)
  50%     98
  66%     99
  75%    100
  80%    100
  90%    102
  95%    191
  98%    196
  99%    201
 100%    297 (longest request)
