This is ApacheBench, Version 2.3 <$Revision: 1879490 $>
Copyright 1996 Adam Twiss, Zeus Technology Ltd, http://www.zeustech.net/
Licensed to The Apache Software Foundation, http://www.apache.org/

Benchmarking 172.18.0.2 (be patient)
Completed 100 requests
Completed 200 requests
Finished 256 requests


Server Software:        
Server Hostname:        172.18.0.2
Server Port:            8080

Document Path:          /run
Document Length:        30 bytes

Concurrency Level:      1
Time taken for tests:   21.589 seconds
Complete requests:      256
Failed requests:        172
   (Connect: 0, Receive: 0, Length: 172, Exceptions: 0)
Total transferred:      60490 bytes
Total body sent:        50944
HTML transferred:       7498 bytes
Requests per second:    11.86 [#/sec] (mean)
Time per request:       84.332 [ms] (mean)
Time per request:       84.332 [ms] (mean, across all concurrent requests)
Transfer rate:          2.74 [Kbytes/sec] received
                        2.30 kb/s sent
                        5.04 kb/s total

Connection Times (ms)
              min  mean[+/-sd] median   max
Connect:        0    4  16.5      0      92
Processing:     2   80  45.5     94     204
Waiting:        2   74  47.5     91     202
Total:          2   84  47.1     94     207

Percentage of the requests served within a certain time (ms)
  50%     94
  66%     99
  75%    101
  80%    103
  90%    112
  95%    183
  98%    187
  99%    202
 100%    207 (longest request)
