This is ApacheBench, Version 2.3 <$Revision: 1879490 $>
Copyright 1996 Adam Twiss, Zeus Technology Ltd, http://www.zeustech.net/
Licensed to The Apache Software Foundation, http://www.apache.org/

Benchmarking 172.18.0.2 (be patient).....done


Server Software:        
Server Hostname:        172.18.0.2
Server Port:            8080

Document Path:          /
Document Length:        71 bytes

Concurrency Level:      1
Time taken for tests:   12.255 seconds
Complete requests:      25
Failed requests:        0
Total transferred:      4150 bytes
Total body sent:        10000
HTML transferred:       1775 bytes
Requests per second:    2.04 [#/sec] (mean)
Time per request:       490.210 [ms] (mean)
Time per request:       490.210 [ms] (mean, across all concurrent requests)
Transfer rate:          0.33 [Kbytes/sec] received
                        0.80 kb/s sent
                        1.13 kb/s total

Connection Times (ms)
              min  mean[+/-sd] median   max
Connect:        0    0   0.1      0       0
Processing:   483  490   6.1    490     513
Waiting:      483  490   6.1    490     513
Total:        484  490   6.1    490     513

Percentage of the requests served within a certain time (ms)
  50%    490
  66%    491
  75%    491
  80%    493
  90%    495
  95%    500
  98%    513
  99%    513
 100%    513 (longest request)
