This is ApacheBench, Version 2.3 <$Revision: 1879490 $>
Copyright 1996 Adam Twiss, Zeus Technology Ltd, http://www.zeustech.net/
Licensed to The Apache Software Foundation, http://www.apache.org/

Benchmarking 172.18.0.2 (be patient)
Completed 100 requests
Completed 200 requests
Finished 256 requests


Server Software:        
Server Hostname:        172.18.0.2
Server Port:            8080

Document Path:          /
Document Length:        88 bytes

Concurrency Level:      1
Time taken for tests:   2.991 seconds
Complete requests:      256
Failed requests:        151
   (Connect: 0, Receive: 0, Length: 151, Exceptions: 0)
Total transferred:      46705 bytes
Total body sent:        46336
HTML transferred:       22385 bytes
Requests per second:    85.60 [#/sec] (mean)
Time per request:       11.682 [ms] (mean)
Time per request:       11.682 [ms] (mean, across all concurrent requests)
Transfer rate:          15.25 [Kbytes/sec] received
                        15.13 kb/s sent
                        30.38 kb/s total

Connection Times (ms)
              min  mean[+/-sd] median   max
Connect:        0    3  16.0      0      93
Processing:     0    9  25.5      1     104
Waiting:        0    4  16.9      1     104
Total:          0   12  29.5      1     105

Percentage of the requests served within a certain time (ms)
  50%      1
  66%      1
  75%      1
  80%      2
  90%     88
  95%     93
  98%     94
  99%     95
 100%    105 (longest request)
