HTTP/1.1 204 
Server: Firecracker API
Connection: keep-alive

HTTP/1.1 204 
Server: Firecracker API
Connection: keep-alive

HTTP/1.1 204 
Server: Firecracker API
Connection: keep-alive

HTTP/1.1 204 
Server: Firecracker API
Connection: keep-alive

2024-02-05T15:26:54.609666753 [anonymous-instance:main:WARN:src/devices/src/legacy/serial.rs:249] Failed to register serial input fd: event_manager: failed to manage epoll file descriptor
HTTP/1.1 204 
Server: Firecracker API
Connection: keep-alive

[    0.016265] dmi: Firmware registration failed.
[    0.045782] zswap: default zpool zbud not available
[    0.046106] zswap: pool creation failed
succeeded to mount!succeeded to change directory!XXX_THE_END_OF_A_WHISK_ACTIVATION_XXX
XXX_THE_END_OF_A_WHISK_ACTIVATION_XXX
XXX_THE_END_OF_A_WHISK_ACTIVATION_XXX
XXX_THE_END_OF_A_WHISK_ACTIVATION_XXX
XXX_THE_END_OF_A_WHISK_ACTIVATION_XXX
XXX_THE_END_OF_A_WHISK_ACTIVATION_XXX
XXX_THE_END_OF_A_WHISK_ACTIVATION_XXX
XXX_THE_END_OF_A_WHISK_ACTIVATION_XXX
XXX_THE_END_OF_A_WHISK_ACTIVATION_XXX
XXX_THE_END_OF_A_WHISK_ACTIVATION_XXX
XXX_THE_END_OF_A_WHISK_ACTIVATION_XXX
XXX_THE_END_OF_A_WHISK_ACTIVATION_XXX
XXX_THE_END_OF_A_WHISK_ACTIVATION_XXX
XXX_THE_END_OF_A_WHISK_ACTIVATION_XXX
XXX_THE_END_OF_A_WHISK_ACTIVATION_XXX
XXX_THE_END_OF_A_WHISK_ACTIVATION_XXX
XXX_THE_END_OF_A_WHISK_ACTIVATION_XXX
XXX_THE_END_OF_A_WHISK_ACTIVATION_XXX
XXX_THE_END_OF_A_WHISK_ACTIVATION_XXX
XXX_THE_END_OF_A_WHISK_ACTIVATION_XXX
XXX_THE_END_OF_A_WHISK_ACTIVATION_XXX
XXX_THE_END_OF_A_WHISK_ACTIVATION_XXX
XXX_THE_END_OF_A_WHISK_ACTIVATION_XXX
XXX_THE_END_OF_A_WHISK_ACTIVATION_XXX
XXX_THE_END_OF_A_WHISK_ACTIVATION_XXX
XXX_THE_END_OF_A_WHISK_ACTIVATION_XXX
XXX_THE_END_OF_A_WHISK_ACTIVATION_XXX
XXX_THE_END_OF_A_WHISK_ACTIVATION_XXX
XXX_THE_END_OF_A_WHISK_ACTIVATION_XXX
XXX_THE_END_OF_A_WHISK_ACTIVATION_XXX
XXX_THE_END_OF_A_WHISK_ACTIVATION_XXX
XXX_THE_END_OF_A_WHISK_ACTIVATION_XXX
XXX_THE_END_OF_A_WHISK_ACTIVATION_XXX
XXX_THE_END_OF_A_WHISK_ACTIVATION_XXX
XXX_THE_END_OF_A_WHISK_ACTIVATION_XXX
XXX_THE_END_OF_A_WHISK_ACTIVATION_XXX
XXX_THE_END_OF_A_WHISK_ACTIVATION_XXX
XXX_THE_END_OF_A_WHISK_ACTIVATION_XXX
XXX_THE_END_OF_A_WHISK_ACTIVATION_XXX
XXX_THE_END_OF_A_WHISK_ACTIVATION_XXX
XXX_THE_END_OF_A_WHISK_ACTIVATION_XXX
XXX_THE_END_OF_A_WHISK_ACTIVATION_XXX
XXX_THE_END_OF_A_WHISK_ACTIVATION_XXX
XXX_THE_END_OF_A_WHISK_ACTIVATION_XXX
XXX_THE_END_OF_A_WHISK_ACTIVATION_XXX
XXX_THE_END_OF_A_WHISK_ACTIVATION_XXX
XXX_THE_END_OF_A_WHISK_ACTIVATION_XXX
XXX_THE_END_OF_A_WHISK_ACTIVATION_XXX
XXX_THE_END_OF_A_WHISK_ACTIVATION_XXX
XXX_THE_END_OF_A_WHISK_ACTIVATION_XXX
XXX_THE_END_OF_A_WHISK_ACTIVATION_XXX
XXX_THE_END_OF_A_WHISK_ACTIVATION_XXX
XXX_THE_END_OF_A_WHISK_ACTIVATION_XXX
XXX_THE_END_OF_A_WHISK_ACTIVATION_XXX
XXX_THE_END_OF_A_WHISK_ACTIVATION_XXX
XXX_THE_END_OF_A_WHISK_ACTIVATION_XXX
XXX_THE_END_OF_A_WHISK_ACTIVATION_XXX
XXX_THE_END_OF_A_WHISK_ACTIVATION_XXX
XXX_THE_END_OF_A_WHISK_ACTIVATION_XXX
XXX_THE_END_OF_A_WHISK_ACTIVATION_XXX
XXX_THE_END_OF_A_WHISK_ACTIVATION_XXX
XXX_THE_END_OF_A_WHISK_ACTIVATION_XXX
XXX_THE_END_OF_A_WHISK_ACTIVATION_XXX
XXX_THE_END_OF_A_WHISK_ACTIVATION_XXX
XXX_THE_END_OF_A_WHISK_ACTIVATION_XXX
XXX_THE_END_OF_A_WHISK_ACTIVATION_XXX
XXX_THE_END_OF_A_WHISK_ACTIVATION_XXX
XXX_THE_END_OF_A_WHISK_ACTIVATION_XXX
XXX_THE_END_OF_A_WHISK_ACTIVATION_XXX
XXX_THE_END_OF_A_WHISK_ACTIVATION_XXX
XXX_THE_END_OF_A_WHISK_ACTIVATION_XXX
XXX_THE_END_OF_A_WHISK_ACTIVATION_XXX
XXX_THE_END_OF_A_WHISK_ACTIVATION_XXX
XXX_THE_END_OF_A_WHISK_ACTIVATION_XXX
XXX_THE_END_OF_A_WHISK_ACTIVATION_XXX
XXX_THE_END_OF_A_WHISK_ACTIVATION_XXX
XXX_THE_END_OF_A_WHISK_ACTIVATION_XXX
XXX_THE_END_OF_A_WHISK_ACTIVATION_XXX
XXX_THE_END_OF_A_WHISK_ACTIVATION_XXX
XXX_THE_END_OF_A_WHISK_ACTIVATION_XXX
XXX_THE_END_OF_A_WHISK_ACTIVATION_XXX
XXX_THE_END_OF_A_WHISK_ACTIVATION_XXX
XXX_THE_END_OF_A_WHISK_ACTIVATION_XXX
XXX_THE_END_OF_A_WHISK_ACTIVATION_XXX
XXX_THE_END_OF_A_WHISK_ACTIVATION_XXX
XXX_THE_END_OF_A_WHISK_ACTIVATION_XXX
XXX_THE_END_OF_A_WHISK_ACTIVATION_XXX
XXX_THE_END_OF_A_WHISK_ACTIVATION_XXX
XXX_THE_END_OF_A_WHISK_ACTIVATION_XXX
XXX_THE_END_OF_A_WHISK_ACTIVATION_XXX
XXX_THE_END_OF_A_WHISK_ACTIVATION_XXX
XXX_THE_END_OF_A_WHISK_ACTIVATION_XXX
XXX_THE_END_OF_A_WHISK_ACTIVATION_XXX
XXX_THE_END_OF_A_WHISK_ACTIVATION_XXX
XXX_THE_END_OF_A_WHISK_ACTIVATION_XXX
XXX_THE_END_OF_A_WHISK_ACTIVATION_XXX
XXX_THE_END_OF_A_WHISK_ACTIVATION_XXX
XXX_THE_END_OF_A_WHISK_ACTIVATION_XXX
XXX_THE_END_OF_A_WHISK_ACTIVATION_XXX
XXX_THE_END_OF_A_WHISK_ACTIVATION_XXX
XXX_THE_END_OF_A_WHISK_ACTIVATION_XXX
XXX_THE_END_OF_A_WHISK_ACTIVATION_XXX
XXX_THE_END_OF_A_WHISK_ACTIVATION_XXX
XXX_THE_END_OF_A_WHISK_ACTIVATION_XXX
XXX_THE_END_OF_A_WHISK_ACTIVATION_XXX
XXX_THE_END_OF_A_WHISK_ACTIVATION_XXX
XXX_THE_END_OF_A_WHISK_ACTIVATION_XXX
XXX_THE_END_OF_A_WHISK_ACTIVATION_XXX
XXX_THE_END_OF_A_WHISK_ACTIVATION_XXX
XXX_THE_END_OF_A_WHISK_ACTIVATION_XXX
XXX_THE_END_OF_A_WHISK_ACTIVATION_XXX
XXX_THE_END_OF_A_WHISK_ACTIVATION_XXX
XXX_THE_END_OF_A_WHISK_ACTIVATION_XXX
XXX_THE_END_OF_A_WHISK_ACTIVATION_XXX
XXX_THE_END_OF_A_WHISK_ACTIVATION_XXX
XXX_THE_END_OF_A_WHISK_ACTIVATION_XXX
XXX_THE_END_OF_A_WHISK_ACTIVATION_XXX
XXX_THE_END_OF_A_WHISK_ACTIVATION_XXX
XXX_THE_END_OF_A_WHISK_ACTIVATION_XXX
XXX_THE_END_OF_A_WHISK_ACTIVATION_XXX
XXX_THE_END_OF_A_WHISK_ACTIVATION_XXX
XXX_THE_END_OF_A_WHISK_ACTIVATION_XXX
XXX_THE_END_OF_A_WHISK_ACTIVATION_XXX
XXX_THE_END_OF_A_WHISK_ACTIVATION_XXX
XXX_THE_END_OF_A_WHISK_ACTIVATION_XXX
XXX_THE_END_OF_A_WHISK_ACTIVATION_XXX
XXX_THE_END_OF_A_WHISK_ACTIVATION_XXX
XXX_THE_END_OF_A_WHISK_ACTIVATION_XXX
XXX_THE_END_OF_A_WHISK_ACTIVATION_XXX
XXX_THE_END_OF_A_WHISK_ACTIVATION_XXX
XXX_THE_END_OF_A_WHISK_ACTIVATION_XXX
XXX_THE_END_OF_A_WHISK_ACTIVATION_XXX
XXX_THE_END_OF_A_WHISK_ACTIVATION_XXX
XXX_THE_END_OF_A_WHISK_ACTIVATION_XXX
XXX_THE_END_OF_A_WHISK_ACTIVATION_XXX
XXX_THE_END_OF_A_WHISK_ACTIVATION_XXX
XXX_THE_END_OF_A_WHISK_ACTIVATION_XXX
XXX_THE_END_OF_A_WHISK_ACTIVATION_XXX
XXX_THE_END_OF_A_WHISK_ACTIVATION_XXX
XXX_THE_END_OF_A_WHISK_ACTIVATION_XXX
XXX_THE_END_OF_A_WHISK_ACTIVATION_XXX
XXX_THE_END_OF_A_WHISK_ACTIVATION_XXX
XXX_THE_END_OF_A_WHISK_ACTIVATION_XXX
XXX_THE_END_OF_A_WHISK_ACTIVATION_XXX
XXX_THE_END_OF_A_WHISK_ACTIVATION_XXX
XXX_THE_END_OF_A_WHISK_ACTIVATION_XXX
XXX_THE_END_OF_A_WHISK_ACTIVATION_XXX
XXX_THE_END_OF_A_WHISK_ACTIVATION_XXX
XXX_THE_END_OF_A_WHISK_ACTIVATION_XXX
XXX_THE_END_OF_A_WHISK_ACTIVATION_XXX
XXX_THE_END_OF_A_WHISK_ACTIVATION_XXX
XXX_THE_END_OF_A_WHISK_ACTIVATION_XXX
XXX_THE_END_OF_A_WHISK_ACTIVATION_XXX
XXX_THE_END_OF_A_WHISK_ACTIVATION_XXX
XXX_THE_END_OF_A_WHISK_ACTIVATION_XXX
XXX_THE_END_OF_A_WHISK_ACTIVATION_XXX
XXX_THE_END_OF_A_WHISK_ACTIVATION_XXX
XXX_THE_END_OF_A_WHISK_ACTIVATION_XXX
XXX_THE_END_OF_A_WHISK_ACTIVATION_XXX
XXX_THE_END_OF_A_WHISK_ACTIVATION_XXX
XXX_THE_END_OF_A_WHISK_ACTIVATION_XXX
XXX_THE_END_OF_A_WHISK_ACTIVATION_XXX
XXX_THE_END_OF_A_WHISK_ACTIVATION_XXX
XXX_THE_END_OF_A_WHISK_ACTIVATION_XXX
XXX_THE_END_OF_A_WHISK_ACTIVATION_XXX
XXX_THE_END_OF_A_WHISK_ACTIVATION_XXX
XXX_THE_END_OF_A_WHISK_ACTIVATION_XXX
XXX_THE_END_OF_A_WHISK_ACTIVATION_XXX
XXX_THE_END_OF_A_WHISK_ACTIVATION_XXX
XXX_THE_END_OF_A_WHISK_ACTIVATION_XXX
XXX_THE_END_OF_A_WHISK_ACTIVATION_XXX
XXX_THE_END_OF_A_WHISK_ACTIVATION_XXX
XXX_THE_END_OF_A_WHISK_ACTIVATION_XXX
XXX_THE_END_OF_A_WHISK_ACTIVATION_XXX
XXX_THE_END_OF_A_WHISK_ACTIVATION_XXX
XXX_THE_END_OF_A_WHISK_ACTIVATION_XXX
XXX_THE_END_OF_A_WHISK_ACTIVATION_XXX
XXX_THE_END_OF_A_WHISK_ACTIVATION_XXX
XXX_THE_END_OF_A_WHISK_ACTIVATION_XXX
XXX_THE_END_OF_A_WHISK_ACTIVATION_XXX
XXX_THE_END_OF_A_WHISK_ACTIVATION_XXX
XXX_THE_END_OF_A_WHISK_ACTIVATION_XXX
XXX_THE_END_OF_A_WHISK_ACTIVATION_XXX
XXX_THE_END_OF_A_WHISK_ACTIVATION_XXX
XXX_THE_END_OF_A_WHISK_ACTIVATION_XXX
XXX_THE_END_OF_A_WHISK_ACTIVATION_XXX
XXX_THE_END_OF_A_WHISK_ACTIVATION_XXX
XXX_THE_END_OF_A_WHISK_ACTIVATION_XXX
XXX_THE_END_OF_A_WHISK_ACTIVATION_XXX
XXX_THE_END_OF_A_WHISK_ACTIVATION_XXX
XXX_THE_END_OF_A_WHISK_ACTIVATION_XXX
XXX_THE_END_OF_A_WHISK_ACTIVATION_XXX
XXX_THE_END_OF_A_WHISK_ACTIVATION_XXX
XXX_THE_END_OF_A_WHISK_ACTIVATION_XXX
XXX_THE_END_OF_A_WHISK_ACTIVATION_XXX
XXX_THE_END_OF_A_WHISK_ACTIVATION_XXX
XXX_THE_END_OF_A_WHISK_ACTIVATION_XXX
XXX_THE_END_OF_A_WHISK_ACTIVATION_XXX
XXX_THE_END_OF_A_WHISK_ACTIVATION_XXX
XXX_THE_END_OF_A_WHISK_ACTIVATION_XXX
XXX_THE_END_OF_A_WHISK_ACTIVATION_XXX
XXX_THE_END_OF_A_WHISK_ACTIVATION_XXX
XXX_THE_END_OF_A_WHISK_ACTIVATION_XXX
XXX_THE_END_OF_A_WHISK_ACTIVATION_XXX
XXX_THE_END_OF_A_WHISK_ACTIVATION_XXX
XXX_THE_END_OF_A_WHISK_ACTIVATION_XXX
XXX_THE_END_OF_A_WHISK_ACTIVATION_XXX
XXX_THE_END_OF_A_WHISK_ACTIVATION_XXX
XXX_THE_END_OF_A_WHISK_ACTIVATION_XXX
XXX_THE_END_OF_A_WHISK_ACTIVATION_XXX
XXX_THE_END_OF_A_WHISK_ACTIVATION_XXX
XXX_THE_END_OF_A_WHISK_ACTIVATION_XXX
XXX_THE_END_OF_A_WHISK_ACTIVATION_XXX
XXX_THE_END_OF_A_WHISK_ACTIVATION_XXX
XXX_THE_END_OF_A_WHISK_ACTIVATION_XXX
XXX_THE_END_OF_A_WHISK_ACTIVATION_XXX
XXX_THE_END_OF_A_WHISK_ACTIVATION_XXX
XXX_THE_END_OF_A_WHISK_ACTIVATION_XXX
XXX_THE_END_OF_A_WHISK_ACTIVATION_XXX
XXX_THE_END_OF_A_WHISK_ACTIVATION_XXX
XXX_THE_END_OF_A_WHISK_ACTIVATION_XXX
XXX_THE_END_OF_A_WHISK_ACTIVATION_XXX
XXX_THE_END_OF_A_WHISK_ACTIVATION_XXX
XXX_THE_END_OF_A_WHISK_ACTIVATION_XXX
XXX_THE_END_OF_A_WHISK_ACTIVATION_XXX
XXX_THE_END_OF_A_WHISK_ACTIVATION_XXX
XXX_THE_END_OF_A_WHISK_ACTIVATION_XXX
XXX_THE_END_OF_A_WHISK_ACTIVATION_XXX
XXX_THE_END_OF_A_WHISK_ACTIVATION_XXX
XXX_THE_END_OF_A_WHISK_ACTIVATION_XXX
XXX_THE_END_OF_A_WHISK_ACTIVATION_XXX
XXX_THE_END_OF_A_WHISK_ACTIVATION_XXX
XXX_THE_END_OF_A_WHISK_ACTIVATION_XXX
XXX_THE_END_OF_A_WHISK_ACTIVATION_XXX
XXX_THE_END_OF_A_WHISK_ACTIVATION_XXX
XXX_THE_END_OF_A_WHISK_ACTIVATION_XXX
XXX_THE_END_OF_A_WHISK_ACTIVATION_XXX
XXX_THE_END_OF_A_WHISK_ACTIVATION_XXX
XXX_THE_END_OF_A_WHISK_ACTIVATION_XXX
XXX_THE_END_OF_A_WHISK_ACTIVATION_XXX
XXX_THE_END_OF_A_WHISK_ACTIVATION_XXX
XXX_THE_END_OF_A_WHISK_ACTIVATION_XXX
XXX_THE_END_OF_A_WHISK_ACTIVATION_XXX
XXX_THE_END_OF_A_WHISK_ACTIVATION_XXX
XXX_THE_END_OF_A_WHISK_ACTIVATION_XXX
XXX_THE_END_OF_A_WHISK_ACTIVATION_XXX
XXX_THE_END_OF_A_WHISK_ACTIVATION_XXX
XXX_THE_END_OF_A_WHISK_ACTIVATION_XXX
XXX_THE_END_OF_A_WHISK_ACTIVATION_XXX
XXX_THE_END_OF_A_WHISK_ACTIVATION_XXX
XXX_THE_END_OF_A_WHISK_ACTIVATION_XXX
XXX_THE_END_OF_A_WHISK_ACTIVATION_XXX
XXX_THE_END_OF_A_WHISK_ACTIVATION_XXX
XXX_THE_END_OF_A_WHISK_ACTIVATION_XXX
XXX_THE_END_OF_A_WHISK_ACTIVATION_XXX
XXX_THE_END_OF_A_WHISK_ACTIVATION_XXX
XXX_THE_END_OF_A_WHISK_ACTIVATION_XXX
XXX_THE_END_OF_A_WHISK_ACTIVATION_XXX
XXX_THE_END_OF_A_WHISK_ACTIVATION_XXX
XXX_THE_END_OF_A_WHISK_ACTIVATION_XXX
XXX_THE_END_OF_A_WHISK_ACTIVATION_XXX
XXX_THE_END_OF_A_WHISK_ACTIVATION_XXX
XXX_THE_END_OF_A_WHISK_ACTIVATION_XXX
XXX_THE_END_OF_A_WHISK_ACTIVATION_XXX
XXX_THE_END_OF_A_WHISK_ACTIVATION_XXX
XXX_THE_END_OF_A_WHISK_ACTIVATION_XXX
XXX_THE_END_OF_A_WHISK_ACTIVATION_XXX
XXX_THE_END_OF_A_WHISK_ACTIVATION_XXX
XXX_THE_END_OF_A_WHISK_ACTIVATION_XXX
XXX_THE_END_OF_A_WHISK_ACTIVATION_XXX
XXX_THE_END_OF_A_WHISK_ACTIVATION_XXX
XXX_THE_END_OF_A_WHISK_ACTIVATION_XXX
XXX_THE_END_OF_A_WHISK_ACTIVATION_XXX
XXX_THE_END_OF_A_WHISK_ACTIVATION_XXX
XXX_THE_END_OF_A_WHISK_ACTIVATION_XXX
XXX_THE_END_OF_A_WHISK_ACTIVATION_XXX
XXX_THE_END_OF_A_WHISK_ACTIVATION_XXX
XXX_THE_END_OF_A_WHISK_ACTIVATION_XXX
XXX_THE_END_OF_A_WHISK_ACTIVATION_XXX
XXX_THE_END_OF_A_WHISK_ACTIVATION_XXX
XXX_THE_END_OF_A_WHISK_ACTIVATION_XXX
XXX_THE_END_OF_A_WHISK_ACTIVATION_XXX
XXX_THE_END_OF_A_WHISK_ACTIVATION_XXX
XXX_THE_END_OF_A_WHISK_ACTIVATION_XXX
XXX_THE_END_OF_A_WHISK_ACTIVATION_XXX
XXX_THE_END_OF_A_WHISK_ACTIVATION_XXX
XXX_THE_END_OF_A_WHISK_ACTIVATION_XXX
XXX_THE_END_OF_A_WHISK_ACTIVATION_XXX
XXX_THE_END_OF_A_WHISK_ACTIVATION_XXX
XXX_THE_END_OF_A_WHISK_ACTIVATION_XXX
XXX_THE_END_OF_A_WHISK_ACTIVATION_XXX
XXX_THE_END_OF_A_WHISK_ACTIVATION_XXX
XXX_THE_END_OF_A_WHISK_ACTIVATION_XXX
XXX_THE_END_OF_A_WHISK_ACTIVATION_XXX
XXX_THE_END_OF_A_WHISK_ACTIVATION_XXX
XXX_THE_END_OF_A_WHISK_ACTIVATION_XXX
XXX_THE_END_OF_A_WHISK_ACTIVATION_XXX
XXX_THE_END_OF_A_WHISK_ACTIVATION_XXX
XXX_THE_END_OF_A_WHISK_ACTIVATION_XXX
XXX_THE_END_OF_A_WHISK_ACTIVATION_XXX
XXX_THE_END_OF_A_WHISK_ACTIVATION_XXX
XXX_THE_END_OF_A_WHISK_ACTIVATION_XXX
XXX_THE_END_OF_A_WHISK_ACTIVATION_XXX
XXX_THE_END_OF_A_WHISK_ACTIVATION_XXX
XXX_THE_END_OF_A_WHISK_ACTIVATION_XXX
XXX_THE_END_OF_A_WHISK_ACTIVATION_XXX
XXX_THE_END_OF_A_WHISK_ACTIVATION_XXX
XXX_THE_END_OF_A_WHISK_ACTIVATION_XXX
XXX_THE_END_OF_A_WHISK_ACTIVATION_XXX
XXX_THE_END_OF_A_WHISK_ACTIVATION_XXX
XXX_THE_END_OF_A_WHISK_ACTIVATION_XXX
XXX_THE_END_OF_A_WHISK_ACTIVATION_XXX
XXX_THE_END_OF_A_WHISK_ACTIVATION_XXX
XXX_THE_END_OF_A_WHISK_ACTIVATION_XXX
XXX_THE_END_OF_A_WHISK_ACTIVATION_XXX
XXX_THE_END_OF_A_WHISK_ACTIVATION_XXX
XXX_THE_END_OF_A_WHISK_ACTIVATION_XXX
XXX_THE_END_OF_A_WHISK_ACTIVATION_XXX
XXX_THE_END_OF_A_WHISK_ACTIVATION_XXX
XXX_THE_END_OF_A_WHISK_ACTIVATION_XXX
XXX_THE_END_OF_A_WHISK_ACTIVATION_XXX
XXX_THE_END_OF_A_WHISK_ACTIVATION_XXX
XXX_THE_END_OF_A_WHISK_ACTIVATION_XXX
XXX_THE_END_OF_A_WHISK_ACTIVATION_XXX
XXX_THE_END_OF_A_WHISK_ACTIVATION_XXX
XXX_THE_END_OF_A_WHISK_ACTIVATION_XXX
XXX_THE_END_OF_A_WHISK_ACTIVATION_XXX
XXX_THE_END_OF_A_WHISK_ACTIVATION_XXX
XXX_THE_END_OF_A_WHISK_ACTIVATION_XXX
XXX_THE_END_OF_A_WHISK_ACTIVATION_XXX
XXX_THE_END_OF_A_WHISK_ACTIVATION_XXX
XXX_THE_END_OF_A_WHISK_ACTIVATION_XXX
XXX_THE_END_OF_A_WHISK_ACTIVATION_XXX
XXX_THE_END_OF_A_WHISK_ACTIVATION_XXX
XXX_THE_END_OF_A_WHISK_ACTIVATION_XXX
XXX_THE_END_OF_A_WHISK_ACTIVATION_XXX
XXX_THE_END_OF_A_WHISK_ACTIVATION_XXX
XXX_THE_END_OF_A_WHISK_ACTIVATION_XXX
XXX_THE_END_OF_A_WHISK_ACTIVATION_XXX
XXX_THE_END_OF_A_WHISK_ACTIVATION_XXX
XXX_THE_END_OF_A_WHISK_ACTIVATION_XXX
XXX_THE_END_OF_A_WHISK_ACTIVATION_XXX
XXX_THE_END_OF_A_WHISK_ACTIVATION_XXX
XXX_THE_END_OF_A_WHISK_ACTIVATION_XXX
XXX_THE_END_OF_A_WHISK_ACTIVATION_XXX
XXX_THE_END_OF_A_WHISK_ACTIVATION_XXX
XXX_THE_END_OF_A_WHISK_ACTIVATION_XXX
XXX_THE_END_OF_A_WHISK_ACTIVATION_XXX
XXX_THE_END_OF_A_WHISK_ACTIVATION_XXX
XXX_THE_END_OF_A_WHISK_ACTIVATION_XXX
XXX_THE_END_OF_A_WHISK_ACTIVATION_XXX
XXX_THE_END_OF_A_WHISK_ACTIVATION_XXX
XXX_THE_END_OF_A_WHISK_ACTIVATION_XXX
XXX_THE_END_OF_A_WHISK_ACTIVATION_XXX
XXX_THE_END_OF_A_WHISK_ACTIVATION_XXX
XXX_THE_END_OF_A_WHISK_ACTIVATION_XXX
XXX_THE_END_OF_A_WHISK_ACTIVATION_XXX
XXX_THE_END_OF_A_WHISK_ACTIVATION_XXX
XXX_THE_END_OF_A_WHISK_ACTIVATION_XXX
XXX_THE_END_OF_A_WHISK_ACTIVATION_XXX
XXX_THE_END_OF_A_WHISK_ACTIVATION_XXX
XXX_THE_END_OF_A_WHISK_ACTIVATION_XXX
XXX_THE_END_OF_A_WHISK_ACTIVATION_XXX
XXX_THE_END_OF_A_WHISK_ACTIVATION_XXX
XXX_THE_END_OF_A_WHISK_ACTIVATION_XXX
XXX_THE_END_OF_A_WHISK_ACTIVATION_XXX
XXX_THE_END_OF_A_WHISK_ACTIVATION_XXX
XXX_THE_END_OF_A_WHISK_ACTIVATION_XXX
XXX_THE_END_OF_A_WHISK_ACTIVATION_XXX
XXX_THE_END_OF_A_WHISK_ACTIVATION_XXX
XXX_THE_END_OF_A_WHISK_ACTIVATION_XXX
XXX_THE_END_OF_A_WHISK_ACTIVATION_XXX
XXX_THE_END_OF_A_WHISK_ACTIVATION_XXX
XXX_THE_END_OF_A_WHISK_ACTIVATION_XXX
XXX_THE_END_OF_A_WHISK_ACTIVATION_XXX
XXX_THE_END_OF_A_WHISK_ACTIVATION_XXX
XXX_THE_END_OF_A_WHISK_ACTIVATION_XXX
XXX_THE_END_OF_A_WHISK_ACTIVATION_XXX
XXX_THE_END_OF_A_WHISK_ACTIVATION_XXX
XXX_THE_END_OF_A_WHISK_ACTIVATION_XXX
XXX_THE_END_OF_A_WHISK_ACTIVATION_XXX
XXX_THE_END_OF_A_WHISK_ACTIVATION_XXX
XXX_THE_END_OF_A_WHISK_ACTIVATION_XXX
XXX_THE_END_OF_A_WHISK_ACTIVATION_XXX
XXX_THE_END_OF_A_WHISK_ACTIVATION_XXX
XXX_THE_END_OF_A_WHISK_ACTIVATION_XXX
XXX_THE_END_OF_A_WHISK_ACTIVATION_XXX
XXX_THE_END_OF_A_WHISK_ACTIVATION_XXX
XXX_THE_END_OF_A_WHISK_ACTIVATION_XXX
XXX_THE_END_OF_A_WHISK_ACTIVATION_XXX
XXX_THE_END_OF_A_WHISK_ACTIVATION_XXX
XXX_THE_END_OF_A_WHISK_ACTIVATION_XXX
XXX_THE_END_OF_A_WHISK_ACTIVATION_XXX
XXX_THE_END_OF_A_WHISK_ACTIVATION_XXX
XXX_THE_END_OF_A_WHISK_ACTIVATION_XXX
XXX_THE_END_OF_A_WHISK_ACTIVATION_XXX
XXX_THE_END_OF_A_WHISK_ACTIVATION_XXX
XXX_THE_END_OF_A_WHISK_ACTIVATION_XXX
XXX_THE_END_OF_A_WHISK_ACTIVATION_XXX
XXX_THE_END_OF_A_WHISK_ACTIVATION_XXX
XXX_THE_END_OF_A_WHISK_ACTIVATION_XXX
XXX_THE_END_OF_A_WHISK_ACTIVATION_XXX
XXX_THE_END_OF_A_WHISK_ACTIVATION_XXX
XXX_THE_END_OF_A_WHISK_ACTIVATION_XXX
XXX_THE_END_OF_A_WHISK_ACTIVATION_XXX
XXX_THE_END_OF_A_WHISK_ACTIVATION_XXX
XXX_THE_END_OF_A_WHISK_ACTIVATION_XXX
XXX_THE_END_OF_A_WHISK_ACTIVATION_XXX
XXX_THE_END_OF_A_WHISK_ACTIVATION_XXX
XXX_THE_END_OF_A_WHISK_ACTIVATION_XXX
XXX_THE_END_OF_A_WHISK_ACTIVATION_XXX
XXX_THE_END_OF_A_WHISK_ACTIVATION_XXX
XXX_THE_END_OF_A_WHISK_ACTIVATION_XXX
XXX_THE_END_OF_A_WHISK_ACTIVATION_XXX
XXX_THE_END_OF_A_WHISK_ACTIVATION_XXX
XXX_THE_END_OF_A_WHISK_ACTIVATION_XXX
XXX_THE_END_OF_A_WHISK_ACTIVATION_XXX
XXX_THE_END_OF_A_WHISK_ACTIVATION_XXX
XXX_THE_END_OF_A_WHISK_ACTIVATION_XXX
XXX_THE_END_OF_A_WHISK_ACTIVATION_XXX
XXX_THE_END_OF_A_WHISK_ACTIVATION_XXX
XXX_THE_END_OF_A_WHISK_ACTIVATION_XXX
XXX_THE_END_OF_A_WHISK_ACTIVATION_XXX
XXX_THE_END_OF_A_WHISK_ACTIVATION_XXX
XXX_THE_END_OF_A_WHISK_ACTIVATION_XXX
XXX_THE_END_OF_A_WHISK_ACTIVATION_XXX
XXX_THE_END_OF_A_WHISK_ACTIVATION_XXX
XXX_THE_END_OF_A_WHISK_ACTIVATION_XXX
XXX_THE_END_OF_A_WHISK_ACTIVATION_XXX
XXX_THE_END_OF_A_WHISK_ACTIVATION_XXX
XXX_THE_END_OF_A_WHISK_ACTIVATION_XXX
XXX_THE_END_OF_A_WHISK_ACTIVATION_XXX
XXX_THE_END_OF_A_WHISK_ACTIVATION_XXX
XXX_THE_END_OF_A_WHISK_ACTIVATION_XXX
XXX_THE_END_OF_A_WHISK_ACTIVATION_XXX
XXX_THE_END_OF_A_WHISK_ACTIVATION_XXX
XXX_THE_END_OF_A_WHISK_ACTIVATION_XXX
XXX_THE_END_OF_A_WHISK_ACTIVATION_XXX
XXX_THE_END_OF_A_WHISK_ACTIVATION_XXX
XXX_THE_END_OF_A_WHISK_ACTIVATION_XXX
XXX_THE_END_OF_A_WHISK_ACTIVATION_XXX
XXX_THE_END_OF_A_WHISK_ACTIVATION_XXX
XXX_THE_END_OF_A_WHISK_ACTIVATION_XXX
XXX_THE_END_OF_A_WHISK_ACTIVATION_XXX
XXX_THE_END_OF_A_WHISK_ACTIVATION_XXX
XXX_THE_END_OF_A_WHISK_ACTIVATION_XXX
XXX_THE_END_OF_A_WHISK_ACTIVATION_XXX
XXX_THE_END_OF_A_WHISK_ACTIVATION_XXX
XXX_THE_END_OF_A_WHISK_ACTIVATION_XXX
XXX_THE_END_OF_A_WHISK_ACTIVATION_XXX
XXX_THE_END_OF_A_WHISK_ACTIVATION_XXX
XXX_THE_END_OF_A_WHISK_ACTIVATION_XXX
XXX_THE_END_OF_A_WHISK_ACTIVATION_XXX
XXX_THE_END_OF_A_WHISK_ACTIVATION_XXX
XXX_THE_END_OF_A_WHISK_ACTIVATION_XXX
XXX_THE_END_OF_A_WHISK_ACTIVATION_XXX
XXX_THE_END_OF_A_WHISK_ACTIVATION_XXX
XXX_THE_END_OF_A_WHISK_ACTIVATION_XXX
XXX_THE_END_OF_A_WHISK_ACTIVATION_XXX
XXX_THE_END_OF_A_WHISK_ACTIVATION_XXX
XXX_THE_END_OF_A_WHISK_ACTIVATION_XXX
XXX_THE_END_OF_A_WHISK_ACTIVATION_XXX
XXX_THE_END_OF_A_WHISK_ACTIVATION_XXX
XXX_THE_END_OF_A_WHISK_ACTIVATION_XXX
XXX_THE_END_OF_A_WHISK_ACTIVATION_XXX
XXX_THE_END_OF_A_WHISK_ACTIVATION_XXX
XXX_THE_END_OF_A_WHISK_ACTIVATION_XXX
XXX_THE_END_OF_A_WHISK_ACTIVATION_XXX
XXX_THE_END_OF_A_WHISK_ACTIVATION_XXX
XXX_THE_END_OF_A_WHISK_ACTIVATION_XXX
XXX_THE_END_OF_A_WHISK_ACTIVATION_XXX
XXX_THE_END_OF_A_WHISK_ACTIVATION_XXX
XXX_THE_END_OF_A_WHISK_ACTIVATION_XXX
XXX_THE_END_OF_A_WHISK_ACTIVATION_XXX
XXX_THE_END_OF_A_WHISK_ACTIVATION_XXX
XXX_THE_END_OF_A_WHISK_ACTIVATION_XXX
XXX_THE_END_OF_A_WHISK_ACTIVATION_XXX
XXX_THE_END_OF_A_WHISK_ACTIVATION_XXX
XXX_THE_END_OF_A_WHISK_ACTIVATION_XXX
XXX_THE_END_OF_A_WHISK_ACTIVATION_XXX
XXX_THE_END_OF_A_WHISK_ACTIVATION_XXX
XXX_THE_END_OF_A_WHISK_ACTIVATION_XXX
XXX_THE_END_OF_A_WHISK_ACTIVATION_XXX
XXX_THE_END_OF_A_WHISK_ACTIVATION_XXX
XXX_THE_END_OF_A_WHISK_ACTIVATION_XXX
XXX_THE_END_OF_A_WHISK_ACTIVATION_XXX
XXX_THE_END_OF_A_WHISK_ACTIVATION_XXX
XXX_THE_END_OF_A_WHISK_ACTIVATION_XXX
XXX_THE_END_OF_A_WHISK_ACTIVATION_XXX
XXX_THE_END_OF_A_WHISK_ACTIVATION_XXX
XXX_THE_END_OF_A_WHISK_ACTIVATION_XXX
XXX_THE_END_OF_A_WHISK_ACTIVATION_XXX
XXX_THE_END_OF_A_WHISK_ACTIVATION_XXX
XXX_THE_END_OF_A_WHISK_ACTIVATION_XXX
XXX_THE_END_OF_A_WHISK_ACTIVATION_XXX
XXX_THE_END_OF_A_WHISK_ACTIVATION_XXX
XXX_THE_END_OF_A_WHISK_ACTIVATION_XXX
XXX_THE_END_OF_A_WHISK_ACTIVATION_XXX
XXX_THE_END_OF_A_WHISK_ACTIVATION_XXX
XXX_THE_END_OF_A_WHISK_ACTIVATION_XXX
XXX_THE_END_OF_A_WHISK_ACTIVATION_XXX
XXX_THE_END_OF_A_WHISK_ACTIVATION_XXX
XXX_THE_END_OF_A_WHISK_ACTIVATION_XXX
XXX_THE_END_OF_A_WHISK_ACTIVATION_XXX
XXX_THE_END_OF_A_WHISK_ACTIVATION_XXX
XXX_THE_END_OF_A_WHISK_ACTIVATION_XXX
XXX_THE_END_OF_A_WHISK_ACTIVATION_XXX
XXX_THE_END_OF_A_WHISK_ACTIVATION_XXX
XXX_THE_END_OF_A_WHISK_ACTIVATION_XXX
XXX_THE_END_OF_A_WHISK_ACTIVATION_XXX
XXX_THE_END_OF_A_WHISK_ACTIVATION_XXX
XXX_THE_END_OF_A_WHISK_ACTIVATION_XXX
