This is ApacheBench, Version 2.3 <$Revision: 1879490 $>
Copyright 1996 Adam Twiss, Zeus Technology Ltd, http://www.zeustech.net/
Licensed to The Apache Software Foundation, http://www.apache.org/

Benchmarking 172.18.0.2 (be patient).....done


Server Software:        
Server Hostname:        172.18.0.2
Server Port:            8080

Document Path:          /
Document Length:        72 bytes

Concurrency Level:      1
Time taken for tests:   15.147 seconds
Complete requests:      25
Failed requests:        24
   (Connect: 0, Receive: 0, Length: 24, Exceptions: 0)
Total transferred:      4151 bytes
Total body sent:        10000
HTML transferred:       1776 bytes
Requests per second:    1.65 [#/sec] (mean)
Time per request:       605.882 [ms] (mean)
Time per request:       605.882 [ms] (mean, across all concurrent requests)
Transfer rate:          0.27 [Kbytes/sec] received
                        0.64 kb/s sent
                        0.91 kb/s total

Connection Times (ms)
              min  mean[+/-sd] median   max
Connect:        0    0   0.3      0       1
Processing:   495  605 428.1    512    2648
Waiting:      495  605 428.1    512    2648
Total:        495  606 428.1    512    2648

Percentage of the requests served within a certain time (ms)
  50%    512
  66%    520
  75%    527
  80%    527
  90%    568
  95%    735
  98%   2648
  99%   2648
 100%   2648 (longest request)
