This is ApacheBench, Version 2.3 <$Revision: 1879490 $>
Copyright 1996 Adam Twiss, Zeus Technology Ltd, http://www.zeustech.net/
Licensed to The Apache Software Foundation, http://www.apache.org/

Benchmarking 172.172.0.2 (be patient)
Completed 204 requests
Completed 408 requests
Completed 612 requests
Completed 816 requests
Completed 1020 requests
Completed 1224 requests
Completed 1428 requests
Completed 1632 requests
Completed 1836 requests
Completed 2040 requests
Finished 2048 requests


Server Software:        
Server Hostname:        172.172.0.2
Server Port:            8080

Document Path:          /
Document Length:        1205 bytes

Concurrency Level:      8
Time taken for tests:   4.796 seconds
Complete requests:      2048
Failed requests:        1469
   (Connect: 0, Receive: 0, Length: 1469, Exceptions: 0)
Total transferred:      2664148 bytes
Total body sent:        579584
HTML transferred:       2465492 bytes
Requests per second:    427.02 [#/sec] (mean)
Time per request:       18.734 [ms] (mean)
Time per request:       2.342 [ms] (mean, across all concurrent requests)
Transfer rate:          542.48 [Kbytes/sec] received
                        118.02 kb/s sent
                        660.49 kb/s total

Connection Times (ms)
              min  mean[+/-sd] median   max
Connect:        0    1   3.2      0      51
Processing:     2   18  12.4     15     107
Waiting:        2   18  12.3     15     107
Total:          2   19  12.9     15     107

Percentage of the requests served within a certain time (ms)
  50%     15
  66%     17
  75%     20
  80%     26
  90%     37
  95%     41
  98%     53
  99%     71
 100%    107 (longest request)
