time="2023-04-08T09:52:23-04:00" level=info msg="Called startVMM(), setting up a VMM on /tmp/testtap.socket"
time="2023-04-08T09:52:23-04:00" level=info msg="VMM logging disabled."
time="2023-04-08T09:52:23-04:00" level=info msg="VMM metrics disabled."
time="2023-04-08T09:52:23-04:00" level=info msg="refreshMachineConfiguration: [GET /machine-config][200] getMachineConfigurationOK  &{CPUTemplate:Uninitialized HtEnabled:0xc000458434 MemSizeMib:0xc000458428 VcpuCount:0xc000458420}"
time="2023-04-08T09:52:23-04:00" level=info msg="PutGuestBootSource: [PUT /boot-source][204] putGuestBootSourceNoContent "
time="2023-04-08T09:52:23-04:00" level=info msg="Attaching drive /tmp/test-proxy/polyglot-proxy.img, slot 1, root true."
time="2023-04-08T09:52:23-04:00" level=info msg="Attached drive /tmp/test-proxy/polyglot-proxy.img: [PUT /drives/{drive_id}][204] putGuestDriveByIdNoContent "
time="2023-04-08T09:52:23-04:00" level=info msg="Attaching NIC testtap (hwaddr DE:AD:BE:EF:B0:23) at index 1"
2023-04-08T09:52:23.874591677 [anonymous-instance:main:WARN:src/vmm/src/builder.rs:599] Could not add serial input event to epoll: Error during epoll call: Operation not permitted (os error 1)
time="2023-04-08T09:52:23-04:00" level=info msg="startInstance successful: [PUT /actions][204] createSyncActionNoContent "
[    0.012121] dmi: Firmware registration failed.
[    0.040762] zswap: default zpool zbud not available
[    0.041007] zswap: pool creation failed
Graalvisor boot time: 165 ms.
Graalvisor listening on port 8080.
Warning: graalvisor compiled with no truffle language support.
Function hw registered with process sandboxing in 25 ms
[thread 41] New process sandbox 461 in 253 us
[thread 50] New process sandbox 472 in 208 us
[thread 54] New process sandbox 478 in 2903 us
[thread 51] New process sandbox 479 in 1633 us
[thread 52] New process sandbox 480 in 542 us
[thread 53] New process sandbox 481 in 262 us
[thread 55] New process sandbox 482 in 273 us
[thread 56] New process sandbox 493 in 602 us
time="2023-04-08T09:52:28-04:00" level=warning msg="firecracker exited: signal: terminated"
time="2023-04-08T09:52:28-04:00" level=fatal msg="Wait returned an error 1 error occurred:\n\t* signal: terminated\n\n"
