This is ApacheBench, Version 2.3 <$Revision: 1879490 $>
Copyright 1996 Adam Twiss, Zeus Technology Ltd, http://www.zeustech.net/
Licensed to The Apache Software Foundation, http://www.apache.org/

Benchmarking 172.18.0.2 (be patient)
Completed 100 requests
Completed 200 requests
Finished 256 requests


Server Software:        
Server Hostname:        172.18.0.2
Server Port:            8080

Document Path:          /run
Document Length:        883 bytes

Concurrency Level:      1
Time taken for tests:   12.485 seconds
Complete requests:      256
Failed requests:        168
   (Connect: 0, Receive: 0, Length: 168, Exceptions: 0)
Total transferred:      279316 bytes
Total body sent:        61952
HTML transferred:       225812 bytes
Requests per second:    20.50 [#/sec] (mean)
Time per request:       48.771 [ms] (mean)
Time per request:       48.771 [ms] (mean, across all concurrent requests)
Transfer rate:          21.85 [Kbytes/sec] received
                        4.85 kb/s sent
                        26.69 kb/s total

Connection Times (ms)
              min  mean[+/-sd] median   max
Connect:        0    4  18.3      0      94
Processing:     1   45  50.5      4     207
Waiting:        1   37  47.8      4     206
Total:          1   49  53.3      5     292

Percentage of the requests served within a certain time (ms)
  50%      5
  66%     94
  75%     95
  80%     96
  90%     97
  95%    101
  98%    193
  99%    196
 100%    292 (longest request)
