This is ApacheBench, Version 2.3 <$Revision: 1879490 $>
Copyright 1996 Adam Twiss, Zeus Technology Ltd, http://www.zeustech.net/
Licensed to The Apache Software Foundation, http://www.apache.org/

Benchmarking 172.18.0.2 (be patient).....done


Server Software:        
Server Hostname:        172.18.0.2
Server Port:            8080

Document Path:          /
Document Length:        113 bytes

Concurrency Level:      1
Time taken for tests:   0.892 seconds
Complete requests:      2
Failed requests:        0
Total transferred:      418 bytes
Total body sent:        584
HTML transferred:       226 bytes
Requests per second:    2.24 [#/sec] (mean)
Time per request:       445.812 [ms] (mean)
Time per request:       445.812 [ms] (mean, across all concurrent requests)
Transfer rate:          0.46 [Kbytes/sec] received
                        0.64 kb/s sent
                        1.10 kb/s total

Connection Times (ms)
              min  mean[+/-sd] median   max
Connect:        0    0   0.1      0       0
Processing:   379  446  94.1    512     512
Waiting:      379  446  94.1    512     512
Total:        379  446  94.0    512     512

Percentage of the requests served within a certain time (ms)
  50%    512
  66%    512
  75%    512
  80%    512
  90%    512
  95%    512
  98%    512
  99%    512
 100%    512 (longest request)
