This is ApacheBench, Version 2.3 <$Revision: 1879490 $>
Copyright 1996 Adam Twiss, Zeus Technology Ltd, http://www.zeustech.net/
Licensed to The Apache Software Foundation, http://www.apache.org/

Benchmarking 172.18.0.2 (be patient).....done


Server Software:        
Server Hostname:        172.18.0.2
Server Port:            8080

Document Path:          /
Document Length:        67 bytes

Concurrency Level:      1
Time taken for tests:   18.602 seconds
Complete requests:      2
Failed requests:        0
Total transferred:      324 bytes
Total body sent:        584
HTML transferred:       134 bytes
Requests per second:    0.11 [#/sec] (mean)
Time per request:       9300.896 [ms] (mean)
Time per request:       9300.896 [ms] (mean, across all concurrent requests)
Transfer rate:          0.02 [Kbytes/sec] received
                        0.03 kb/s sent
                        0.05 kb/s total

Connection Times (ms)
              min  mean[+/-sd] median   max
Connect:        0    0   0.0      0       0
Processing:  9286 9301  21.0   9315    9315
Waiting:     9286 9301  21.0   9315    9315
Total:       9286 9301  21.0   9316    9316

Percentage of the requests served within a certain time (ms)
  50%   9316
  66%   9316
  75%   9316
  80%   9316
  90%   9316
  95%   9316
  98%   9316
  99%   9316
 100%   9316 (longest request)
