This is ApacheBench, Version 2.3 <$Revision: 1879490 $>
Copyright 1996 Adam Twiss, Zeus Technology Ltd, http://www.zeustech.net/
Licensed to The Apache Software Foundation, http://www.apache.org/

Benchmarking 172.18.0.2 (be patient).....done


Server Software:        
Server Hostname:        172.18.0.2
Server Port:            8080

Document Path:          /
Document Length:        67 bytes

Concurrency Level:      1
Time taken for tests:   18.505 seconds
Complete requests:      2
Failed requests:        0
Total transferred:      324 bytes
Total body sent:        584
HTML transferred:       134 bytes
Requests per second:    0.11 [#/sec] (mean)
Time per request:       9252.584 [ms] (mean)
Time per request:       9252.584 [ms] (mean, across all concurrent requests)
Transfer rate:          0.02 [Kbytes/sec] received
                        0.03 kb/s sent
                        0.05 kb/s total

Connection Times (ms)
              min  mean[+/-sd] median   max
Connect:        0   25  35.6     51      51
Processing:  9223 9227   5.8   9231    9231
Waiting:     9223 9227   5.8   9231    9231
Total:       9223 9253  41.4   9282    9282

Percentage of the requests served within a certain time (ms)
  50%   9282
  66%   9282
  75%   9282
  80%   9282
  90%   9282
  95%   9282
  98%   9282
  99%   9282
 100%   9282 (longest request)
