This is ApacheBench, Version 2.3 <$Revision: 1879490 $>
Copyright 1996 Adam Twiss, Zeus Technology Ltd, http://www.zeustech.net/
Licensed to The Apache Software Foundation, http://www.apache.org/

Benchmarking 192.168.4.33 (be patient)
Completed 102 requests
Completed 204 requests
Completed 306 requests
Completed 408 requests
Completed 510 requests
Completed 612 requests
Completed 714 requests
Completed 816 requests
Completed 918 requests
Completed 1020 requests
Finished 1024 requests


Server Software:        
Server Hostname:        192.168.4.33
Server Port:            8080

Document Path:          /
Document Length:        189 bytes

Concurrency Level:      4
Time taken for tests:   10.460 seconds
Complete requests:      1024
Failed requests:        390
   (Connect: 0, Receive: 0, Length: 390, Exceptions: 0)
Total transferred:      292147 bytes
Total body sent:        242688
HTML transferred:       193843 bytes
Requests per second:    97.89 [#/sec] (mean)
Time per request:       40.861 [ms] (mean)
Time per request:       10.215 [ms] (mean, across all concurrent requests)
Transfer rate:          27.27 [Kbytes/sec] received
                        22.66 kb/s sent
                        49.93 kb/s total

Connection Times (ms)
              min  mean[+/-sd] median   max
Connect:        0    0   0.4      0       9
Processing:    11   41  12.4     38      92
Waiting:       11   41  12.4     38      92
Total:         11   41  12.4     39      92

Percentage of the requests served within a certain time (ms)
  50%     39
  66%     44
  75%     47
  80%     49
  90%     57
  95%     63
  98%     72
  99%     82
 100%     92 (longest request)
This is ApacheBench, Version 2.3 <$Revision: 1879490 $>
Copyright 1996 Adam Twiss, Zeus Technology Ltd, http://www.zeustech.net/
Licensed to The Apache Software Foundation, http://www.apache.org/

Benchmarking 192.168.4.33 (be patient)
Completed 102 requests
Completed 204 requests
Completed 306 requests
Completed 408 requests
Completed 510 requests
Completed 612 requests
Completed 714 requests
Completed 816 requests
Completed 918 requests
Completed 1020 requests
Finished 1024 requests


Server Software:        
Server Hostname:        192.168.4.33
Server Port:            8080

Document Path:          /
Document Length:        189 bytes

Concurrency Level:      4
Time taken for tests:   10.476 seconds
Complete requests:      1024
Failed requests:        382
   (Connect: 0, Receive: 0, Length: 382, Exceptions: 0)
Total transferred:      292112 bytes
Total body sent:        242688
HTML transferred:       193808 bytes
Requests per second:    97.75 [#/sec] (mean)
Time per request:       40.920 [ms] (mean)
Time per request:       10.230 [ms] (mean, across all concurrent requests)
Transfer rate:          27.23 [Kbytes/sec] received
                        22.62 kb/s sent
                        49.86 kb/s total

Connection Times (ms)
              min  mean[+/-sd] median   max
Connect:        0    0   0.5      0       8
Processing:    11   41  12.3     39      97
Waiting:       11   41  12.3     39      97
Total:         11   41  12.3     40      98

Percentage of the requests served within a certain time (ms)
  50%     40
  66%     44
  75%     47
  80%     50
  90%     57
  95%     64
  98%     72
  99%     76
 100%     98 (longest request)
This is ApacheBench, Version 2.3 <$Revision: 1879490 $>
Copyright 1996 Adam Twiss, Zeus Technology Ltd, http://www.zeustech.net/
Licensed to The Apache Software Foundation, http://www.apache.org/

Benchmarking 192.168.4.33 (be patient)
Completed 102 requests
Completed 204 requests
Completed 306 requests
Completed 408 requests
Completed 510 requests
Completed 612 requests
Completed 714 requests
Completed 816 requests
Completed 918 requests
Completed 1020 requests
Finished 1024 requests


Server Software:        
Server Hostname:        192.168.4.33
Server Port:            8080

Document Path:          /
Document Length:        190 bytes

Concurrency Level:      4
Time taken for tests:   11.176 seconds
Complete requests:      1024
Failed requests:        707
   (Connect: 0, Receive: 0, Length: 707, Exceptions: 0)
Total transferred:      292164 bytes
Total body sent:        242688
HTML transferred:       193860 bytes
Requests per second:    91.62 [#/sec] (mean)
Time per request:       43.656 [ms] (mean)
Time per request:       10.914 [ms] (mean, across all concurrent requests)
Transfer rate:          25.53 [Kbytes/sec] received
                        21.21 kb/s sent
                        46.74 kb/s total

Connection Times (ms)
              min  mean[+/-sd] median   max
Connect:        0    0   0.4      0       8
Processing:    11   43  12.9     42     100
Waiting:       11   43  12.9     42     100
Total:         16   44  12.8     42     100

Percentage of the requests served within a certain time (ms)
  50%     42
  66%     46
  75%     50
  80%     52
  90%     60
  95%     67
  98%     80
  99%     87
 100%    100 (longest request)
