This is ApacheBench, Version 2.3 <$Revision: 1879490 $>
Copyright 1996 Adam Twiss, Zeus Technology Ltd, http://www.zeustech.net/
Licensed to The Apache Software Foundation, http://www.apache.org/

Benchmarking 172.18.0.2 (be patient).....done


Server Software:        
Server Hostname:        172.18.0.2
Server Port:            8080

Document Path:          /
Document Length:        1073 bytes

Concurrency Level:      4
Time taken for tests:   8.460 seconds
Complete requests:      20
Failed requests:        14
   (Connect: 0, Receive: 0, Length: 14, Exceptions: 0)
Total transferred:      23383 bytes
Total body sent:        5680
HTML transferred:       21443 bytes
Requests per second:    2.36 [#/sec] (mean)
Time per request:       1691.932 [ms] (mean)
Time per request:       422.983 [ms] (mean, across all concurrent requests)
Transfer rate:          2.70 [Kbytes/sec] received
                        0.66 kb/s sent
                        3.35 kb/s total

Connection Times (ms)
              min  mean[+/-sd] median   max
Connect:        0    0   0.0      0       0
Processing:    50 1008 1928.3     67    5158
Waiting:       50 1008 1928.3     67    5158
Total:         50 1008 1928.3     67    5158

Percentage of the requests served within a certain time (ms)
  50%     67
  66%     68
  75%    457
  80%   3301
  90%   5158
  95%   5158
  98%   5158
  99%   5158
 100%   5158 (longest request)
