This is ApacheBench, Version 2.3 <$Revision: 1879490 $>
Copyright 1996 Adam Twiss, Zeus Technology Ltd, http://www.zeustech.net/
Licensed to The Apache Software Foundation, http://www.apache.org/

Benchmarking 172.18.0.2 (be patient).....done


Server Software:        
Server Hostname:        172.18.0.2
Server Port:            8080

Document Path:          /
Document Length:        1073 bytes

Concurrency Level:      4
Time taken for tests:   0.304 seconds
Complete requests:      20
Failed requests:        12
   (Connect: 0, Receive: 0, Length: 12, Exceptions: 0)
Total transferred:      23379 bytes
Total body sent:        5680
HTML transferred:       21439 bytes
Requests per second:    65.84 [#/sec] (mean)
Time per request:       60.753 [ms] (mean)
Time per request:       15.188 [ms] (mean, across all concurrent requests)
Transfer rate:          75.16 [Kbytes/sec] received
                        18.26 kb/s sent
                        93.42 kb/s total

Connection Times (ms)
              min  mean[+/-sd] median   max
Connect:        0    0   0.0      0       0
Processing:    30   55   8.3     56      67
Waiting:       30   55   8.4     56      67
Total:         30   55   8.3     56      67

Percentage of the requests served within a certain time (ms)
  50%     56
  66%     59
  75%     60
  80%     60
  90%     67
  95%     67
  98%     67
  99%     67
 100%     67 (longest request)
