time="2023-04-08T10:03:16-04:00" level=info msg="Called startVMM(), setting up a VMM on /tmp/testtap.socket"
time="2023-04-08T10:03:16-04:00" level=info msg="VMM logging disabled."
time="2023-04-08T10:03:16-04:00" level=info msg="VMM metrics disabled."
time="2023-04-08T10:03:16-04:00" level=info msg="refreshMachineConfiguration: [GET /machine-config][200] getMachineConfigurationOK  &{CPUTemplate:Uninitialized HtEnabled:0xc00008e094 MemSizeMib:0xc00008e088 VcpuCount:0xc00008e080}"
time="2023-04-08T10:03:16-04:00" level=info msg="PutGuestBootSource: [PUT /boot-source][204] putGuestBootSourceNoContent "
time="2023-04-08T10:03:16-04:00" level=info msg="Attaching drive /tmp/test-proxy/polyglot-proxy.img, slot 1, root true."
time="2023-04-08T10:03:16-04:00" level=info msg="Attached drive /tmp/test-proxy/polyglot-proxy.img: [PUT /drives/{drive_id}][204] putGuestDriveByIdNoContent "
time="2023-04-08T10:03:16-04:00" level=info msg="Attaching NIC testtap (hwaddr DE:AD:BE:EF:2C:33) at index 1"
2023-04-08T10:03:16.775118265 [anonymous-instance:main:WARN:src/vmm/src/builder.rs:599] Could not add serial input event to epoll: Error during epoll call: Operation not permitted (os error 1)
time="2023-04-08T10:03:16-04:00" level=info msg="startInstance successful: [PUT /actions][204] createSyncActionNoContent "
[    0.012000] dmi: Firmware registration failed.
[    0.036114] zswap: default zpool zbud not available
[    0.036359] zswap: pool creation failed
Graalvisor boot time: 162 ms.
Graalvisor listening on port 8080.
Warning: graalvisor compiled with no truffle language support.
Function dynamichtml registered with context sandboxing in 691 ms
[thread 41] New context sandbox 139654784352256 in 31 us
[thread 40] Creating context org.graalvm.polyglot.Context@225838
[thread 45] New context sandbox 139654784352256 in 8 us
[thread 53] Creating context org.graalvm.polyglot.Context@49d43909
[thread 46] New context sandbox 139654784352256 in 7 us
[thread 54] Creating context org.graalvm.polyglot.Context@4b2b40f3
[thread 47] New context sandbox 139654784352256 in 6 us
[thread 55] Creating context org.graalvm.polyglot.Context@2f214019
time="2023-04-08T10:03:27-04:00" level=warning msg="firecracker exited: signal: terminated"
time="2023-04-08T10:03:27-04:00" level=fatal msg="Wait returned an error 1 error occurred:\n\t* signal: terminated\n\n"
