This is ApacheBench, Version 2.3 <$Revision: 1879490 $>
Copyright 1996 Adam Twiss, Zeus Technology Ltd, http://www.zeustech.net/
Licensed to The Apache Software Foundation, http://www.apache.org/

Benchmarking 172.18.0.2 (be patient)
Completed 204 requests
Completed 408 requests
Completed 612 requests
Completed 816 requests
Completed 1020 requests
Completed 1224 requests
Completed 1428 requests
Completed 1632 requests
Completed 1836 requests
Completed 2040 requests
Finished 2048 requests


Server Software:        
Server Hostname:        172.18.0.2
Server Port:            8080

Document Path:          /
Document Length:        186 bytes

Concurrency Level:      8
Time taken for tests:   4.068 seconds
Complete requests:      2048
Failed requests:        1909
   (Connect: 0, Receive: 0, Length: 1909, Exceptions: 0)
Total transferred:      575823 bytes
Total body sent:        479232
HTML transferred:       379215 bytes
Requests per second:    503.46 [#/sec] (mean)
Time per request:       15.890 [ms] (mean)
Time per request:       1.986 [ms] (mean, across all concurrent requests)
Transfer rate:          138.24 [Kbytes/sec] received
                        115.05 kb/s sent
                        253.28 kb/s total

Connection Times (ms)
              min  mean[+/-sd] median   max
Connect:        0    0   0.7      0      23
Processing:     0   16  89.8      4    1037
Waiting:        0   15  89.7      4    1036
Total:          0   16  89.8      4    1037

Percentage of the requests served within a certain time (ms)
  50%      4
  66%      7
  75%      9
  80%     11
  90%     21
  95%     28
  98%     34
  99%     46
 100%   1037 (longest request)
