time="2023-04-08T10:13:48-04:00" level=info msg="Called startVMM(), setting up a VMM on /tmp/testtap.socket"
time="2023-04-08T10:13:48-04:00" level=info msg="VMM logging disabled."
time="2023-04-08T10:13:48-04:00" level=info msg="VMM metrics disabled."
time="2023-04-08T10:13:48-04:00" level=info msg="refreshMachineConfiguration: [GET /machine-config][200] getMachineConfigurationOK  &{CPUTemplate:Uninitialized HtEnabled:0xc000720304 MemSizeMib:0xc0007202f8 VcpuCount:0xc0007202f0}"
time="2023-04-08T10:13:48-04:00" level=info msg="PutGuestBootSource: [PUT /boot-source][204] putGuestBootSourceNoContent "
time="2023-04-08T10:13:48-04:00" level=info msg="Attaching drive /tmp/test-proxy/polyglot-proxy.img, slot 1, root true."
time="2023-04-08T10:13:48-04:00" level=info msg="Attached drive /tmp/test-proxy/polyglot-proxy.img: [PUT /drives/{drive_id}][204] putGuestDriveByIdNoContent "
time="2023-04-08T10:13:48-04:00" level=info msg="Attaching NIC testtap (hwaddr DE:AD:BE:EF:FC:D1) at index 1"
2023-04-08T10:13:48.720889650 [anonymous-instance:main:WARN:src/vmm/src/builder.rs:599] Could not add serial input event to epoll: Error during epoll call: Operation not permitted (os error 1)
time="2023-04-08T10:13:48-04:00" level=info msg="startInstance successful: [PUT /actions][204] createSyncActionNoContent "
[    0.012198] dmi: Firmware registration failed.
[    0.040660] zswap: default zpool zbud not available
[    0.040926] zswap: pool creation failed
Graalvisor boot time: 171 ms.
Graalvisor listening on port 8080.
Warning: graalvisor compiled with no truffle language support.
Function uploader registered with process sandboxing in 339 ms
[thread 1] Creating context org.graalvm.polyglot.Context@4519bd69
[thread 41] New process sandbox 463 in 238 us
[thread 1] Creating context org.graalvm.polyglot.Context@3961aef5
[thread 52] New process sandbox 479 in 748 us
[thread 53] New process sandbox 480 in 355 us
[thread 50] New process sandbox 478 in 5414 us
[thread 51] New process sandbox 481 in 343 us
[thread 54] New process sandbox 490 in 762 us
[thread 55] New process sandbox 491 in 481 us
[thread 56] New process sandbox 493 in 362 us
[thread 1] Creating context org.graalvm.polyglot.Context@78e593b
[thread 1] Creating context org.graalvm.polyglot.Context@6a8d436c
[thread 1] Creating context org.graalvm.polyglot.Context@1d91809f
[thread 1] Creating context org.graalvm.polyglot.Context@22363b56
[thread 1] Creating context org.graalvm.polyglot.Context@67ed780
[thread 1] Creating context org.graalvm.polyglot.Context@20469ef4
[thread 1] Creating context org.graalvm.polyglot.Context@7b52b675
time="2023-04-08T10:14:45-04:00" level=warning msg="firecracker exited: signal: terminated"
time="2023-04-08T10:14:45-04:00" level=fatal msg="Wait returned an error 1 error occurred:\n\t* signal: terminated\n\n"
