This is ApacheBench, Version 2.3 <$Revision: 1879490 $>
Copyright 1996 Adam Twiss, Zeus Technology Ltd, http://www.zeustech.net/
Licensed to The Apache Software Foundation, http://www.apache.org/

Benchmarking 172.18.0.2 (be patient).....done


Server Software:        
Server Hostname:        172.18.0.2
Server Port:            8080

Document Path:          /
Document Length:        1072 bytes

Concurrency Level:      1
Time taken for tests:   1.355 seconds
Complete requests:      5
Failed requests:        4
   (Connect: 0, Receive: 0, Length: 4, Exceptions: 0)
Total transferred:      5848 bytes
Total body sent:        1420
HTML transferred:       5363 bytes
Requests per second:    3.69 [#/sec] (mean)
Time per request:       270.912 [ms] (mean)
Time per request:       270.912 [ms] (mean, across all concurrent requests)
Transfer rate:          4.22 [Kbytes/sec] received
                        1.02 kb/s sent
                        5.24 kb/s total

Connection Times (ms)
              min  mean[+/-sd] median   max
Connect:        0    0   0.1      0       0
Processing:   200  271  66.7    286     367
Waiting:      200  271  66.7    285     367
Total:        200  271  66.7    286     367

Percentage of the requests served within a certain time (ms)
  50%    283
  66%    288
  75%    288
  80%    367
  90%    367
  95%    367
  98%    367
  99%    367
 100%    367 (longest request)
