This is ApacheBench, Version 2.3 <$Revision: 1879490 $>
Copyright 1996 Adam Twiss, Zeus Technology Ltd, http://www.zeustech.net/
Licensed to The Apache Software Foundation, http://www.apache.org/

Benchmarking 172.18.0.2 (be patient).....done


Server Software:        
Server Hostname:        172.18.0.2
Server Port:            8080

Document Path:          /
Document Length:        71 bytes

Concurrency Level:      1
Time taken for tests:   4.297 seconds
Complete requests:      10
Failed requests:        0
Total transferred:      1660 bytes
Total body sent:        3970
HTML transferred:       710 bytes
Requests per second:    2.33 [#/sec] (mean)
Time per request:       429.692 [ms] (mean)
Time per request:       429.692 [ms] (mean, across all concurrent requests)
Transfer rate:          0.38 [Kbytes/sec] received
                        0.90 kb/s sent
                        1.28 kb/s total

Connection Times (ms)
              min  mean[+/-sd] median   max
Connect:        0    0   0.1      0       0
Processing:   393  429  93.4    400     695
Waiting:      393  429  93.4    400     695
Total:        393  430  93.5    400     695

Percentage of the requests served within a certain time (ms)
  50%    400
  66%    404
  75%    404
  80%    406
  90%    695
  95%    695
  98%    695
  99%    695
 100%    695 (longest request)
