time="2023-04-05T18:53:59-04:00" level=info msg="Called startVMM(), setting up a VMM on /tmp/testtap.socket"
time="2023-04-05T18:53:59-04:00" level=info msg="VMM logging disabled."
time="2023-04-05T18:53:59-04:00" level=info msg="VMM metrics disabled."
time="2023-04-05T18:53:59-04:00" level=info msg="refreshMachineConfiguration: [GET /machine-config][200] getMachineConfigurationOK  &{CPUTemplate:Uninitialized HtEnabled:0xc0005958b4 MemSizeMib:0xc0005958a8 VcpuCount:0xc0005958a0}"
time="2023-04-05T18:53:59-04:00" level=info msg="PutGuestBootSource: [PUT /boot-source][204] putGuestBootSourceNoContent "
time="2023-04-05T18:53:59-04:00" level=info msg="Attaching drive /tmp/test-proxy/polyglot-proxy.img, slot 1, root true."
time="2023-04-05T18:53:59-04:00" level=info msg="Attached drive /tmp/test-proxy/polyglot-proxy.img: [PUT /drives/{drive_id}][204] putGuestDriveByIdNoContent "
time="2023-04-05T18:53:59-04:00" level=info msg="Attaching NIC testtap (hwaddr DE:AD:BE:EF:6A:48) at index 1"
2023-04-05T18:53:59.365855567 [anonymous-instance:main:WARN:src/vmm/src/builder.rs:599] Could not add serial input event to epoll: Error during epoll call: Operation not permitted (os error 1)
time="2023-04-05T18:53:59-04:00" level=info msg="startInstance successful: [PUT /actions][204] createSyncActionNoContent "
[    0.047591] dmi: Firmware registration failed.
[    0.096444] zswap: default zpool zbud not available
[    0.097289] zswap: pool creation failed
Graalvisor boot time: 370 ms.
Graalvisor listening on port 8080.
Warning: graalvisor compiled with no truffle language support.
Function httprequest registered with isolate sandboxing in 130 ms
[thread 40] New isolate sandbox 140425431089152 in 2270 us
time="2023-04-05T18:54:44-04:00" level=warning msg="firecracker exited: signal: terminated"
time="2023-04-05T18:54:44-04:00" level=fatal msg="Wait returned an error 1 error occurred:\n\t* signal: terminated\n\n"
