This is ApacheBench, Version 2.3 <$Revision: 1879490 $>
Copyright 1996 Adam Twiss, Zeus Technology Ltd, http://www.zeustech.net/
Licensed to The Apache Software Foundation, http://www.apache.org/

Benchmarking 172.18.0.2 (be patient).....done


Server Software:        
Server Hostname:        172.18.0.2
Server Port:            8080

Document Path:          /
Document Length:        86 bytes

Concurrency Level:      1
Time taken for tests:   13.364 seconds
Complete requests:      5
Failed requests:        0
Total transferred:      905 bytes
Total body sent:        1195
HTML transferred:       430 bytes
Requests per second:    0.37 [#/sec] (mean)
Time per request:       2672.728 [ms] (mean)
Time per request:       2672.728 [ms] (mean, across all concurrent requests)
Transfer rate:          0.07 [Kbytes/sec] received
                        0.09 kb/s sent
                        0.15 kb/s total

Connection Times (ms)
              min  mean[+/-sd] median   max
Connect:        0    0   0.1      0       0
Processing:  1387 2673 1769.5   2433    5694
Waiting:     1386 2672 1769.2   2433    5693
Total:       1387 2673 1769.5   2433    5694

Percentage of the requests served within a certain time (ms)
  50%   2277
  66%   2589
  75%   2589
  80%   5694
  90%   5694
  95%   5694
  98%   5694
  99%   5694
 100%   5694 (longest request)
