time="2023-04-08T09:48:04-04:00" level=info msg="Called startVMM(), setting up a VMM on /tmp/testtap.socket"
time="2023-04-08T09:48:04-04:00" level=info msg="VMM logging disabled."
time="2023-04-08T09:48:04-04:00" level=info msg="VMM metrics disabled."
time="2023-04-08T09:48:04-04:00" level=info msg="refreshMachineConfiguration: [GET /machine-config][200] getMachineConfigurationOK  &{CPUTemplate:Uninitialized HtEnabled:0xc00050e0ec MemSizeMib:0xc00050e0e0 VcpuCount:0xc00050e0d8}"
time="2023-04-08T09:48:04-04:00" level=info msg="PutGuestBootSource: [PUT /boot-source][204] putGuestBootSourceNoContent "
time="2023-04-08T09:48:04-04:00" level=info msg="Attaching drive /tmp/test-proxy/polyglot-proxy.img, slot 1, root true."
time="2023-04-08T09:48:04-04:00" level=info msg="Attached drive /tmp/test-proxy/polyglot-proxy.img: [PUT /drives/{drive_id}][204] putGuestDriveByIdNoContent "
time="2023-04-08T09:48:04-04:00" level=info msg="Attaching NIC testtap (hwaddr DE:AD:BE:EF:EA:33) at index 1"
2023-04-08T09:48:04.897009529 [anonymous-instance:main:WARN:src/vmm/src/builder.rs:599] Could not add serial input event to epoll: Error during epoll call: Operation not permitted (os error 1)
time="2023-04-08T09:48:04-04:00" level=info msg="startInstance successful: [PUT /actions][204] createSyncActionNoContent "
[    0.012000] dmi: Firmware registration failed.
[    0.040850] zswap: default zpool zbud not available
[    0.041096] zswap: pool creation failed
Graalvisor boot time: 167 ms.
Graalvisor listening on port 8080.
Warning: graalvisor compiled with no truffle language support.
Function httprequest registered with isolate sandboxing in 35 ms
[thread 41] New isolate sandbox 140492674170880 in 722 us
[thread 49] New isolate sandbox 140457978888192 in 481 us
[thread 50] New isolate sandbox 140423618101248 in 657 us
[thread 51] New isolate sandbox 140389257314304 in 439 us
[thread 52] New isolate sandbox 140354896527360 in 740 us
[thread 53] New isolate sandbox 140320535740416 in 427 us
[thread 54] New isolate sandbox 140286174953472 in 427 us
[thread 55] New isolate sandbox 140251814166528 in 657 us
time="2023-04-08T09:48:11-04:00" level=warning msg="firecracker exited: signal: terminated"
time="2023-04-08T09:48:11-04:00" level=fatal msg="Wait returned an error 1 error occurred:\n\t* signal: terminated\n\n"
