This is ApacheBench, Version 2.3 <$Revision: 1879490 $>
Copyright 1996 Adam Twiss, Zeus Technology Ltd, http://www.zeustech.net/
Licensed to The Apache Software Foundation, http://www.apache.org/

Benchmarking 172.18.0.2 (be patient).....done


Server Software:        
Server Hostname:        172.18.0.2
Server Port:            8080

Document Path:          /
Document Length:        84 bytes

Concurrency Level:      4
Time taken for tests:   0.352 seconds
Complete requests:      20
Failed requests:        0
Total transferred:      3580 bytes
Total body sent:        4680
HTML transferred:       1680 bytes
Requests per second:    56.81 [#/sec] (mean)
Time per request:       70.414 [ms] (mean)
Time per request:       17.604 [ms] (mean, across all concurrent requests)
Transfer rate:          9.93 [Kbytes/sec] received
                        12.98 kb/s sent
                        22.91 kb/s total

Connection Times (ms)
              min  mean[+/-sd] median   max
Connect:        0    0   0.0      0       0
Processing:    32   65  11.5     66      88
Waiting:       32   65  11.5     66      88
Total:         32   65  11.5     67      88

Percentage of the requests served within a certain time (ms)
  50%     67
  66%     68
  75%     73
  80%     74
  90%     77
  95%     88
  98%     88
  99%     88
 100%     88 (longest request)
