100000 100000
1388585
Added process 1388585 to cgroup experiments with a quota of 100000 out of 100000.
pid 1388585's current affinity list: 0-7
pid 1388585's new affinity list: 0
Pinned process 1388585 to core 0.
100000 100000
1388797
Added process 1388797 to cgroup experiments with a quota of 100000 out of 100000.
pid 1388797's current affinity list: 0-7
pid 1388797's new affinity list: 0
Pinned process 1388797 to core 0.
100000 100000
1389014
Added process 1389014 to cgroup experiments with a quota of 100000 out of 100000.
pid 1389014's current affinity list: 0-7
pid 1389014's new affinity list: 0
Pinned process 1389014 to core 0.
100000 100000
1389258
Added process 1389258 to cgroup experiments with a quota of 100000 out of 100000.
pid 1389258's current affinity list: 0-7
pid 1389258's new affinity list: 0
Pinned process 1389258 to core 0.
100000 100000
1389482
Added process 1389482 to cgroup experiments with a quota of 100000 out of 100000.
pid 1389482's current affinity list: 0-7
pid 1389482's new affinity list: 0
Pinned process 1389482 to core 0.
