{
  "result" : "{'result': 'Hello world from py!'}",
  "process time" : 12287
}
Time taken: 12346793 us
{
  "result" : "{'result': 'Hello world from py!'}",
  "process time" : 12
}
Time taken: 54264 us
{
  "result" : "{'result': 'Hello world from py!'}",
  "process time" : 3
}
Time taken: 56006 us
{
  "result" : "{'result': 'Hello world from py!'}",
  "process time" : 3
}
Time taken: 44755 us
{
  "result" : "{'result': 'Hello world from py!'}",
  "process time" : 2
}
Time taken: 33187 us
{
  "result" : "{'result': 'Hello world from py!'}",
  "process time" : 2
}
Time taken: 32654 us
{
  "result" : "{'result': 'Hello world from py!'}",
  "process time" : 3
}
Time taken: 39828 us
{
  "result" : "{'result': 'Hello world from py!'}",
  "process time" : 5
}
Time taken: 46034 us
{
  "result" : "{'result': 'Hello world from py!'}",
  "process time" : 4
}
Time taken: 42919 us
{
  "result" : "{'result': 'Hello world from py!'}",
  "process time" : 3
}
Time taken: 43446 us
