{
  "result" : "Promise{[[PromiseStatus]]: \"rejected\", [[PromiseValue]]: TypeError: Cannot read property 'Symbol(Symbol.iterator)' of null}",
  "process time (us)" : 117271
}
Time taken: 126545 us
{
  "result" : "Error happens during parsing/ polyglot function at line SourceSection(source=Unnamed [1:1 - 18:2], index=0, length=724, characters=function random(b, e) {\\n    return Math.round(Math.random() * (e - b) + b);\\n}\\n\\nconst main = async function (args) {\\n    const output = new Map();\\n    const args_split = args.split(\";\");\\n    let url = args_split[0];\\n    let username = args_split[1];\\n    let nsize = args_split[2];\\n    var random_numbers = new Array(nsize);\\n    for(var i = 0; i < nsize; ++i) {\\n        random_numbers[i] = random(0, 100);\\n    }\\n    let template_args = \"{ \\\"cur_time\\\": \\\"\" + new Date().toLocaleString() + \"\\\", \\\"username\\\" : \\\"\" + username  + \"\\\", \\\"random_numbers\\\": [\" + random_numbers + \"]}\";\\n    output.set(\"result\", polyHostAccess.mustache(String.fromCharCode(...polyHostAccess.downloadBytes(url)), template_args));\\n    return output;\\n}\\n): SyntaxError: Variable \"main\" has already been declared",
  "process time (us)" : 1796
}
Time taken: 8123 us
{
  "result" : "Error happens during parsing/ polyglot function at line SourceSection(source=Unnamed [1:1 - 18:2], index=0, length=724, characters=function random(b, e) {\\n    return Math.round(Math.random() * (e - b) + b);\\n}\\n\\nconst main = async function (args) {\\n    const output = new Map();\\n    const args_split = args.split(\";\");\\n    let url = args_split[0];\\n    let username = args_split[1];\\n    let nsize = args_split[2];\\n    var random_numbers = new Array(nsize);\\n    for(var i = 0; i < nsize; ++i) {\\n        random_numbers[i] = random(0, 100);\\n    }\\n    let template_args = \"{ \\\"cur_time\\\": \\\"\" + new Date().toLocaleString() + \"\\\", \\\"username\\\" : \\\"\" + username  + \"\\\", \\\"random_numbers\\\": [\" + random_numbers + \"]}\";\\n    output.set(\"result\", polyHostAccess.mustache(String.fromCharCode(...polyHostAccess.downloadBytes(url)), template_args));\\n    return output;\\n}\\n): SyntaxError: Variable \"main\" has already been declared",
  "process time (us)" : 1354
}
Time taken: 7078 us
{
  "result" : "Error happens during parsing/ polyglot function at line SourceSection(source=Unnamed [1:1 - 18:2], index=0, length=724, characters=function random(b, e) {\\n    return Math.round(Math.random() * (e - b) + b);\\n}\\n\\nconst main = async function (args) {\\n    const output = new Map();\\n    const args_split = args.split(\";\");\\n    let url = args_split[0];\\n    let username = args_split[1];\\n    let nsize = args_split[2];\\n    var random_numbers = new Array(nsize);\\n    for(var i = 0; i < nsize; ++i) {\\n        random_numbers[i] = random(0, 100);\\n    }\\n    let template_args = \"{ \\\"cur_time\\\": \\\"\" + new Date().toLocaleString() + \"\\\", \\\"username\\\" : \\\"\" + username  + \"\\\", \\\"random_numbers\\\": [\" + random_numbers + \"]}\";\\n    output.set(\"result\", polyHostAccess.mustache(String.fromCharCode(...polyHostAccess.downloadBytes(url)), template_args));\\n    return output;\\n}\\n): SyntaxError: Variable \"main\" has already been declared",
  "process time (us)" : 1351
}
Time taken: 7330 us
{
  "result" : "Error happens during parsing/ polyglot function at line SourceSection(source=Unnamed [1:1 - 18:2], index=0, length=724, characters=function random(b, e) {\\n    return Math.round(Math.random() * (e - b) + b);\\n}\\n\\nconst main = async function (args) {\\n    const output = new Map();\\n    const args_split = args.split(\";\");\\n    let url = args_split[0];\\n    let username = args_split[1];\\n    let nsize = args_split[2];\\n    var random_numbers = new Array(nsize);\\n    for(var i = 0; i < nsize; ++i) {\\n        random_numbers[i] = random(0, 100);\\n    }\\n    let template_args = \"{ \\\"cur_time\\\": \\\"\" + new Date().toLocaleString() + \"\\\", \\\"username\\\" : \\\"\" + username  + \"\\\", \\\"random_numbers\\\": [\" + random_numbers + \"]}\";\\n    output.set(\"result\", polyHostAccess.mustache(String.fromCharCode(...polyHostAccess.downloadBytes(url)), template_args));\\n    return output;\\n}\\n): SyntaxError: Variable \"main\" has already been declared",
  "process time (us)" : 1364
}
Time taken: 7141 us
{
  "result" : "Error happens during parsing/ polyglot function at line SourceSection(source=Unnamed [1:1 - 18:2], index=0, length=724, characters=function random(b, e) {\\n    return Math.round(Math.random() * (e - b) + b);\\n}\\n\\nconst main = async function (args) {\\n    const output = new Map();\\n    const args_split = args.split(\";\");\\n    let url = args_split[0];\\n    let username = args_split[1];\\n    let nsize = args_split[2];\\n    var random_numbers = new Array(nsize);\\n    for(var i = 0; i < nsize; ++i) {\\n        random_numbers[i] = random(0, 100);\\n    }\\n    let template_args = \"{ \\\"cur_time\\\": \\\"\" + new Date().toLocaleString() + \"\\\", \\\"username\\\" : \\\"\" + username  + \"\\\", \\\"random_numbers\\\": [\" + random_numbers + \"]}\";\\n    output.set(\"result\", polyHostAccess.mustache(String.fromCharCode(...polyHostAccess.downloadBytes(url)), template_args));\\n    return output;\\n}\\n): SyntaxError: Variable \"main\" has already been declared",
  "process time (us)" : 1437
}
Time taken: 7565 us
{
  "result" : "Error happens during parsing/ polyglot function at line SourceSection(source=Unnamed [1:1 - 18:2], index=0, length=724, characters=function random(b, e) {\\n    return Math.round(Math.random() * (e - b) + b);\\n}\\n\\nconst main = async function (args) {\\n    const output = new Map();\\n    const args_split = args.split(\";\");\\n    let url = args_split[0];\\n    let username = args_split[1];\\n    let nsize = args_split[2];\\n    var random_numbers = new Array(nsize);\\n    for(var i = 0; i < nsize; ++i) {\\n        random_numbers[i] = random(0, 100);\\n    }\\n    let template_args = \"{ \\\"cur_time\\\": \\\"\" + new Date().toLocaleString() + \"\\\", \\\"username\\\" : \\\"\" + username  + \"\\\", \\\"random_numbers\\\": [\" + random_numbers + \"]}\";\\n    output.set(\"result\", polyHostAccess.mustache(String.fromCharCode(...polyHostAccess.downloadBytes(url)), template_args));\\n    return output;\\n}\\n): SyntaxError: Variable \"main\" has already been declared",
  "process time (us)" : 1632
}
Time taken: 7751 us
{
  "result" : "Error happens during parsing/ polyglot function at line SourceSection(source=Unnamed [1:1 - 18:2], index=0, length=724, characters=function random(b, e) {\\n    return Math.round(Math.random() * (e - b) + b);\\n}\\n\\nconst main = async function (args) {\\n    const output = new Map();\\n    const args_split = args.split(\";\");\\n    let url = args_split[0];\\n    let username = args_split[1];\\n    let nsize = args_split[2];\\n    var random_numbers = new Array(nsize);\\n    for(var i = 0; i < nsize; ++i) {\\n        random_numbers[i] = random(0, 100);\\n    }\\n    let template_args = \"{ \\\"cur_time\\\": \\\"\" + new Date().toLocaleString() + \"\\\", \\\"username\\\" : \\\"\" + username  + \"\\\", \\\"random_numbers\\\": [\" + random_numbers + \"]}\";\\n    output.set(\"result\", polyHostAccess.mustache(String.fromCharCode(...polyHostAccess.downloadBytes(url)), template_args));\\n    return output;\\n}\\n): SyntaxError: Variable \"main\" has already been declared",
  "process time (us)" : 1980
}
Time taken: 9365 us
{
  "result" : "Error happens during parsing/ polyglot function at line SourceSection(source=Unnamed [1:1 - 18:2], index=0, length=724, characters=function random(b, e) {\\n    return Math.round(Math.random() * (e - b) + b);\\n}\\n\\nconst main = async function (args) {\\n    const output = new Map();\\n    const args_split = args.split(\";\");\\n    let url = args_split[0];\\n    let username = args_split[1];\\n    let nsize = args_split[2];\\n    var random_numbers = new Array(nsize);\\n    for(var i = 0; i < nsize; ++i) {\\n        random_numbers[i] = random(0, 100);\\n    }\\n    let template_args = \"{ \\\"cur_time\\\": \\\"\" + new Date().toLocaleString() + \"\\\", \\\"username\\\" : \\\"\" + username  + \"\\\", \\\"random_numbers\\\": [\" + random_numbers + \"]}\";\\n    output.set(\"result\", polyHostAccess.mustache(String.fromCharCode(...polyHostAccess.downloadBytes(url)), template_args));\\n    return output;\\n}\\n): SyntaxError: Variable \"main\" has already been declared",
  "process time (us)" : 1711
}
Time taken: 9502 us
{
  "result" : "Error happens during parsing/ polyglot function at line SourceSection(source=Unnamed [1:1 - 18:2], index=0, length=724, characters=function random(b, e) {\\n    return Math.round(Math.random() * (e - b) + b);\\n}\\n\\nconst main = async function (args) {\\n    const output = new Map();\\n    const args_split = args.split(\";\");\\n    let url = args_split[0];\\n    let username = args_split[1];\\n    let nsize = args_split[2];\\n    var random_numbers = new Array(nsize);\\n    for(var i = 0; i < nsize; ++i) {\\n        random_numbers[i] = random(0, 100);\\n    }\\n    let template_args = \"{ \\\"cur_time\\\": \\\"\" + new Date().toLocaleString() + \"\\\", \\\"username\\\" : \\\"\" + username  + \"\\\", \\\"random_numbers\\\": [\" + random_numbers + \"]}\";\\n    output.set(\"result\", polyHostAccess.mustache(String.fromCharCode(...polyHostAccess.downloadBytes(url)), template_args));\\n    return output;\\n}\\n): SyntaxError: Variable \"main\" has already been declared",
  "process time (us)" : 2333
}
Time taken: 10712 us
