time="2022-08-29T11:46:59+01:00" level=info msg="Called startVMM(), setting up a VMM on /tmp/test-proxy/polyglot-proxy.img.socket"
time="2022-08-29T11:46:59+01:00" level=info msg="VMM logging disabled."
time="2022-08-29T11:46:59+01:00" level=info msg="VMM metrics disabled."
time="2022-08-29T11:46:59+01:00" level=info msg="refreshMachineConfiguration: [GET /machine-config][200] getMachineConfigurationOK  &{CPUTemplate:Uninitialized HtEnabled:0xc00008e323 MemSizeMib:0xc00008e318 VcpuCount:0xc00008e310}"
time="2022-08-29T11:46:59+01:00" level=info msg="PutGuestBootSource: [PUT /boot-source][204] putGuestBootSourceNoContent "
time="2022-08-29T11:46:59+01:00" level=info msg="Attaching drive /tmp/test-proxy/polyglot-proxy.img, slot 1, root true."
time="2022-08-29T11:46:59+01:00" level=info msg="Attached drive /tmp/test-proxy/polyglot-proxy.img: [PUT /drives/{drive_id}][204] putGuestDriveByIdNoContent "
time="2022-08-29T11:46:59+01:00" level=info msg="Attaching NIC testtap (hwaddr DE:AD:BE:EF:A5:F7) at index 1"
2022-08-29T11:46:59.544835688 [anonymous-instance:main:WARN:src/vmm/src/builder.rs:599] Could not add serial input event to epoll: Error during epoll call: Operation not permitted (os error 1)
time="2022-08-29T11:46:59+01:00" level=info msg="startInstance successful: [PUT /actions][204] createSyncActionNoContent "
[    0.012000] dmi: Firmware registration failed.
[    0.037385] zswap: default zpool zbud not available
[    0.037635] zswap: pool creation failed
Polyglot Lambda boot time: 235
Function registered! time took: 0ms
[Foreground thread 48] Executing request http://194.210.228.197:8000/template.html;rbruno;10 in background
[Background thread 49] Creating isolate
[Background thread 49] Executing request http://194.210.228.197:8000/template.html;rbruno;10 in background
[To redirect Truffle log output to a file use one of the following options:
* '--log.file=<path>' if the option is passed using a guest language launcher.
* '-Dpolyglot.log.file=<path>' if the option is passed using the host Java launcher.
* Configure logging using the polyglot embedding API.]
[python::PythonContext] WARNING: could not determine Graal.Python's standard library path. You need to pass --python.StdLibHome if you want to use the standard library.
[python::PythonContext] WARNING: could not determine Graal.Python's sys prefix path - you may need to pass --python.SysPrefix.
[python::PythonContext] WARNING: could not determine Graal.Python's core path - you may need to pass --python.CoreHome.
[python::PythonContext] WARNING: could not determine Graal.Python's C API library path. You need to pass --python.CAPI if you want to use the C extension modules.
[python::PythonContext] WARNING: could not determine Graal.Python's C API library path. You need to pass --python.CAPI if you want to use the C extension modules.
[python::PythonContext] WARNING: could not determine Graal.Python's JNI library. You need to pass --python.JNILibrary if you want to run, for example, binary HPy extension modules.
java.net.ConnectException: Connection refused (Connection refused)
	at com.oracle.svm.jni.JNIJavaCallWrappers.jniInvoke_VA_LIST_ConnectException_constructor_026ed3e065cc052585fca43de83265b2d1381f28(JNIJavaCallWrappers.java:0)
	at java.net.PlainSocketImpl.socketConnect(PlainSocketImpl.java)
	at java.net.AbstractPlainSocketImpl.doConnect(AbstractPlainSocketImpl.java:412)
	at java.net.AbstractPlainSocketImpl.connectToAddress(AbstractPlainSocketImpl.java:255)
	at java.net.AbstractPlainSocketImpl.connect(AbstractPlainSocketImpl.java:237)
	at java.net.Socket.connect(Socket.java:608)
	at java.net.Socket.connect(Socket.java:557)
	at sun.net.NetworkClient.doConnect(NetworkClient.java:182)
	at sun.net.www.http.HttpClient.openServer(HttpClient.java:474)
	at sun.net.www.http.HttpClient.openServer(HttpClient.java:569)
	at sun.net.www.http.HttpClient.<init>(HttpClient.java:242)
	at sun.net.www.http.HttpClient.New(HttpClient.java:341)
	at sun.net.www.http.HttpClient.New(HttpClient.java:362)
	at sun.net.www.protocol.http.HttpURLConnection.getNewHttpClient(HttpURLConnection.java:1253)
	at sun.net.www.protocol.http.HttpURLConnection.plainConnect0(HttpURLConnection.java:1187)
	at sun.net.www.protocol.http.HttpURLConnection.plainConnect(HttpURLConnection.java:1081)
	at sun.net.www.protocol.http.HttpURLConnection.connect(HttpURLConnection.java:1015)
	at sun.net.www.protocol.http.HttpURLConnection.getInputStream0(HttpURLConnection.java:1592)
	at sun.net.www.protocol.http.HttpURLConnection.getInputStream(HttpURLConnection.java:1520)
	at org.graalvm.argo.lambda_proxy.engine.PolyglotHostAccess.downloadBytes(PolyglotHostAccess.java:62)
	at java.lang.reflect.Method.invoke(Method.java:566)
	at com.oracle.truffle.host.HostMethodDesc$SingleMethod$MethodReflectImpl.reflectInvoke(HostMethodDesc.java:267)
	at com.oracle.truffle.host.HostMethodDesc$SingleMethod$MethodReflectImpl.invoke(HostMethodDesc.java:258)
	at com.oracle.truffle.host.GuestToHostCodeCache$2.executeImpl(GuestToHostCodeCache.java:111)
	at com.oracle.truffle.host.GuestToHostRootNode.execute(GuestToHostRootNode.java:80)
	at org.graalvm.compiler.truffle.runtime.OptimizedCallTarget.executeRootNode(OptimizedCallTarget.java:659)
	at org.graalvm.compiler.truffle.runtime.OptimizedCallTarget.callInlined(OptimizedCallTarget.java:508)
	at org.graalvm.compiler.truffle.runtime.GraalRuntimeSupport.callInlined(GraalRuntimeSupport.java:225)
	at com.oracle.truffle.host.GuestToHostRootNode.guestToHostCall(GuestToHostRootNode.java:102)
	at com.oracle.truffle.host.HostMethodDesc$SingleMethod$ReflectBase.invokeGuestToHost(HostMethodDesc.java:236)
	at com.oracle.truffle.host.HostExecuteNode.doInvoke(HostExecuteNode.java:871)
	at com.oracle.truffle.host.HostExecuteNode.doFixed(HostExecuteNode.java:137)
	at com.oracle.truffle.host.HostExecuteNodeGen.executeAndSpecialize(HostExecuteNodeGen.java:143)
	at com.oracle.truffle.host.HostExecuteNodeGen.execute(HostExecuteNodeGen.java:96)
	at com.oracle.truffle.host.HostObject.invokeMember(HostObject.java:452)
	at com.oracle.truffle.host.HostObjectGen$InteropLibraryExports$Cached.invokeMemberNode_AndSpecialize(HostObjectGen.java:2695)
	at com.oracle.truffle.host.HostObjectGen$InteropLibraryExports$Cached.invokeMember(HostObjectGen.java:2677)
	at com.oracle.truffle.api.interop.InteropLibraryGen$CachedDispatch.invokeMember(InteropLibraryGen.java:8211)
	at com.oracle.truffle.js.nodes.function.JSFunctionCallNode$ForeignInvokeNode.executeCall(JSFunctionCallNode.java:1500)
	at com.oracle.truffle.js.nodes.function.JSFunctionCallNode.executeAndSpecialize(JSFunctionCallNode.java:305)
	at com.oracle.truffle.js.nodes.function.JSFunctionCallNode.executeCall(JSFunctionCallNode.java:250)
	at com.oracle.truffle.js.nodes.function.JSFunctionCallNode$InvokeNode.execute(JSFunctionCallNode.java:734)
	at com.oracle.truffle.js.nodes.access.GetIteratorNodeGen.execute(GetIteratorNodeGen.java:48)
	at com.oracle.truffle.js.nodes.function.SpreadArgumentNode.executeToList(SpreadArgumentNode.java:87)
	at com.oracle.truffle.js.nodes.function.JSFunctionCallNode.executeFillObjectArraySpread(JSFunctionCallNode.java:489)
	at com.oracle.truffle.js.nodes.function.JSFunctionCallNode$InvokeSpreadNode.executeFillObjectArray(JSFunctionCallNode.java:925)
	at com.oracle.truffle.js.nodes.function.JSFunctionCallNode$InvokeNNode.createArguments(JSFunctionCallNode.java:880)
	at com.oracle.truffle.js.nodes.function.JSFunctionCallNode$InvokeNode.execute(JSFunctionCallNode.java:734)
	at com.oracle.truffle.js.nodes.function.JSFunctionCallNode$InvokeNNode.executeFillObjectArray(JSFunctionCallNode.java:887)
	at com.oracle.truffle.js.nodes.function.JSFunctionCallNode$InvokeNNode.createArguments(JSFunctionCallNode.java:880)
	at com.oracle.truffle.js.nodes.function.JSFunctionCallNode$InvokeNode.execute(JSFunctionCallNode.java:734)
	at com.oracle.truffle.js.nodes.function.JSFunctionCallNode$InvokeNNode.executeFillObjectArray(JSFunctionCallNode.java:887)
	at com.oracle.truffle.js.nodes.function.JSFunctionCallNode$InvokeNNode.createArguments(JSFunctionCallNode.java:880)
	at com.oracle.truffle.js.nodes.function.JSFunctionCallNode$InvokeNode.execute(JSFunctionCallNode.java:734)
	at com.oracle.truffle.js.nodes.JavaScriptNode.executeVoid(JavaScriptNode.java:191)
	at com.oracle.truffle.js.nodes.control.AbstractBlockNode.executeVoid(AbstractBlockNode.java:80)
	at com.oracle.truffle.js.nodes.control.AbstractBlockNode.executeVoid(AbstractBlockNode.java:55)
	at org.graalvm.compiler.truffle.runtime.OptimizedBlockNode.executeGeneric(OptimizedBlockNode.java:78)
	at com.oracle.truffle.js.nodes.control.AbstractBlockNode.execute(AbstractBlockNode.java:75)
	at com.oracle.truffle.js.nodes.control.AbstractBlockNode.executeGeneric(AbstractBlockNode.java:85)
	at com.oracle.truffle.js.nodes.control.AbstractBlockNode.executeGeneric(AbstractBlockNode.java:55)
	at org.graalvm.compiler.truffle.runtime.OptimizedBlockNode.executeGeneric(OptimizedBlockNode.java:80)
	at com.oracle.truffle.js.nodes.control.AbstractBlockNode.execute(AbstractBlockNode.java:75)
	at com.oracle.truffle.js.nodes.function.FunctionBodyNode.execute(FunctionBodyNode.java:73)
	at com.oracle.truffle.js.nodes.control.AsyncFunctionBodyNode$AsyncFunctionRootNode.executeInRealm(AsyncFunctionBodyNode.java:140)
	at com.oracle.truffle.js.runtime.JavaScriptRealmBoundaryRootNode.execute(JavaScriptRealmBoundaryRootNode.java:92)
	at org.graalvm.compiler.truffle.runtime.OptimizedCallTarget.executeRootNode(OptimizedCallTarget.java:659)
	at org.graalvm.compiler.truffle.runtime.OptimizedCallTarget.profiledPERoot(OptimizedCallTarget.java:631)
	at org.graalvm.compiler.truffle.runtime.OptimizedCallTarget.callBoundary(OptimizedCallTarget.java:564)
	at com.oracle.svm.enterprise.truffle.SubstrateEnterpriseOptimizedCallTarget.doInvoke(stripped:303)
	at org.graalvm.compiler.truffle.runtime.OptimizedCallTarget.callDirect(OptimizedCallTarget.java:490)
	at org.graalvm.compiler.truffle.runtime.OptimizedDirectCallNode.call(OptimizedDirectCallNode.java:68)
	at com.oracle.truffle.js.nodes.control.AsyncFunctionBodyNode.asyncFunctionStart(AsyncFunctionBodyNode.java:294)
	at com.oracle.truffle.js.nodes.control.AsyncFunctionBodyNode.execute(AsyncFunctionBodyNode.java:302)
	at com.oracle.truffle.js.nodes.function.FunctionBodyNode.execute(FunctionBodyNode.java:73)
	at com.oracle.truffle.js.nodes.function.FunctionRootNode.executeInRealm(FunctionRootNode.java:149)
	at com.oracle.truffle.js.runtime.JavaScriptRealmBoundaryRootNode.execute(JavaScriptRealmBoundaryRootNode.java:92)
	at org.graalvm.compiler.truffle.runtime.OptimizedCallTarget.executeRootNode(OptimizedCallTarget.java:659)
	at org.graalvm.compiler.truffle.runtime.OptimizedCallTarget.profiledPERoot(OptimizedCallTarget.java:631)
	at org.graalvm.compiler.truffle.runtime.OptimizedCallTarget.callBoundary(OptimizedCallTarget.java:564)
	at com.oracle.svm.enterprise.truffle.SubstrateEnterpriseOptimizedCallTarget.doInvoke(stripped:303)
	at org.graalvm.compiler.truffle.runtime.OptimizedCallTarget.callDirect(OptimizedCallTarget.java:490)
	at org.graalvm.compiler.truffle.runtime.OptimizedDirectCallNode.call(OptimizedDirectCallNode.java:68)
	at com.oracle.truffle.js.nodes.function.JSFunctionCallNode$UnboundJSFunctionCacheNode.executeCall(JSFunctionCallNode.java:1279)
	at com.oracle.truffle.js.nodes.function.JSFunctionCallNode.executeAndSpecialize(JSFunctionCallNode.java:305)
	at com.oracle.truffle.js.nodes.function.JSFunctionCallNode.executeCall(JSFunctionCallNode.java:250)
	at com.oracle.truffle.js.nodes.interop.JSInteropExecuteNode.doDefault(JSInteropExecuteNode.java:68)
	at com.oracle.truffle.js.nodes.interop.JSInteropExecuteNodeGen.executeAndSpecialize(JSInteropExecuteNodeGen.java:61)
	at com.oracle.truffle.js.nodes.interop.JSInteropExecuteNodeGen.execute(JSInteropExecuteNodeGen.java:43)
	at com.oracle.truffle.js.runtime.builtins.JSFunctionObject.execute(JSFunctionObject.java:142)
	at com.oracle.truffle.js.runtime.builtins.JSFunctionObjectGen$InteropLibraryExports$Cached.executeNode_AndSpecialize(JSFunctionObjectGen.java:143)
	at com.oracle.truffle.js.runtime.builtins.JSFunctionObjectGen$InteropLibraryExports$Cached.execute(JSFunctionObjectGen.java:126)
	at com.oracle.truffle.api.interop.InteropLibraryGen$CachedDispatch.execute(InteropLibraryGen.java:7648)
	at com.oracle.truffle.polyglot.PolyglotValueDispatch$InteropValue$AbstractExecuteNode.executeShared(PolyglotValueDispatch.java:4236)
	at com.oracle.truffle.polyglot.PolyglotValueDispatch$InteropValue$ExecuteNode.executeImpl(PolyglotValueDispatch.java:4317)
	at com.oracle.truffle.polyglot.HostToGuestRootNode.execute(HostToGuestRootNode.java:124)
	at org.graalvm.compiler.truffle.runtime.OptimizedCallTarget.executeRootNode(OptimizedCallTarget.java:659)
	at org.graalvm.compiler.truffle.runtime.OptimizedCallTarget.profiledPERoot(OptimizedCallTarget.java:631)
	at org.graalvm.compiler.truffle.runtime.OptimizedCallTarget.callBoundary(OptimizedCallTarget.java:564)
	at com.oracle.svm.enterprise.truffle.SubstrateEnterpriseOptimizedCallTarget.doInvoke(stripped:303)
	at org.graalvm.compiler.truffle.runtime.GraalRuntimeSupport.callProfiled(GraalRuntimeSupport.java:241)
	at com.oracle.truffle.polyglot.PolyglotValueDispatch$InteropValue.execute(PolyglotValueDispatch.java:2374)
	at org.graalvm.polyglot.Value.execute(Value.java:841)
	at org.graalvm.argo.lambda_proxy.engine.PolyglotEngine.invoke(PolyglotEngine.java:91)
	at org.graalvm.argo.lambda_proxy.runtime.IsolateProxy.invoke(IsolateProxy.java:153)
[Foreground thread 48] Executing request http://194.210.228.197:8000/template.html;rbruno;10 in background
[Background thread 49] Executing request http://194.210.228.197:8000/template.html;rbruno;10 in background
[Foreground thread 48] Executing request http://194.210.228.197:8000/template.html;rbruno;10 in background
[Background thread 49] Executing request http://194.210.228.197:8000/template.html;rbruno;10 in background
[Foreground thread 48] Executing request http://194.210.228.197:8000/template.html;rbruno;10 in background
[Background thread 49] Executing request http://194.210.228.197:8000/template.html;rbruno;10 in background
[Foreground thread 48] Executing request http://194.210.228.197:8000/template.html;rbruno;10 in background
[Background thread 49] Executing request http://194.210.228.197:8000/template.html;rbruno;10 in background
[Foreground thread 48] Executing request http://194.210.228.197:8000/template.html;rbruno;10 in background
[Background thread 49] Executing request http://194.210.228.197:8000/template.html;rbruno;10 in background
[Foreground thread 48] Executing request http://194.210.228.197:8000/template.html;rbruno;10 in background
[Background thread 49] Executing request http://194.210.228.197:8000/template.html;rbruno;10 in background
[Foreground thread 48] Executing request http://194.210.228.197:8000/template.html;rbruno;10 in background
[Background thread 49] Executing request http://194.210.228.197:8000/template.html;rbruno;10 in background
[Foreground thread 48] Executing request http://194.210.228.197:8000/template.html;rbruno;10 in background
[Background thread 49] Executing request http://194.210.228.197:8000/template.html;rbruno;10 in background
[Foreground thread 48] Executing request http://194.210.228.197:8000/template.html;rbruno;10 in background
[Background thread 49] Executing request http://194.210.228.197:8000/template.html;rbruno;10 in background
time="2022-08-29T11:47:01+01:00" level=warning msg="firecracker exited: signal: terminated"
time="2022-08-29T11:47:01+01:00" level=fatal msg="Wait returned an error 1 error occurred:\n\t* signal: terminated\n\n"
