time="2023-04-08T09:47:48-04:00" level=info msg="Called startVMM(), setting up a VMM on /tmp/testtap.socket"
time="2023-04-08T09:47:48-04:00" level=info msg="VMM logging disabled."
time="2023-04-08T09:47:48-04:00" level=info msg="VMM metrics disabled."
time="2023-04-08T09:47:48-04:00" level=info msg="refreshMachineConfiguration: [GET /machine-config][200] getMachineConfigurationOK  &{CPUTemplate:Uninitialized HtEnabled:0xc00008ef94 MemSizeMib:0xc00008ef88 VcpuCount:0xc00008ef80}"
time="2023-04-08T09:47:48-04:00" level=info msg="PutGuestBootSource: [PUT /boot-source][204] putGuestBootSourceNoContent "
time="2023-04-08T09:47:48-04:00" level=info msg="Attaching drive /tmp/test-proxy/polyglot-proxy.img, slot 1, root true."
time="2023-04-08T09:47:48-04:00" level=info msg="Attached drive /tmp/test-proxy/polyglot-proxy.img: [PUT /drives/{drive_id}][204] putGuestDriveByIdNoContent "
time="2023-04-08T09:47:48-04:00" level=info msg="Attaching NIC testtap (hwaddr DE:AD:BE:EF:FE:19) at index 1"
2023-04-08T09:47:48.171902350 [anonymous-instance:main:WARN:src/vmm/src/builder.rs:599] Could not add serial input event to epoll: Error during epoll call: Operation not permitted (os error 1)
time="2023-04-08T09:47:48-04:00" level=info msg="startInstance successful: [PUT /actions][204] createSyncActionNoContent "
[    0.012000] dmi: Firmware registration failed.
[    0.040648] zswap: default zpool zbud not available
[    0.040892] zswap: pool creation failed
Graalvisor boot time: 166 ms.
Graalvisor listening on port 8080.
Warning: graalvisor compiled with no truffle language support.
Function httprequest registered with isolate sandboxing in 34 ms
[thread 41] New isolate sandbox 139830108356608 in 743 us
[thread 49] New isolate sandbox 139795345965056 in 476 us
[thread 51] New isolate sandbox 139760985178112 in 457 us
[thread 52] New isolate sandbox 139726624391168 in 466 us
[thread 53] New isolate sandbox 139692263604224 in 642 us
[thread 50] New isolate sandbox 139657902817280 in 457 us
[thread 54] New isolate sandbox 139623542030336 in 437 us
[thread 55] New isolate sandbox 139589181243392 in 670 us
time="2023-04-08T09:47:54-04:00" level=warning msg="firecracker exited: signal: terminated"
time="2023-04-08T09:47:54-04:00" level=fatal msg="Wait returned an error 1 error occurred:\n\t* signal: terminated\n\n"
