This is ApacheBench, Version 2.3 <$Revision: 1879490 $>
Copyright 1996 Adam Twiss, Zeus Technology Ltd, http://www.zeustech.net/
Licensed to The Apache Software Foundation, http://www.apache.org/

Benchmarking 127.0.0.1 (be patient).....done


Server Software:        
Server Hostname:        127.0.0.1
Server Port:            8081

Document Path:          /
Document Length:        111 bytes

Concurrency Level:      1
Time taken for tests:   0.139 seconds
Complete requests:      10
Failed requests:        0
Total transferred:      2070 bytes
Total body sent:        2090
HTML transferred:       1110 bytes
Requests per second:    71.99 [#/sec] (mean)
Time per request:       13.891 [ms] (mean)
Time per request:       13.891 [ms] (mean, across all concurrent requests)
Transfer rate:          14.55 [Kbytes/sec] received
                        14.69 kb/s sent
                        29.25 kb/s total

Connection Times (ms)
              min  mean[+/-sd] median   max
Connect:        0    0   0.0      0       0
Processing:    13   14   0.6     14      15
Waiting:       13   14   0.6     13      15
Total:         13   14   0.6     14      15
WARNING: The median and mean for the waiting time are not within a normal deviation
        These results are probably not that reliable.

Percentage of the requests served within a certain time (ms)
  50%     14
  66%     14
  75%     14
  80%     14
  90%     15
  95%     15
  98%     15
  99%     15
 100%     15 (longest request)
