This is ApacheBench, Version 2.3 <$Revision: 1879490 $>
Copyright 1996 Adam Twiss, Zeus Technology Ltd, http://www.zeustech.net/
Licensed to The Apache Software Foundation, http://www.apache.org/

Benchmarking 172.18.0.2 (be patient).....done


Server Software:        
Server Hostname:        172.18.0.2
Server Port:            8080

Document Path:          /warmup
Document Length:        170 bytes

Concurrency Level:      1
Time taken for tests:   5.111 seconds
Complete requests:      1
Failed requests:        0
Total transferred:      266 bytes
Total body sent:        241
HTML transferred:       170 bytes
Requests per second:    0.20 [#/sec] (mean)
Time per request:       5111.198 [ms] (mean)
Time per request:       5111.198 [ms] (mean, across all concurrent requests)
Transfer rate:          0.05 [Kbytes/sec] received
                        0.05 kb/s sent
                        0.10 kb/s total

Connection Times (ms)
              min  mean[+/-sd] median   max
Connect:        0    0   0.0      0       0
Processing:  5111 5111   0.0   5111    5111
Waiting:     5111 5111   0.0   5111    5111
Total:       5111 5111   0.0   5111    5111
