time="2023-04-08T10:18:07-04:00" level=info msg="Called startVMM(), setting up a VMM on /tmp/testtap.socket"
time="2023-04-08T10:18:07-04:00" level=info msg="VMM logging disabled."
time="2023-04-08T10:18:07-04:00" level=info msg="VMM metrics disabled."
time="2023-04-08T10:18:07-04:00" level=info msg="refreshMachineConfiguration: [GET /machine-config][200] getMachineConfigurationOK  &{CPUTemplate:Uninitialized HtEnabled:0xc000808d54 MemSizeMib:0xc000808d48 VcpuCount:0xc000808d40}"
time="2023-04-08T10:18:07-04:00" level=info msg="PutGuestBootSource: [PUT /boot-source][204] putGuestBootSourceNoContent "
time="2023-04-08T10:18:07-04:00" level=info msg="Attaching drive /tmp/test-proxy/polyglot-proxy.img, slot 1, root true."
time="2023-04-08T10:18:07-04:00" level=info msg="Attached drive /tmp/test-proxy/polyglot-proxy.img: [PUT /drives/{drive_id}][204] putGuestDriveByIdNoContent "
time="2023-04-08T10:18:07-04:00" level=info msg="Attaching NIC testtap (hwaddr DE:AD:BE:EF:8E:88) at index 1"
2023-04-08T10:18:07.596431035 [anonymous-instance:main:WARN:src/vmm/src/builder.rs:599] Could not add serial input event to epoll: Error during epoll call: Operation not permitted (os error 1)
time="2023-04-08T10:18:07-04:00" level=info msg="startInstance successful: [PUT /actions][204] createSyncActionNoContent "
[    0.012000] dmi: Firmware registration failed.
[    0.040505] zswap: default zpool zbud not available
[    0.040772] zswap: pool creation failed
Graalvisor boot time: 180 ms.
Graalvisor listening on port 8080.
Warning: graalvisor compiled with no truffle language support.
Function thumbnail registered with process sandboxing in 391 ms
[thread 1] Creating context org.graalvm.polyglot.Context@38d416fc
Apr 08, 2023 2:18:08 PM com.criteo.vips.Vips loadLibraryFromJar
WARNING: Could not load lib 'libheif.so' via classloader
Apr 08, 2023 2:18:08 PM com.criteo.vips.Vips loadLibraryFromJar
WARNING: Could not load lib 'libspng.so' via classloader
Apr 08, 2023 2:18:08 PM com.criteo.vips.Vips <clinit>
INFO: JVips dependencies have been loaded from jar
Apr 08, 2023 2:18:08 PM com.criteo.vips.Vips <clinit>
INFO: Trying to load JVips
[thread 41] New process sandbox 468 in 310 us
[thread 1] Creating context org.graalvm.polyglot.Context@7926c9df
Apr 08, 2023 2:18:13 PM com.criteo.vips.Vips loadLibraryFromJar
WARNING: Could not load lib 'libheif.so' via classloader
Apr 08, 2023 2:18:13 PM com.criteo.vips.Vips loadLibraryFromJar
WARNING: Could not load lib 'libspng.so' via classloader
Apr 08, 2023 2:18:13 PM com.criteo.vips.Vips <clinit>
INFO: JVips dependencies have been loaded from jar
Apr 08, 2023 2:18:13 PM com.criteo.vips.Vips <clinit>
INFO: Trying to load JVips
[thread 44] New process sandbox 476 in 1762 us
[thread 1] Creating context org.graalvm.polyglot.Context@7d4624da
Apr 08, 2023 2:18:43 PM com.criteo.vips.Vips loadLibraryFromJar
WARNING: Could not load lib 'libheif.so' via classloader
Apr 08, 2023 2:18:43 PM com.criteo.vips.Vips loadLibraryFromJar
WARNING: Could not load lib 'libspng.so' via classloader
Apr 08, 2023 2:18:43 PM com.criteo.vips.Vips <clinit>
INFO: JVips dependencies have been loaded from jar
Apr 08, 2023 2:18:43 PM com.criteo.vips.Vips <clinit>
INFO: Trying to load JVips
[thread 48] New process sandbox 490 in 672 us
[thread 49] New process sandbox 491 in 454 us
[thread 50] New process sandbox 492 in 403 us
[thread 1] Creating context org.graalvm.polyglot.Context@5263a1d3
[thread 1] Creating context org.graalvm.polyglot.Context@718657a7
[thread 1] Creating context org.graalvm.polyglot.Context@452bd0d9
Apr 08, 2023 2:18:43 PM com.criteo.vips.Vips loadLibraryFromJar
WARNING: Could not load lib 'libheif.so' via classloader
Apr 08, 2023 2:18:43 PM com.criteo.vips.Vips loadLibraryFromJar
WARNING: Could not load lib 'libheif.so' via classloader
Apr 08, 2023 2:18:43 PM com.criteo.vips.Vips loadLibraryFromJar
WARNING: Could not load lib 'libheif.so' via classloader
Apr 08, 2023 2:18:43 PM com.criteo.vips.Vips loadLibraryFromJar
WARNING: Could not load lib 'libspng.so' via classloader
Apr 08, 2023 2:18:43 PM com.criteo.vips.Vips loadLibraryFromJar
WARNING: Could not load lib 'libspng.so' via classloader
Apr 08, 2023 2:18:44 PM com.criteo.vips.Vips loadLibraryFromJar
WARNING: Could not load lib 'libspng.so' via classloader
Apr 08, 2023 2:18:44 PM com.criteo.vips.Vips <clinit>
INFO: JVips dependencies have been loaded from jar
Apr 08, 2023 2:18:44 PM com.criteo.vips.Vips <clinit>
INFO: Trying to load JVips
Apr 08, 2023 2:18:44 PM com.criteo.vips.Vips <clinit>
INFO: JVips dependencies have been loaded from jar
Apr 08, 2023 2:18:44 PM com.criteo.vips.Vips <clinit>
INFO: Trying to load JVips
Apr 08, 2023 2:18:44 PM com.criteo.vips.Vips <clinit>
INFO: JVips dependencies have been loaded from jar
Apr 08, 2023 2:18:44 PM com.criteo.vips.Vips <clinit>
INFO: Trying to load JVips
time="2023-04-08T10:18:54-04:00" level=warning msg="firecracker exited: signal: terminated"
time="2023-04-08T10:18:54-04:00" level=fatal msg="Wait returned an error 1 error occurred:\n\t* signal: terminated\n\n"
