12500 100000
1911934
Added process 1911934 to cgroup experiments with a quota of 12500 out of 100000.
pid 1911934's current affinity list: 0-7
pid 1911934's new affinity list: 0
Pinned process 1911934 to core 0.
12500 100000
1912240
Added process 1912240 to cgroup experiments with a quota of 12500 out of 100000.
pid 1912240's current affinity list: 0-7
pid 1912240's new affinity list: 0
Pinned process 1912240 to core 0.
12500 100000
1913189
Added process 1913189 to cgroup experiments with a quota of 12500 out of 100000.
pid 1913189's current affinity list: 0-7
pid 1913189's new affinity list: 0
Pinned process 1913189 to core 0.
12500 100000
1914095
Added process 1914095 to cgroup experiments with a quota of 12500 out of 100000.
pid 1914095's current affinity list: 0-7
pid 1914095's new affinity list: 0
Pinned process 1914095 to core 0.
12500 100000
1914979
Added process 1914979 to cgroup experiments with a quota of 12500 out of 100000.
pid 1914979's current affinity list: 0-7
pid 1914979's new affinity list: 0
Pinned process 1914979 to core 0.
