time="2023-04-06T23:01:53-04:00" level=info msg="Called startVMM(), setting up a VMM on /tmp/testtap.socket"
time="2023-04-06T23:01:53-04:00" level=info msg="VMM logging disabled."
time="2023-04-06T23:01:53-04:00" level=info msg="VMM metrics disabled."
time="2023-04-06T23:01:53-04:00" level=info msg="refreshMachineConfiguration: [GET /machine-config][200] getMachineConfigurationOK  &{CPUTemplate:Uninitialized HtEnabled:0xc00008e08c MemSizeMib:0xc00008e080 VcpuCount:0xc00008e078}"
time="2023-04-06T23:01:53-04:00" level=info msg="PutGuestBootSource: [PUT /boot-source][204] putGuestBootSourceNoContent "
time="2023-04-06T23:01:53-04:00" level=info msg="Attaching drive /tmp/test-proxy/polyglot-proxy.img, slot 1, root true."
time="2023-04-06T23:01:53-04:00" level=info msg="Attached drive /tmp/test-proxy/polyglot-proxy.img: [PUT /drives/{drive_id}][204] putGuestDriveByIdNoContent "
time="2023-04-06T23:01:53-04:00" level=info msg="Attaching NIC testtap (hwaddr DE:AD:BE:EF:45:E1) at index 1"
2023-04-06T23:01:53.894647215 [anonymous-instance:main:WARN:src/vmm/src/builder.rs:599] Could not add serial input event to epoll: Error during epoll call: Operation not permitted (os error 1)
time="2023-04-06T23:01:53-04:00" level=info msg="startInstance successful: [PUT /actions][204] createSyncActionNoContent "
[    0.017258] dmi: Firmware registration failed.
[    0.046748] zswap: default zpool zbud not available
[    0.047080] zswap: pool creation failed
Graalvisor boot time: 172 ms.
Graalvisor listening on port 8080.
Warning: graalvisor compiled with no truffle language support.
Function hw registered with process sandboxing in 81 ms
[thread 40] New process sandbox 460 in 1093 us
time="2023-04-06T23:02:13-04:00" level=warning msg="firecracker exited: signal: terminated"
time="2023-04-06T23:02:13-04:00" level=fatal msg="Wait returned an error 1 error occurred:\n\t* signal: terminated\n\n"
