This is ApacheBench, Version 2.3 <$Revision: 1879490 $>
Copyright 1996 Adam Twiss, Zeus Technology Ltd, http://www.zeustech.net/
Licensed to The Apache Software Foundation, http://www.apache.org/

Benchmarking 172.172.0.2 (be patient)
Completed 100 requests
Completed 200 requests
Finished 256 requests


Server Software:        
Server Hostname:        172.172.0.2
Server Port:            8080

Document Path:          /run
Document Length:        14 bytes

Concurrency Level:      1
Time taken for tests:   23.288 seconds
Complete requests:      256
Failed requests:        0
Total transferred:      56320 bytes
Total body sent:        50688
HTML transferred:       3584 bytes
Requests per second:    10.99 [#/sec] (mean)
Time per request:       90.970 [ms] (mean)
Time per request:       90.970 [ms] (mean, across all concurrent requests)
Transfer rate:          2.36 [Kbytes/sec] received
                        2.13 kb/s sent
                        4.49 kb/s total

Connection Times (ms)
              min  mean[+/-sd] median   max
Connect:        0   15  33.0      0      92
Processing:     4   76  54.7     97     300
Waiting:        4   73  52.6     97     298
Total:          4   91  52.8     99     391

Percentage of the requests served within a certain time (ms)
  50%     99
  66%    100
  75%    100
  80%    101
  90%    103
  95%    191
  98%    200
  99%    291
 100%    391 (longest request)
