time="2023-03-27T15:41:16-04:00" level=info msg="Called startVMM(), setting up a VMM on /tmp/testtap.socket"
time="2023-03-27T15:41:16-04:00" level=info msg="VMM logging disabled."
time="2023-03-27T15:41:16-04:00" level=info msg="VMM metrics disabled."
time="2023-03-27T15:41:16-04:00" level=info msg="refreshMachineConfiguration: [GET /machine-config][200] getMachineConfigurationOK  &{CPUTemplate:Uninitialized HtEnabled:0xc0004d8414 MemSizeMib:0xc0004d8408 VcpuCount:0xc0004d8400}"
time="2023-03-27T15:41:16-04:00" level=info msg="PutGuestBootSource: [PUT /boot-source][204] putGuestBootSourceNoContent "
time="2023-03-27T15:41:16-04:00" level=info msg="Attaching drive /tmp/test-proxy/polyglot-proxy.img, slot 1, root true."
time="2023-03-27T15:41:16-04:00" level=info msg="Attached drive /tmp/test-proxy/polyglot-proxy.img: [PUT /drives/{drive_id}][204] putGuestDriveByIdNoContent "
time="2023-03-27T15:41:16-04:00" level=info msg="Attaching NIC testtap (hwaddr DE:AD:BE:EF:F7:47) at index 1"
2023-03-27T15:41:16.744485046 [anonymous-instance:main:WARN:src/vmm/src/builder.rs:599] Could not add serial input event to epoll: Error during epoll call: Operation not permitted (os error 1)
time="2023-03-27T15:41:16-04:00" level=info msg="startInstance successful: [PUT /actions][204] createSyncActionNoContent "
[    0.012000] dmi: Firmware registration failed.
[    0.036287] zswap: default zpool zbud not available
[    0.036537] zswap: pool creation failed
Graalvisor boot time: 172 ms.
Graalvisor listening on port 8080.
Warning: graalvisor compiled with no truffle language support.
Waiting for 192.168.31.28:8080
Function dynamichtml registered with process sandboxing in 642 ms
[thread 1] Creating context org.graalvm.polyglot.Context@1df2547
[thread 41] New process sandbox 472 in 100849 us
[thread 1] Creating context org.graalvm.polyglot.Context@95850af
[thread 45] New process sandbox 486 in 100458 us
[thread 1] Creating context org.graalvm.polyglot.Context@e4cae0a
[thread 46] New process sandbox 490 in 100498 us
[thread 1] Creating context org.graalvm.polyglot.Context@5deb9626
[thread 47] New process sandbox 495 in 100509 us
[thread 1] Creating context org.graalvm.polyglot.Context@3855753b
[thread 41] Destroying process sandbox 472
[thread 48] New process sandbox 522 in 100595 us
[thread 1] Creating context org.graalvm.polyglot.Context@f683456
time="2023-03-27T15:41:49-04:00" level=warning msg="firecracker exited: signal: terminated"
time="2023-03-27T15:41:49-04:00" level=fatal msg="Wait returned an error 1 error occurred:\n\t* signal: terminated\n\n"
