This is ApacheBench, Version 2.3 <$Revision: 1879490 $>
Copyright 1996 Adam Twiss, Zeus Technology Ltd, http://www.zeustech.net/
Licensed to The Apache Software Foundation, http://www.apache.org/

Benchmarking 172.18.0.2 (be patient).....done


Server Software:        
Server Hostname:        172.18.0.2
Server Port:            8080

Document Path:          /
Document Length:        111 bytes

Concurrency Level:      1
Time taken for tests:   0.877 seconds
Complete requests:      5
Failed requests:        0
Total transferred:      1035 bytes
Total body sent:        1175
HTML transferred:       555 bytes
Requests per second:    5.70 [#/sec] (mean)
Time per request:       175.309 [ms] (mean)
Time per request:       175.309 [ms] (mean, across all concurrent requests)
Transfer rate:          1.15 [Kbytes/sec] received
                        1.31 kb/s sent
                        2.46 kb/s total

Connection Times (ms)
              min  mean[+/-sd] median   max
Connect:        0   10  21.9      0      49
Processing:   132  165  27.4    183     189
Waiting:      132  165  27.4    183     189
Total:        132  175  24.3    188     189

Percentage of the requests served within a certain time (ms)
  50%    187
  66%    188
  75%    188
  80%    189
  90%    189
  95%    189
  98%    189
  99%    189
 100%    189 (longest request)
This is ApacheBench, Version 2.3 <$Revision: 1879490 $>
Copyright 1996 Adam Twiss, Zeus Technology Ltd, http://www.zeustech.net/
Licensed to The Apache Software Foundation, http://www.apache.org/

Benchmarking 172.18.0.2 (be patient).....done


Server Software:        
Server Hostname:        172.18.0.2
Server Port:            8080

Document Path:          /
Document Length:        111 bytes

Concurrency Level:      1
Time taken for tests:   0.918 seconds
Complete requests:      5
Failed requests:        0
Total transferred:      1035 bytes
Total body sent:        1175
HTML transferred:       555 bytes
Requests per second:    5.45 [#/sec] (mean)
Time per request:       183.506 [ms] (mean)
Time per request:       183.506 [ms] (mean, across all concurrent requests)
Transfer rate:          1.10 [Kbytes/sec] received
                        1.25 kb/s sent
                        2.35 kb/s total

Connection Times (ms)
              min  mean[+/-sd] median   max
Connect:        0    0   0.1      0       0
Processing:   120  183  38.4    193     224
Waiting:      120  183  38.4    193     224
Total:        120  183  38.4    193     224

Percentage of the requests served within a certain time (ms)
  50%    192
  66%    194
  75%    194
  80%    224
  90%    224
  95%    224
  98%    224
  99%    224
 100%    224 (longest request)
This is ApacheBench, Version 2.3 <$Revision: 1879490 $>
Copyright 1996 Adam Twiss, Zeus Technology Ltd, http://www.zeustech.net/
Licensed to The Apache Software Foundation, http://www.apache.org/

Benchmarking 172.18.0.2 (be patient).....done


Server Software:        
Server Hostname:        172.18.0.2
Server Port:            8080

Document Path:          /
Document Length:        111 bytes

Concurrency Level:      1
Time taken for tests:   0.879 seconds
Complete requests:      5
Failed requests:        0
Total transferred:      1035 bytes
Total body sent:        1175
HTML transferred:       555 bytes
Requests per second:    5.69 [#/sec] (mean)
Time per request:       175.782 [ms] (mean)
Time per request:       175.782 [ms] (mean, across all concurrent requests)
Transfer rate:          1.15 [Kbytes/sec] received
                        1.31 kb/s sent
                        2.46 kb/s total

Connection Times (ms)
              min  mean[+/-sd] median   max
Connect:        0   10  22.4      0      50
Processing:   120  166  32.1    187     191
Waiting:      120  166  32.1    187     191
Total:        120  176  31.2    190     193

Percentage of the requests served within a certain time (ms)
  50%    189
  66%    191
  75%    191
  80%    193
  90%    193
  95%    193
  98%    193
  99%    193
 100%    193 (longest request)
This is ApacheBench, Version 2.3 <$Revision: 1879490 $>
Copyright 1996 Adam Twiss, Zeus Technology Ltd, http://www.zeustech.net/
Licensed to The Apache Software Foundation, http://www.apache.org/

Benchmarking 172.18.0.2 (be patient).....done


Server Software:        
Server Hostname:        172.18.0.2
Server Port:            8080

Document Path:          /
Document Length:        111 bytes

Concurrency Level:      1
Time taken for tests:   0.889 seconds
Complete requests:      5
Failed requests:        0
Total transferred:      1035 bytes
Total body sent:        1175
HTML transferred:       555 bytes
Requests per second:    5.62 [#/sec] (mean)
Time per request:       177.786 [ms] (mean)
Time per request:       177.786 [ms] (mean, across all concurrent requests)
Transfer rate:          1.14 [Kbytes/sec] received
                        1.29 kb/s sent
                        2.43 kb/s total

Connection Times (ms)
              min  mean[+/-sd] median   max
Connect:        0    0   0.0      0       0
Processing:   138  178  22.2    187     192
Waiting:      136  177  23.3    187     192
Total:        138  178  22.2    187     192

Percentage of the requests served within a certain time (ms)
  50%    185
  66%    189
  75%    189
  80%    192
  90%    192
  95%    192
  98%    192
  99%    192
 100%    192 (longest request)
This is ApacheBench, Version 2.3 <$Revision: 1879490 $>
Copyright 1996 Adam Twiss, Zeus Technology Ltd, http://www.zeustech.net/
Licensed to The Apache Software Foundation, http://www.apache.org/

Benchmarking 172.18.0.2 (be patient).....done


Server Software:        
Server Hostname:        172.18.0.2
Server Port:            8080

Document Path:          /
Document Length:        111 bytes

Concurrency Level:      1
Time taken for tests:   0.817 seconds
Complete requests:      5
Failed requests:        0
Total transferred:      1035 bytes
Total body sent:        1175
HTML transferred:       555 bytes
Requests per second:    6.12 [#/sec] (mean)
Time per request:       163.343 [ms] (mean)
Time per request:       163.343 [ms] (mean, across all concurrent requests)
Transfer rate:          1.24 [Kbytes/sec] received
                        1.40 kb/s sent
                        2.64 kb/s total

Connection Times (ms)
              min  mean[+/-sd] median   max
Connect:        0    0   0.1      0       0
Processing:   128  163  29.6    181     192
Waiting:      128  163  29.6    181     192
Total:        128  163  29.5    181     192

Percentage of the requests served within a certain time (ms)
  50%    180
  66%    182
  75%    182
  80%    192
  90%    192
  95%    192
  98%    192
  99%    192
 100%    192 (longest request)
