This is ApacheBench, Version 2.3 <$Revision: 1879490 $>
Copyright 1996 Adam Twiss, Zeus Technology Ltd, http://www.zeustech.net/
Licensed to The Apache Software Foundation, http://www.apache.org/

Benchmarking 172.18.0.2 (be patient).....done


Server Software:        
Server Hostname:        172.18.0.2
Server Port:            8080

Document Path:          /
Document Length:        72 bytes

Concurrency Level:      1
Time taken for tests:   6.960 seconds
Complete requests:      10
Failed requests:        9
   (Connect: 0, Receive: 0, Length: 9, Exceptions: 0)
Total transferred:      1661 bytes
Total body sent:        3970
HTML transferred:       711 bytes
Requests per second:    1.44 [#/sec] (mean)
Time per request:       696.017 [ms] (mean)
Time per request:       696.017 [ms] (mean, across all concurrent requests)
Transfer rate:          0.23 [Kbytes/sec] received
                        0.56 kb/s sent
                        0.79 kb/s total

Connection Times (ms)
              min  mean[+/-sd] median   max
Connect:        0    0   0.1      0       0
Processing:   390  696 938.8    401    3368
Waiting:      390  696 938.8    401    3368
Total:        390  696 938.8    401    3368

Percentage of the requests served within a certain time (ms)
  50%    401
  66%    402
  75%    402
  80%    404
  90%   3368
  95%   3368
  98%   3368
  99%   3368
 100%   3368 (longest request)
