Restoring niuk...
2023-04-08T21:36:19.779975920 [anonymous-instance:main:WARN:src/vmm/src/builder.rs:599] Could not add serial input event to epoll: Error during epoll call: Operation not permitted (os error 1)
HTTP/1.1 204 
Server: Firecracker API
Connection: keep-alive

Restoring niuk... done!
[thread 43] New isolate sandbox 140430128709632 in 4477 us
2023-04-09 01:35:12.640718: F tensorflow/core/lib/monitoring/collection_registry.cc:77] Cannot register 2 metrics with the same name: /tensorflow/cc/saved_model/load_attempt_count

[ [ SubstrateSegfaultHandler caught a segfault in thread 0x00007fc090000f80 ] ]
siginfo: si_signo: 11, si_code: 128, si_addr: 0x0000000000000000

Current timestamp: 1681004112643

General purpose register values:
  RAX 0x0000000000000000 
  RBX 0x00007fc07e40b700 points into the stack for thread 0x00007fc090000f80
  RCX 0x00007fd0b381dce1 is an unknown value
  RDX 0x0000000000000000 
  RBP 0x00007fc07e409cd0 points into the stack for thread 0x00007fc090000f80
  RSI 0x00007fc07e409a80 points into the stack for thread 0x00007fc090000f80
  RDI 0x0000000000000002 is an unknown value
  RSP 0x00007fc07e409ba0 points into the stack for thread 0x00007fc090000f80
  R8  0x0000000000000000 
  R9  0x00007fc07e409a80 points into the stack for thread 0x00007fc090000f80
  R10 0x0000000000000008 is an unknown value
  R11 0x0000000000000246 is an unknown value
  R12 0x00007fc07e409d50 points into the stack for thread 0x00007fc090000f80
  R13 0x000000000000002d is an unknown value
  R14 0x0000000000000000 
  R15 0x000000000000002d is an unknown value
  EFL 0x0000000000010246 is an unknown value
  RIP 0x00007fd0b3807602 is an unknown value
  
Printing Instructions (ip=0x00007fd0b3807602):
  0x00007fd0b38075e2: 0x00 0x00 0x00 0xbf 0x06 0x00 0x00 0x00 0xe8 0xb1 0x65 0x01 0x00 0x83 0x3d 0xca
  0x00007fd0b38075f2: 0xe7 0x1a 0x00 0x04 0x75 0x0b 0xc7 0x05 0xbe 0xe7 0x1a 0x00 0x05 0x00 0x00 0x00
  0x00007fd0b3807602: 0xf4 0x83 0x3d 0xb6 0xe7 0x1a 0x00 0x05 0x75 0x14 0xc7 0x05 0xaa 0xe7 0x1a 0x00
  0x00007fd0b3807612: 0x06 0x00 0x00 0x00 0xbf 0x7f 0x00 0x00 0x00 0xe8 0x50 0x69 0x0a 0x00 0xf4 0xeb

Top of stack (sp=0x00007fc07e409ba0):
  0x00007fc07e409ba0: 0x0000000000000020 0x0000000000000000
  0x00007fc07e409bb0: 0x0000000000000000 0x0000000000000000
  0x00007fc07e409bc0: 0x0000000000000000 0x0000000000000000
  0x00007fc07e409bd0: 0x0000000000000000 0x0000000000000000
  0x00007fc07e409be0: 0x0000000000000000 0x0000000000000000
  0x00007fc07e409bf0: 0x0000000000000000 0x0000000000000000
  0x00007fc07e409c00: 0x0000000000000000 0x0000000000000000
  0x00007fc07e409c10: 0x0000000000000000 0x0000000000000000
  0x00007fc07e409c20: 0x0000000000000000 0xffffffffffffffff
  0x00007fc07e409c30: 0xffffffffffffffff 0xffffffffffffffff
  0x00007fc07e409c40: 0xffffffffffffffff 0xffffffffffffffff
  0x00007fc07e409c50: 0xffffffffffffffff 0xffffffffffffffff
  0x00007fc07e409c60: 0xffffffffffffffff 0xffffffffffffffff
  0x00007fc07e409c70: 0xffffffffffffffff 0xffffffffffffffff
  0x00007fc07e409c80: 0xffffffffffffffff 0xffffffffffffffff
  0x00007fc07e409c90: 0xffffffffffffffff 0xffffffffffffffff
  0x00007fc07e409ca0: 0xffffffffffffffff 0x0000000000000000
  0x00007fc07e409cb0: 0x0000000000000000 0x5728a5fe6ab1de00
  0x00007fc07e409cc0: 0x00007fc090002030 0x00007fc0962f1d37
  0x00007fc07e409cd0: 0x00007fc07e409f10 0x00007fc0962d3f96
  0x00007fc07e409ce0: 0x00007fc07e409cb0 0x000000000000002d
  0x00007fc07e409cf0: 0x00007fc8a001e338 0x00007fc8a001e328
  0x00007fc07e409d00: 0x00007fc07e409fa0 0x00007fc090001ff0
  0x00007fc07e409d10: 0x00007fc090001f90 0x00007fc8a001e320
  0x00007fc07e409d20: 0x00007fc07e409bc0 0x0000000080000000
  0x00007fc07e409d30: 0x00007fc07e409ba0 0x000000000000000a
  0x00007fc07e409d40: 0x000000000000fe00 0x0000000000002eab
  0x00007fc07e409d50: 0x00007fc0969bf948 0x00007fc8b05ad538
  0x00007fc07e409d60: 0x00007fc0900020d0 0x00007fc0900020d0
  0x00007fc07e409d70: 0x00007fc0900020d0 0x00007fc0900020c0
  0x00007fc07e409d80: 0x00007fc09000211b 0x00007fc0900022c0
  0x00007fc07e409d90: 0x00007fc8b05b4ce0 0x0000000000000010

Top frame info:
  Does not look like a Java Frame. Use JavaFrameAnchors to find LastJavaSP:
  Found matching Anchor:0x00007fc07e40ad98
  LastJavaSP 0x00007fc07e40ad60
  LastJavaIP 0x0000560a22524e9e
  
Threads:
  0x00007fc090000f80 STATUS_IN_JAVA (PREVENT_VM_FROM_REACHING_SAFEPOINT) "Thread-2" - 0x00007fc8b480c160, stack(0x00007fc07dc0d000,0x00007fc07e40c000)
  0x00007fc088000f00 STATUS_IN_NATIVE (ALLOW_SAFEPOINT) "pool-2-thread-2" - 0x00007fc8b4404ca0, stack(0x00007fc07ec0f000,0x00007fc07f40e000)
  0x00007fc8a0000b80 STATUS_IN_NATIVE (ALLOW_SAFEPOINT) "Thread-1" - 0x00007fc8b46a8e38, stack(0x00007fc8b0db9000,0x00007fc8b15b8000)
  0x00007fc89c000b80 STATUS_IN_NATIVE (ALLOW_SAFEPOINT) "pool-2-thread-1" - 0x00007fc8b4401860, stack(0x00007fc8b16fe000,0x00007fc8b1efd000)
  0x00007fc8a8000b80 STATUS_IN_NATIVE (ALLOW_SAFEPOINT) "HTTP-Dispatcher" - 0x00007fc8b410f240, stack(0x00007fc8b1eff000,0x00007fc8b26fe000)
  0x00007fc8a4000b80 STATUS_IN_NATIVE (ALLOW_SAFEPOINT) "server-timer" - 0x00007fc8b410d958, daemon, stack(0x00007fc8b2700000,0x00007fc8b2eff000)
  0x00007fc8ac000b80 STATUS_IN_NATIVE (ALLOW_SAFEPOINT) "Reference Handler" - 0x00007fc8b3c25ae8, daemon, stack(0x00007fc8b2f01000,0x00007fc8b3700000)
  0x0000560a253ad300 STATUS_IN_NATIVE (ALLOW_SAFEPOINT) "main" - 0x00007fc8b3c25a70, stack(0x00007ffcc63ca000,0x00007ffcc6bc9000)
  
VM thread locals for the failing thread 0x00007fc090000f80:
  0 (8 bytes): JNIThreadLocalEnvironment.jniFunctions = (bytes) 
    0x00007fc090000f80: 0x00007fc8b3ae8010
  8 (8 bytes): StackOverflowCheckImpl.stackBoundaryTL = (Word) 1 (0x0000000000000001)
  16 (4 bytes): Safepoint.safepointRequested = (int) 2147474625 (0x7fffdcc1)
  20 (4 bytes): StatusSupport.statusTL = (int) 1 (0x00000001)
  24 (32 bytes): ThreadLocalAllocation.regularTLAB = (bytes) 
    0x00007fc090000f98: 0x00007fc8b4900000 0x00007fc8b4a00000
    0x00007fc090000fa8: 0x00007fc8b49016d0 0x0000000000000000
  56 (8 bytes): JavaFrameAnchors.lastAnchor = (Word) 140464728616344 (0x00007fc07e40ad98)
  64 (4 bytes): PlatformThreads.currentThread = (Object) org.graalvm.argo.graalvisor.SubstrateVMProxy$Worker (0x00007fc8b480c160)
  68 (4 bytes): PlatformThreads.lockHelper = (Object) com.oracle.svm.enterprise.core.monitor.a (0x00007fc8b4901070)
  72 (8 bytes): SubstrateDiagnostics.threadOnlyAttachedForCrashHandler = (bytes) 
    0x00007fc090000fc8: 0x0000000000000000
  80 (8 bytes): ThreadLocalAllocation.allocatedBytes = (Word) 0 (0x0000000000000000)
  88 (8 bytes): VMThreads.IsolateTL = (Word) 140499980648448 (0x00007fc8b3700000)
  96 (8 bytes): VMThreads.OSThreadHandleTL = (Word) 140464728618752 (0x00007fc07e40b700)
  104 (8 bytes): VMThreads.OSThreadIdTL = (Word) 140464728618752 (0x00007fc07e40b700)
  112 (8 bytes): VMThreads.StackBase = (Word) 140464728621056 (0x00007fc07e40c000)
  120 (8 bytes): VMThreads.StackEnd = (Word) 140464720236544 (0x00007fc07dc0d000)
  128 (8 bytes): VMThreads.StartedByCurrentIsolate = (bytes) 
    0x00007fc090001000: 0x0000000000000001
  136 (8 bytes): VMThreads.nextTL = (Word) 140464892153600 (0x00007fc088000f00)
  144 (8 bytes): VMThreads.unalignedIsolateThreadMemoryTL = (Word) 140465026371408 (0x00007fc090000f50)
  152 (4 bytes): AccessControlContextStack = (Object) null
  156 (4 bytes): ExceptionUnwind.currentException = (Object) null
  160 (4 bytes): IdentityHashCodeSupport.hashCodeGeneratorTL = (Object) null
  164 (4 bytes): IsolatedCompileClient.currentClient = (Object) null
  168 (4 bytes): IsolatedCompileContext.currentContext = (Object) null
  172 (4 bytes): JNIObjectHandles.handles = (Object) com.oracle.svm.core.handles.ThreadLocalHandles (0x00007fc8b4901328)
  176 (4 bytes): JNIThreadLocalPendingException.pendingException = (Object) null
  180 (4 bytes): JNIThreadLocalPinnedObjects.pinnedObjectsListHead = (Object) null
  184 (4 bytes): JNIThreadOwnedMonitors.ownedMonitors = (Object) null
  188 (4 bytes): NoAllocationVerifier.openVerifiers = (Object) null
  192 (4 bytes): ThreadingSupportImpl.activeTimer = (Object) null
  196 (4 bytes): ActionOnExitSafepointSupport.actionTL = (int) 0 (0x00000000)
  200 (4 bytes): ActionOnTransitionToJavaSupport.actionTL = (int) 0 (0x00000000)
  204 (4 bytes): ImplicitExceptions.implicitExceptionsAreFatal = (int) 0 (0x00000000)
  208 (4 bytes): StackOverflowCheckImpl.yellowZoneStateTL = (int) 2130640638 (0x7efefefe)
  212 (4 bytes): StatusSupport.safepointBehaviorTL = (int) 1 (0x00000001)
  216 (4 bytes): ThreadingSupportImpl.currentPauseDepth = (int) 0 (0x00000000)
  
No VMOperation in progress

The 15 most recent VM operation status changes (oldest first):
  
Counters:
  
Java frame anchors for the failing thread 0x00007fc090000f80:
  Anchor 0x00007fc07e40ad98 LastJavaSP 0x00007fc07e40ad60 LastJavaIP 0x0000560a22524e9e
  
Stacktrace for the failing thread 0x00007fc090000f80:
  SP 0x00007fc07e409ba0 IP 0x00007fd0b3807602  IP is not within Java code. Trying frame anchor of last Java frame instead.
  SP 0x00007fc07e40ad60 IP 0x0000560a22524e9e  [image code] com.oracle.svm.graalvisor.api.GraalVisorAPI$InvokeFunctionPointer.invoke(GraalVisorAPI.java)
  SP 0x00007fc07e40ad60 IP 0x0000560a22524e9e  [image code] com.oracle.svm.graalvisor.api.GraalVisorAPI.invokeFunction(GraalVisorAPI.java:119)
  SP 0x00007fc07e40add0 IP 0x0000560a22a04039  [image code] org.graalvm.argo.graalvisor.sandboxing.IsolateSandboxHandle.invokeSandbox(IsolateSandboxHandle.java:25)
  SP 0x00007fc07e40add0 IP 0x0000560a22a04039  [image code] org.graalvm.argo.graalvisor.SubstrateVMProxy$Worker.processRequest(SubstrateVMProxy.java:60)
  SP 0x00007fc07e40adf0 IP 0x0000560a22a045ea  [image code] org.graalvm.argo.graalvisor.SubstrateVMProxy$Worker.runInternal(SubstrateVMProxy.java:75)
  SP 0x00007fc07e40ae20 IP 0x0000560a22a04257  [image code] org.graalvm.argo.graalvisor.SubstrateVMProxy$Worker.run(SubstrateVMProxy.java:88)
  SP 0x00007fc07e40ae50 IP 0x0000560a22500849  [image code] com.oracle.svm.core.thread.PlatformThreads.threadStartRoutine(PlatformThreads.java:704)
  SP 0x00007fc07e40ae80 IP 0x0000560a22493e1b  [image code] com.oracle.svm.core.posix.thread.PosixPlatformThreads.pthreadStartRoutine(PosixPlatformThreads.java:202)
  SP 0x00007fc07e40aea0 IP 0x0000560a2242de35  [image code] com.oracle.svm.core.code.IsolateEnterStub.PosixPlatformThreads_pthreadStartRoutine_38d96cbc1a188a6051c29be1299afe681d67942e(IsolateEnterStub.java:0)
  
VM mutexes:
  mutex "thread" is unlocked.
  mutex "referencePendingList" is unlocked.
  mutex "freeList" is unlocked.
  mutex "mainVMOperationControlWorkQueue" is unlocked.
  
Heap settings and statistics:
  Supports isolates: true
  Heap base: 0x00007fc8b3700000
  Object reference size: 4
  Aligned chunk size: 1048576
  Incremental collections: 0
  Complete collections: 0
  
Native image heap boundaries:
  ReadOnly Primitives: 0x00007fc8b3801028 - 0x00007fc8b39a5a80
  ReadOnly References: 0x00007fc8b39a5a80 - 0x00007fc8b3ae74e8
  ReadOnly Relocatables: 0x00007fc8b3ae8000 - 0x00007fc8b3b6d918
  Writable Primitives: 0x00007fc8b3b6e000 - 0x00007fc8b3bfacd8
  Writable References: 0x00007fc8b3bfacd8 - 0x00007fc8b3db2550
  Writable Huge: 0x00007fc8b3e00030 - 0x00007fc8b3e2c7d8
  ReadOnly Huge: 0x00007fc8b3e2d030 - 0x00007fc8b4001648

Heap:
  Young generation: 
    Eden: 
      edenSpace:
        aligned: 0/0 unaligned: 0/0
    Survivors: 
      Survivor-1 From:
        aligned: 0/0 unaligned: 0/0
      Survivor-1 To:
        aligned: 0/0 unaligned: 0/0
      Survivor-2 From:
        aligned: 0/0 unaligned: 0/0
      Survivor-2 To:
        aligned: 0/0 unaligned: 0/0
      Survivor-3 From:
        aligned: 0/0 unaligned: 0/0
      Survivor-3 To:
        aligned: 0/0 unaligned: 0/0
      Survivor-4 From:
        aligned: 0/0 unaligned: 0/0
      Survivor-4 To:
        aligned: 0/0 unaligned: 0/0
      Survivor-5 From:
        aligned: 0/0 unaligned: 0/0
      Survivor-5 To:
        aligned: 0/0 unaligned: 0/0
      Survivor-6 From:
        aligned: 0/0 unaligned: 0/0
      Survivor-6 To:
        aligned: 0/0 unaligned: 0/0
      Survivor-7 From:
        aligned: 0/0 unaligned: 0/0
      Survivor-7 To:
        aligned: 0/0 unaligned: 0/0
      Survivor-8 From:
        aligned: 0/0 unaligned: 0/0
      Survivor-8 To:
        aligned: 0/0 unaligned: 0/0
      Survivor-9 From:
        aligned: 0/0 unaligned: 0/0
      Survivor-9 To:
        aligned: 0/0 unaligned: 0/0
      Survivor-10 From:
        aligned: 0/0 unaligned: 0/0
      Survivor-10 To:
        aligned: 0/0 unaligned: 0/0
      Survivor-11 From:
        aligned: 0/0 unaligned: 0/0
      Survivor-11 To:
        aligned: 0/0 unaligned: 0/0
      Survivor-12 From:
        aligned: 0/0 unaligned: 0/0
      Survivor-12 To:
        aligned: 0/0 unaligned: 0/0
      Survivor-13 From:
        aligned: 0/0 unaligned: 0/0
      Survivor-13 To:
        aligned: 0/0 unaligned: 0/0
      Survivor-14 From:
        aligned: 0/0 unaligned: 0/0
      Survivor-14 To:
        aligned: 0/0 unaligned: 0/0
      Survivor-15 From:
        aligned: 0/0 unaligned: 0/0
      Survivor-15 To:
        aligned: 0/0 unaligned: 0/0
  Old generation: 
    oldFromSpace:
      aligned: 0/0 unaligned: 0/0
    oldToSpace:
      aligned: 0/0 unaligned: 0/0
    
  Unused:
    aligned: 0/0

Segfault detected, aborting process. Use runtime option -R:-InstallSegfaultHandler if you don't want to use SubstrateSegfaultHandler.

[   34.505121] Kernel panic - not syncing: Attempted to kill init! exitcode=0x00006300
[   34.505121] 
[   34.506607] CPU: 0 PID: 465 Comm: pool-2-thread-2 Not tainted 4.14.55-84.37.amzn2.x86_64 #1
[   34.507766] Call Trace:
[   34.508169]  dump_stack+0x63/0x89
[   34.508558]  panic+0xdf/0x239
[   34.508897]  do_exit+0xaf0/0xaf0
[   34.509269]  ? sched_change_group+0x46/0xf0
[   34.509739]  do_group_exit+0x3e/0xb0
[   34.510155]  get_signal+0x160/0x4f0
[   34.510555]  do_signal+0x32/0x620
[   34.510937]  ? do_futex+0x323/0x540
[   34.511300]  ? SyS_futex+0x136/0x180
[   34.511604]  exit_to_usermode_loop+0x52/0x90
[   34.511957]  do_syscall_64+0xfb/0x100
[   34.512155]  entry_SYSCALL_64_after_hwframe+0x3d/0xa2
[   34.512446] RIP: 0033:0x7fd0b39eb7b2
[   34.512635] RSP: 002b:00007fc07f40c970 EFLAGS: 00000282 ORIG_RAX: 00000000000000ca
[   34.513020] RAX: f