This is ApacheBench, Version 2.3 <$Revision: 1879490 $>
Copyright 1996 Adam Twiss, Zeus Technology Ltd, http://www.zeustech.net/
Licensed to The Apache Software Foundation, http://www.apache.org/

Benchmarking 172.18.0.2 (be patient)
Completed 100 requests
Completed 200 requests
Finished 256 requests


Server Software:        
Server Hostname:        172.18.0.2
Server Port:            8080

Document Path:          /
Document Length:        88 bytes

Concurrency Level:      1
Time taken for tests:   6.113 seconds
Complete requests:      256
Failed requests:        255
   (Connect: 0, Receive: 0, Length: 255, Exceptions: 0)
Total transferred:      46077 bytes
Total body sent:        60928
HTML transferred:       21757 bytes
Requests per second:    41.88 [#/sec] (mean)
Time per request:       23.877 [ms] (mean)
Time per request:       23.877 [ms] (mean, across all concurrent requests)
Transfer rate:          7.36 [Kbytes/sec] received
                        9.73 kb/s sent
                        17.10 kb/s total

Connection Times (ms)
              min  mean[+/-sd] median   max
Connect:        0    3  16.7      0      93
Processing:     0   20  71.0      2    1020
Waiting:        0   18  70.2      2    1020
Total:          1   24  72.1      2    1021

Percentage of the requests served within a certain time (ms)
  50%      2
  66%      2
  75%      3
  80%     85
  90%     92
  95%     93
  98%     93
  99%     94
 100%   1021 (longest request)
