time="2023-04-06T23:55:42-04:00" level=info msg="Called startVMM(), setting up a VMM on /tmp/testtap.socket"
time="2023-04-06T23:55:42-04:00" level=info msg="VMM logging disabled."
time="2023-04-06T23:55:42-04:00" level=info msg="VMM metrics disabled."
time="2023-04-06T23:55:42-04:00" level=info msg="refreshMachineConfiguration: [GET /machine-config][200] getMachineConfigurationOK  &{CPUTemplate:Uninitialized HtEnabled:0xc00055c574 MemSizeMib:0xc00055c568 VcpuCount:0xc00055c560}"
time="2023-04-06T23:55:42-04:00" level=info msg="PutGuestBootSource: [PUT /boot-source][204] putGuestBootSourceNoContent "
time="2023-04-06T23:55:42-04:00" level=info msg="Attaching drive /tmp/test-proxy/polyglot-proxy.img, slot 1, root true."
time="2023-04-06T23:55:42-04:00" level=info msg="Attached drive /tmp/test-proxy/polyglot-proxy.img: [PUT /drives/{drive_id}][204] putGuestDriveByIdNoContent "
time="2023-04-06T23:55:42-04:00" level=info msg="Attaching NIC testtap (hwaddr DE:AD:BE:EF:E6:06) at index 1"
2023-04-06T23:55:42.019006147 [anonymous-instance:main:WARN:src/vmm/src/builder.rs:599] Could not add serial input event to epoll: Error during epoll call: Operation not permitted (os error 1)
time="2023-04-06T23:55:42-04:00" level=info msg="startInstance successful: [PUT /actions][204] createSyncActionNoContent "
[    0.012115] dmi: Firmware registration failed.
[    0.041472] zswap: default zpool zbud not available
[    0.041718] zswap: pool creation failed
Graalvisor boot time: 178 ms.
Graalvisor listening on port 8080.
Warning: graalvisor compiled with no truffle language support.
Function classify registered with runtime sandboxing in 714 ms
[thread 41] New runtime sandbox 140457419997184 in 8097 us
2023-04-07 03:55:44.006695: I tensorflow/core/platform/cpu_feature_guard.cc:137] Your CPU supports instructions that this TensorFlow binary was not compiled to use: SSE4.1 SSE4.2 AVX AVX2 AVX512F FMA
time="2023-04-06T23:55:56-04:00" level=warning msg="firecracker exited: signal: terminated"
time="2023-04-06T23:55:56-04:00" level=fatal msg="Wait returned an error 1 error occurred:\n\t* signal: terminated\n\n"
