time="2023-04-08T10:26:39-04:00" level=info msg="Called startVMM(), setting up a VMM on /tmp/testtap.socket"
time="2023-04-08T10:26:39-04:00" level=info msg="VMM logging disabled."
time="2023-04-08T10:26:39-04:00" level=info msg="VMM metrics disabled."
time="2023-04-08T10:26:39-04:00" level=info msg="refreshMachineConfiguration: [GET /machine-config][200] getMachineConfigurationOK  &{CPUTemplate:Uninitialized HtEnabled:0xc000699134 MemSizeMib:0xc000699128 VcpuCount:0xc000699120}"
time="2023-04-08T10:26:39-04:00" level=info msg="PutGuestBootSource: [PUT /boot-source][204] putGuestBootSourceNoContent "
time="2023-04-08T10:26:39-04:00" level=info msg="Attaching drive /tmp/test-proxy/polyglot-proxy.img, slot 1, root true."
time="2023-04-08T10:26:39-04:00" level=info msg="Attached drive /tmp/test-proxy/polyglot-proxy.img: [PUT /drives/{drive_id}][204] putGuestDriveByIdNoContent "
time="2023-04-08T10:26:39-04:00" level=info msg="Attaching NIC testtap (hwaddr DE:AD:BE:EF:5E:D1) at index 1"
2023-04-08T10:26:39.549860087 [anonymous-instance:main:WARN:src/vmm/src/builder.rs:599] Could not add serial input event to epoll: Error during epoll call: Operation not permitted (os error 1)
time="2023-04-08T10:26:39-04:00" level=info msg="startInstance successful: [PUT /actions][204] createSyncActionNoContent "
[    0.016289] dmi: Firmware registration failed.
[    0.045724] zswap: default zpool zbud not available
[    0.046021] zswap: pool creation failed
Graalvisor boot time: 180 ms.
Graalvisor listening on port 8080.
Warning: graalvisor compiled with no truffle language support.
Function compression registered with process sandboxing in 730 ms
[thread 1] Creating context org.graalvm.polyglot.Context@2470fd46
[thread 41] New process sandbox 470 in 342 us
[thread 1] Creating context org.graalvm.polyglot.Context@5a90aec6
[thread 46] New process sandbox 487 in 455 us
[thread 47] New process sandbox 488 in 505 us
[thread 48] New process sandbox 489 in 428 us
[thread 1] Creating context org.graalvm.polyglot.Context@3599f8fe
[thread 1] Creating context org.graalvm.polyglot.Context@ce72cd5
[thread 1] Creating context org.graalvm.polyglot.Context@39dba17d
time="2023-04-08T10:27:09-04:00" level=warning msg="firecracker exited: signal: terminated"
time="2023-04-08T10:27:09-04:00" level=fatal msg="Wait returned an error 1 error occurred:\n\t* signal: terminated\n\n"
