time="2023-04-08T10:12:58-04:00" level=info msg="Called startVMM(), setting up a VMM on /tmp/testtap.socket"
time="2023-04-08T10:12:58-04:00" level=info msg="VMM logging disabled."
time="2023-04-08T10:12:58-04:00" level=info msg="VMM metrics disabled."
time="2023-04-08T10:12:58-04:00" level=info msg="refreshMachineConfiguration: [GET /machine-config][200] getMachineConfigurationOK  &{CPUTemplate:Uninitialized HtEnabled:0xc0003ea0b4 MemSizeMib:0xc0003ea0a8 VcpuCount:0xc0003ea0a0}"
time="2023-04-08T10:12:58-04:00" level=info msg="PutGuestBootSource: [PUT /boot-source][204] putGuestBootSourceNoContent "
time="2023-04-08T10:12:58-04:00" level=info msg="Attaching drive /tmp/test-proxy/polyglot-proxy.img, slot 1, root true."
time="2023-04-08T10:12:58-04:00" level=info msg="Attached drive /tmp/test-proxy/polyglot-proxy.img: [PUT /drives/{drive_id}][204] putGuestDriveByIdNoContent "
time="2023-04-08T10:12:58-04:00" level=info msg="Attaching NIC testtap (hwaddr DE:AD:BE:EF:DD:3B) at index 1"
2023-04-08T10:12:58.232785042 [anonymous-instance:main:WARN:src/vmm/src/builder.rs:599] Could not add serial input event to epoll: Error during epoll call: Operation not permitted (os error 1)
time="2023-04-08T10:12:58-04:00" level=info msg="startInstance successful: [PUT /actions][204] createSyncActionNoContent "
[    0.012000] dmi: Firmware registration failed.
[    0.040909] zswap: default zpool zbud not available
[    0.041154] zswap: pool creation failed
Graalvisor boot time: 167 ms.
Graalvisor listening on port 8080.
Warning: graalvisor compiled with no truffle language support.
Function dynamichtml registered with process sandboxing in 307 ms
[thread 1] Creating context org.graalvm.polyglot.Context@5428e146
[thread 41] New process sandbox 464 in 253 us
[thread 1] Creating context org.graalvm.polyglot.Context@673b4be0
[thread 50] New process sandbox 483 in 281 us
[thread 51] New process sandbox 484 in 264 us
[thread 52] New process sandbox 485 in 499 us
[thread 53] New process sandbox 486 in 338 us
[thread 54] New process sandbox 487 in 373 us
[thread 55] New process sandbox 488 in 375 us
[thread 56] New process sandbox 489 in 335 us
[thread 1] Creating context org.graalvm.polyglot.Context@5cf764ab
[thread 1] Creating context org.graalvm.polyglot.Context@488d7ac6
[thread 1] Creating context org.graalvm.polyglot.Context@4095197d
[thread 1] Creating context org.graalvm.polyglot.Context@27caf5e9
[thread 1] Creating context org.graalvm.polyglot.Context@2f85e03e
[thread 1] Creating context org.graalvm.polyglot.Context@52eba40b
[thread 1] Creating context org.graalvm.polyglot.Context@10265a0
time="2023-04-08T10:13:11-04:00" level=warning msg="firecracker exited: signal: terminated"
time="2023-04-08T10:13:11-04:00" level=fatal msg="Wait returned an error 1 error occurred:\n\t* signal: terminated\n\n"
