This is ApacheBench, Version 2.3 <$Revision: 1879490 $>
Copyright 1996 Adam Twiss, Zeus Technology Ltd, http://www.zeustech.net/
Licensed to The Apache Software Foundation, http://www.apache.org/

Benchmarking 172.18.0.2 (be patient).....done


Server Software:        
Server Hostname:        172.18.0.2
Server Port:            8080

Document Path:          /warmup
Document Length:        1073 bytes

Concurrency Level:      1
Time taken for tests:   3.353 seconds
Complete requests:      1
Failed requests:        0
Total transferred:      1170 bytes
Total body sent:        290
HTML transferred:       1073 bytes
Requests per second:    0.30 [#/sec] (mean)
Time per request:       3353.459 [ms] (mean)
Time per request:       3353.459 [ms] (mean, across all concurrent requests)
Transfer rate:          0.34 [Kbytes/sec] received
                        0.08 kb/s sent
                        0.43 kb/s total

Connection Times (ms)
              min  mean[+/-sd] median   max
Connect:        0    0   0.0      0       0
Processing:  3353 3353   0.0   3353    3353
Waiting:     3353 3353   0.0   3353    3353
Total:       3353 3353   0.0   3353    3353
