time="2023-04-08T10:20:47-04:00" level=info msg="Called startVMM(), setting up a VMM on /tmp/testtap.socket"
time="2023-04-08T10:20:47-04:00" level=info msg="VMM logging disabled."
time="2023-04-08T10:20:47-04:00" level=info msg="VMM metrics disabled."
time="2023-04-08T10:20:47-04:00" level=info msg="refreshMachineConfiguration: [GET /machine-config][200] getMachineConfigurationOK  &{CPUTemplate:Uninitialized HtEnabled:0xc000459234 MemSizeMib:0xc000459228 VcpuCount:0xc000459220}"
time="2023-04-08T10:20:47-04:00" level=info msg="PutGuestBootSource: [PUT /boot-source][204] putGuestBootSourceNoContent "
time="2023-04-08T10:20:47-04:00" level=info msg="Attaching drive /tmp/test-proxy/polyglot-proxy.img, slot 1, root true."
time="2023-04-08T10:20:47-04:00" level=info msg="Attached drive /tmp/test-proxy/polyglot-proxy.img: [PUT /drives/{drive_id}][204] putGuestDriveByIdNoContent "
time="2023-04-08T10:20:47-04:00" level=info msg="Attaching NIC testtap (hwaddr DE:AD:BE:EF:B4:4C) at index 1"
2023-04-08T10:20:47.425502310 [anonymous-instance:main:WARN:src/vmm/src/builder.rs:599] Could not add serial input event to epoll: Error during epoll call: Operation not permitted (os error 1)
time="2023-04-08T10:20:47-04:00" level=info msg="startInstance successful: [PUT /actions][204] createSyncActionNoContent "
[    0.012000] dmi: Firmware registration failed.
[    0.040446] zswap: default zpool zbud not available
[    0.040719] zswap: pool creation failed
Graalvisor boot time: 171 ms.
Graalvisor listening on port 8080.
Warning: graalvisor compiled with no truffle language support.
Function dynamichtml registered with process sandboxing in 710 ms
[thread 1] Creating context org.graalvm.polyglot.Context@60bf9d37
[thread 41] New process sandbox 470 in 362 us
[thread 1] Creating context org.graalvm.polyglot.Context@6b4c549e
[thread 46] New process sandbox 487 in 405 us
[thread 47] New process sandbox 488 in 501 us
[thread 48] New process sandbox 489 in 483 us
[thread 1] Creating context org.graalvm.polyglot.Context@6aa992cd
[thread 1] Creating context org.graalvm.polyglot.Context@1550e672
[thread 1] Creating context org.graalvm.polyglot.Context@19a66bd
time="2023-04-08T10:21:10-04:00" level=warning msg="firecracker exited: signal: terminated"
time="2023-04-08T10:21:10-04:00" level=fatal msg="Wait returned an error 1 error occurred:\n\t* signal: terminated\n\n"
