This is ApacheBench, Version 2.3 <$Revision: 1879490 $>
Copyright 1996 Adam Twiss, Zeus Technology Ltd, http://www.zeustech.net/
Licensed to The Apache Software Foundation, http://www.apache.org/

Benchmarking 172.172.0.2 (be patient)
Completed 102 requests
Completed 204 requests
Completed 306 requests
Completed 408 requests
Completed 510 requests
Completed 612 requests
Completed 714 requests
Completed 816 requests
Completed 918 requests
Completed 1020 requests
Finished 1024 requests


Server Software:        
Server Hostname:        172.172.0.2
Server Port:            8080

Document Path:          /
Document Length:        163 bytes

Concurrency Level:      4
Time taken for tests:   33.487 seconds
Complete requests:      1024
Failed requests:        1
   (Connect: 0, Receive: 0, Length: 1, Exceptions: 0)
Total transferred:      265215 bytes
Total body sent:        239616
HTML transferred:       166911 bytes
Requests per second:    30.58 [#/sec] (mean)
Time per request:       130.807 [ms] (mean)
Time per request:       32.702 [ms] (mean, across all concurrent requests)
Transfer rate:          7.73 [Kbytes/sec] received
                        6.99 kb/s sent
                        14.72 kb/s total

Connection Times (ms)
              min  mean[+/-sd] median   max
Connect:        0    0   0.2      0       3
Processing:    71  129  20.0    124     277
Waiting:       71  129  20.0    124     277
Total:         72  130  20.1    124     278

Percentage of the requests served within a certain time (ms)
  50%    124
  66%    124
  75%    124
  80%    126
  90%    128
  95%    196
  98%    196
  99%    200
 100%    278 (longest request)
