This is ApacheBench, Version 2.3 <$Revision: 1879490 $>
Copyright 1996 Adam Twiss, Zeus Technology Ltd, http://www.zeustech.net/
Licensed to The Apache Software Foundation, http://www.apache.org/

Benchmarking 172.172.0.2 (be patient).....done


Server Software:        
Server Hostname:        172.172.0.2
Server Port:            8080

Document Path:          /
Document Length:        93 bytes

Concurrency Level:      2
Time taken for tests:   8.304 seconds
Complete requests:      20
Failed requests:        19
   (Connect: 0, Receive: 0, Length: 19, Exceptions: 0)
Total transferred:      3832 bytes
Total body sent:        4680
HTML transferred:       1931 bytes
Requests per second:    2.41 [#/sec] (mean)
Time per request:       830.420 [ms] (mean)
Time per request:       415.210 [ms] (mean, across all concurrent requests)
Transfer rate:          0.45 [Kbytes/sec] received
                        0.55 kb/s sent
                        1.00 kb/s total

Connection Times (ms)
              min  mean[+/-sd] median   max
Connect:        0    0   0.1      0       1
Processing:   135  636 1532.8    223    7031
Waiting:      135  636 1532.8    223    7031
Total:        135  637 1532.8    224    7032

Percentage of the requests served within a certain time (ms)
  50%    224
  66%    240
  75%    254
  80%    373
  90%   1272
  95%   7032
  98%   7032
  99%   7032
 100%   7032 (longest request)
