time="2023-04-06T15:57:48-04:00" level=info msg="Called startVMM(), setting up a VMM on /tmp/testtap.socket"
time="2023-04-06T15:57:48-04:00" level=info msg="VMM logging disabled."
time="2023-04-06T15:57:48-04:00" level=info msg="VMM metrics disabled."
time="2023-04-06T15:57:48-04:00" level=info msg="refreshMachineConfiguration: [GET /machine-config][200] getMachineConfigurationOK  &{CPUTemplate:Uninitialized HtEnabled:0xc00002412c MemSizeMib:0xc000024120 VcpuCount:0xc000024118}"
time="2023-04-06T15:57:48-04:00" level=info msg="PutGuestBootSource: [PUT /boot-source][204] putGuestBootSourceNoContent "
time="2023-04-06T15:57:48-04:00" level=info msg="Attaching drive /tmp/test-proxy/polyglot-proxy.img, slot 1, root true."
time="2023-04-06T15:57:48-04:00" level=info msg="Attached drive /tmp/test-proxy/polyglot-proxy.img: [PUT /drives/{drive_id}][204] putGuestDriveByIdNoContent "
time="2023-04-06T15:57:48-04:00" level=info msg="Attaching NIC testtap (hwaddr DE:AD:BE:EF:60:B2) at index 1"
2023-04-06T15:57:48.344709043 [anonymous-instance:main:WARN:src/vmm/src/builder.rs:599] Could not add serial input event to epoll: Error during epoll call: Operation not permitted (os error 1)
time="2023-04-06T15:57:48-04:00" level=info msg="startInstance successful: [PUT /actions][204] createSyncActionNoContent "
[    0.012089] dmi: Firmware registration failed.
[    0.041197] zswap: default zpool zbud not available
[    0.041467] zswap: pool creation failed
Graalvisor boot time: 165 ms.
Graalvisor listening on port 8080.
Warning: graalvisor compiled with no truffle language support.
Function filehashing registered with runtime sandboxing in 33 ms
[thread 40] New runtime sandbox 139827759546368 in 1504 us
[thread 48] New runtime sandbox 139793131372544 in 503 us
[thread 49] New runtime sandbox 139758753808384 in 457 us
[thread 50] New runtime sandbox 139724384632832 in 691 us
[thread 51] New runtime sandbox 139690015457280 in 464 us
[thread 52] New runtime sandbox 139655646281728 in 431 us
[thread 53] New runtime sandbox 139621277106176 in 462 us
[thread 54] New runtime sandbox 139586907930624 in 435 us
time="2023-04-06T15:57:56-04:00" level=warning msg="firecracker exited: signal: terminated"
time="2023-04-06T15:57:56-04:00" level=fatal msg="Wait returned an error 1 error occurred:\n\t* signal: terminated\n\n"
