This is ApacheBench, Version 2.3 <$Revision: 1879490 $>
Copyright 1996 Adam Twiss, Zeus Technology Ltd, http://www.zeustech.net/
Licensed to The Apache Software Foundation, http://www.apache.org/

Benchmarking 127.0.0.1 (be patient)
Completed 100 requests
Completed 200 requests
Finished 256 requests


Server Software:        
Server Hostname:        127.0.0.1
Server Port:            8081

Document Path:          /
Document Length:        1334 bytes

Concurrency Level:      1
Time taken for tests:   0.552 seconds
Complete requests:      256
Failed requests:        250
   (Connect: 0, Receive: 0, Length: 250, Exceptions: 0)
Total transferred:      365790 bytes
Total body sent:        73728
HTML transferred:       340958 bytes
Requests per second:    463.63 [#/sec] (mean)
Time per request:       2.157 [ms] (mean)
Time per request:       2.157 [ms] (mean, across all concurrent requests)
Transfer rate:          646.93 [Kbytes/sec] received
                        130.39 kb/s sent
                        777.33 kb/s total

Connection Times (ms)
              min  mean[+/-sd] median   max
Connect:        0    0   0.0      0       0
Processing:     1    2   1.4      2      24
Waiting:        1    2   1.4      2      24
Total:          1    2   1.4      2      24

Percentage of the requests served within a certain time (ms)
  50%      2
  66%      2
  75%      2
  80%      2
  90%      2
  95%      2
  98%      2
  99%      3
 100%     24 (longest request)
