This is ApacheBench, Version 2.3 <$Revision: 1879490 $>
Copyright 1996 Adam Twiss, Zeus Technology Ltd, http://www.zeustech.net/
Licensed to The Apache Software Foundation, http://www.apache.org/

Benchmarking 172.18.0.2 (be patient)
Completed 4000 requests
Completed 8000 requests
Completed 12000 requests
Completed 16000 requests
Completed 20000 requests
Completed 24000 requests
Completed 28000 requests
Completed 32000 requests
Completed 36000 requests
Completed 40000 requests
Finished 40000 requests


Server Software:        
Server Hostname:        172.18.0.2
Server Port:            8080

Document Path:          /
Document Length:        87 bytes

Concurrency Level:      8
Time taken for tests:   33.719 seconds
Complete requests:      40000
Failed requests:        39999
   (Connect: 0, Receive: 0, Length: 39999, Exceptions: 0)
Total transferred:      7482262 bytes
Total body sent:        8120000
HTML transferred:       3682262 bytes
Requests per second:    1186.29 [#/sec] (mean)
Time per request:       6.744 [ms] (mean)
Time per request:       0.843 [ms] (mean, across all concurrent requests)
Transfer rate:          216.70 [Kbytes/sec] received
                        235.17 kb/s sent
                        451.87 kb/s total

Connection Times (ms)
              min  mean[+/-sd] median   max
Connect:        0    0   1.4      0      36
Processing:     1    6   7.4      5     356
Waiting:        0    6   7.3      5     355
Total:          1    7   7.5      5     356

Percentage of the requests served within a certain time (ms)
  50%      5
  66%      5
  75%      6
  80%      6
  90%      6
  95%     27
  98%     31
  99%     32
 100%    356 (longest request)
