This is ApacheBench, Version 2.3 <$Revision: 1879490 $>
Copyright 1996 Adam Twiss, Zeus Technology Ltd, http://www.zeustech.net/
Licensed to The Apache Software Foundation, http://www.apache.org/

Benchmarking 172.18.0.2 (be patient)
Completed 4000 requests
Completed 8000 requests
Completed 12000 requests
Completed 16000 requests
Completed 20000 requests
Completed 24000 requests
Completed 28000 requests
Completed 32000 requests
Completed 36000 requests
Completed 40000 requests
Finished 40000 requests


Server Software:        
Server Hostname:        172.18.0.2
Server Port:            8080

Document Path:          /
Document Length:        93 bytes

Concurrency Level:      8
Time taken for tests:   31.461 seconds
Complete requests:      40000
Failed requests:        37972
   (Connect: 0, Receive: 0, Length: 37972, Exceptions: 0)
Total transferred:      7482315 bytes
Total body sent:        8120000
HTML transferred:       3682315 bytes
Requests per second:    1271.40 [#/sec] (mean)
Time per request:       6.292 [ms] (mean)
Time per request:       0.787 [ms] (mean, across all concurrent requests)
Transfer rate:          232.25 [Kbytes/sec] received
                        252.05 kb/s sent
                        484.30 kb/s total

Connection Times (ms)
              min  mean[+/-sd] median   max
Connect:        0    0   1.3      0      29
Processing:     1    6   5.8      4      45
Waiting:        1    6   5.7      4      45
Total:          1    6   5.9      5      45

Percentage of the requests served within a certain time (ms)
  50%      5
  66%      5
  75%      5
  80%      5
  90%      6
  95%     27
  98%     30
  99%     31
 100%     45 (longest request)
