This is ApacheBench, Version 2.3 <$Revision: 1879490 $>
Copyright 1996 Adam Twiss, Zeus Technology Ltd, http://www.zeustech.net/
Licensed to The Apache Software Foundation, http://www.apache.org/

Benchmarking 172.18.0.2 (be patient)
Completed 400 requests
Completed 800 requests
Completed 1200 requests
Completed 1600 requests
Completed 2000 requests
Completed 2400 requests
Completed 2800 requests
Completed 3200 requests
Completed 3600 requests
Completed 4000 requests
Finished 4000 requests


Server Software:        
Server Hostname:        172.18.0.2
Server Port:            8080

Document Path:          /
Document Length:        85 bytes

Concurrency Level:      8
Time taken for tests:   5.890 seconds
Complete requests:      4000
Failed requests:        1614
   (Connect: 0, Receive: 0, Length: 1614, Exceptions: 0)
Total transferred:      718850 bytes
Total body sent:        952000
HTML transferred:       338850 bytes
Requests per second:    679.12 [#/sec] (mean)
Time per request:       11.780 [ms] (mean)
Time per request:       1.472 [ms] (mean, across all concurrent requests)
Transfer rate:          119.19 [Kbytes/sec] received
                        157.84 kb/s sent
                        277.03 kb/s total

Connection Times (ms)
              min  mean[+/-sd] median   max
Connect:        0    0   1.4      0      27
Processing:     2   11   7.1      9      40
Waiting:        2   11   6.7      9      37
Total:          3   12   7.2      9      40

Percentage of the requests served within a certain time (ms)
  50%      9
  66%     10
  75%     10
  80%     10
  90%     28
  95%     32
  98%     34
  99%     35
 100%     40 (longest request)
This is ApacheBench, Version 2.3 <$Revision: 1879490 $>
Copyright 1996 Adam Twiss, Zeus Technology Ltd, http://www.zeustech.net/
Licensed to The Apache Software Foundation, http://www.apache.org/

Benchmarking 172.18.0.2 (be patient)
Completed 400 requests
Completed 800 requests
Completed 1200 requests
Completed 1600 requests
Completed 2000 requests
Completed 2400 requests
Completed 2800 requests
Completed 3200 requests
Completed 3600 requests
Completed 4000 requests
Finished 4000 requests


Server Software:        
Server Hostname:        172.18.0.2
Server Port:            8080

Document Path:          /
Document Length:        85 bytes

Concurrency Level:      8
Time taken for tests:   5.909 seconds
Complete requests:      4000
Failed requests:        1597
   (Connect: 0, Receive: 0, Length: 1597, Exceptions: 0)
Total transferred:      718933 bytes
Total body sent:        952000
HTML transferred:       338933 bytes
Requests per second:    676.97 [#/sec] (mean)
Time per request:       11.817 [ms] (mean)
Time per request:       1.477 [ms] (mean, across all concurrent requests)
Transfer rate:          118.82 [Kbytes/sec] received
                        157.34 kb/s sent
                        276.16 kb/s total

Connection Times (ms)
              min  mean[+/-sd] median   max
Connect:        0    0   1.1      0      27
Processing:     3   12   7.3      9      40
Waiting:        2   11   6.9      9      38
Total:          3   12   7.4      9      40

Percentage of the requests served within a certain time (ms)
  50%      9
  66%     10
  75%     10
  80%     10
  90%     28
  95%     32
  98%     35
  99%     36
 100%     40 (longest request)
This is ApacheBench, Version 2.3 <$Revision: 1879490 $>
Copyright 1996 Adam Twiss, Zeus Technology Ltd, http://www.zeustech.net/
Licensed to The Apache Software Foundation, http://www.apache.org/

Benchmarking 172.18.0.2 (be patient)
Completed 400 requests
Completed 800 requests
Completed 1200 requests
Completed 1600 requests
Completed 2000 requests
Completed 2400 requests
Completed 2800 requests
Completed 3200 requests
Completed 3600 requests
Completed 4000 requests
Finished 4000 requests


Server Software:        
Server Hostname:        172.18.0.2
Server Port:            8080

Document Path:          /
Document Length:        85 bytes

Concurrency Level:      8
Time taken for tests:   5.839 seconds
Complete requests:      4000
Failed requests:        1718
   (Connect: 0, Receive: 0, Length: 1718, Exceptions: 0)
Total transferred:      718770 bytes
Total body sent:        952000
HTML transferred:       338770 bytes
Requests per second:    685.09 [#/sec] (mean)
Time per request:       11.677 [ms] (mean)
Time per request:       1.460 [ms] (mean, across all concurrent requests)
Transfer rate:          120.22 [Kbytes/sec] received
                        159.23 kb/s sent
                        279.45 kb/s total

Connection Times (ms)
              min  mean[+/-sd] median   max
Connect:        0    0   1.1      0      24
Processing:     2   11   7.2      9      50
Waiting:        2   11   6.7      9      49
Total:          3   12   7.2      9      50

Percentage of the requests served within a certain time (ms)
  50%      9
  66%      9
  75%     10
  80%     10
  90%     28
  95%     32
  98%     34
  99%     35
 100%     50 (longest request)
This is ApacheBench, Version 2.3 <$Revision: 1879490 $>
Copyright 1996 Adam Twiss, Zeus Technology Ltd, http://www.zeustech.net/
Licensed to The Apache Software Foundation, http://www.apache.org/

Benchmarking 172.18.0.2 (be patient)
Completed 400 requests
Completed 800 requests
Completed 1200 requests
Completed 1600 requests
Completed 2000 requests
Completed 2400 requests
Completed 2800 requests
Completed 3200 requests
Completed 3600 requests
Completed 4000 requests
Finished 4000 requests


Server Software:        
Server Hostname:        172.18.0.2
Server Port:            8080

Document Path:          /
Document Length:        85 bytes

Concurrency Level:      8
Time taken for tests:   5.846 seconds
Complete requests:      4000
Failed requests:        1670
   (Connect: 0, Receive: 0, Length: 1670, Exceptions: 0)
Total transferred:      718784 bytes
Total body sent:        952000
HTML transferred:       338784 bytes
Requests per second:    684.20 [#/sec] (mean)
Time per request:       11.693 [ms] (mean)
Time per request:       1.462 [ms] (mean, across all concurrent requests)
Transfer rate:          120.07 [Kbytes/sec] received
                        159.02 kb/s sent
                        279.09 kb/s total

Connection Times (ms)
              min  mean[+/-sd] median   max
Connect:        0    0   1.4      0      26
Processing:     3   11   7.1      9      59
Waiting:        2   11   6.7      9      58
Total:          3   12   7.2      9      59

Percentage of the requests served within a certain time (ms)
  50%      9
  66%     10
  75%     10
  80%     10
  90%     28
  95%     31
  98%     34
  99%     36
 100%     59 (longest request)
This is ApacheBench, Version 2.3 <$Revision: 1879490 $>
Copyright 1996 Adam Twiss, Zeus Technology Ltd, http://www.zeustech.net/
Licensed to The Apache Software Foundation, http://www.apache.org/

Benchmarking 172.18.0.2 (be patient)
Completed 400 requests
Completed 800 requests
Completed 1200 requests
Completed 1600 requests
Completed 2000 requests
Completed 2400 requests
Completed 2800 requests
Completed 3200 requests
Completed 3600 requests
Completed 4000 requests
Finished 4000 requests


Server Software:        
Server Hostname:        172.18.0.2
Server Port:            8080

Document Path:          /
Document Length:        85 bytes

Concurrency Level:      8
Time taken for tests:   6.030 seconds
Complete requests:      4000
Failed requests:        1507
   (Connect: 0, Receive: 0, Length: 1507, Exceptions: 0)
Total transferred:      718887 bytes
Total body sent:        952000
HTML transferred:       338887 bytes
Requests per second:    663.37 [#/sec] (mean)
Time per request:       12.060 [ms] (mean)
Time per request:       1.507 [ms] (mean, across all concurrent requests)
Transfer rate:          116.43 [Kbytes/sec] received
                        154.18 kb/s sent
                        270.61 kb/s total

Connection Times (ms)
              min  mean[+/-sd] median   max
Connect:        0    0   1.4      0      25
Processing:     2   12   7.2      9      48
Waiting:        2   11   7.0      9      48
Total:          2   12   7.3      9      48

Percentage of the requests served within a certain time (ms)
  50%      9
  66%     10
  75%     10
  80%     11
  90%     28
  95%     32
  98%     34
  99%     35
 100%     48 (longest request)
