time="2023-04-05T20:12:44-04:00" level=info msg="Called startVMM(), setting up a VMM on /tmp/testtap.socket"
time="2023-04-05T20:12:44-04:00" level=info msg="VMM logging disabled."
time="2023-04-05T20:12:44-04:00" level=info msg="VMM metrics disabled."
time="2023-04-05T20:12:44-04:00" level=info msg="refreshMachineConfiguration: [GET /machine-config][200] getMachineConfigurationOK  &{CPUTemplate:Uninitialized HtEnabled:0xc00050010c MemSizeMib:0xc000500100 VcpuCount:0xc0005000e8}"
time="2023-04-05T20:12:44-04:00" level=info msg="PutGuestBootSource: [PUT /boot-source][204] putGuestBootSourceNoContent "
time="2023-04-05T20:12:44-04:00" level=info msg="Attaching drive /tmp/test-proxy/polyglot-proxy.img, slot 1, root true."
time="2023-04-05T20:12:44-04:00" level=info msg="Attached drive /tmp/test-proxy/polyglot-proxy.img: [PUT /drives/{drive_id}][204] putGuestDriveByIdNoContent "
time="2023-04-05T20:12:44-04:00" level=info msg="Attaching NIC testtap (hwaddr DE:AD:BE:EF:B9:2F) at index 1"
2023-04-05T20:12:44.868342090 [anonymous-instance:main:WARN:src/vmm/src/builder.rs:599] Could not add serial input event to epoll: Error during epoll call: Operation not permitted (os error 1)
time="2023-04-05T20:12:44-04:00" level=info msg="startInstance successful: [PUT /actions][204] createSyncActionNoContent "
[    0.047601] dmi: Firmware registration failed.
[    0.095665] zswap: default zpool zbud not available
[    0.096576] zswap: pool creation failed
Graalvisor boot time: 368 ms.
Graalvisor listening on port 8080.
Warning: graalvisor compiled with no truffle language support.
Function filehashing registered with runtime sandboxing in 106 ms
[thread 40] New runtime sandbox 139696024846336 in 4482 us
[thread 48] New runtime sandbox 139661396672512 in 1499 us
[thread 49] New runtime sandbox 139627035885568 in 1525 us
[thread 50] New runtime sandbox 139592666710016 in 1814 us
[thread 54] New runtime sandbox 139455190007808 in 9788 us
[thread 51] New runtime sandbox 139558297534464 in 1326 us
[thread 53] New runtime sandbox 139489559183360 in 2151 us
[thread 52] New runtime sandbox 139523928358912 in 7196 us
time="2023-04-05T20:13:22-04:00" level=warning msg="firecracker exited: signal: terminated"
time="2023-04-05T20:13:22-04:00" level=fatal msg="Wait returned an error 1 error occurred:\n\t* signal: terminated\n\n"
