This is ApacheBench, Version 2.3 <$Revision: 1879490 $>
Copyright 1996 Adam Twiss, Zeus Technology Ltd, http://www.zeustech.net/
Licensed to The Apache Software Foundation, http://www.apache.org/

Benchmarking 172.18.0.2 (be patient)
Completed 204 requests
Completed 408 requests
Completed 612 requests
Completed 816 requests
Completed 1020 requests
Completed 1224 requests
Completed 1428 requests
Completed 1632 requests
Completed 1836 requests
Completed 2040 requests
Finished 2048 requests


Server Software:        
Server Hostname:        172.18.0.2
Server Port:            8080

Document Path:          /
Document Length:        54 bytes

Concurrency Level:      8
Time taken for tests:   2.806 seconds
Complete requests:      2048
Failed requests:        1420
   (Connect: 0, Receive: 0, Length: 1420, Exceptions: 0)
Total transferred:      303954 bytes
Total body sent:        487424
HTML transferred:       109394 bytes
Requests per second:    729.80 [#/sec] (mean)
Time per request:       10.962 [ms] (mean)
Time per request:       1.370 [ms] (mean, across all concurrent requests)
Transfer rate:          105.77 [Kbytes/sec] received
                        169.62 kb/s sent
                        275.39 kb/s total

Connection Times (ms)
              min  mean[+/-sd] median   max
Connect:        0    0   1.0      0      27
Processing:     2   11   7.4      8      38
Waiting:        2   10   6.8      8      37
Total:          3   11   7.5      9      38

Percentage of the requests served within a certain time (ms)
  50%      9
  66%      9
  75%     10
  80%     10
  90%     27
  95%     33
  98%     35
  99%     36
 100%     38 (longest request)
This is ApacheBench, Version 2.3 <$Revision: 1879490 $>
Copyright 1996 Adam Twiss, Zeus Technology Ltd, http://www.zeustech.net/
Licensed to The Apache Software Foundation, http://www.apache.org/

Benchmarking 172.18.0.2 (be patient)
Completed 204 requests
Completed 408 requests
Completed 612 requests
Completed 816 requests
Completed 1020 requests
Completed 1224 requests
Completed 1428 requests
Completed 1632 requests
Completed 1836 requests
Completed 2040 requests
Finished 2048 requests


Server Software:        
Server Hostname:        172.18.0.2
Server Port:            8080

Document Path:          /
Document Length:        53 bytes

Concurrency Level:      8
Time taken for tests:   2.365 seconds
Complete requests:      2048
Failed requests:        166
   (Connect: 0, Receive: 0, Length: 166, Exceptions: 0)
Total transferred:      303362 bytes
Total body sent:        487424
HTML transferred:       108802 bytes
Requests per second:    865.82 [#/sec] (mean)
Time per request:       9.240 [ms] (mean)
Time per request:       1.155 [ms] (mean, across all concurrent requests)
Transfer rate:          125.24 [Kbytes/sec] received
                        201.24 kb/s sent
                        326.48 kb/s total

Connection Times (ms)
              min  mean[+/-sd] median   max
Connect:        0    0   1.3      0      30
Processing:     2    9   7.5      7      38
Waiting:        2    8   7.1      6      37
Total:          2    9   7.6      7      38

Percentage of the requests served within a certain time (ms)
  50%      7
  66%      7
  75%      8
  80%      8
  90%     11
  95%     33
  98%     34
  99%     35
 100%     38 (longest request)
This is ApacheBench, Version 2.3 <$Revision: 1879490 $>
Copyright 1996 Adam Twiss, Zeus Technology Ltd, http://www.zeustech.net/
Licensed to The Apache Software Foundation, http://www.apache.org/

Benchmarking 172.18.0.2 (be patient)
Completed 204 requests
Completed 408 requests
Completed 612 requests
Completed 816 requests
Completed 1020 requests
Completed 1224 requests
Completed 1428 requests
Completed 1632 requests
Completed 1836 requests
Completed 2040 requests
Finished 2048 requests


Server Software:        
Server Hostname:        172.18.0.2
Server Port:            8080

Document Path:          /
Document Length:        53 bytes

Concurrency Level:      8
Time taken for tests:   2.466 seconds
Complete requests:      2048
Failed requests:        338
   (Connect: 0, Receive: 0, Length: 338, Exceptions: 0)
Total transferred:      303524 bytes
Total body sent:        487424
HTML transferred:       108964 bytes
Requests per second:    830.55 [#/sec] (mean)
Time per request:       9.632 [ms] (mean)
Time per request:       1.204 [ms] (mean, across all concurrent requests)
Transfer rate:          120.21 [Kbytes/sec] received
                        193.04 kb/s sent
                        313.24 kb/s total

Connection Times (ms)
              min  mean[+/-sd] median   max
Connect:        0    0   1.7      0      27
Processing:     2    9   7.3      7      39
Waiting:        1    9   6.9      6      38
Total:          2   10   7.4      7      39

Percentage of the requests served within a certain time (ms)
  50%      7
  66%      7
  75%      8
  80%      9
  90%     14
  95%     32
  98%     35
  99%     35
 100%     39 (longest request)
This is ApacheBench, Version 2.3 <$Revision: 1879490 $>
Copyright 1996 Adam Twiss, Zeus Technology Ltd, http://www.zeustech.net/
Licensed to The Apache Software Foundation, http://www.apache.org/

Benchmarking 172.18.0.2 (be patient)
Completed 204 requests
Completed 408 requests
Completed 612 requests
Completed 816 requests
Completed 1020 requests
Completed 1224 requests
Completed 1428 requests
Completed 1632 requests
Completed 1836 requests
Completed 2040 requests
Finished 2048 requests


Server Software:        
Server Hostname:        172.18.0.2
Server Port:            8080

Document Path:          /
Document Length:        53 bytes

Concurrency Level:      8
Time taken for tests:   2.327 seconds
Complete requests:      2048
Failed requests:        148
   (Connect: 0, Receive: 0, Length: 148, Exceptions: 0)
Total transferred:      303344 bytes
Total body sent:        487424
HTML transferred:       108784 bytes
Requests per second:    880.00 [#/sec] (mean)
Time per request:       9.091 [ms] (mean)
Time per request:       1.136 [ms] (mean, across all concurrent requests)
Transfer rate:          127.29 [Kbytes/sec] received
                        204.53 kb/s sent
                        331.82 kb/s total

Connection Times (ms)
              min  mean[+/-sd] median   max
Connect:        0    0   1.4      0      28
Processing:     2    9   7.2      7      46
Waiting:        1    8   6.8      6      46
Total:          2    9   7.3      7      47

Percentage of the requests served within a certain time (ms)
  50%      7
  66%      7
  75%      7
  80%      8
  90%      9
  95%     32
  98%     34
  99%     35
 100%     47 (longest request)
This is ApacheBench, Version 2.3 <$Revision: 1879490 $>
Copyright 1996 Adam Twiss, Zeus Technology Ltd, http://www.zeustech.net/
Licensed to The Apache Software Foundation, http://www.apache.org/

Benchmarking 172.18.0.2 (be patient)
Completed 204 requests
Completed 408 requests
Completed 612 requests
Completed 816 requests
Completed 1020 requests
Completed 1224 requests
Completed 1428 requests
Completed 1632 requests
Completed 1836 requests
Completed 2040 requests
Finished 2048 requests


Server Software:        
Server Hostname:        172.18.0.2
Server Port:            8080

Document Path:          /
Document Length:        53 bytes

Concurrency Level:      8
Time taken for tests:   2.375 seconds
Complete requests:      2048
Failed requests:        187
   (Connect: 0, Receive: 0, Length: 187, Exceptions: 0)
Total transferred:      303410 bytes
Total body sent:        487424
HTML transferred:       108850 bytes
Requests per second:    862.47 [#/sec] (mean)
Time per request:       9.276 [ms] (mean)
Time per request:       1.159 [ms] (mean, across all concurrent requests)
Transfer rate:          124.78 [Kbytes/sec] received
                        200.46 kb/s sent
                        325.24 kb/s total

Connection Times (ms)
              min  mean[+/-sd] median   max
Connect:        0    0   1.5      0      27
Processing:     2    9   7.3      7      41
Waiting:        1    8   6.9      6      39
Total:          2    9   7.4      7      41

Percentage of the requests served within a certain time (ms)
  50%      7
  66%      7
  75%      8
  80%      8
  90%     11
  95%     32
  98%     34
  99%     35
 100%     41 (longest request)
