time="2023-04-05T20:03:10-04:00" level=info msg="Called startVMM(), setting up a VMM on /tmp/testtap.socket"
time="2023-04-05T20:03:10-04:00" level=info msg="VMM logging disabled."
time="2023-04-05T20:03:10-04:00" level=info msg="VMM metrics disabled."
time="2023-04-05T20:03:10-04:00" level=info msg="refreshMachineConfiguration: [GET /machine-config][200] getMachineConfigurationOK  &{CPUTemplate:Uninitialized HtEnabled:0xc0004d83e4 MemSizeMib:0xc0004d83c8 VcpuCount:0xc0004d83c0}"
time="2023-04-05T20:03:10-04:00" level=info msg="PutGuestBootSource: [PUT /boot-source][204] putGuestBootSourceNoContent "
time="2023-04-05T20:03:10-04:00" level=info msg="Attaching drive /tmp/test-proxy/polyglot-proxy.img, slot 1, root true."
time="2023-04-05T20:03:10-04:00" level=info msg="Attached drive /tmp/test-proxy/polyglot-proxy.img: [PUT /drives/{drive_id}][204] putGuestDriveByIdNoContent "
time="2023-04-05T20:03:10-04:00" level=info msg="Attaching NIC testtap (hwaddr DE:AD:BE:EF:39:9E) at index 1"
2023-04-05T20:03:10.818480682 [anonymous-instance:main:WARN:src/vmm/src/builder.rs:599] Could not add serial input event to epoll: Error during epoll call: Operation not permitted (os error 1)
time="2023-04-05T20:03:10-04:00" level=info msg="startInstance successful: [PUT /actions][204] createSyncActionNoContent "
[    0.047416] dmi: Firmware registration failed.
[    0.095106] zswap: default zpool zbud not available
[    0.095966] zswap: pool creation failed
Graalvisor boot time: 371 ms.
Graalvisor listening on port 8080.
Warning: graalvisor compiled with no truffle language support.
Function httprequest registered with isolate sandboxing in 128 ms
[thread 40] New isolate sandbox 139943321010176 in 2424 us
[thread 49] New isolate sandbox 139874306883584 in 1891 us
[thread 50] New isolate sandbox 139839937708032 in 1579 us
[thread 51] New isolate sandbox 139805568532480 in 1405 us
[thread 54] New isolate sandbox 139702469394432 in 1791 us
[thread 48] New isolate sandbox 139908667670528 in 25728 us
[thread 52] New isolate sandbox 139771199356928 in 14137 us
[thread 53] New isolate sandbox 139736838569984 in 15289 us
time="2023-04-05T20:03:27-04:00" level=warning msg="firecracker exited: signal: terminated"
time="2023-04-05T20:03:27-04:00" level=fatal msg="Wait returned an error 1 error occurred:\n\t* signal: terminated\n\n"
