This is ApacheBench, Version 2.3 <$Revision: 1879490 $>
Copyright 1996 Adam Twiss, Zeus Technology Ltd, http://www.zeustech.net/
Licensed to The Apache Software Foundation, http://www.apache.org/

Benchmarking 172.18.0.2 (be patient)
Completed 204 requests
Completed 408 requests
Completed 612 requests
Completed 816 requests
Completed 1020 requests
Completed 1224 requests
Completed 1428 requests
Completed 1632 requests
Completed 1836 requests
Completed 2040 requests
Finished 2048 requests


Server Software:        
Server Hostname:        172.18.0.2
Server Port:            8080

Document Path:          /
Document Length:        186 bytes

Concurrency Level:      8
Time taken for tests:   3.560 seconds
Complete requests:      2048
Failed requests:        1656
   (Connect: 0, Receive: 0, Length: 1656, Exceptions: 0)
Total transferred:      576074 bytes
Total body sent:        479232
HTML transferred:       379466 bytes
Requests per second:    575.26 [#/sec] (mean)
Time per request:       13.907 [ms] (mean)
Time per request:       1.738 [ms] (mean, across all concurrent requests)
Transfer rate:          158.02 [Kbytes/sec] received
                        131.46 kb/s sent
                        289.48 kb/s total

Connection Times (ms)
              min  mean[+/-sd] median   max
Connect:        0    0   0.9      0      26
Processing:     1   11  67.2      5    1019
Waiting:        1   10  67.0      4    1017
Total:          1   11  67.2      5    1019

Percentage of the requests served within a certain time (ms)
  50%      5
  66%      5
  75%      5
  80%      5
  90%      8
  95%     23
  98%     28
  99%     39
 100%   1019 (longest request)
