time="2023-04-06T16:19:38-04:00" level=info msg="Called startVMM(), setting up a VMM on /tmp/testtap.socket"
time="2023-04-06T16:19:38-04:00" level=info msg="VMM logging disabled."
time="2023-04-06T16:19:38-04:00" level=info msg="VMM metrics disabled."
time="2023-04-06T16:19:38-04:00" level=info msg="refreshMachineConfiguration: [GET /machine-config][200] getMachineConfigurationOK  &{CPUTemplate:Uninitialized HtEnabled:0xc00042dac4 MemSizeMib:0xc00042dab8 VcpuCount:0xc00042dab0}"
time="2023-04-06T16:19:38-04:00" level=info msg="PutGuestBootSource: [PUT /boot-source][204] putGuestBootSourceNoContent "
time="2023-04-06T16:19:38-04:00" level=info msg="Attaching drive /tmp/test-proxy/polyglot-proxy.img, slot 1, root true."
time="2023-04-06T16:19:38-04:00" level=info msg="Attached drive /tmp/test-proxy/polyglot-proxy.img: [PUT /drives/{drive_id}][204] putGuestDriveByIdNoContent "
time="2023-04-06T16:19:38-04:00" level=info msg="Attaching NIC testtap (hwaddr DE:AD:BE:EF:61:77) at index 1"
2023-04-06T16:19:38.702821996 [anonymous-instance:main:WARN:src/vmm/src/builder.rs:599] Could not add serial input event to epoll: Error during epoll call: Operation not permitted (os error 1)
time="2023-04-06T16:19:38-04:00" level=info msg="startInstance successful: [PUT /actions][204] createSyncActionNoContent "
[    0.016359] dmi: Firmware registration failed.
[    0.045973] zswap: default zpool zbud not available
[    0.046269] zswap: pool creation failed
Graalvisor boot time: 179 ms.
Graalvisor listening on port 8080.
Warning: graalvisor compiled with no truffle language support.
Function videoprocessing registered with isolate sandboxing in 33 ms
[thread 40] New isolate sandbox 140063714312192 in 746 us
SLF4J: Failed to load class "org.slf4j.impl.StaticLoggerBinder".
SLF4J: Defaulting to no-operation (NOP) logger implementation
SLF4J: See http://www.slf4j.org/codes.html#StaticLoggerBinder for further details.
[thread 42] New isolate sandbox 140029086138368 in 494 us
SLF4J: Failed to load class "org.slf4j.impl.StaticLoggerBinder".
SLF4J: Defaulting to no-operation (NOP) logger implementation
SLF4J: See http://www.slf4j.org/codes.html#StaticLoggerBinder for further details.
time="2023-04-06T16:20:17-04:00" level=warning msg="firecracker exited: signal: terminated"
time="2023-04-06T16:20:17-04:00" level=fatal msg="Wait returned an error 1 error occurred:\n\t* signal: terminated\n\n"
