This is ApacheBench, Version 2.3 <$Revision: 1879490 $>
Copyright 1996 Adam Twiss, Zeus Technology Ltd, http://www.zeustech.net/
Licensed to The Apache Software Foundation, http://www.apache.org/

Benchmarking 127.0.0.1 (be patient).....done


Server Software:        
Server Hostname:        127.0.0.1
Server Port:            8081

Document Path:          /
Document Length:        72 bytes

Concurrency Level:      1
Time taken for tests:   2.604 seconds
Complete requests:      10
Failed requests:        9
   (Connect: 0, Receive: 0, Length: 9, Exceptions: 0)
Total transferred:      1661 bytes
Total body sent:        3930
HTML transferred:       711 bytes
Requests per second:    3.84 [#/sec] (mean)
Time per request:       260.382 [ms] (mean)
Time per request:       260.382 [ms] (mean, across all concurrent requests)
Transfer rate:          0.62 [Kbytes/sec] received
                        1.47 kb/s sent
                        2.10 kb/s total

Connection Times (ms)
              min  mean[+/-sd] median   max
Connect:        0    0   0.0      0       0
Processing:   133  260 339.1    141    1219
Waiting:      133  260 339.0    140    1219
Total:        133  260 339.1    141    1219

Percentage of the requests served within a certain time (ms)
  50%    141
  66%    141
  75%    164
  80%    258
  90%   1219
  95%   1219
  98%   1219
  99%   1219
 100%   1219 (longest request)
