This is ApacheBench, Version 2.3 <$Revision: 1879490 $>
Copyright 1996 Adam Twiss, Zeus Technology Ltd, http://www.zeustech.net/
Licensed to The Apache Software Foundation, http://www.apache.org/

Benchmarking 192.168.4.33 (be patient).....done


Server Software:        
Server Hostname:        192.168.4.33
Server Port:            8080

Document Path:          /
Document Length:        86 bytes

Concurrency Level:      1
Time taken for tests:   7.058 seconds
Complete requests:      2
Failed requests:        0
Total transferred:      362 bytes
Total body sent:        588
HTML transferred:       172 bytes
Requests per second:    0.28 [#/sec] (mean)
Time per request:       3528.907 [ms] (mean)
Time per request:       3528.907 [ms] (mean, across all concurrent requests)
Transfer rate:          0.05 [Kbytes/sec] received
                        0.08 kb/s sent
                        0.13 kb/s total

Connection Times (ms)
              min  mean[+/-sd] median   max
Connect:        0    0   0.2      0       0
Processing:  3514 3529  20.1   3543    3543
Waiting:     3514 3529  20.1   3543    3543
Total:       3515 3529  20.0   3543    3543

Percentage of the requests served within a certain time (ms)
  50%   3543
  66%   3543
  75%   3543
  80%   3543
  90%   3543
  95%   3543
  98%   3543
  99%   3543
 100%   3543 (longest request)
This is ApacheBench, Version 2.3 <$Revision: 1879490 $>
Copyright 1996 Adam Twiss, Zeus Technology Ltd, http://www.zeustech.net/
Licensed to The Apache Software Foundation, http://www.apache.org/

Benchmarking 192.168.4.33 (be patient).....done


Server Software:        
Server Hostname:        192.168.4.33
Server Port:            8080

Document Path:          /
Document Length:        86 bytes

Concurrency Level:      1
Time taken for tests:   7.097 seconds
Complete requests:      2
Failed requests:        0
Total transferred:      362 bytes
Total body sent:        588
HTML transferred:       172 bytes
Requests per second:    0.28 [#/sec] (mean)
Time per request:       3548.420 [ms] (mean)
Time per request:       3548.420 [ms] (mean, across all concurrent requests)
Transfer rate:          0.05 [Kbytes/sec] received
                        0.08 kb/s sent
                        0.13 kb/s total

Connection Times (ms)
              min  mean[+/-sd] median   max
Connect:        0    0   0.1      0       0
Processing:  3546 3548   3.5   3551    3551
Waiting:     3546 3548   3.5   3551    3551
Total:       3546 3548   3.4   3551    3551

Percentage of the requests served within a certain time (ms)
  50%   3551
  66%   3551
  75%   3551
  80%   3551
  90%   3551
  95%   3551
  98%   3551
  99%   3551
 100%   3551 (longest request)
This is ApacheBench, Version 2.3 <$Revision: 1879490 $>
Copyright 1996 Adam Twiss, Zeus Technology Ltd, http://www.zeustech.net/
Licensed to The Apache Software Foundation, http://www.apache.org/

Benchmarking 192.168.4.33 (be patient).....done


Server Software:        
Server Hostname:        192.168.4.33
Server Port:            8080

Document Path:          /
Document Length:        86 bytes

Concurrency Level:      1
Time taken for tests:   7.141 seconds
Complete requests:      2
Failed requests:        0
Total transferred:      362 bytes
Total body sent:        588
HTML transferred:       172 bytes
Requests per second:    0.28 [#/sec] (mean)
Time per request:       3570.514 [ms] (mean)
Time per request:       3570.514 [ms] (mean, across all concurrent requests)
Transfer rate:          0.05 [Kbytes/sec] received
                        0.08 kb/s sent
                        0.13 kb/s total

Connection Times (ms)
              min  mean[+/-sd] median   max
Connect:        0    0   0.1      0       0
Processing:  3570 3570   0.0   3570    3570
Waiting:     3570 3570   0.0   3570    3570
Total:       3570 3570   0.1   3571    3571
ERROR: The median and mean for the total time are more than twice the standard
       deviation apart. These results are NOT reliable.

Percentage of the requests served within a certain time (ms)
  50%   3571
  66%   3571
  75%   3571
  80%   3571
  90%   3571
  95%   3571
  98%   3571
  99%   3571
 100%   3571 (longest request)
