This is ApacheBench, Version 2.3 <$Revision: 1879490 $>
Copyright 1996 Adam Twiss, Zeus Technology Ltd, http://www.zeustech.net/
Licensed to The Apache Software Foundation, http://www.apache.org/

Benchmarking 172.18.0.2 (be patient).....done


Server Software:        
Server Hostname:        172.18.0.2
Server Port:            8080

Document Path:          /
Document Length:        71 bytes

Concurrency Level:      1
Time taken for tests:   4.624 seconds
Complete requests:      25
Failed requests:        0
Total transferred:      4150 bytes
Total body sent:        9925
HTML transferred:       1775 bytes
Requests per second:    5.41 [#/sec] (mean)
Time per request:       184.973 [ms] (mean)
Time per request:       184.973 [ms] (mean, across all concurrent requests)
Transfer rate:          0.88 [Kbytes/sec] received
                        2.10 kb/s sent
                        2.97 kb/s total

Connection Times (ms)
              min  mean[+/-sd] median   max
Connect:        0    0   0.0      0       0
Processing:   151  185 143.5    155     873
Waiting:      151  185 143.5    155     873
Total:        151  185 143.5    155     873

Percentage of the requests served within a certain time (ms)
  50%    155
  66%    156
  75%    157
  80%    162
  90%    163
  95%    164
  98%    873
  99%    873
 100%    873 (longest request)
