This is ApacheBench, Version 2.3 <$Revision: 1879490 $>
Copyright 1996 Adam Twiss, Zeus Technology Ltd, http://www.zeustech.net/
Licensed to The Apache Software Foundation, http://www.apache.org/

Benchmarking 172.18.0.2 (be patient).....done


Server Software:        
Server Hostname:        172.18.0.2
Server Port:            8080

Document Path:          /
Document Length:        71 bytes

Concurrency Level:      1
Time taken for tests:   4.149 seconds
Complete requests:      25
Failed requests:        0
Total transferred:      4150 bytes
Total body sent:        9925
HTML transferred:       1775 bytes
Requests per second:    6.03 [#/sec] (mean)
Time per request:       165.953 [ms] (mean)
Time per request:       165.953 [ms] (mean, across all concurrent requests)
Transfer rate:          0.98 [Kbytes/sec] received
                        2.34 kb/s sent
                        3.31 kb/s total

Connection Times (ms)
              min  mean[+/-sd] median   max
Connect:        0    0   0.0      0       0
Processing:   152  166   6.9    168     180
Waiting:      152  166   6.9    168     179
Total:        152  166   6.9    168     180

Percentage of the requests served within a certain time (ms)
  50%    168
  66%    169
  75%    170
  80%    170
  90%    171
  95%    172
  98%    180
  99%    180
 100%    180 (longest request)
