time="2023-04-08T10:05:31-04:00" level=info msg="Called startVMM(), setting up a VMM on /tmp/testtap.socket"
time="2023-04-08T10:05:31-04:00" level=info msg="VMM logging disabled."
time="2023-04-08T10:05:31-04:00" level=info msg="VMM metrics disabled."
time="2023-04-08T10:05:31-04:00" level=info msg="refreshMachineConfiguration: [GET /machine-config][200] getMachineConfigurationOK  &{CPUTemplate:Uninitialized HtEnabled:0xc000402984 MemSizeMib:0xc000402968 VcpuCount:0xc000402960}"
time="2023-04-08T10:05:31-04:00" level=info msg="PutGuestBootSource: [PUT /boot-source][204] putGuestBootSourceNoContent "
time="2023-04-08T10:05:31-04:00" level=info msg="Attaching drive /tmp/test-proxy/polyglot-proxy.img, slot 1, root true."
time="2023-04-08T10:05:31-04:00" level=info msg="Attached drive /tmp/test-proxy/polyglot-proxy.img: [PUT /drives/{drive_id}][204] putGuestDriveByIdNoContent "
time="2023-04-08T10:05:31-04:00" level=info msg="Attaching NIC testtap (hwaddr DE:AD:BE:EF:3C:34) at index 1"
2023-04-08T10:05:31.414830000 [anonymous-instance:main:WARN:src/vmm/src/builder.rs:599] Could not add serial input event to epoll: Error during epoll call: Operation not permitted (os error 1)
time="2023-04-08T10:05:31-04:00" level=info msg="startInstance successful: [PUT /actions][204] createSyncActionNoContent "
[    0.012000] dmi: Firmware registration failed.
[    0.040450] zswap: default zpool zbud not available
[    0.040696] zswap: pool creation failed
Graalvisor boot time: 164 ms.
Graalvisor listening on port 8080.
Warning: graalvisor compiled with no truffle language support.
Function uploader registered with context sandboxing in 777 ms
[thread 41] New context sandbox 139860406960128 in 27 us
[thread 39] Creating context org.graalvm.polyglot.Context@11da9afa
[thread 45] New context sandbox 139860406960128 in 9 us
[thread 52] Creating context org.graalvm.polyglot.Context@2df49722
[thread 46] New context sandbox 139860406960128 in 8 us
[thread 53] Creating context org.graalvm.polyglot.Context@377fdb3c
[thread 47] New context sandbox 139860406960128 in 6 us
[thread 54] Creating context org.graalvm.polyglot.Context@26e2cd55
time="2023-04-08T10:05:41-04:00" level=warning msg="firecracker exited: signal: terminated"
time="2023-04-08T10:05:41-04:00" level=fatal msg="Wait returned an error 1 error occurred:\n\t* signal: terminated\n\n"
