time="2023-03-26T22:54:18-04:00" level=info msg="Called startVMM(), setting up a VMM on /tmp/testtap.socket"
time="2023-03-26T22:54:18-04:00" level=info msg="VMM logging disabled."
time="2023-03-26T22:54:18-04:00" level=info msg="VMM metrics disabled."
time="2023-03-26T22:54:18-04:00" level=info msg="refreshMachineConfiguration: [GET /machine-config][200] getMachineConfigurationOK  &{CPUTemplate:Uninitialized HtEnabled:0xc0004120c4 MemSizeMib:0xc0004120a8 VcpuCount:0xc0004120a0}"
time="2023-03-26T22:54:18-04:00" level=info msg="PutGuestBootSource: [PUT /boot-source][204] putGuestBootSourceNoContent "
time="2023-03-26T22:54:18-04:00" level=info msg="Attaching drive /tmp/test-proxy/polyglot-proxy.img, slot 1, root true."
time="2023-03-26T22:54:18-04:00" level=info msg="Attached drive /tmp/test-proxy/polyglot-proxy.img: [PUT /drives/{drive_id}][204] putGuestDriveByIdNoContent "
time="2023-03-26T22:54:18-04:00" level=info msg="Attaching NIC testtap (hwaddr DE:AD:BE:EF:A1:50) at index 1"
2023-03-26T22:54:18.750377945 [anonymous-instance:main:WARN:src/vmm/src/builder.rs:599] Could not add serial input event to epoll: Error during epoll call: Operation not permitted (os error 1)
time="2023-03-26T22:54:18-04:00" level=info msg="startInstance successful: [PUT /actions][204] createSyncActionNoContent "
[    0.012000] dmi: Firmware registration failed.
[    0.041171] zswap: default zpool zbud not available
[    0.041416] zswap: pool creation failed
Graalvisor boot time: 204 ms.
Graalvisor listening on port 8080.
Function hw registered with context sandboxing in 341 ms
[thread 43] New context sandbox 139820834750464 in 30 us
[thread 37] Creating context org.graalvm.polyglot.Context@13a2e274
[thread 50] New context sandbox 139820834750464 in 13 us
[thread 41] Creating context org.graalvm.polyglot.Context@3ce3d3c8
[thread 51] New context sandbox 139820834750464 in 10 us
[thread 42] Creating context org.graalvm.polyglot.Context@2466d5c2
[thread 53] New context sandbox 139820834750464 in 17 us
[thread 43] Creating context org.graalvm.polyglot.Context@77257101
time="2023-03-26T22:54:22-04:00" level=warning msg="firecracker exited: signal: terminated"
time="2023-03-26T22:54:22-04:00" level=fatal msg="Wait returned an error 1 error occurred:\n\t* signal: terminated\n\n"
