This is ApacheBench, Version 2.3 <$Revision: 1879490 $>
Copyright 1996 Adam Twiss, Zeus Technology Ltd, http://www.zeustech.net/
Licensed to The Apache Software Foundation, http://www.apache.org/

Benchmarking 192.168.16.182 (be patient)
Completed 100 requests
Completed 200 requests
Finished 256 requests


Server Software:        
Server Hostname:        192.168.16.182
Server Port:            8080

Document Path:          /
Document Length:        73 bytes

Concurrency Level:      1
Time taken for tests:   0.461 seconds
Complete requests:      256
Failed requests:        0
Total transferred:      43008 bytes
Total body sent:        62464
HTML transferred:       18688 bytes
Requests per second:    555.87 [#/sec] (mean)
Time per request:       1.799 [ms] (mean)
Time per request:       1.799 [ms] (mean, across all concurrent requests)
Transfer rate:          91.20 [Kbytes/sec] received
                        132.45 kb/s sent
                        223.65 kb/s total

Connection Times (ms)
              min  mean[+/-sd] median   max
Connect:        0    0   0.0      0       0
Processing:     1    2   0.6      1       3
Waiting:        1    2   0.6      1       3
Total:          1    2   0.6      1       3
WARNING: The median and mean for the processing time are not within a normal deviation
        These results are probably not that reliable.
WARNING: The median and mean for the waiting time are not within a normal deviation
        These results are probably not that reliable.
WARNING: The median and mean for the total time are not within a normal deviation
        These results are probably not that reliable.

Percentage of the requests served within a certain time (ms)
  50%      1
  66%      2
  75%      2
  80%      2
  90%      2
  95%      2
  98%      3
  99%      3
 100%      3 (longest request)
This is ApacheBench, Version 2.3 <$Revision: 1879490 $>
Copyright 1996 Adam Twiss, Zeus Technology Ltd, http://www.zeustech.net/
Licensed to The Apache Software Foundation, http://www.apache.org/

Benchmarking 192.168.16.182 (be patient)
Completed 100 requests
Completed 200 requests
Finished 256 requests


Server Software:        
Server Hostname:        192.168.16.182
Server Port:            8080

Document Path:          /
Document Length:        73 bytes

Concurrency Level:      1
Time taken for tests:   0.456 seconds
Complete requests:      256
Failed requests:        0
Total transferred:      43008 bytes
Total body sent:        62464
HTML transferred:       18688 bytes
Requests per second:    561.15 [#/sec] (mean)
Time per request:       1.782 [ms] (mean)
Time per request:       1.782 [ms] (mean, across all concurrent requests)
Transfer rate:          92.06 [Kbytes/sec] received
                        133.71 kb/s sent
                        225.77 kb/s total

Connection Times (ms)
              min  mean[+/-sd] median   max
Connect:        0    0   0.0      0       0
Processing:     1    2   0.5      1       3
Waiting:        1    2   0.5      1       3
Total:          1    2   0.5      1       3
WARNING: The median and mean for the processing time are not within a normal deviation
        These results are probably not that reliable.
WARNING: The median and mean for the waiting time are not within a normal deviation
        These results are probably not that reliable.
WARNING: The median and mean for the total time are not within a normal deviation
        These results are probably not that reliable.

Percentage of the requests served within a certain time (ms)
  50%      1
  66%      2
  75%      2
  80%      2
  90%      2
  95%      2
  98%      2
  99%      3
 100%      3 (longest request)
This is ApacheBench, Version 2.3 <$Revision: 1879490 $>
Copyright 1996 Adam Twiss, Zeus Technology Ltd, http://www.zeustech.net/
Licensed to The Apache Software Foundation, http://www.apache.org/

Benchmarking 192.168.16.182 (be patient)
Completed 100 requests
Completed 200 requests
Finished 256 requests


Server Software:        
Server Hostname:        192.168.16.182
Server Port:            8080

Document Path:          /
Document Length:        73 bytes

Concurrency Level:      1
Time taken for tests:   0.460 seconds
Complete requests:      256
Failed requests:        0
Total transferred:      43008 bytes
Total body sent:        62464
HTML transferred:       18688 bytes
Requests per second:    556.47 [#/sec] (mean)
Time per request:       1.797 [ms] (mean)
Time per request:       1.797 [ms] (mean, across all concurrent requests)
Transfer rate:          91.30 [Kbytes/sec] received
                        132.60 kb/s sent
                        223.89 kb/s total

Connection Times (ms)
              min  mean[+/-sd] median   max
Connect:        0    0   0.0      0       0
Processing:     1    2   0.7      1       9
Waiting:        1    2   0.7      1       9
Total:          1    2   0.7      1       9
WARNING: The median and mean for the processing time are not within a normal deviation
        These results are probably not that reliable.
WARNING: The median and mean for the waiting time are not within a normal deviation
        These results are probably not that reliable.
WARNING: The median and mean for the total time are not within a normal deviation
        These results are probably not that reliable.

Percentage of the requests served within a certain time (ms)
  50%      1
  66%      2
  75%      2
  80%      2
  90%      2
  95%      2
  98%      3
  99%      4
 100%      9 (longest request)
