This is ApacheBench, Version 2.3 <$Revision: 1879490 $>
Copyright 1996 Adam Twiss, Zeus Technology Ltd, http://www.zeustech.net/
Licensed to The Apache Software Foundation, http://www.apache.org/

Benchmarking 172.172.0.2 (be patient)
Completed 100 requests
Completed 200 requests
Finished 256 requests


Server Software:        
Server Hostname:        172.172.0.2
Server Port:            8080

Document Path:          /run
Document Length:        33 bytes

Concurrency Level:      1
Time taken for tests:   7.496 seconds
Complete requests:      256
Failed requests:        0
Total transferred:      61440 bytes
Total body sent:        36608
HTML transferred:       8448 bytes
Requests per second:    34.15 [#/sec] (mean)
Time per request:       29.280 [ms] (mean)
Time per request:       29.280 [ms] (mean, across all concurrent requests)
Transfer rate:          8.00 [Kbytes/sec] received
                        4.77 kb/s sent
                        12.77 kb/s total

Connection Times (ms)
              min  mean[+/-sd] median   max
Connect:        0    7  23.3      0      93
Processing:     1   22  39.1      3     201
Waiting:        1   20  36.8      2     191
Total:          2   29  42.7      3     202

Percentage of the requests served within a certain time (ms)
  50%      3
  66%      5
  75%     90
  80%     91
  90%     93
  95%     93
  98%     95
  99%    104
 100%    202 (longest request)
