This is ApacheBench, Version 2.3 <$Revision: 1879490 $>
Copyright 1996 Adam Twiss, Zeus Technology Ltd, http://www.zeustech.net/
Licensed to The Apache Software Foundation, http://www.apache.org/

Benchmarking 172.18.0.2 (be patient).....done


Server Software:        
Server Hostname:        172.18.0.2
Server Port:            8080

Document Path:          /
Document Length:        67 bytes

Concurrency Level:      2
Time taken for tests:   18.919 seconds
Complete requests:      4
Failed requests:        0
Total transferred:      648 bytes
Total body sent:        1176
HTML transferred:       268 bytes
Requests per second:    0.21 [#/sec] (mean)
Time per request:       9459.734 [ms] (mean)
Time per request:       4729.867 [ms] (mean, across all concurrent requests)
Transfer rate:          0.03 [Kbytes/sec] received
                        0.06 kb/s sent
                        0.09 kb/s total

Connection Times (ms)
              min  mean[+/-sd] median   max
Connect:        0    0   0.1      0       0
Processing:  4581 7116 2794.3   9525    9544
Waiting:     4581 7116 2794.3   9525    9544
Total:       4581 7116 2794.3   9525    9544

Percentage of the requests served within a certain time (ms)
  50%   9525
  66%   9525
  75%   9544
  80%   9544
  90%   9544
  95%   9544
  98%   9544
  99%   9544
 100%   9544 (longest request)
