This is ApacheBench, Version 2.3 <$Revision: 1879490 $>
Copyright 1996 Adam Twiss, Zeus Technology Ltd, http://www.zeustech.net/
Licensed to The Apache Software Foundation, http://www.apache.org/

Benchmarking 172.18.0.2 (be patient).....done


Server Software:        
Server Hostname:        172.18.0.2
Server Port:            8080

Document Path:          /
Document Length:        67 bytes

Concurrency Level:      2
Time taken for tests:   18.600 seconds
Complete requests:      4
Failed requests:        0
Total transferred:      648 bytes
Total body sent:        1176
HTML transferred:       268 bytes
Requests per second:    0.22 [#/sec] (mean)
Time per request:       9299.796 [ms] (mean)
Time per request:       4649.898 [ms] (mean, across all concurrent requests)
Transfer rate:          0.03 [Kbytes/sec] received
                        0.06 kb/s sent
                        0.10 kb/s total

Connection Times (ms)
              min  mean[+/-sd] median   max
Connect:        0    0   0.2      0       0
Processing:  4594 6977 2692.9   9309    9309
Waiting:     4594 6977 2692.9   9309    9309
Total:       4594 6977 2692.8   9309    9309

Percentage of the requests served within a certain time (ms)
  50%   9309
  66%   9309
  75%   9309
  80%   9309
  90%   9309
  95%   9309
  98%   9309
  99%   9309
 100%   9309 (longest request)
