time="2023-04-08T10:17:18-04:00" level=info msg="Called startVMM(), setting up a VMM on /tmp/testtap.socket"
time="2023-04-08T10:17:18-04:00" level=info msg="VMM logging disabled."
time="2023-04-08T10:17:18-04:00" level=info msg="VMM metrics disabled."
time="2023-04-08T10:17:18-04:00" level=info msg="refreshMachineConfiguration: [GET /machine-config][200] getMachineConfigurationOK  &{CPUTemplate:Uninitialized HtEnabled:0xc00080572c MemSizeMib:0xc000805720 VcpuCount:0xc000805718}"
time="2023-04-08T10:17:18-04:00" level=info msg="PutGuestBootSource: [PUT /boot-source][204] putGuestBootSourceNoContent "
time="2023-04-08T10:17:18-04:00" level=info msg="Attaching drive /tmp/test-proxy/polyglot-proxy.img, slot 1, root true."
time="2023-04-08T10:17:18-04:00" level=info msg="Attached drive /tmp/test-proxy/polyglot-proxy.img: [PUT /drives/{drive_id}][204] putGuestDriveByIdNoContent "
time="2023-04-08T10:17:18-04:00" level=info msg="Attaching NIC testtap (hwaddr DE:AD:BE:EF:18:66) at index 1"
2023-04-08T10:17:18.684300052 [anonymous-instance:main:WARN:src/vmm/src/builder.rs:599] Could not add serial input event to epoll: Error during epoll call: Operation not permitted (os error 1)
time="2023-04-08T10:17:18-04:00" level=info msg="startInstance successful: [PUT /actions][204] createSyncActionNoContent "
[    0.012000] dmi: Firmware registration failed.
[    0.040636] zswap: default zpool zbud not available
[    0.040880] zswap: pool creation failed
Graalvisor boot time: 165 ms.
Graalvisor listening on port 8080.
Warning: graalvisor compiled with no truffle language support.
Function thumbnail registered with process sandboxing in 388 ms
[thread 1] Creating context org.graalvm.polyglot.Context@67d19c69
Apr 08, 2023 2:17:19 PM com.criteo.vips.Vips loadLibraryFromJar
WARNING: Could not load lib 'libheif.so' via classloader
Apr 08, 2023 2:17:19 PM com.criteo.vips.Vips loadLibraryFromJar
WARNING: Could not load lib 'libspng.so' via classloader
Apr 08, 2023 2:17:20 PM com.criteo.vips.Vips <clinit>
INFO: JVips dependencies have been loaded from jar
Apr 08, 2023 2:17:20 PM com.criteo.vips.Vips <clinit>
INFO: Trying to load JVips
[thread 41] New process sandbox 467 in 396 us
[thread 1] Creating context org.graalvm.polyglot.Context@6172b2ef
Apr 08, 2023 2:17:25 PM com.criteo.vips.Vips loadLibraryFromJar
WARNING: Could not load lib 'libheif.so' via classloader
Apr 08, 2023 2:17:25 PM com.criteo.vips.Vips loadLibraryFromJar
WARNING: Could not load lib 'libspng.so' via classloader
Apr 08, 2023 2:17:25 PM com.criteo.vips.Vips <clinit>
INFO: JVips dependencies have been loaded from jar
Apr 08, 2023 2:17:25 PM com.criteo.vips.Vips <clinit>
INFO: Trying to load JVips
[thread 44] New process sandbox 475 in 1256 us
[thread 1] Creating context org.graalvm.polyglot.Context@6ebf23bb
Apr 08, 2023 2:17:55 PM com.criteo.vips.Vips loadLibraryFromJar
WARNING: Could not load lib 'libheif.so' via classloader
Apr 08, 2023 2:17:55 PM com.criteo.vips.Vips loadLibraryFromJar
WARNING: Could not load lib 'libspng.so' via classloader
Apr 08, 2023 2:17:55 PM com.criteo.vips.Vips <clinit>
INFO: JVips dependencies have been loaded from jar
Apr 08, 2023 2:17:55 PM com.criteo.vips.Vips <clinit>
INFO: Trying to load JVips
[thread 49] New process sandbox 489 in 606 us
[thread 48] New process sandbox 490 in 615 us
[thread 50] New process sandbox 491 in 422 us
[thread 1] Creating context org.graalvm.polyglot.Context@d2f5263
[thread 1] Creating context org.graalvm.polyglot.Context@178b7332
[thread 1] Creating context org.graalvm.polyglot.Context@6a69cc93
Apr 08, 2023 2:17:55 PM com.criteo.vips.Vips loadLibraryFromJar
WARNING: Could not load lib 'libheif.so' via classloader
Apr 08, 2023 2:17:55 PM com.criteo.vips.Vips loadLibraryFromJar
WARNING: Could not load lib 'libheif.so' via classloader
Apr 08, 2023 2:17:55 PM com.criteo.vips.Vips loadLibraryFromJar
WARNING: Could not load lib 'libheif.so' via classloader
Apr 08, 2023 2:17:55 PM com.criteo.vips.Vips loadLibraryFromJar
WARNING: Could not load lib 'libspng.so' via classloader
Apr 08, 2023 2:17:55 PM com.criteo.vips.Vips loadLibraryFromJar
WARNING: Could not load lib 'libspng.so' via classloader
Apr 08, 2023 2:17:55 PM com.criteo.vips.Vips loadLibraryFromJar
WARNING: Could not load lib 'libspng.so' via classloader
Apr 08, 2023 2:17:55 PM com.criteo.vips.Vips <clinit>
INFO: JVips dependencies have been loaded from jar
Apr 08, 2023 2:17:55 PM com.criteo.vips.Vips <clinit>
INFO: Trying to load JVips
Apr 08, 2023 2:17:55 PM com.criteo.vips.Vips <clinit>
INFO: JVips dependencies have been loaded from jar
Apr 08, 2023 2:17:55 PM com.criteo.vips.Vips <clinit>
INFO: JVips dependencies have been loaded from jar
Apr 08, 2023 2:17:55 PM com.criteo.vips.Vips <clinit>
INFO: Trying to load JVips
Apr 08, 2023 2:17:55 PM com.criteo.vips.Vips <clinit>
INFO: Trying to load JVips
time="2023-04-08T10:18:05-04:00" level=warning msg="firecracker exited: signal: terminated"
time="2023-04-08T10:18:05-04:00" level=fatal msg="Wait returned an error 1 error occurred:\n\t* signal: terminated\n\n"
