This is ApacheBench, Version 2.3 <$Revision: 1879490 $>
Copyright 1996 Adam Twiss, Zeus Technology Ltd, http://www.zeustech.net/
Licensed to The Apache Software Foundation, http://www.apache.org/

Benchmarking 172.172.0.2 (be patient).....done


Server Software:        
Server Hostname:        172.172.0.2
Server Port:            8080

Document Path:          /
Document Length:        1074 bytes

Concurrency Level:      4
Time taken for tests:   23.060 seconds
Complete requests:      100
Failed requests:        91
   (Connect: 0, Receive: 0, Length: 91, Exceptions: 0)
Total transferred:      116927 bytes
Total body sent:        28300
HTML transferred:       107227 bytes
Requests per second:    4.34 [#/sec] (mean)
Time per request:       922.413 [ms] (mean)
Time per request:       230.603 [ms] (mean, across all concurrent requests)
Transfer rate:          4.95 [Kbytes/sec] received
                        1.20 kb/s sent
                        6.15 kb/s total

Connection Times (ms)
              min  mean[+/-sd] median   max
Connect:        0    0   1.1      0       7
Processing:    27  673 3046.4     60   17638
Waiting:       27  673 3046.4     60   17638
Total:         27  674 3046.3     60   17638

Percentage of the requests served within a certain time (ms)
  50%     60
  66%     79
  75%    109
  80%    122
  90%    250
  95%    656
  98%  17632
  99%  17638
 100%  17638 (longest request)
