time="2023-04-08T09:52:36-04:00" level=info msg="Called startVMM(), setting up a VMM on /tmp/testtap.socket"
time="2023-04-08T09:52:36-04:00" level=info msg="VMM logging disabled."
time="2023-04-08T09:52:36-04:00" level=info msg="VMM metrics disabled."
time="2023-04-08T09:52:36-04:00" level=info msg="refreshMachineConfiguration: [GET /machine-config][200] getMachineConfigurationOK  &{CPUTemplate:Uninitialized HtEnabled:0xc0005ea2c4 MemSizeMib:0xc0005ea2b8 VcpuCount:0xc0005ea2b0}"
time="2023-04-08T09:52:36-04:00" level=info msg="PutGuestBootSource: [PUT /boot-source][204] putGuestBootSourceNoContent "
time="2023-04-08T09:52:36-04:00" level=info msg="Attaching drive /tmp/test-proxy/polyglot-proxy.img, slot 1, root true."
time="2023-04-08T09:52:36-04:00" level=info msg="Attached drive /tmp/test-proxy/polyglot-proxy.img: [PUT /drives/{drive_id}][204] putGuestDriveByIdNoContent "
time="2023-04-08T09:52:36-04:00" level=info msg="Attaching NIC testtap (hwaddr DE:AD:BE:EF:FC:0F) at index 1"
2023-04-08T09:52:36.332623622 [anonymous-instance:main:WARN:src/vmm/src/builder.rs:599] Could not add serial input event to epoll: Error during epoll call: Operation not permitted (os error 1)
time="2023-04-08T09:52:36-04:00" level=info msg="startInstance successful: [PUT /actions][204] createSyncActionNoContent "
[    0.012000] dmi: Firmware registration failed.
[    0.040649] zswap: default zpool zbud not available
[    0.040896] zswap: pool creation failed
Graalvisor boot time: 174 ms.
Graalvisor listening on port 8080.
Warning: graalvisor compiled with no truffle language support.
Function hw registered with process sandboxing in 24 ms
[thread 41] New process sandbox 461 in 227 us
[thread 50] New process sandbox 472 in 342 us
[thread 51] New process sandbox 478 in 314 us
[thread 52] New process sandbox 479 in 498 us
[thread 53] New process sandbox 480 in 279 us
[thread 54] New process sandbox 483 in 287 us
[thread 55] New process sandbox 484 in 351 us
[thread 56] New process sandbox 497 in 567 us
time="2023-04-08T09:52:41-04:00" level=warning msg="firecracker exited: signal: terminated"
time="2023-04-08T09:52:41-04:00" level=fatal msg="Wait returned an error 1 error occurred:\n\t* signal: terminated\n\n"
