This is ApacheBench, Version 2.3 <$Revision: 1879490 $>
Copyright 1996 Adam Twiss, Zeus Technology Ltd, http://www.zeustech.net/
Licensed to The Apache Software Foundation, http://www.apache.org/

Benchmarking 172.18.0.2 (be patient)
Completed 100 requests
Completed 200 requests
Finished 256 requests


Server Software:        
Server Hostname:        172.18.0.2
Server Port:            8080

Document Path:          /
Document Length:        92 bytes

Concurrency Level:      1
Time taken for tests:   2.590 seconds
Complete requests:      256
Failed requests:        218
   (Connect: 0, Receive: 0, Length: 218, Exceptions: 0)
Total transferred:      47658 bytes
Total body sent:        46336
HTML transferred:       23338 bytes
Requests per second:    98.82 [#/sec] (mean)
Time per request:       10.119 [ms] (mean)
Time per request:       10.119 [ms] (mean, across all concurrent requests)
Transfer rate:          17.97 [Kbytes/sec] received
                        17.47 kb/s sent
                        35.43 kb/s total

Connection Times (ms)
              min  mean[+/-sd] median   max
Connect:        0    2  16.6      0     195
Processing:     0    8  24.5      1     101
Waiting:        0    4  17.2      0     101
Total:          0   10  31.6      1     296

Percentage of the requests served within a certain time (ms)
  50%      1
  66%      1
  75%      1
  80%      1
  90%      3
  95%     92
  98%     93
  99%     96
 100%    296 (longest request)
