12500 100000
1907853
Added process 1907853 to cgroup experiments with a quota of 12500 out of 100000.
pid 1907853's current affinity list: 0-7
pid 1907853's new affinity list: 0
Pinned process 1907853 to core 0.
12500 100000
1908006
Added process 1908006 to cgroup experiments with a quota of 12500 out of 100000.
pid 1908006's current affinity list: 0-7
pid 1908006's new affinity list: 0
Pinned process 1908006 to core 0.
12500 100000
1908130
Added process 1908130 to cgroup experiments with a quota of 12500 out of 100000.
pid 1908130's current affinity list: 0-7
pid 1908130's new affinity list: 0
Pinned process 1908130 to core 0.
12500 100000
1908288
Added process 1908288 to cgroup experiments with a quota of 12500 out of 100000.
pid 1908288's current affinity list: 0-7
pid 1908288's new affinity list: 0
Pinned process 1908288 to core 0.
12500 100000
1908433
Added process 1908433 to cgroup experiments with a quota of 12500 out of 100000.
pid 1908433's current affinity list: 0-7
pid 1908433's new affinity list: 0
Pinned process 1908433 to core 0.
