time="2023-04-06T16:07:27-04:00" level=info msg="Called startVMM(), setting up a VMM on /tmp/testtap.socket"
time="2023-04-06T16:07:27-04:00" level=info msg="VMM logging disabled."
time="2023-04-06T16:07:27-04:00" level=info msg="VMM metrics disabled."
time="2023-04-06T16:07:27-04:00" level=info msg="refreshMachineConfiguration: [GET /machine-config][200] getMachineConfigurationOK  &{CPUTemplate:Uninitialized HtEnabled:0xc00038e5ec MemSizeMib:0xc00038e5e0 VcpuCount:0xc00038e5d8}"
time="2023-04-06T16:07:27-04:00" level=info msg="PutGuestBootSource: [PUT /boot-source][204] putGuestBootSourceNoContent "
time="2023-04-06T16:07:27-04:00" level=info msg="Attaching drive /tmp/test-proxy/polyglot-proxy.img, slot 1, root true."
time="2023-04-06T16:07:27-04:00" level=info msg="Attached drive /tmp/test-proxy/polyglot-proxy.img: [PUT /drives/{drive_id}][204] putGuestDriveByIdNoContent "
time="2023-04-06T16:07:27-04:00" level=info msg="Attaching NIC testtap (hwaddr DE:AD:BE:EF:E3:5B) at index 1"
2023-04-06T16:07:27.328083958 [anonymous-instance:main:WARN:src/vmm/src/builder.rs:599] Could not add serial input event to epoll: Error during epoll call: Operation not permitted (os error 1)
time="2023-04-06T16:07:27-04:00" level=info msg="startInstance successful: [PUT /actions][204] createSyncActionNoContent "
[    0.012131] dmi: Firmware registration failed.
[    0.041313] zswap: default zpool zbud not available
[    0.041576] zswap: pool creation failed
Graalvisor boot time: 169 ms.
Graalvisor listening on port 8080.
Warning: graalvisor compiled with no truffle language support.
Function httprequest registered with runtime sandboxing in 30 ms
[thread 40] New runtime sandbox 139569591746560 in 1727 us
[thread 48] New runtime sandbox 139534896463872 in 485 us
[thread 50] New runtime sandbox 139500527288320 in 653 us
[thread 51] New runtime sandbox 139466158112768 in 453 us
[thread 52] New runtime sandbox 139431788937216 in 528 us
[thread 49] New runtime sandbox 139397419761664 in 635 us
[thread 53] New runtime sandbox 139363050586112 in 436 us
[thread 54] New runtime sandbox 139328681410560 in 634 us
time="2023-04-06T16:07:34-04:00" level=warning msg="firecracker exited: signal: terminated"
time="2023-04-06T16:07:34-04:00" level=fatal msg="Wait returned an error 1 error occurred:\n\t* signal: terminated\n\n"
