This is ApacheBench, Version 2.3 <$Revision: 1879490 $>
Copyright 1996 Adam Twiss, Zeus Technology Ltd, http://www.zeustech.net/
Licensed to The Apache Software Foundation, http://www.apache.org/

Benchmarking 172.18.0.2 (be patient).....done


Server Software:        
Server Hostname:        172.18.0.2
Server Port:            8080

Document Path:          /
Document Length:        95 bytes

Concurrency Level:      2
Time taken for tests:   11.611 seconds
Complete requests:      4
Failed requests:        0
Total transferred:      760 bytes
Total body sent:        1168
HTML transferred:       380 bytes
Requests per second:    0.34 [#/sec] (mean)
Time per request:       5805.337 [ms] (mean)
Time per request:       2902.668 [ms] (mean, across all concurrent requests)
Transfer rate:          0.06 [Kbytes/sec] received
                        0.10 kb/s sent
                        0.16 kb/s total

Connection Times (ms)
              min  mean[+/-sd] median   max
Connect:        0    0   0.1      0       0
Processing:  1784 3886 2447.0   4546    7064
Waiting:     1784 3886 2447.0   4546    7064
Total:       1784 3887 2447.0   4547    7064

Percentage of the requests served within a certain time (ms)
  50%   4547
  66%   4547
  75%   7064
  80%   7064
  90%   7064
  95%   7064
  98%   7064
  99%   7064
 100%   7064 (longest request)
