This is ApacheBench, Version 2.3 <$Revision: 1879490 $>
Copyright 1996 Adam Twiss, Zeus Technology Ltd, http://www.zeustech.net/
Licensed to The Apache Software Foundation, http://www.apache.org/

Benchmarking 172.172.0.2 (be patient).....done


Server Software:        
Server Hostname:        172.172.0.2
Server Port:            8080

Document Path:          /
Document Length:        86 bytes

Concurrency Level:      4
Time taken for tests:   22.082 seconds
Complete requests:      40
Failed requests:        39
   (Connect: 0, Receive: 0, Length: 39, Exceptions: 0)
Total transferred:      7186 bytes
Total body sent:        9320
HTML transferred:       3386 bytes
Requests per second:    1.81 [#/sec] (mean)
Time per request:       2208.173 [ms] (mean)
Time per request:       552.043 [ms] (mean, across all concurrent requests)
Transfer rate:          0.32 [Kbytes/sec] received
                        0.41 kb/s sent
                        0.73 kb/s total

Connection Times (ms)
              min  mean[+/-sd] median   max
Connect:        0    0   0.1      0       1
Processing:    47 1447 4264.9     99   15889
Waiting:       47 1447 4264.9     99   15889
Total:         47 1447 4265.0    100   15890

Percentage of the requests served within a certain time (ms)
  50%    100
  66%    137
  75%    143
  80%    186
  90%   6192
  95%  15843
  98%  15890
  99%  15890
 100%  15890 (longest request)
