This is ApacheBench, Version 2.3 <$Revision: 1879490 $>
Copyright 1996 Adam Twiss, Zeus Technology Ltd, http://www.zeustech.net/
Licensed to The Apache Software Foundation, http://www.apache.org/

Benchmarking 172.172.0.2 (be patient)
Completed 204 requests
Completed 408 requests
Completed 612 requests
Completed 816 requests
Completed 1020 requests
Completed 1224 requests
Completed 1428 requests
Completed 1632 requests
Completed 1836 requests
Completed 2040 requests
Finished 2048 requests


Server Software:        
Server Hostname:        172.172.0.2
Server Port:            8080

Document Path:          /
Document Length:        1204 bytes

Concurrency Level:      8
Time taken for tests:   3.851 seconds
Complete requests:      2048
Failed requests:        1314
   (Connect: 0, Receive: 0, Length: 1314, Exceptions: 0)
Total transferred:      2663534 bytes
Total body sent:        579584
HTML transferred:       2464878 bytes
Requests per second:    531.82 [#/sec] (mean)
Time per request:       15.043 [ms] (mean)
Time per request:       1.880 [ms] (mean, across all concurrent requests)
Transfer rate:          675.45 [Kbytes/sec] received
                        146.98 kb/s sent
                        822.42 kb/s total

Connection Times (ms)
              min  mean[+/-sd] median   max
Connect:        0    0   1.5      0      31
Processing:     2   15  13.8     11     244
Waiting:        2   14  13.2     11     244
Total:          2   15  13.9     11     244

Percentage of the requests served within a certain time (ms)
  50%     11
  66%     14
  75%     16
  80%     18
  90%     30
  95%     35
  98%     42
  99%     63
 100%    244 (longest request)
