This is ApacheBench, Version 2.3 <$Revision: 1879490 $>
Copyright 1996 Adam Twiss, Zeus Technology Ltd, http://www.zeustech.net/
Licensed to The Apache Software Foundation, http://www.apache.org/

Benchmarking 172.18.0.2 (be patient).....done


Server Software:        
Server Hostname:        172.18.0.2
Server Port:            8080

Document Path:          /
Document Length:        1072 bytes

Concurrency Level:      1
Time taken for tests:   1.292 seconds
Complete requests:      5
Failed requests:        4
   (Connect: 0, Receive: 0, Length: 4, Exceptions: 0)
Total transferred:      5851 bytes
Total body sent:        1420
HTML transferred:       5366 bytes
Requests per second:    3.87 [#/sec] (mean)
Time per request:       258.339 [ms] (mean)
Time per request:       258.339 [ms] (mean, across all concurrent requests)
Transfer rate:          4.42 [Kbytes/sec] received
                        1.07 kb/s sent
                        5.50 kb/s total

Connection Times (ms)
              min  mean[+/-sd] median   max
Connect:        0    0   0.1      0       0
Processing:   200  258  49.1    291     300
Waiting:      200  258  49.1    291     300
Total:        200  258  49.2    291     300

Percentage of the requests served within a certain time (ms)
  50%    288
  66%    294
  75%    294
  80%    300
  90%    300
  95%    300
  98%    300
  99%    300
 100%    300 (longest request)
