time="2023-04-06T15:49:19-04:00" level=info msg="Called startVMM(), setting up a VMM on /tmp/testtap.socket"
time="2023-04-06T15:49:19-04:00" level=info msg="VMM logging disabled."
time="2023-04-06T15:49:19-04:00" level=info msg="VMM metrics disabled."
time="2023-04-06T15:49:19-04:00" level=info msg="refreshMachineConfiguration: [GET /machine-config][200] getMachineConfigurationOK  &{CPUTemplate:Uninitialized HtEnabled:0xc000684084 MemSizeMib:0xc000684078 VcpuCount:0xc000684070}"
time="2023-04-06T15:49:19-04:00" level=info msg="PutGuestBootSource: [PUT /boot-source][204] putGuestBootSourceNoContent "
time="2023-04-06T15:49:19-04:00" level=info msg="Attaching drive /tmp/test-proxy/polyglot-proxy.img, slot 1, root true."
time="2023-04-06T15:49:19-04:00" level=info msg="Attached drive /tmp/test-proxy/polyglot-proxy.img: [PUT /drives/{drive_id}][204] putGuestDriveByIdNoContent "
time="2023-04-06T15:49:19-04:00" level=info msg="Attaching NIC testtap (hwaddr DE:AD:BE:EF:94:2D) at index 1"
2023-04-06T15:49:19.318621041 [anonymous-instance:main:WARN:src/vmm/src/builder.rs:599] Could not add serial input event to epoll: Error during epoll call: Operation not permitted (os error 1)
time="2023-04-06T15:49:19-04:00" level=info msg="startInstance successful: [PUT /actions][204] createSyncActionNoContent "
[    0.012048] dmi: Firmware registration failed.
[    0.041245] zswap: default zpool zbud not available
[    0.041512] zswap: pool creation failed
Graalvisor boot time: 171 ms.
Graalvisor listening on port 8080.
Warning: graalvisor compiled with no truffle language support.
Function hw registered with isolate sandboxing in 25 ms
[thread 40] New isolate sandbox 139944998731776 in 653 us
[thread 48] New isolate sandbox 139910370557952 in 445 us
[thread 50] New isolate sandbox 139876001382400 in 443 us
[thread 51] New isolate sandbox 139841632206848 in 411 us
[thread 52] New isolate sandbox 139807263031296 in 1395 us
[thread 53] New isolate sandbox 139772893855744 in 370 us
[thread 54] New isolate sandbox 139738524680192 in 357 us
[thread 55] New isolate sandbox 139704155504640 in 375 us
time="2023-04-06T15:49:24-04:00" level=warning msg="firecracker exited: signal: terminated"
time="2023-04-06T15:49:24-04:00" level=fatal msg="Wait returned an error 1 error occurred:\n\t* signal: terminated\n\n"
