This is ApacheBench, Version 2.3 <$Revision: 1879490 $>
Copyright 1996 Adam Twiss, Zeus Technology Ltd, http://www.zeustech.net/
Licensed to The Apache Software Foundation, http://www.apache.org/

Benchmarking 127.0.0.1 (be patient)
Completed 500 requests
Completed 1000 requests
Completed 1500 requests
Completed 2000 requests
Completed 2500 requests
Completed 3000 requests
Completed 3500 requests
Completed 4000 requests
Completed 4500 requests
Completed 5000 requests
Finished 5000 requests


Server Software:        
Server Hostname:        127.0.0.1
Server Port:            8080

Document Path:          /
Document Length:        113 bytes

Concurrency Level:      1
Time taken for tests:   7.751 seconds
Complete requests:      5000
Failed requests:        0
Total transferred:      1045000 bytes
Total body sent:        1010000
HTML transferred:       565000 bytes
Requests per second:    645.09 [#/sec] (mean)
Time per request:       1.550 [ms] (mean)
Time per request:       1.550 [ms] (mean, across all concurrent requests)
Transfer rate:          131.66 [Kbytes/sec] received
                        127.25 kb/s sent
                        258.92 kb/s total

Connection Times (ms)
              min  mean[+/-sd] median   max
Connect:        0    0   0.0      0       0
Processing:     1    1   0.3      1       3
Waiting:        1    1   0.2      1       3
Total:          1    2   0.3      1       3
ERROR: The median and mean for the total time are more than twice the standard
       deviation apart. These results are NOT reliable.

Percentage of the requests served within a certain time (ms)
  50%      1
  66%      2
  75%      2
  80%      2
  90%      2
  95%      2
  98%      3
  99%      3
 100%      3 (longest request)
This is ApacheBench, Version 2.3 <$Revision: 1879490 $>
Copyright 1996 Adam Twiss, Zeus Technology Ltd, http://www.zeustech.net/
Licensed to The Apache Software Foundation, http://www.apache.org/

Benchmarking 127.0.0.1 (be patient)
Completed 500 requests
Completed 1000 requests
Completed 1500 requests
Completed 2000 requests
Completed 2500 requests
Completed 3000 requests
Completed 3500 requests
Completed 4000 requests
Completed 4500 requests
Completed 5000 requests
Finished 5000 requests


Server Software:        
Server Hostname:        127.0.0.1
Server Port:            8080

Document Path:          /
Document Length:        113 bytes

Concurrency Level:      1
Time taken for tests:   7.746 seconds
Complete requests:      5000
Failed requests:        0
Total transferred:      1045000 bytes
Total body sent:        1010000
HTML transferred:       565000 bytes
Requests per second:    645.52 [#/sec] (mean)
Time per request:       1.549 [ms] (mean)
Time per request:       1.549 [ms] (mean, across all concurrent requests)
Transfer rate:          131.75 [Kbytes/sec] received
                        127.34 kb/s sent
                        259.09 kb/s total

Connection Times (ms)
              min  mean[+/-sd] median   max
Connect:        0    0   0.0      0       0
Processing:     1    1   0.3      1       4
Waiting:        1    1   0.2      1       3
Total:          1    2   0.3      1       4
ERROR: The median and mean for the total time are more than twice the standard
       deviation apart. These results are NOT reliable.

Percentage of the requests served within a certain time (ms)
  50%      1
  66%      2
  75%      2
  80%      2
  90%      2
  95%      2
  98%      3
  99%      3
 100%      4 (longest request)
This is ApacheBench, Version 2.3 <$Revision: 1879490 $>
Copyright 1996 Adam Twiss, Zeus Technology Ltd, http://www.zeustech.net/
Licensed to The Apache Software Foundation, http://www.apache.org/

Benchmarking 127.0.0.1 (be patient)
Completed 500 requests
Completed 1000 requests
Completed 1500 requests
Completed 2000 requests
Completed 2500 requests
Completed 3000 requests
Completed 3500 requests
Completed 4000 requests
Completed 4500 requests
Completed 5000 requests
Finished 5000 requests


Server Software:        
Server Hostname:        127.0.0.1
Server Port:            8080

Document Path:          /
Document Length:        113 bytes

Concurrency Level:      1
Time taken for tests:   7.969 seconds
Complete requests:      5000
Failed requests:        0
Total transferred:      1045000 bytes
Total body sent:        1010000
HTML transferred:       565000 bytes
Requests per second:    627.40 [#/sec] (mean)
Time per request:       1.594 [ms] (mean)
Time per request:       1.594 [ms] (mean, across all concurrent requests)
Transfer rate:          128.05 [Kbytes/sec] received
                        123.76 kb/s sent
                        251.82 kb/s total

Connection Times (ms)
              min  mean[+/-sd] median   max
Connect:        0    0   0.0      0       0
Processing:     1    2   0.3      1       4
Waiting:        1    1   0.2      1       4
Total:          1    2   0.3      2       4
ERROR: The median and mean for the processing time are more than twice the standard
       deviation apart. These results are NOT reliable.

Percentage of the requests served within a certain time (ms)
  50%      2
  66%      2
  75%      2
  80%      2
  90%      2
  95%      2
  98%      3
  99%      3
 100%      4 (longest request)
This is ApacheBench, Version 2.3 <$Revision: 1879490 $>
Copyright 1996 Adam Twiss, Zeus Technology Ltd, http://www.zeustech.net/
Licensed to The Apache Software Foundation, http://www.apache.org/

Benchmarking 127.0.0.1 (be patient)
Completed 500 requests
Completed 1000 requests
Completed 1500 requests
Completed 2000 requests
Completed 2500 requests
Completed 3000 requests
Completed 3500 requests
Completed 4000 requests
Completed 4500 requests
Completed 5000 requests
Finished 5000 requests


Server Software:        
Server Hostname:        127.0.0.1
Server Port:            8080

Document Path:          /
Document Length:        113 bytes

Concurrency Level:      1
Time taken for tests:   7.760 seconds
Complete requests:      5000
Failed requests:        0
Total transferred:      1045000 bytes
Total body sent:        1010000
HTML transferred:       565000 bytes
Requests per second:    644.35 [#/sec] (mean)
Time per request:       1.552 [ms] (mean)
Time per request:       1.552 [ms] (mean, across all concurrent requests)
Transfer rate:          131.51 [Kbytes/sec] received
                        127.11 kb/s sent
                        258.62 kb/s total

Connection Times (ms)
              min  mean[+/-sd] median   max
Connect:        0    0   0.0      0       0
Processing:     1    1   0.3      1       5
Waiting:        1    1   0.2      1       5
Total:          1    2   0.3      1       5
ERROR: The median and mean for the total time are more than twice the standard
       deviation apart. These results are NOT reliable.

Percentage of the requests served within a certain time (ms)
  50%      1
  66%      2
  75%      2
  80%      2
  90%      2
  95%      2
  98%      3
  99%      3
 100%      5 (longest request)
This is ApacheBench, Version 2.3 <$Revision: 1879490 $>
Copyright 1996 Adam Twiss, Zeus Technology Ltd, http://www.zeustech.net/
Licensed to The Apache Software Foundation, http://www.apache.org/

Benchmarking 127.0.0.1 (be patient)
Completed 500 requests
Completed 1000 requests
Completed 1500 requests
Completed 2000 requests
Completed 2500 requests
Completed 3000 requests
Completed 3500 requests
Completed 4000 requests
Completed 4500 requests
Completed 5000 requests
Finished 5000 requests


Server Software:        
Server Hostname:        127.0.0.1
Server Port:            8080

Document Path:          /
Document Length:        113 bytes

Concurrency Level:      1
Time taken for tests:   7.907 seconds
Complete requests:      5000
Failed requests:        0
Total transferred:      1045000 bytes
Total body sent:        1010000
HTML transferred:       565000 bytes
Requests per second:    632.36 [#/sec] (mean)
Time per request:       1.581 [ms] (mean)
Time per request:       1.581 [ms] (mean, across all concurrent requests)
Transfer rate:          129.07 [Kbytes/sec] received
                        124.74 kb/s sent
                        253.81 kb/s total

Connection Times (ms)
              min  mean[+/-sd] median   max
Connect:        0    0   0.0      0       0
Processing:     1    2   0.3      1       7
Waiting:        1    1   0.3      1       7
Total:          1    2   0.3      2       7
ERROR: The median and mean for the processing time are more than twice the standard
       deviation apart. These results are NOT reliable.

Percentage of the requests served within a certain time (ms)
  50%      2
  66%      2
  75%      2
  80%      2
  90%      2
  95%      2
  98%      3
  99%      3
 100%      7 (longest request)
