This is ApacheBench, Version 2.3 <$Revision: 1879490 $>
Copyright 1996 Adam Twiss, Zeus Technology Ltd, http://www.zeustech.net/
Licensed to The Apache Software Foundation, http://www.apache.org/

Benchmarking 172.18.0.2 (be patient).....done


Server Software:        
Server Hostname:        172.18.0.2
Server Port:            8080

Document Path:          /
Document Length:        68 bytes

Concurrency Level:      1
Time taken for tests:   26.674 seconds
Complete requests:      2
Failed requests:        0
Total transferred:      326 bytes
Total body sent:        584
HTML transferred:       136 bytes
Requests per second:    0.07 [#/sec] (mean)
Time per request:       13336.984 [ms] (mean)
Time per request:       13336.984 [ms] (mean, across all concurrent requests)
Transfer rate:          0.01 [Kbytes/sec] received
                        0.02 kb/s sent
                        0.03 kb/s total

Connection Times (ms)
              min  mean[+/-sd] median   max
Connect:        0    0   0.1      0       0
Processing: 12735 13337 850.7  13938   13938
Waiting:    12735 13336 850.7  13938   13938
Total:      12735 13337 850.8  13939   13939

Percentage of the requests served within a certain time (ms)
  50%  13939
  66%  13939
  75%  13939
  80%  13939
  90%  13939
  95%  13939
  98%  13939
  99%  13939
 100%  13939 (longest request)
