This is ApacheBench, Version 2.3 <$Revision: 1879490 $>
Copyright 1996 Adam Twiss, Zeus Technology Ltd, http://www.zeustech.net/
Licensed to The Apache Software Foundation, http://www.apache.org/

Benchmarking 172.18.0.2 (be patient).....done


Server Software:        
Server Hostname:        172.18.0.2
Server Port:            8080

Document Path:          /
Document Length:        90 bytes

Concurrency Level:      1
Time taken for tests:   3.922 seconds
Complete requests:      10
Failed requests:        0
Total transferred:      1850 bytes
Total body sent:        3970
HTML transferred:       900 bytes
Requests per second:    2.55 [#/sec] (mean)
Time per request:       392.176 [ms] (mean)
Time per request:       392.176 [ms] (mean, across all concurrent requests)
Transfer rate:          0.46 [Kbytes/sec] received
                        0.99 kb/s sent
                        1.45 kb/s total

Connection Times (ms)
              min  mean[+/-sd] median   max
Connect:        0   11  22.0      0      53
Processing:   340  382  27.5    397     405
Waiting:      340  381  27.5    397     405
Total:        340  392  33.4    398     458

Percentage of the requests served within a certain time (ms)
  50%    398
  66%    398
  75%    400
  80%    400
  90%    458
  95%    458
  98%    458
  99%    458
 100%    458 (longest request)
This is ApacheBench, Version 2.3 <$Revision: 1879490 $>
Copyright 1996 Adam Twiss, Zeus Technology Ltd, http://www.zeustech.net/
Licensed to The Apache Software Foundation, http://www.apache.org/

Benchmarking 172.18.0.2 (be patient).....done


Server Software:        
Server Hostname:        172.18.0.2
Server Port:            8080

Document Path:          /
Document Length:        90 bytes

Concurrency Level:      1
Time taken for tests:   3.885 seconds
Complete requests:      10
Failed requests:        0
Total transferred:      1850 bytes
Total body sent:        3970
HTML transferred:       900 bytes
Requests per second:    2.57 [#/sec] (mean)
Time per request:       388.539 [ms] (mean)
Time per request:       388.539 [ms] (mean, across all concurrent requests)
Transfer rate:          0.46 [Kbytes/sec] received
                        1.00 kb/s sent
                        1.46 kb/s total

Connection Times (ms)
              min  mean[+/-sd] median   max
Connect:        0    0   0.1      0       0
Processing:   326  388  22.3    393     403
Waiting:      326  388  22.3    393     403
Total:        326  389  22.3    394     404

Percentage of the requests served within a certain time (ms)
  50%    394
  66%    394
  75%    396
  80%    402
  90%    404
  95%    404
  98%    404
  99%    404
 100%    404 (longest request)
This is ApacheBench, Version 2.3 <$Revision: 1879490 $>
Copyright 1996 Adam Twiss, Zeus Technology Ltd, http://www.zeustech.net/
Licensed to The Apache Software Foundation, http://www.apache.org/

Benchmarking 172.18.0.2 (be patient).....done


Server Software:        
Server Hostname:        172.18.0.2
Server Port:            8080

Document Path:          /
Document Length:        90 bytes

Concurrency Level:      1
Time taken for tests:   3.908 seconds
Complete requests:      10
Failed requests:        0
Total transferred:      1850 bytes
Total body sent:        3970
HTML transferred:       900 bytes
Requests per second:    2.56 [#/sec] (mean)
Time per request:       390.760 [ms] (mean)
Time per request:       390.760 [ms] (mean, across all concurrent requests)
Transfer rate:          0.46 [Kbytes/sec] received
                        0.99 kb/s sent
                        1.45 kb/s total

Connection Times (ms)
              min  mean[+/-sd] median   max
Connect:        0    0   0.1      0       0
Processing:   343  390  17.0    395     402
Waiting:      343  390  17.0    395     402
Total:        343  391  16.9    396     402

Percentage of the requests served within a certain time (ms)
  50%    396
  66%    397
  75%    398
  80%    399
  90%    402
  95%    402
  98%    402
  99%    402
 100%    402 (longest request)
This is ApacheBench, Version 2.3 <$Revision: 1879490 $>
Copyright 1996 Adam Twiss, Zeus Technology Ltd, http://www.zeustech.net/
Licensed to The Apache Software Foundation, http://www.apache.org/

Benchmarking 172.18.0.2 (be patient).....done


Server Software:        
Server Hostname:        172.18.0.2
Server Port:            8080

Document Path:          /
Document Length:        90 bytes

Concurrency Level:      1
Time taken for tests:   3.871 seconds
Complete requests:      10
Failed requests:        0
Total transferred:      1850 bytes
Total body sent:        3970
HTML transferred:       900 bytes
Requests per second:    2.58 [#/sec] (mean)
Time per request:       387.107 [ms] (mean)
Time per request:       387.107 [ms] (mean, across all concurrent requests)
Transfer rate:          0.47 [Kbytes/sec] received
                        1.00 kb/s sent
                        1.47 kb/s total

Connection Times (ms)
              min  mean[+/-sd] median   max
Connect:        0    5  16.6      0      53
Processing:   335  382  22.9    391     401
Waiting:      335  382  22.9    391     401
Total:        335  387  19.2    393     401

Percentage of the requests served within a certain time (ms)
  50%    393
  66%    394
  75%    397
  80%    398
  90%    401
  95%    401
  98%    401
  99%    401
 100%    401 (longest request)
This is ApacheBench, Version 2.3 <$Revision: 1879490 $>
Copyright 1996 Adam Twiss, Zeus Technology Ltd, http://www.zeustech.net/
Licensed to The Apache Software Foundation, http://www.apache.org/

Benchmarking 172.18.0.2 (be patient).....done


Server Software:        
Server Hostname:        172.18.0.2
Server Port:            8080

Document Path:          /
Document Length:        90 bytes

Concurrency Level:      1
Time taken for tests:   3.912 seconds
Complete requests:      10
Failed requests:        0
Total transferred:      1850 bytes
Total body sent:        3970
HTML transferred:       900 bytes
Requests per second:    2.56 [#/sec] (mean)
Time per request:       391.203 [ms] (mean)
Time per request:       391.203 [ms] (mean, across all concurrent requests)
Transfer rate:          0.46 [Kbytes/sec] received
                        0.99 kb/s sent
                        1.45 kb/s total

Connection Times (ms)
              min  mean[+/-sd] median   max
Connect:        0    0   0.1      0       0
Processing:   336  391  19.6    397     401
Waiting:      336  391  19.6    397     401
Total:        336  391  19.5    397     401

Percentage of the requests served within a certain time (ms)
  50%    397
  66%    398
  75%    400
  80%    401
  90%    401
  95%    401
  98%    401
  99%    401
 100%    401 (longest request)
