This is ApacheBench, Version 2.3 <$Revision: 1879490 $>
Copyright 1996 Adam Twiss, Zeus Technology Ltd, http://www.zeustech.net/
Licensed to The Apache Software Foundation, http://www.apache.org/

Benchmarking 172.172.0.2 (be patient)
Completed 1600 requests
Completed 3200 requests
Completed 4800 requests
Completed 6400 requests
Completed 8000 requests
Completed 9600 requests
Completed 11200 requests
Completed 12800 requests
Completed 14400 requests
Completed 16000 requests
Finished 16000 requests


Server Software:        
Server Hostname:        172.172.0.2
Server Port:            8080

Document Path:          /
Document Length:        95 bytes

Concurrency Level:      8
Time taken for tests:   5.011 seconds
Complete requests:      16000
Failed requests:        15978
   (Connect: 0, Receive: 0, Length: 15978, Exceptions: 0)
Total transferred:      3008512 bytes
Total body sent:        3168000
HTML transferred:       1488512 bytes
Requests per second:    3192.84 [#/sec] (mean)
Time per request:       2.506 [ms] (mean)
Time per request:       0.313 [ms] (mean, across all concurrent requests)
Transfer rate:          586.29 [Kbytes/sec] received
                        617.37 kb/s sent
                        1203.65 kb/s total

Connection Times (ms)
              min  mean[+/-sd] median   max
Connect:        0    0   2.0      0      47
Processing:     0    2   5.8      1      49
Waiting:        0    2   5.6      1      49
Total:          1    2   6.1      1      49

Percentage of the requests served within a certain time (ms)
  50%      1
  66%      2
  75%      2
  80%      2
  90%      2
  95%      3
  98%     36
  99%     41
 100%     49 (longest request)
