This is ApacheBench, Version 2.3 <$Revision: 1879490 $>
Copyright 1996 Adam Twiss, Zeus Technology Ltd, http://www.zeustech.net/
Licensed to The Apache Software Foundation, http://www.apache.org/

Benchmarking 172.172.0.2 (be patient).....done


Server Software:        
Server Hostname:        172.172.0.2
Server Port:            8080

Document Path:          /
Document Length:        89 bytes

Concurrency Level:      1
Time taken for tests:   0.132 seconds
Complete requests:      25
Failed requests:        24
   (Connect: 0, Receive: 0, Length: 24, Exceptions: 0)
Total transferred:      4575 bytes
Total body sent:        4550
HTML transferred:       2200 bytes
Requests per second:    189.37 [#/sec] (mean)
Time per request:       5.281 [ms] (mean)
Time per request:       5.281 [ms] (mean, across all concurrent requests)
Transfer rate:          33.84 [Kbytes/sec] received
                        33.66 kb/s sent
                        67.50 kb/s total

Connection Times (ms)
              min  mean[+/-sd] median   max
Connect:        0    0   0.1      0       1
Processing:     1    5  16.1      1      81
Waiting:        1    5  16.2      1      81
Total:          1    5  16.1      1      81

Percentage of the requests served within a certain time (ms)
  50%      1
  66%      1
  75%      1
  80%      1
  90%      9
  95%     13
  98%     81
  99%     81
 100%     81 (longest request)
