This is ApacheBench, Version 2.3 <$Revision: 1879490 $>
Copyright 1996 Adam Twiss, Zeus Technology Ltd, http://www.zeustech.net/
Licensed to The Apache Software Foundation, http://www.apache.org/

Benchmarking 127.0.0.1 (be patient)
Completed 204 requests
Completed 408 requests
Completed 612 requests
Completed 816 requests
Completed 1020 requests
Completed 1224 requests
Completed 1428 requests
Completed 1632 requests
Completed 1836 requests
Completed 2040 requests
Finished 2048 requests


Server Software:        
Server Hostname:        127.0.0.1
Server Port:            8081

Document Path:          /
Document Length:        1327 bytes

Concurrency Level:      8
Time taken for tests:   0.576 seconds
Complete requests:      2048
Failed requests:        1418
   (Connect: 0, Receive: 0, Length: 1418, Exceptions: 0)
Total transferred:      2914247 bytes
Total body sent:        589824
HTML transferred:       2715591 bytes
Requests per second:    3556.04 [#/sec] (mean)
Time per request:       2.250 [ms] (mean)
Time per request:       0.281 [ms] (mean, across all concurrent requests)
Transfer rate:          4941.54 [Kbytes/sec] received
                        1000.14 kb/s sent
                        5941.68 kb/s total

Connection Times (ms)
              min  mean[+/-sd] median   max
Connect:        0    0   0.0      0       0
Processing:     1    2   1.9      2      33
Waiting:        1    2   1.9      2      33
Total:          1    2   1.9      2      33

Percentage of the requests served within a certain time (ms)
  50%      2
  66%      2
  75%      2
  80%      2
  90%      3
  95%      3
  98%      3
  99%      5
 100%     33 (longest request)
