This is ApacheBench, Version 2.3 <$Revision: 1879490 $>
Copyright 1996 Adam Twiss, Zeus Technology Ltd, http://www.zeustech.net/
Licensed to The Apache Software Foundation, http://www.apache.org/

Benchmarking 172.18.0.2 (be patient).....done


Server Software:        
Server Hostname:        172.18.0.2
Server Port:            8080

Document Path:          /
Document Length:        84 bytes

Concurrency Level:      4
Time taken for tests:   1.685 seconds
Complete requests:      20
Failed requests:        16
   (Connect: 0, Receive: 0, Length: 16, Exceptions: 0)
Total transferred:      3597 bytes
Total body sent:        4680
HTML transferred:       1697 bytes
Requests per second:    11.87 [#/sec] (mean)
Time per request:       337.042 [ms] (mean)
Time per request:       84.261 [ms] (mean, across all concurrent requests)
Transfer rate:          2.08 [Kbytes/sec] received
                        2.71 kb/s sent
                        4.80 kb/s total

Connection Times (ms)
              min  mean[+/-sd] median   max
Connect:        0    0   0.0      0       0
Processing:    37  180 300.6    116    1452
Waiting:       37  180 300.6    116    1452
Total:         37  180 300.6    116    1453

Percentage of the requests served within a certain time (ms)
  50%    116
  66%    119
  75%    130
  80%    142
  90%    157
  95%   1453
  98%   1453
  99%   1453
 100%   1453 (longest request)
