This is ApacheBench, Version 2.3 <$Revision: 1879490 $>
Copyright 1996 Adam Twiss, Zeus Technology Ltd, http://www.zeustech.net/
Licensed to The Apache Software Foundation, http://www.apache.org/

Benchmarking 172.18.0.2 (be patient).....done


Server Software:        
Server Hostname:        172.18.0.2
Server Port:            8080

Document Path:          /
Document Length:        72 bytes

Concurrency Level:      1
Time taken for tests:   14.898 seconds
Complete requests:      25
Failed requests:        24
   (Connect: 0, Receive: 0, Length: 24, Exceptions: 0)
Total transferred:      4151 bytes
Total body sent:        10000
HTML transferred:       1776 bytes
Requests per second:    1.68 [#/sec] (mean)
Time per request:       595.922 [ms] (mean)
Time per request:       595.922 [ms] (mean, across all concurrent requests)
Transfer rate:          0.27 [Kbytes/sec] received
                        0.66 kb/s sent
                        0.93 kb/s total

Connection Times (ms)
              min  mean[+/-sd] median   max
Connect:        0    0   0.8      0       4
Processing:   480  595 443.4    498    2715
Waiting:      480  595 443.4    498    2715
Total:        480  596 443.4    498    2716

Percentage of the requests served within a certain time (ms)
  50%    497
  66%    501
  75%    520
  80%    528
  90%    558
  95%    671
  98%   2716
  99%   2716
 100%   2716 (longest request)
