This is ApacheBench, Version 2.3 <$Revision: 1879490 $>
Copyright 1996 Adam Twiss, Zeus Technology Ltd, http://www.zeustech.net/
Licensed to The Apache Software Foundation, http://www.apache.org/

Benchmarking 172.172.0.2 (be patient)
Completed 204 requests
Completed 408 requests
Completed 612 requests
Completed 816 requests
Completed 1020 requests
Completed 1224 requests
Completed 1428 requests
Completed 1632 requests
Completed 1836 requests
Completed 2040 requests
Finished 2048 requests


Server Software:        
Server Hostname:        172.172.0.2
Server Port:            8080

Document Path:          /
Document Length:        187 bytes

Concurrency Level:      8
Time taken for tests:   7.914 seconds
Complete requests:      2048
Failed requests:        2013
   (Connect: 0, Receive: 0, Length: 2013, Exceptions: 0)
Total transferred:      573506 bytes
Total body sent:        477184
HTML transferred:       376898 bytes
Requests per second:    258.77 [#/sec] (mean)
Time per request:       30.916 [ms] (mean)
Time per request:       3.864 [ms] (mean, across all concurrent requests)
Transfer rate:          70.76 [Kbytes/sec] received
                        58.88 kb/s sent
                        129.64 kb/s total

Connection Times (ms)
              min  mean[+/-sd] median   max
Connect:        0    0   2.0      0      48
Processing:     2   27 133.0      5    1067
Waiting:        1   26 132.9      5    1067
Total:          2   27 133.0      6    1067

Percentage of the requests served within a certain time (ms)
  50%      6
  66%      7
  75%      9
  80%      9
  90%     41
  95%     47
  98%     52
  99%   1020
 100%   1067 (longest request)
