HTTP/1.1 204 
Server: Firecracker API
Connection: keep-alive

HTTP/1.1 204 
Server: Firecracker API
Connection: keep-alive

HTTP/1.1 204 
Server: Firecracker API
Connection: keep-alive

HTTP/1.1 204 
Server: Firecracker API
Connection: keep-alive

2024-02-05T18:02:36.651017150 [anonymous-instance:main:WARN:src/devices/src/legacy/serial.rs:249] Failed to register serial input fd: event_manager: failed to manage epoll file descriptor
HTTP/1.1 204 
Server: Firecracker API
Connection: keep-alive

[    0.021000] dmi: Firmware registration failed.
[    0.050595] zswap: default zpool zbud not available
[    0.050932] zswap: pool creation failed
Graalvisor boot time: 3465 ms.
Graalvisor listening on port 8080.
seccomp(SECCOMP_GET_NOTIF_SIZES): Invalid argument
Warning: graalvisor compiled with no truffle language support.
Function uploader registered with context sandboxing in 1099 ms
[thread 55] New context sandbox 140603952201728 in 52 us
[thread 52] Creating context org.graalvm.polyglot.Context@31ad944f
[thread 63] New context sandbox 140603952201728 in 50 us
[thread 56] Creating context org.graalvm.polyglot.Context@21bbf3cb
[thread 64] New context sandbox 140603952201728 in 40 us
[thread 57] Creating context org.graalvm.polyglot.Context@292027ea
[thread 65] New context sandbox 140603952201728 in 44 us
[thread 58] Creating context org.graalvm.polyglot.Context@7976a371
[thread 66] New context sandbox 140603952201728 in 35 us
[thread 59] Creating context org.graalvm.polyglot.Context@59207401
[thread 67] New context sandbox 140603952201728 in 35 us
[thread 60] Creating context org.graalvm.polyglot.Context@1421479e
[thread 68] New context sandbox 140603952201728 in 37 us
[thread 69] New context sandbox 140603952201728 in 35 us
[thread 62] Creating context org.graalvm.polyglot.Context@25c0e6c8
[thread 61] Creating context org.graalvm.polyglot.Context@2cb22531
