time="2023-04-06T23:51:53-04:00" level=info msg="Called startVMM(), setting up a VMM on /tmp/testtap.socket"
time="2023-04-06T23:51:53-04:00" level=info msg="VMM logging disabled."
time="2023-04-06T23:51:53-04:00" level=info msg="VMM metrics disabled."
time="2023-04-06T23:51:53-04:00" level=info msg="refreshMachineConfiguration: [GET /machine-config][200] getMachineConfigurationOK  &{CPUTemplate:Uninitialized HtEnabled:0xc00058009c MemSizeMib:0xc000580090 VcpuCount:0xc000580088}"
time="2023-04-06T23:51:53-04:00" level=info msg="PutGuestBootSource: [PUT /boot-source][204] putGuestBootSourceNoContent "
time="2023-04-06T23:51:53-04:00" level=info msg="Attaching drive /tmp/test-proxy/polyglot-proxy.img, slot 1, root true."
time="2023-04-06T23:51:53-04:00" level=info msg="Attached drive /tmp/test-proxy/polyglot-proxy.img: [PUT /drives/{drive_id}][204] putGuestDriveByIdNoContent "
time="2023-04-06T23:51:53-04:00" level=info msg="Attaching NIC testtap (hwaddr DE:AD:BE:EF:FB:4F) at index 1"
2023-04-06T23:51:53.393488574 [anonymous-instance:main:WARN:src/vmm/src/builder.rs:599] Could not add serial input event to epoll: Error during epoll call: Operation not permitted (os error 1)
time="2023-04-06T23:51:53-04:00" level=info msg="startInstance successful: [PUT /actions][204] createSyncActionNoContent "
[    0.012000] dmi: Firmware registration failed.
[    0.041013] zswap: default zpool zbud not available
[    0.041271] zswap: pool creation failed
Graalvisor boot time: 188 ms.
Graalvisor listening on port 8080.
Warning: graalvisor compiled with no truffle language support.
Function classify registered with process sandboxing in 813 ms
[thread 40] New process sandbox 460 in 674 us
2023-04-07 03:51:55.446834: I tensorflow/core/platform/cpu_feature_guard.cc:137] Your CPU supports instructions that this TensorFlow binary was not compiled to use: SSE4.1 SSE4.2 AVX AVX2 AVX512F FMA
time="2023-04-06T23:52:07-04:00" level=warning msg="firecracker exited: signal: terminated"
time="2023-04-06T23:52:07-04:00" level=fatal msg="Wait returned an error 1 error occurred:\n\t* signal: terminated\n\n"
