This is ApacheBench, Version 2.3 <$Revision: 1879490 $>
Copyright 1996 Adam Twiss, Zeus Technology Ltd, http://www.zeustech.net/
Licensed to The Apache Software Foundation, http://www.apache.org/

Benchmarking 172.18.0.2 (be patient)
Completed 100 requests
Completed 200 requests
Finished 256 requests


Server Software:        
Server Hostname:        172.18.0.2
Server Port:            8080

Document Path:          /run
Document Length:        16 bytes

Concurrency Level:      1
Time taken for tests:   17.991 seconds
Complete requests:      256
Failed requests:        0
Total transferred:      31744 bytes
Total body sent:        50944
HTML transferred:       4096 bytes
Requests per second:    14.23 [#/sec] (mean)
Time per request:       70.279 [ms] (mean)
Time per request:       70.279 [ms] (mean, across all concurrent requests)
Transfer rate:          1.72 [Kbytes/sec] received
                        2.77 kb/s sent
                        4.49 kb/s total

Connection Times (ms)
              min  mean[+/-sd] median   max
Connect:        0    6  21.3      0      95
Processing:     2   65  45.9     96     191
Waiting:        2   64  46.2     96     191
Total:          2   70  44.8     97     192

Percentage of the requests served within a certain time (ms)
  50%     97
  66%     97
  75%     98
  80%     98
  90%     99
  95%    101
  98%    103
  99%    191
 100%    192 (longest request)
