time="2023-04-05T20:02:32-04:00" level=info msg="Called startVMM(), setting up a VMM on /tmp/testtap.socket"
time="2023-04-05T20:02:32-04:00" level=info msg="VMM logging disabled."
time="2023-04-05T20:02:32-04:00" level=info msg="VMM metrics disabled."
time="2023-04-05T20:02:32-04:00" level=info msg="refreshMachineConfiguration: [GET /machine-config][200] getMachineConfigurationOK  &{CPUTemplate:Uninitialized HtEnabled:0xc00048e0e4 MemSizeMib:0xc00048e0d8 VcpuCount:0xc00048e0d0}"
time="2023-04-05T20:02:32-04:00" level=info msg="PutGuestBootSource: [PUT /boot-source][204] putGuestBootSourceNoContent "
time="2023-04-05T20:02:32-04:00" level=info msg="Attaching drive /tmp/test-proxy/polyglot-proxy.img, slot 1, root true."
time="2023-04-05T20:02:32-04:00" level=info msg="Attached drive /tmp/test-proxy/polyglot-proxy.img: [PUT /drives/{drive_id}][204] putGuestDriveByIdNoContent "
time="2023-04-05T20:02:32-04:00" level=info msg="Attaching NIC testtap (hwaddr DE:AD:BE:EF:47:C3) at index 1"
2023-04-05T20:02:32.618132103 [anonymous-instance:main:WARN:src/vmm/src/builder.rs:599] Could not add serial input event to epoll: Error during epoll call: Operation not permitted (os error 1)
time="2023-04-05T20:02:32-04:00" level=info msg="startInstance successful: [PUT /actions][204] createSyncActionNoContent "
[    0.047614] dmi: Firmware registration failed.
[    0.094870] zswap: default zpool zbud not available
[    0.095719] zswap: pool creation failed
Graalvisor boot time: 373 ms.
Graalvisor listening on port 8080.
Warning: graalvisor compiled with no truffle language support.
Function filehashing registered with isolate sandboxing in 112 ms
[thread 40] New isolate sandbox 139766958915584 in 2135 us
[thread 48] New isolate sandbox 139732280410112 in 1425 us
[thread 49] New isolate sandbox 139697911234560 in 1540 us
[thread 50] New isolate sandbox 139663533670400 in 1375 us
[thread 51] New isolate sandbox 139629164494848 in 1662 us
[thread 52] New isolate sandbox 139594795319296 in 2374 us
[thread 53] New isolate sandbox 139560426143744 in 1282 us
[thread 54] New isolate sandbox 139526056968192 in 1330 us
time="2023-04-05T20:03:09-04:00" level=warning msg="firecracker exited: signal: terminated"
time="2023-04-05T20:03:09-04:00" level=fatal msg="Wait returned an error 1 error occurred:\n\t* signal: terminated\n\n"
