config: malloc_init_no_free_bench , n=100 , size=1048576
0.003509220
0.003930169
0.003742749
0.003666208
0.003593414
0.003493458
0.003519269
0.003516598
0.003525111
0.003492965
0.005220084
0.005592993
0.005403267
0.004549019
0.004261873
0.003667626
0.003646655
0.003488266
0.003536618
0.003527164
0.003519257
0.003474519
0.003447306
0.003525286
0.003559359
0.003501074
0.003507235
0.003498476
0.003551429
0.003492696
0.003529520
0.003516543
0.003499866
0.003502767
0.003527064
0.003496716
0.003487423
0.003468811
0.003467489
0.003522997
0.003560052
0.003527828
0.003421847
0.003464630
0.003524955
0.003507711
0.003464639
0.003506142
0.003496171
0.003485867
0.003495493
0.003468942
0.003520665
0.003473631
0.003478244
0.003533096
0.003531435
0.003536187
0.003505727
0.003511310
0.003468563
0.003453996
0.003522840
0.003488504
0.003478867
0.003486794
0.003464860
0.003468752
0.003529819
0.003505084
0.003533832
0.003500789
0.003501576
0.003513167
0.003450171
0.003443564
0.003550248
0.003489816
0.003533992
0.003462318
0.003555954
0.003460711
0.003515478
0.003489147
0.003475472
0.003512008
0.003517532
0.003539769
0.003519417
0.003530766
0.003422702
0.003515116
0.003548523
0.003463363
0.003488183
0.003498961
0.003537180
0.003496663
0.003489395
0.003517673
avg: 0.003589347
