config: malloc_no_init_no_free_bench , n=100 , size=1048576
0.000003308
0.000002473
0.000001698
0.000001852
0.000001612
0.000001995
0.000001668
0.000001960
0.000001674
0.000002305
0.000001679
0.000003057
0.000001650
0.000002267
0.000001708
0.000002126
0.000001702
0.000002216
0.000001676
0.000002502
0.000001681
0.000002181
0.000001645
0.000002186
0.000001580
0.000002185
0.000002718
0.000002094
0.000001609
0.000009024
0.000001615
0.000002131
0.000001600
0.000002100
0.000001800
0.000002174
0.000002061
0.000002179
0.000001666
0.000002597
0.000001678
0.000003212
0.000002101
0.000002194
0.000001684
0.000002599
0.000001680
0.000002272
0.000001677
0.000002169
0.000001721
0.000002162
0.000002055
0.000002160
0.000001702
0.000002275
0.000002714
0.000002115
0.000002166
0.000002178
0.000001712
0.000002576
0.000001798
0.000002198
0.000002056
0.000002172
0.000001722
0.000002166
0.000002080
0.000002159
0.000001706
0.000003300
0.000001708
0.000002208
0.000005175
0.000002113
0.000001707
0.000002316
0.000001796
0.000002572
0.000001690
0.000002147
0.000002068
0.000002229
0.000001678
0.000002408
0.000002813
0.000002264
0.000002113
0.000002221
0.000001704
0.000002303
0.000001703
0.000002272
0.000001724
0.000002627
0.000001692
0.000002230
0.000002182
0.000002203
avg: 0.000002180
