config: malloc_no_init_bench , n=100 , size=1048576
0.000003412
0.000002182
0.000000062
0.000000059
0.000000042
0.000000043
0.000000040
0.000000040
0.000000043
0.000000045
0.000000041
0.000000038
0.000000040
0.000000040
0.000000040
0.000000039
0.000000039
0.000000043
0.000000039
0.000000039
0.000000041
0.000000039
0.000000042
0.000000041
0.000000038
0.000000040
0.000000042
0.000000040
0.000000042
0.000000042
0.000000040
0.000000038
0.000000042
0.000000040
0.000000040
0.000000038
0.000000042
0.000000038
0.000000042
0.000000040
0.000000040
0.000000043
0.000000038
0.000000039
0.000000037
0.000000040
0.000000038
0.000000040
0.000000039
0.000000038
0.000000040
0.000000038
0.000000039
0.000000039
0.000000040
0.000000041
0.000000041
0.000000044
0.000000038
0.000000036
0.000000040
0.000000039
0.000000039
0.000000039
0.000000039
0.000000040
0.000000041
0.000000037
0.000000040
0.000000038
0.000000041
0.000000043
0.000000042
0.000000039
0.000000037
0.000000039
0.000000038
0.000000041
0.000000039
0.000000039
0.000000038
0.000000041
0.000000039
0.000000040
0.000000038
0.000000038
0.000000039
0.000000038
0.000000040
0.000000039
0.000000038
0.000000040
0.000000041
0.000000042
0.000000040
0.000000039
0.000000040
0.000000042
0.000000042
0.000000040
avg: 0.000000095
