config: malloc_init_bench , n=100 , size=1048576
0.003595534
0.003524334
0.003300687
0.004465309
0.006074249
0.006464439
0.006526978
0.006563674
0.006608997
0.006301402
0.005794451
0.004768236
0.004384071
0.003526373
0.003563322
0.003443156
0.003380868
0.003248429
0.003209693
0.003185561
0.003174199
0.003214280
0.003213914
0.003197728
0.003264914
0.003244778
0.003195819
0.003208433
0.003223123
0.003238817
0.003209442
0.003205366
0.003182808
0.003217486
0.003243041
0.003243508
0.003234049
0.003240380
0.003221277
0.003220847
0.003226361
0.003210439
0.003218092
0.003222177
0.003204054
0.003252335
0.003216322
0.003198716
0.003203813
0.003198455
0.003204611
0.003212830
0.003215341
0.003220690
0.003182150
0.003236224
0.003235460
0.003212930
0.003200757
0.003225618
0.003152574
0.003183460
0.003180510
0.003238608
0.003216104
0.003233065
0.003232057
0.003176491
0.003215073
0.003235069
0.003185675
0.003212370
0.003258356
0.003186323
0.003259656
0.003213388
0.003215284
0.003209448
0.003195108
0.003226315
0.003196492
0.003209882
0.003217869
0.003244947
0.003164274
0.003260069
0.003209444
0.003233536
0.003172863
0.003257299
0.003212078
0.003221206
0.003185909
0.003230055
0.003228378
0.003231678
0.003211228
0.003239825
0.003209168
0.003212003
avg: 0.003491945
