This is ApacheBench, Version 2.3 <$Revision: 1879490 $>
Copyright 1996 Adam Twiss, Zeus Technology Ltd, http://www.zeustech.net/
Licensed to The Apache Software Foundation, http://www.apache.org/

Benchmarking 172.18.0.2 (be patient).....done


Server Software:        
Server Hostname:        172.18.0.2
Server Port:            8080

Document Path:          /warmup
Document Length:        86 bytes

Concurrency Level:      1
Time taken for tests:   4.023 seconds
Complete requests:      1
Failed requests:        0
Total transferred:      181 bytes
Total body sent:        245
HTML transferred:       86 bytes
Requests per second:    0.25 [#/sec] (mean)
Time per request:       4022.691 [ms] (mean)
Time per request:       4022.691 [ms] (mean, across all concurrent requests)
Transfer rate:          0.04 [Kbytes/sec] received
                        0.06 kb/s sent
                        0.10 kb/s total

Connection Times (ms)
              min  mean[+/-sd] median   max
Connect:        0    0   0.0      0       0
Processing:  4022 4022   0.0   4022    4022
Waiting:     4022 4022   0.0   4022    4022
Total:       4023 4023   0.0   4023    4023
