This is ApacheBench, Version 2.3 <$Revision: 1879490 $>
Copyright 1996 Adam Twiss, Zeus Technology Ltd, http://www.zeustech.net/
Licensed to The Apache Software Foundation, http://www.apache.org/

Benchmarking 172.18.0.2 (be patient).....done


Server Software:        
Server Hostname:        172.18.0.2
Server Port:            8080

Document Path:          /
Document Length:        85 bytes

Concurrency Level:      4
Time taken for tests:   2.408 seconds
Complete requests:      20
Failed requests:        17
   (Connect: 0, Receive: 0, Length: 17, Exceptions: 0)
Total transferred:      4087 bytes
Total body sent:        4780
HTML transferred:       2174 bytes
Requests per second:    8.31 [#/sec] (mean)
Time per request:       481.601 [ms] (mean)
Time per request:       120.400 [ms] (mean, across all concurrent requests)
Transfer rate:          1.66 [Kbytes/sec] received
                        1.94 kb/s sent
                        3.60 kb/s total

Connection Times (ms)
              min  mean[+/-sd] median   max
Connect:        0    0   0.1      0       0
Processing:     0  378 591.4      4    2023
Waiting:        0  378 591.4      4    2023
Total:          0  378 591.5      4    2023

Percentage of the requests served within a certain time (ms)
  50%      4
  66%    381
  75%    975
  80%   1050
  90%   1081
  95%   2023
  98%   2023
  99%   2023
 100%   2023 (longest request)
