time="2023-04-08T10:28:46-04:00" level=info msg="Called startVMM(), setting up a VMM on /tmp/testtap.socket"
time="2023-04-08T10:28:46-04:00" level=info msg="VMM logging disabled."
time="2023-04-08T10:28:46-04:00" level=info msg="VMM metrics disabled."
time="2023-04-08T10:28:46-04:00" level=info msg="refreshMachineConfiguration: [GET /machine-config][200] getMachineConfigurationOK  &{CPUTemplate:Uninitialized HtEnabled:0xc0003eb5c4 MemSizeMib:0xc0003eb5b8 VcpuCount:0xc0003eb5b0}"
time="2023-04-08T10:28:46-04:00" level=info msg="PutGuestBootSource: [PUT /boot-source][204] putGuestBootSourceNoContent "
time="2023-04-08T10:28:46-04:00" level=info msg="Attaching drive /tmp/test-proxy/polyglot-proxy.img, slot 1, root true."
time="2023-04-08T10:28:46-04:00" level=info msg="Attached drive /tmp/test-proxy/polyglot-proxy.img: [PUT /drives/{drive_id}][204] putGuestDriveByIdNoContent "
time="2023-04-08T10:28:46-04:00" level=info msg="Attaching NIC testtap (hwaddr DE:AD:BE:EF:29:E9) at index 1"
2023-04-08T10:28:46.261339991 [anonymous-instance:main:WARN:src/vmm/src/builder.rs:599] Could not add serial input event to epoll: Error during epoll call: Operation not permitted (os error 1)
time="2023-04-08T10:28:46-04:00" level=info msg="startInstance successful: [PUT /actions][204] createSyncActionNoContent "
[    0.012000] dmi: Firmware registration failed.
[    0.035964] zswap: default zpool zbud not available
[    0.036220] zswap: pool creation failed
Graalvisor boot time: 160 ms.
Graalvisor listening on port 8080.
Warning: graalvisor compiled with no truffle language support.
Function compression registered with process sandboxing in 714 ms
[thread 1] Creating context org.graalvm.polyglot.Context@60e7189b
[thread 41] New process sandbox 470 in 350 us
[thread 1] Creating context org.graalvm.polyglot.Context@8fbfe23
[thread 46] New process sandbox 487 in 354 us
[thread 47] New process sandbox 488 in 313 us
[thread 48] New process sandbox 489 in 259 us
[thread 1] Creating context org.graalvm.polyglot.Context@142ffd16
[thread 1] Creating context org.graalvm.polyglot.Context@62bc6daa
[thread 1] Creating context org.graalvm.polyglot.Context@389a8e66
time="2023-04-08T10:29:16-04:00" level=warning msg="firecracker exited: signal: terminated"
time="2023-04-08T10:29:16-04:00" level=fatal msg="Wait returned an error 1 error occurred:\n\t* signal: terminated\n\n"
