This is ApacheBench, Version 2.3 <$Revision: 1879490 $>
Copyright 1996 Adam Twiss, Zeus Technology Ltd, http://www.zeustech.net/
Licensed to The Apache Software Foundation, http://www.apache.org/

Benchmarking 172.18.0.2 (be patient).....done


Server Software:        
Server Hostname:        172.18.0.2
Server Port:            8080

Document Path:          /
Document Length:        86 bytes

Concurrency Level:      1
Time taken for tests:   18.001 seconds
Complete requests:      2
Failed requests:        0
Total transferred:      362 bytes
Total body sent:        584
HTML transferred:       172 bytes
Requests per second:    0.11 [#/sec] (mean)
Time per request:       9000.583 [ms] (mean)
Time per request:       9000.583 [ms] (mean, across all concurrent requests)
Transfer rate:          0.02 [Kbytes/sec] received
                        0.03 kb/s sent
                        0.05 kb/s total

Connection Times (ms)
              min  mean[+/-sd] median   max
Connect:        0    0   0.1      0       0
Processing:  8995 9000   8.1   9006    9006
Waiting:     8995 9000   8.0   9006    9006
Total:       8995 9001   8.2   9006    9006

Percentage of the requests served within a certain time (ms)
  50%   9006
  66%   9006
  75%   9006
  80%   9006
  90%   9006
  95%   9006
  98%   9006
  99%   9006
 100%   9006 (longest request)
This is ApacheBench, Version 2.3 <$Revision: 1879490 $>
Copyright 1996 Adam Twiss, Zeus Technology Ltd, http://www.zeustech.net/
Licensed to The Apache Software Foundation, http://www.apache.org/

Benchmarking 172.18.0.2 (be patient).....done


Server Software:        
Server Hostname:        172.18.0.2
Server Port:            8080

Document Path:          /
Document Length:        86 bytes

Concurrency Level:      1
Time taken for tests:   18.014 seconds
Complete requests:      2
Failed requests:        0
Total transferred:      362 bytes
Total body sent:        584
HTML transferred:       172 bytes
Requests per second:    0.11 [#/sec] (mean)
Time per request:       9006.801 [ms] (mean)
Time per request:       9006.801 [ms] (mean, across all concurrent requests)
Transfer rate:          0.02 [Kbytes/sec] received
                        0.03 kb/s sent
                        0.05 kb/s total

Connection Times (ms)
              min  mean[+/-sd] median   max
Connect:        0    0   0.1      0       0
Processing:  9005 9007   1.9   9008    9008
Waiting:     9005 9007   1.9   9008    9008
Total:       9005 9007   2.0   9008    9008

Percentage of the requests served within a certain time (ms)
  50%   9008
  66%   9008
  75%   9008
  80%   9008
  90%   9008
  95%   9008
  98%   9008
  99%   9008
 100%   9008 (longest request)
This is ApacheBench, Version 2.3 <$Revision: 1879490 $>
Copyright 1996 Adam Twiss, Zeus Technology Ltd, http://www.zeustech.net/
Licensed to The Apache Software Foundation, http://www.apache.org/

Benchmarking 172.18.0.2 (be patient).....done


Server Software:        
Server Hostname:        172.18.0.2
Server Port:            8080

Document Path:          /
Document Length:        86 bytes

Concurrency Level:      1
Time taken for tests:   18.005 seconds
Complete requests:      2
Failed requests:        0
Total transferred:      362 bytes
Total body sent:        584
HTML transferred:       172 bytes
Requests per second:    0.11 [#/sec] (mean)
Time per request:       9002.600 [ms] (mean)
Time per request:       9002.600 [ms] (mean, across all concurrent requests)
Transfer rate:          0.02 [Kbytes/sec] received
                        0.03 kb/s sent
                        0.05 kb/s total

Connection Times (ms)
              min  mean[+/-sd] median   max
Connect:        0    0   0.0      0       0
Processing:  8998 9002   5.6   9006    9006
Waiting:     8998 9002   5.6   9006    9006
Total:       8999 9003   5.5   9006    9006

Percentage of the requests served within a certain time (ms)
  50%   9006
  66%   9006
  75%   9006
  80%   9006
  90%   9006
  95%   9006
  98%   9006
  99%   9006
 100%   9006 (longest request)
This is ApacheBench, Version 2.3 <$Revision: 1879490 $>
Copyright 1996 Adam Twiss, Zeus Technology Ltd, http://www.zeustech.net/
Licensed to The Apache Software Foundation, http://www.apache.org/

Benchmarking 172.18.0.2 (be patient).....done


Server Software:        
Server Hostname:        172.18.0.2
Server Port:            8080

Document Path:          /
Document Length:        86 bytes

Concurrency Level:      1
Time taken for tests:   18.071 seconds
Complete requests:      2
Failed requests:        0
Total transferred:      362 bytes
Total body sent:        584
HTML transferred:       172 bytes
Requests per second:    0.11 [#/sec] (mean)
Time per request:       9035.400 [ms] (mean)
Time per request:       9035.400 [ms] (mean, across all concurrent requests)
Transfer rate:          0.02 [Kbytes/sec] received
                        0.03 kb/s sent
                        0.05 kb/s total

Connection Times (ms)
              min  mean[+/-sd] median   max
Connect:        0    0   0.2      0       0
Processing:  8989 9035  65.2   9081    9081
Waiting:     8989 9035  65.2   9081    9081
Total:       8989 9035  65.0   9081    9081

Percentage of the requests served within a certain time (ms)
  50%   9081
  66%   9081
  75%   9081
  80%   9081
  90%   9081
  95%   9081
  98%   9081
  99%   9081
 100%   9081 (longest request)
This is ApacheBench, Version 2.3 <$Revision: 1879490 $>
Copyright 1996 Adam Twiss, Zeus Technology Ltd, http://www.zeustech.net/
Licensed to The Apache Software Foundation, http://www.apache.org/

Benchmarking 172.18.0.2 (be patient).....done


Server Software:        
Server Hostname:        172.18.0.2
Server Port:            8080

Document Path:          /
Document Length:        86 bytes

Concurrency Level:      1
Time taken for tests:   18.008 seconds
Complete requests:      2
Failed requests:        0
Total transferred:      362 bytes
Total body sent:        584
HTML transferred:       172 bytes
Requests per second:    0.11 [#/sec] (mean)
Time per request:       9004.148 [ms] (mean)
Time per request:       9004.148 [ms] (mean, across all concurrent requests)
Transfer rate:          0.02 [Kbytes/sec] received
                        0.03 kb/s sent
                        0.05 kb/s total

Connection Times (ms)
              min  mean[+/-sd] median   max
Connect:        0    0   0.2      0       0
Processing:  8995 9004  12.3   9013    9013
Waiting:     8995 9004  12.3   9012    9012
Total:       8995 9004  12.5   9013    9013

Percentage of the requests served within a certain time (ms)
  50%   9013
  66%   9013
  75%   9013
  80%   9013
  90%   9013
  95%   9013
  98%   9013
  99%   9013
 100%   9013 (longest request)
