This is ApacheBench, Version 2.3 <$Revision: 1879490 $>
Copyright 1996 Adam Twiss, Zeus Technology Ltd, http://www.zeustech.net/
Licensed to The Apache Software Foundation, http://www.apache.org/

Benchmarking 172.18.0.2 (be patient)
Completed 100 requests
Completed 200 requests
Finished 256 requests


Server Software:        
Server Hostname:        172.18.0.2
Server Port:            8080

Document Path:          /run
Document Length:        14 bytes

Concurrency Level:      1
Time taken for tests:   21.491 seconds
Complete requests:      256
Failed requests:        0
Total transferred:      56320 bytes
Total body sent:        50944
HTML transferred:       3584 bytes
Requests per second:    11.91 [#/sec] (mean)
Time per request:       83.948 [ms] (mean)
Time per request:       83.948 [ms] (mean, across all concurrent requests)
Transfer rate:          2.56 [Kbytes/sec] received
                        2.31 kb/s sent
                        4.87 kb/s total

Connection Times (ms)
              min  mean[+/-sd] median   max
Connect:        0   10  27.7      0      93
Processing:     6   74  45.2     97     202
Waiting:        6   68  47.5     97     202
Total:          6   84  45.6     98     203

Percentage of the requests served within a certain time (ms)
  50%     98
  66%     98
  75%     99
  80%     99
  90%    101
  95%    191
  98%    194
  99%    198
 100%    203 (longest request)
