This is ApacheBench, Version 2.3 <$Revision: 1879490 $>
Copyright 1996 Adam Twiss, Zeus Technology Ltd, http://www.zeustech.net/
Licensed to The Apache Software Foundation, http://www.apache.org/

Benchmarking 172.18.0.2 (be patient).....done


Server Software:        
Server Hostname:        172.18.0.2
Server Port:            8080

Document Path:          /
Document Length:        144 bytes

Concurrency Level:      1
Time taken for tests:   1.128 seconds
Complete requests:      50
Failed requests:        42
   (Connect: 0, Receive: 0, Length: 42, Exceptions: 0)
Total transferred:      11878 bytes
Total body sent:        10000
HTML transferred:       7078 bytes
Requests per second:    44.31 [#/sec] (mean)
Time per request:       22.567 [ms] (mean)
Time per request:       22.567 [ms] (mean, across all concurrent requests)
Transfer rate:          10.28 [Kbytes/sec] received
                        8.65 kb/s sent
                        18.94 kb/s total

Connection Times (ms)
              min  mean[+/-sd] median   max
Connect:        0    0   0.1      0       0
Processing:     6   22  22.9     10      72
Waiting:        6   22  22.9     10      72
Total:          6   23  22.9     10      72

Percentage of the requests served within a certain time (ms)
  50%     10
  66%     17
  75%     19
  80%     57
  90%     67
  95%     69
  98%     72
  99%     72
 100%     72 (longest request)
