This is ApacheBench, Version 2.3 <$Revision: 1879490 $>
Copyright 1996 Adam Twiss, Zeus Technology Ltd, http://www.zeustech.net/
Licensed to The Apache Software Foundation, http://www.apache.org/

Benchmarking 172.18.0.2 (be patient).....done


Server Software:        
Server Hostname:        172.18.0.2
Server Port:            8080

Document Path:          /
Document Length:        71 bytes

Concurrency Level:      1
Time taken for tests:   4.619 seconds
Complete requests:      25
Failed requests:        0
Total transferred:      4150 bytes
Total body sent:        9925
HTML transferred:       1775 bytes
Requests per second:    5.41 [#/sec] (mean)
Time per request:       184.766 [ms] (mean)
Time per request:       184.766 [ms] (mean, across all concurrent requests)
Transfer rate:          0.88 [Kbytes/sec] received
                        2.10 kb/s sent
                        2.98 kb/s total

Connection Times (ms)
              min  mean[+/-sd] median   max
Connect:        0    0   0.1      0       0
Processing:   150  185 143.6    155     874
Waiting:      150  185 143.6    155     874
Total:        150  185 143.6    155     874

Percentage of the requests served within a certain time (ms)
  50%    155
  66%    157
  75%    161
  80%    162
  90%    162
  95%    164
  98%    874
  99%    874
 100%    874 (longest request)
