This is ApacheBench, Version 2.3 <$Revision: 1879490 $>
Copyright 1996 Adam Twiss, Zeus Technology Ltd, http://www.zeustech.net/
Licensed to The Apache Software Foundation, http://www.apache.org/

Benchmarking 192.168.31.28 (be patient)
Completed 100 requests
Completed 200 requests
Completed 300 requests
Completed 400 requests
Completed 500 requests
Finished 512 requests


Server Software:        
Server Hostname:        192.168.31.28
Server Port:            8080

Document Path:          /
Document Length:        158 bytes

Concurrency Level:      2
Time taken for tests:   2.580 seconds
Complete requests:      512
Failed requests:        222
   (Connect: 0, Receive: 0, Length: 222, Exceptions: 0)
Total transferred:      130659 bytes
Total body sent:        103936
HTML transferred:       81507 bytes
Requests per second:    198.45 [#/sec] (mean)
Time per request:       10.078 [ms] (mean)
Time per request:       5.039 [ms] (mean, across all concurrent requests)
Transfer rate:          49.46 [Kbytes/sec] received
                        39.34 kb/s sent
                        88.80 kb/s total

Connection Times (ms)
              min  mean[+/-sd] median   max
Connect:        0    0   0.0      0       0
Processing:     3   10  12.0      8     121
Waiting:        3   10  12.0      8     121
Total:          3   10  12.0      8     121

Percentage of the requests served within a certain time (ms)
  50%      8
  66%      9
  75%     10
  80%     10
  90%     12
  95%     14
  98%     25
  99%     88
 100%    121 (longest request)
This is ApacheBench, Version 2.3 <$Revision: 1879490 $>
Copyright 1996 Adam Twiss, Zeus Technology Ltd, http://www.zeustech.net/
Licensed to The Apache Software Foundation, http://www.apache.org/

Benchmarking 192.168.31.28 (be patient)
Completed 100 requests
Completed 200 requests
Completed 300 requests
Completed 400 requests
Completed 500 requests
Finished 512 requests


Server Software:        
Server Hostname:        192.168.31.28
Server Port:            8080

Document Path:          /
Document Length:        161 bytes

Concurrency Level:      2
Time taken for tests:   1.944 seconds
Complete requests:      512
Failed requests:        433
   (Connect: 0, Receive: 0, Length: 433, Exceptions: 0)
Total transferred:      130381 bytes
Total body sent:        103936
HTML transferred:       81229 bytes
Requests per second:    263.36 [#/sec] (mean)
Time per request:       7.594 [ms] (mean)
Time per request:       3.797 [ms] (mean, across all concurrent requests)
Transfer rate:          65.49 [Kbytes/sec] received
                        52.21 kb/s sent
                        117.70 kb/s total

Connection Times (ms)
              min  mean[+/-sd] median   max
Connect:        0    0   0.0      0       0
Processing:     3    7   3.1      7      28
Waiting:        2    7   3.1      7      28
Total:          3    8   3.1      7      28

Percentage of the requests served within a certain time (ms)
  50%      7
  66%      8
  75%      9
  80%      9
  90%     10
  95%     12
  98%     18
  99%     21
 100%     28 (longest request)
This is ApacheBench, Version 2.3 <$Revision: 1879490 $>
Copyright 1996 Adam Twiss, Zeus Technology Ltd, http://www.zeustech.net/
Licensed to The Apache Software Foundation, http://www.apache.org/

Benchmarking 192.168.31.28 (be patient)
Completed 100 requests
Completed 200 requests
Completed 300 requests
Completed 400 requests
Completed 500 requests
Finished 512 requests


Server Software:        
Server Hostname:        192.168.31.28
Server Port:            8080

Document Path:          /
Document Length:        158 bytes

Concurrency Level:      2
Time taken for tests:   2.105 seconds
Complete requests:      512
Failed requests:        180
   (Connect: 0, Receive: 0, Length: 180, Exceptions: 0)
Total transferred:      130517 bytes
Total body sent:        103936
HTML transferred:       81365 bytes
Requests per second:    243.18 [#/sec] (mean)
Time per request:       8.224 [ms] (mean)
Time per request:       4.112 [ms] (mean, across all concurrent requests)
Transfer rate:          60.54 [Kbytes/sec] received
                        48.21 kb/s sent
                        108.75 kb/s total

Connection Times (ms)
              min  mean[+/-sd] median   max
Connect:        0    0   0.0      0       0
Processing:     2    8   3.8      8      28
Waiting:        2    8   3.8      8      28
Total:          2    8   3.8      8      28

Percentage of the requests served within a certain time (ms)
  50%      8
  66%      9
  75%     10
  80%     10
  90%     12
  95%     16
  98%     22
  99%     24
 100%     28 (longest request)
