This is ApacheBench, Version 2.3 <$Revision: 1879490 $>
Copyright 1996 Adam Twiss, Zeus Technology Ltd, http://www.zeustech.net/
Licensed to The Apache Software Foundation, http://www.apache.org/

Benchmarking 172.172.0.2 (be patient)
Completed 100 requests
Completed 200 requests
Finished 200 requests


Server Software:        
Server Hostname:        172.172.0.2
Server Port:            8080

Document Path:          /
Document Length:        91 bytes

Concurrency Level:      8
Time taken for tests:   1.816 seconds
Complete requests:      200
Failed requests:        199
   (Connect: 0, Receive: 0, Length: 199, Exceptions: 0)
Total transferred:      36499 bytes
Total body sent:        36400
HTML transferred:       17499 bytes
Requests per second:    110.14 [#/sec] (mean)
Time per request:       72.634 [ms] (mean)
Time per request:       9.079 [ms] (mean, across all concurrent requests)
Transfer rate:          19.63 [Kbytes/sec] received
                        19.58 kb/s sent
                        39.21 kb/s total

Connection Times (ms)
              min  mean[+/-sd] median   max
Connect:        0    0   0.1      0       0
Processing:     0   49 237.1      0    1306
Waiting:        0   49 237.1      0    1306
Total:          0   49 237.1      0    1306

Percentage of the requests served within a certain time (ms)
  50%      0
  66%      1
  75%      2
  80%      2
  90%      8
  95%     16
  98%   1283
  99%   1284
 100%   1306 (longest request)
