This is ApacheBench, Version 2.3 <$Revision: 1879490 $>
Copyright 1996 Adam Twiss, Zeus Technology Ltd, http://www.zeustech.net/
Licensed to The Apache Software Foundation, http://www.apache.org/

Benchmarking 172.172.0.2 (be patient)
Completed 100 requests
Completed 200 requests
Finished 256 requests


Server Software:        
Server Hostname:        172.172.0.2
Server Port:            8080

Document Path:          /run
Document Length:        33 bytes

Concurrency Level:      1
Time taken for tests:   8.986 seconds
Complete requests:      256
Failed requests:        0
Total transferred:      61440 bytes
Total body sent:        36608
HTML transferred:       8448 bytes
Requests per second:    28.49 [#/sec] (mean)
Time per request:       35.101 [ms] (mean)
Time per request:       35.101 [ms] (mean, across all concurrent requests)
Transfer rate:          6.68 [Kbytes/sec] received
                        3.98 kb/s sent
                        10.66 kb/s total

Connection Times (ms)
              min  mean[+/-sd] median   max
Connect:        0    6  20.8      0      92
Processing:     1   29  43.9      4     205
Waiting:        1   26  41.3      3     204
Total:          2   35  47.3      4     292

Percentage of the requests served within a certain time (ms)
  50%      4
  66%      8
  75%     92
  80%     92
  90%     93
  95%     95
  98%     96
  99%    205
 100%    292 (longest request)
