Graalvisor listening on port 8080.
Warning: graalvisor compiled with no truffle language support.
Function shopcart registered with isolate sandboxing in 171 ms
[thread 40] New isolate sandbox 140308191903744 in 4027 us
 __  __ _                                  _   
|  \/  (_) ___ _ __ ___  _ __   __ _ _   _| |_ 
| |\/| | |/ __| '__/ _ \| '_ \ / _` | | | | __|
| |  | | | (__| | | (_) | | | | (_| | |_| | |_ 
|_|  |_|_|\___|_|  \___/|_| |_|\__,_|\__,_|\__|
  Micronaut (v3.3.1)

[36m15:58:37.127[0;39m [1;30m[main][0;39m [34mINFO [0;39m [35mio.micronaut.runtime.Micronaut[0;39m - Startup completed in 40ms. Server Running: http://localhost:44509
./app: Terminated

 Performance counter stats for './app':

        20,867,985      cache-misses                                                
           100,534      context-switches                                            
        10,328,208      branch-misses                                               
            23,653      page-faults                                                 

       8.678007400 seconds time elapsed

       2.331512000 seconds user
       2.858120000 seconds sys


