This is ApacheBench, Version 2.3 <$Revision: 1879490 $>
Copyright 1996 Adam Twiss, Zeus Technology Ltd, http://www.zeustech.net/
Licensed to The Apache Software Foundation, http://www.apache.org/

Benchmarking 172.18.0.2 (be patient).....done


Server Software:        
Server Hostname:        172.18.0.2
Server Port:            8080

Document Path:          /
Document Length:        94 bytes

Concurrency Level:      1
Time taken for tests:   1.763 seconds
Complete requests:      2
Failed requests:        0
Total transferred:      378 bytes
Total body sent:        584
HTML transferred:       188 bytes
Requests per second:    1.13 [#/sec] (mean)
Time per request:       881.486 [ms] (mean)
Time per request:       881.486 [ms] (mean, across all concurrent requests)
Transfer rate:          0.21 [Kbytes/sec] received
                        0.32 kb/s sent
                        0.53 kb/s total

Connection Times (ms)
              min  mean[+/-sd] median   max
Connect:        0    0   0.1      0       0
Processing:   856  881  35.7    906     906
Waiting:      856  881  35.7    906     906
Total:        856  881  35.8    907     907

Percentage of the requests served within a certain time (ms)
  50%    907
  66%    907
  75%    907
  80%    907
  90%    907
  95%    907
  98%    907
  99%    907
 100%    907 (longest request)
