time="2023-04-08T10:04:07-04:00" level=info msg="Called startVMM(), setting up a VMM on /tmp/testtap.socket"
time="2023-04-08T10:04:07-04:00" level=info msg="VMM logging disabled."
time="2023-04-08T10:04:07-04:00" level=info msg="VMM metrics disabled."
time="2023-04-08T10:04:07-04:00" level=info msg="refreshMachineConfiguration: [GET /machine-config][200] getMachineConfigurationOK  &{CPUTemplate:Uninitialized HtEnabled:0xc000692c24 MemSizeMib:0xc000692c18 VcpuCount:0xc000692c10}"
time="2023-04-08T10:04:07-04:00" level=info msg="PutGuestBootSource: [PUT /boot-source][204] putGuestBootSourceNoContent "
time="2023-04-08T10:04:07-04:00" level=info msg="Attaching drive /tmp/test-proxy/polyglot-proxy.img, slot 1, root true."
time="2023-04-08T10:04:07-04:00" level=info msg="Attached drive /tmp/test-proxy/polyglot-proxy.img: [PUT /drives/{drive_id}][204] putGuestDriveByIdNoContent "
time="2023-04-08T10:04:07-04:00" level=info msg="Attaching NIC testtap (hwaddr DE:AD:BE:EF:9B:DB) at index 1"
2023-04-08T10:04:07.247634483 [anonymous-instance:main:WARN:src/vmm/src/builder.rs:599] Could not add serial input event to epoll: Error during epoll call: Operation not permitted (os error 1)
time="2023-04-08T10:04:07-04:00" level=info msg="startInstance successful: [PUT /actions][204] createSyncActionNoContent "
[    0.012000] dmi: Firmware registration failed.
[    0.040276] zswap: default zpool zbud not available
[    0.040514] zswap: pool creation failed
Graalvisor boot time: 165 ms.
Graalvisor listening on port 8080.
Warning: graalvisor compiled with no truffle language support.
Function thumbnail registered with context sandboxing in 754 ms
[thread 41] New context sandbox 140622025457664 in 39 us
[thread 44] Creating context org.graalvm.polyglot.Context@507916a5
[thread 43] New context sandbox 140622025457664 in 10 us
[thread 57] Creating context org.graalvm.polyglot.Context@7b247fb2
time="2023-04-08T10:04:25-04:00" level=warning msg="firecracker exited: signal: terminated"
time="2023-04-08T10:04:25-04:00" level=fatal msg="Wait returned an error 1 error occurred:\n\t* signal: terminated\n\n"
