This is ApacheBench, Version 2.3 <$Revision: 1879490 $>
Copyright 1996 Adam Twiss, Zeus Technology Ltd, http://www.zeustech.net/
Licensed to The Apache Software Foundation, http://www.apache.org/

Benchmarking 172.18.0.2 (be patient).....done


Server Software:        
Server Hostname:        172.18.0.2
Server Port:            8080

Document Path:          /
Document Length:        86 bytes

Concurrency Level:      4
Time taken for tests:   9.464 seconds
Complete requests:      20
Failed requests:        16
   (Connect: 0, Receive: 0, Length: 16, Exceptions: 0)
Total transferred:      3590 bytes
Total body sent:        4680
HTML transferred:       1690 bytes
Requests per second:    2.11 [#/sec] (mean)
Time per request:       1892.703 [ms] (mean)
Time per request:       473.176 [ms] (mean, across all concurrent requests)
Transfer rate:          0.37 [Kbytes/sec] received
                        0.48 kb/s sent
                        0.85 kb/s total

Connection Times (ms)
              min  mean[+/-sd] median   max
Connect:        0    0   0.1      0       0
Processing:    69 1047 1977.5     83    5802
Waiting:       69 1047 1977.5     83    5802
Total:         69 1047 1977.5     84    5802

Percentage of the requests served within a certain time (ms)
  50%     84
  66%     88
  75%    315
  80%   3661
  90%   4946
  95%   5802
  98%   5802
  99%   5802
 100%   5802 (longest request)
