time="2023-04-06T16:04:54-04:00" level=info msg="Called startVMM(), setting up a VMM on /tmp/testtap.socket"
time="2023-04-06T16:04:54-04:00" level=info msg="VMM logging disabled."
time="2023-04-06T16:04:54-04:00" level=info msg="VMM metrics disabled."
time="2023-04-06T16:04:54-04:00" level=info msg="refreshMachineConfiguration: [GET /machine-config][200] getMachineConfigurationOK  &{CPUTemplate:Uninitialized HtEnabled:0xc000458144 MemSizeMib:0xc000458128 VcpuCount:0xc000458120}"
time="2023-04-06T16:04:54-04:00" level=info msg="PutGuestBootSource: [PUT /boot-source][204] putGuestBootSourceNoContent "
time="2023-04-06T16:04:54-04:00" level=info msg="Attaching drive /tmp/test-proxy/polyglot-proxy.img, slot 1, root true."
time="2023-04-06T16:04:54-04:00" level=info msg="Attached drive /tmp/test-proxy/polyglot-proxy.img: [PUT /drives/{drive_id}][204] putGuestDriveByIdNoContent "
time="2023-04-06T16:04:54-04:00" level=info msg="Attaching NIC testtap (hwaddr DE:AD:BE:EF:97:C0) at index 1"
2023-04-06T16:04:54.660268496 [anonymous-instance:main:WARN:src/vmm/src/builder.rs:599] Could not add serial input event to epoll: Error during epoll call: Operation not permitted (os error 1)
time="2023-04-06T16:04:54-04:00" level=info msg="startInstance successful: [PUT /actions][204] createSyncActionNoContent "
[    0.016561] dmi: Firmware registration failed.
[    0.045861] zswap: default zpool zbud not available
[    0.046157] zswap: pool creation failed
Graalvisor boot time: 177 ms.
Graalvisor listening on port 8080.
Warning: graalvisor compiled with no truffle language support.
Function httprequest registered with isolate sandboxing in 35 ms
[thread 40] New isolate sandbox 139706628046848 in 727 us
[thread 49] New isolate sandbox 139603244744704 in 652 us
[thread 48] New isolate sandbox 139671991484416 in 6717 us
[thread 50] New isolate sandbox 139637605531648 in 7574 us
[thread 52] New isolate sandbox 139568858791936 in 441 us
[thread 53] New isolate sandbox 139534489616384 in 436 us
[thread 54] New isolate sandbox 139500120440832 in 716 us
[thread 51] New isolate sandbox 139465751265280 in 443 us
time="2023-04-06T16:05:02-04:00" level=warning msg="firecracker exited: signal: terminated"
time="2023-04-06T16:05:02-04:00" level=fatal msg="Wait returned an error 1 error occurred:\n\t* signal: terminated\n\n"
