This is ApacheBench, Version 2.3 <$Revision: 1879490 $>
Copyright 1996 Adam Twiss, Zeus Technology Ltd, http://www.zeustech.net/
Licensed to The Apache Software Foundation, http://www.apache.org/

Benchmarking 172.18.0.2 (be patient)
Completed 100 requests
Completed 200 requests
Finished 256 requests


Server Software:        
Server Hostname:        172.18.0.2
Server Port:            8080

Document Path:          /
Document Length:        171 bytes

Concurrency Level:      1
Time taken for tests:   27.895 seconds
Complete requests:      256
Failed requests:        139
   (Connect: 0, Receive: 0, Length: 139, Exceptions: 0)
Total transferred:      68282 bytes
Total body sent:        60160
HTML transferred:       43706 bytes
Requests per second:    9.18 [#/sec] (mean)
Time per request:       108.966 [ms] (mean)
Time per request:       108.966 [ms] (mean, across all concurrent requests)
Transfer rate:          2.39 [Kbytes/sec] received
                        2.11 kb/s sent
                        4.50 kb/s total

Connection Times (ms)
              min  mean[+/-sd] median   max
Connect:        0   16  31.1      0      82
Processing:    12   92  39.5     99     203
Waiting:       12   92  39.6     99     203
Total:         12  109  33.8    100     203

Percentage of the requests served within a certain time (ms)
  50%    100
  66%    104
  75%    108
  80%    109
  90%    180
  95%    185
  98%    190
  99%    196
 100%    203 (longest request)
