100000 100000
1381110
Added process 1381110 to cgroup experiments with a quota of 100000 out of 100000.
pid 1381110's current affinity list: 0-7
pid 1381110's new affinity list: 0
Pinned process 1381110 to core 0.
100000 100000
1381321
Added process 1381321 to cgroup experiments with a quota of 100000 out of 100000.
pid 1381321's current affinity list: 0-7
pid 1381321's new affinity list: 0
Pinned process 1381321 to core 0.
100000 100000
1381548
Added process 1381548 to cgroup experiments with a quota of 100000 out of 100000.
pid 1381548's current affinity list: 0-7
pid 1381548's new affinity list: 0
Pinned process 1381548 to core 0.
100000 100000
1381767
Added process 1381767 to cgroup experiments with a quota of 100000 out of 100000.
pid 1381767's current affinity list: 0-7
pid 1381767's new affinity list: 0
Pinned process 1381767 to core 0.
100000 100000
1381976
Added process 1381976 to cgroup experiments with a quota of 100000 out of 100000.
pid 1381976's current affinity list: 0-7
pid 1381976's new affinity list: 0
Pinned process 1381976 to core 0.
