This is ApacheBench, Version 2.3 <$Revision: 1879490 $>
Copyright 1996 Adam Twiss, Zeus Technology Ltd, http://www.zeustech.net/
Licensed to The Apache Software Foundation, http://www.apache.org/

Benchmarking 127.0.0.1 (be patient)
Completed 100 requests
Completed 200 requests
Finished 256 requests


Server Software:        
Server Hostname:        127.0.0.1
Server Port:            8081

Document Path:          /
Document Length:        56 bytes

Concurrency Level:      1
Time taken for tests:   0.727 seconds
Complete requests:      256
Failed requests:        254
   (Connect: 0, Receive: 0, Length: 254, Exceptions: 0)
Total transferred:      38365 bytes
Total body sent:        61184
HTML transferred:       14045 bytes
Requests per second:    352.14 [#/sec] (mean)
Time per request:       2.840 [ms] (mean)
Time per request:       2.840 [ms] (mean, across all concurrent requests)
Transfer rate:          51.54 [Kbytes/sec] received
                        82.19 kb/s sent
                        133.72 kb/s total

Connection Times (ms)
              min  mean[+/-sd] median   max
Connect:        0    0   0.0      0       0
Processing:     1    3   5.5      3      90
Waiting:        1    3   5.5      2      89
Total:          1    3   5.5      3      90

Percentage of the requests served within a certain time (ms)
  50%      3
  66%      3
  75%      3
  80%      3
  90%      3
  95%      3
  98%      3
  99%      3
 100%     90 (longest request)
