This is ApacheBench, Version 2.3 <$Revision: 1879490 $>
Copyright 1996 Adam Twiss, Zeus Technology Ltd, http://www.zeustech.net/
Licensed to The Apache Software Foundation, http://www.apache.org/

Benchmarking 172.172.0.2 (be patient).....done


Server Software:        
Server Hostname:        172.172.0.2
Server Port:            8080

Document Path:          /
Document Length:        86 bytes

Concurrency Level:      4
Time taken for tests:   20.674 seconds
Complete requests:      40
Failed requests:        39
   (Connect: 0, Receive: 0, Length: 39, Exceptions: 0)
Total transferred:      7178 bytes
Total body sent:        9320
HTML transferred:       3378 bytes
Requests per second:    1.93 [#/sec] (mean)
Time per request:       2067.381 [ms] (mean)
Time per request:       516.845 [ms] (mean, across all concurrent requests)
Transfer rate:          0.34 [Kbytes/sec] received
                        0.44 kb/s sent
                        0.78 kb/s total

Connection Times (ms)
              min  mean[+/-sd] median   max
Connect:        0    0   0.1      0       1
Processing:    43 1412 4264.5     55   15980
Waiting:       43 1412 4264.5     55   15980
Total:         43 1412 4264.5     55   15980

Percentage of the requests served within a certain time (ms)
  50%     55
  66%     85
  75%    137
  80%    161
  90%   4694
  95%  15973
  98%  15980
  99%  15980
 100%  15980 (longest request)
