This is ApacheBench, Version 2.3 <$Revision: 1879490 $>
Copyright 1996 Adam Twiss, Zeus Technology Ltd, http://www.zeustech.net/
Licensed to The Apache Software Foundation, http://www.apache.org/

Benchmarking 172.18.0.2 (be patient).....done


Server Software:        
Server Hostname:        172.18.0.2
Server Port:            8080

Document Path:          /
Document Length:        71 bytes

Concurrency Level:      1
Time taken for tests:   4.133 seconds
Complete requests:      25
Failed requests:        0
Total transferred:      4150 bytes
Total body sent:        9925
HTML transferred:       1775 bytes
Requests per second:    6.05 [#/sec] (mean)
Time per request:       165.332 [ms] (mean)
Time per request:       165.332 [ms] (mean, across all concurrent requests)
Transfer rate:          0.98 [Kbytes/sec] received
                        2.34 kb/s sent
                        3.33 kb/s total

Connection Times (ms)
              min  mean[+/-sd] median   max
Connect:        0    0   0.1      0       1
Processing:   161  165   4.2    164     183
Waiting:      161  165   4.2    164     183
Total:        161  165   4.2    164     183

Percentage of the requests served within a certain time (ms)
  50%    164
  66%    166
  75%    167
  80%    167
  90%    168
  95%    169
  98%    183
  99%    183
 100%    183 (longest request)
