This is ApacheBench, Version 2.3 <$Revision: 1879490 $>
Copyright 1996 Adam Twiss, Zeus Technology Ltd, http://www.zeustech.net/
Licensed to The Apache Software Foundation, http://www.apache.org/

Benchmarking 192.168.4.33 (be patient)
Completed 102 requests
Completed 204 requests
Completed 306 requests
Completed 408 requests
Completed 510 requests
Completed 612 requests
Completed 714 requests
Completed 816 requests
Completed 918 requests
Completed 1020 requests
Finished 1024 requests


Server Software:        
Server Hostname:        192.168.4.33
Server Port:            8080

Document Path:          /
Document Length:        191 bytes

Concurrency Level:      4
Time taken for tests:   11.766 seconds
Complete requests:      1024
Failed requests:        984
   (Connect: 0, Receive: 0, Length: 984, Exceptions: 0)
Total transferred:      292091 bytes
Total body sent:        242688
HTML transferred:       193787 bytes
Requests per second:    87.03 [#/sec] (mean)
Time per request:       45.960 [ms] (mean)
Time per request:       11.490 [ms] (mean, across all concurrent requests)
Transfer rate:          24.24 [Kbytes/sec] received
                        20.14 kb/s sent
                        44.39 kb/s total

Connection Times (ms)
              min  mean[+/-sd] median   max
Connect:        0    0   0.4      0       9
Processing:    12   45  33.9     43     688
Waiting:       12   45  33.9     43     688
Total:         12   45  33.9     43     688

Percentage of the requests served within a certain time (ms)
  50%     43
  66%     48
  75%     52
  80%     54
  90%     61
  95%     68
  98%     77
  99%     83
 100%    688 (longest request)
This is ApacheBench, Version 2.3 <$Revision: 1879490 $>
Copyright 1996 Adam Twiss, Zeus Technology Ltd, http://www.zeustech.net/
Licensed to The Apache Software Foundation, http://www.apache.org/

Benchmarking 192.168.4.33 (be patient)
Completed 102 requests
Completed 204 requests
Completed 306 requests
Completed 408 requests
Completed 510 requests
Completed 612 requests
Completed 714 requests
Completed 816 requests
Completed 918 requests
Completed 1020 requests
Finished 1024 requests


Server Software:        
Server Hostname:        192.168.4.33
Server Port:            8080

Document Path:          /
Document Length:        189 bytes

Concurrency Level:      4
Time taken for tests:   11.284 seconds
Complete requests:      1024
Failed requests:        421
   (Connect: 0, Receive: 0, Length: 421, Exceptions: 0)
Total transferred:      292112 bytes
Total body sent:        242688
HTML transferred:       193808 bytes
Requests per second:    90.75 [#/sec] (mean)
Time per request:       44.077 [ms] (mean)
Time per request:       11.019 [ms] (mean, across all concurrent requests)
Transfer rate:          25.28 [Kbytes/sec] received
                        21.00 kb/s sent
                        46.28 kb/s total

Connection Times (ms)
              min  mean[+/-sd] median   max
Connect:        0    0   0.3      0       9
Processing:    11   44  16.4     42     107
Waiting:       11   44  16.4     42     107
Total:         11   44  16.4     43     107

Percentage of the requests served within a certain time (ms)
  50%     43
  66%     49
  75%     54
  80%     56
  90%     66
  95%     74
  98%     82
  99%     87
 100%    107 (longest request)
This is ApacheBench, Version 2.3 <$Revision: 1879490 $>
Copyright 1996 Adam Twiss, Zeus Technology Ltd, http://www.zeustech.net/
Licensed to The Apache Software Foundation, http://www.apache.org/

Benchmarking 192.168.4.33 (be patient)
Completed 102 requests
Completed 204 requests
Completed 306 requests
Completed 408 requests
Completed 510 requests
Completed 612 requests
Completed 714 requests
Completed 816 requests
Completed 918 requests
Completed 1020 requests
Finished 1024 requests


Server Software:        
Server Hostname:        192.168.4.33
Server Port:            8080

Document Path:          /
Document Length:        188 bytes

Concurrency Level:      4
Time taken for tests:   13.098 seconds
Complete requests:      1024
Failed requests:        974
   (Connect: 0, Receive: 0, Length: 974, Exceptions: 0)
Total transferred:      292163 bytes
Total body sent:        242688
HTML transferred:       193859 bytes
Requests per second:    78.18 [#/sec] (mean)
Time per request:       51.163 [ms] (mean)
Time per request:       12.791 [ms] (mean, across all concurrent requests)
Transfer rate:          21.78 [Kbytes/sec] received
                        18.09 kb/s sent
                        39.88 kb/s total

Connection Times (ms)
              min  mean[+/-sd] median   max
Connect:        0    0   0.2      0       4
Processing:    12   51  18.6     50     132
Waiting:       12   51  18.6     50     132
Total:         12   51  18.6     51     132

Percentage of the requests served within a certain time (ms)
  50%     51
  66%     58
  75%     63
  80%     66
  90%     74
  95%     81
  98%     93
  99%    104
 100%    132 (longest request)
