This is ApacheBench, Version 2.3 <$Revision: 1879490 $>
Copyright 1996 Adam Twiss, Zeus Technology Ltd, http://www.zeustech.net/
Licensed to The Apache Software Foundation, http://www.apache.org/

Benchmarking 172.18.0.2 (be patient).....done


Server Software:        
Server Hostname:        172.18.0.2
Server Port:            8080

Document Path:          /
Document Length:        71 bytes

Concurrency Level:      1
Time taken for tests:   4.788 seconds
Complete requests:      25
Failed requests:        0
Total transferred:      4150 bytes
Total body sent:        9925
HTML transferred:       1775 bytes
Requests per second:    5.22 [#/sec] (mean)
Time per request:       191.534 [ms] (mean)
Time per request:       191.534 [ms] (mean, across all concurrent requests)
Transfer rate:          0.85 [Kbytes/sec] received
                        2.02 kb/s sent
                        2.87 kb/s total

Connection Times (ms)
              min  mean[+/-sd] median   max
Connect:        0    0   0.1      0       0
Processing:   158  191 138.2    163     854
Waiting:      158  191 138.2    163     854
Total:        158  192 138.2    163     855

Percentage of the requests served within a certain time (ms)
  50%    163
  66%    164
  75%    166
  80%    169
  90%    172
  95%    178
  98%    855
  99%    855
 100%    855 (longest request)
