This is ApacheBench, Version 2.3 <$Revision: 1879490 $>
Copyright 1996 Adam Twiss, Zeus Technology Ltd, http://www.zeustech.net/
Licensed to The Apache Software Foundation, http://www.apache.org/

Benchmarking 192.168.31.28 (be patient)
Completed 204 requests
Completed 408 requests
Completed 612 requests
Completed 816 requests
Completed 1020 requests
Completed 1224 requests
Completed 1428 requests
Completed 1632 requests
Completed 1836 requests
Completed 2040 requests
Finished 2048 requests


Server Software:        
Server Hostname:        192.168.31.28
Server Port:            8080

Document Path:          /
Document Length:        107 bytes

Concurrency Level:      8
Time taken for tests:   0.659 seconds
Complete requests:      2048
Failed requests:        1989
   (Connect: 0, Receive: 0, Length: 1989, Exceptions: 0)
Total transferred:      413759 bytes
Total body sent:        376832
HTML transferred:       217151 bytes
Requests per second:    3108.81 [#/sec] (mean)
Time per request:       2.573 [ms] (mean)
Time per request:       0.322 [ms] (mean, across all concurrent requests)
Transfer rate:          613.35 [Kbytes/sec] received
                        558.61 kb/s sent
                        1171.97 kb/s total

Connection Times (ms)
              min  mean[+/-sd] median   max
Connect:        0    0   0.1      0       1
Processing:     0    2   2.7      1      23
Waiting:        0    2   2.6      1      23
Total:          0    3   2.7      2      23

Percentage of the requests served within a certain time (ms)
  50%      2
  66%      2
  75%      3
  80%      3
  90%      5
  95%      5
  98%     16
  99%     19
 100%     23 (longest request)
This is ApacheBench, Version 2.3 <$Revision: 1879490 $>
Copyright 1996 Adam Twiss, Zeus Technology Ltd, http://www.zeustech.net/
Licensed to The Apache Software Foundation, http://www.apache.org/

Benchmarking 192.168.31.28 (be patient)
Completed 204 requests
Completed 408 requests
Completed 612 requests
Completed 816 requests
Completed 1020 requests
Completed 1224 requests
Completed 1428 requests
Completed 1632 requests
Completed 1836 requests
Completed 2040 requests
Finished 2048 requests


Server Software:        
Server Hostname:        192.168.31.28
Server Port:            8080

Document Path:          /
Document Length:        106 bytes

Concurrency Level:      8
Time taken for tests:   0.623 seconds
Complete requests:      2048
Failed requests:        39
   (Connect: 0, Receive: 0, Length: 39, Exceptions: 0)
Total transferred:      413735 bytes
Total body sent:        376832
HTML transferred:       217127 bytes
Requests per second:    3289.26 [#/sec] (mean)
Time per request:       2.432 [ms] (mean)
Time per request:       0.304 [ms] (mean, across all concurrent requests)
Transfer rate:          648.92 [Kbytes/sec] received
                        591.04 kb/s sent
                        1239.96 kb/s total

Connection Times (ms)
              min  mean[+/-sd] median   max
Connect:        0    0   0.8      0      20
Processing:     1    2   2.8      1      22
Waiting:        0    2   2.8      1      21
Total:          1    2   2.9      1      22

Percentage of the requests served within a certain time (ms)
  50%      1
  66%      1
  75%      2
  80%      3
  90%      5
  95%      5
  98%     17
  99%     20
 100%     22 (longest request)
This is ApacheBench, Version 2.3 <$Revision: 1879490 $>
Copyright 1996 Adam Twiss, Zeus Technology Ltd, http://www.zeustech.net/
Licensed to The Apache Software Foundation, http://www.apache.org/

Benchmarking 192.168.31.28 (be patient)
Completed 204 requests
Completed 408 requests
Completed 612 requests
Completed 816 requests
Completed 1020 requests
Completed 1224 requests
Completed 1428 requests
Completed 1632 requests
Completed 1836 requests
Completed 2040 requests
Finished 2048 requests


Server Software:        
Server Hostname:        192.168.31.28
Server Port:            8080

Document Path:          /
Document Length:        106 bytes

Concurrency Level:      8
Time taken for tests:   0.668 seconds
Complete requests:      2048
Failed requests:        79
   (Connect: 0, Receive: 0, Length: 79, Exceptions: 0)
Total transferred:      413777 bytes
Total body sent:        376832
HTML transferred:       217169 bytes
Requests per second:    3065.12 [#/sec] (mean)
Time per request:       2.610 [ms] (mean)
Time per request:       0.326 [ms] (mean, across all concurrent requests)
Transfer rate:          604.76 [Kbytes/sec] received
                        550.76 kb/s sent
                        1155.53 kb/s total

Connection Times (ms)
              min  mean[+/-sd] median   max
Connect:        0    0   0.4      0      16
Processing:     1    3   3.1      2      24
Waiting:        0    2   3.0      1      24
Total:          1    3   3.1      2      24

Percentage of the requests served within a certain time (ms)
  50%      2
  66%      2
  75%      3
  80%      3
  90%      5
  95%      5
  98%     19
  99%     20
 100%     24 (longest request)
