This is ApacheBench, Version 2.3 <$Revision: 1879490 $>
Copyright 1996 Adam Twiss, Zeus Technology Ltd, http://www.zeustech.net/
Licensed to The Apache Software Foundation, http://www.apache.org/

Benchmarking 172.18.0.2 (be patient).....done


Server Software:        
Server Hostname:        172.18.0.2
Server Port:            8080

Document Path:          /
Document Length:        139 bytes

Concurrency Level:      2
Time taken for tests:   0.878 seconds
Complete requests:      100
Failed requests:        57
   (Connect: 0, Receive: 0, Length: 57, Exceptions: 0)
Total transferred:      23630 bytes
Total body sent:        20000
HTML transferred:       14030 bytes
Requests per second:    113.89 [#/sec] (mean)
Time per request:       17.561 [ms] (mean)
Time per request:       8.780 [ms] (mean, across all concurrent requests)
Transfer rate:          26.28 [Kbytes/sec] received
                        22.24 kb/s sent
                        48.53 kb/s total

Connection Times (ms)
              min  mean[+/-sd] median   max
Connect:        0    0   0.0      0       0
Processing:     2   17  48.7      8     472
Waiting:        2   17  48.7      8     472
Total:          2   17  48.7      8     472

Percentage of the requests served within a certain time (ms)
  50%      8
  66%     12
  75%     12
  80%     13
  90%     19
  95%     75
  98%     86
  99%    472
 100%    472 (longest request)
