This is ApacheBench, Version 2.3 <$Revision: 1879490 $>
Copyright 1996 Adam Twiss, Zeus Technology Ltd, http://www.zeustech.net/
Licensed to The Apache Software Foundation, http://www.apache.org/

Benchmarking 172.18.0.2 (be patient).....done


Server Software:        
Server Hostname:        172.18.0.2
Server Port:            8080

Document Path:          /
Document Length:        113 bytes

Concurrency Level:      1
Time taken for tests:   0.896 seconds
Complete requests:      2
Failed requests:        0
Total transferred:      418 bytes
Total body sent:        584
HTML transferred:       226 bytes
Requests per second:    2.23 [#/sec] (mean)
Time per request:       447.779 [ms] (mean)
Time per request:       447.779 [ms] (mean, across all concurrent requests)
Transfer rate:          0.46 [Kbytes/sec] received
                        0.64 kb/s sent
                        1.09 kb/s total

Connection Times (ms)
              min  mean[+/-sd] median   max
Connect:        0    0   0.2      0       0
Processing:   392  447  78.5    503     503
Waiting:      392  447  78.5    503     503
Total:        392  448  78.3    503     503

Percentage of the requests served within a certain time (ms)
  50%    503
  66%    503
  75%    503
  80%    503
  90%    503
  95%    503
  98%    503
  99%    503
 100%    503 (longest request)
