This is ApacheBench, Version 2.3 <$Revision: 1879490 $>
Copyright 1996 Adam Twiss, Zeus Technology Ltd, http://www.zeustech.net/
Licensed to The Apache Software Foundation, http://www.apache.org/

Benchmarking 172.18.0.2 (be patient).....done


Server Software:        
Server Hostname:        172.18.0.2
Server Port:            8080

Document Path:          /
Document Length:        113 bytes

Concurrency Level:      1
Time taken for tests:   0.413 seconds
Complete requests:      2
Failed requests:        0
Total transferred:      418 bytes
Total body sent:        584
HTML transferred:       226 bytes
Requests per second:    4.84 [#/sec] (mean)
Time per request:       206.713 [ms] (mean)
Time per request:       206.713 [ms] (mean, across all concurrent requests)
Transfer rate:          0.99 [Kbytes/sec] received
                        1.38 kb/s sent
                        2.37 kb/s total

Connection Times (ms)
              min  mean[+/-sd] median   max
Connect:        0    0   0.1      0       0
Processing:   202  206   6.4    211     211
Waiting:      202  206   6.4    211     211
Total:        202  207   6.3    211     211

Percentage of the requests served within a certain time (ms)
  50%    211
  66%    211
  75%    211
  80%    211
  90%    211
  95%    211
  98%    211
  99%    211
 100%    211 (longest request)
