time="2023-03-27T16:04:46-04:00" level=info msg="Called startVMM(), setting up a VMM on /tmp/testtap.socket"
time="2023-03-27T16:04:46-04:00" level=info msg="VMM logging disabled."
time="2023-03-27T16:04:46-04:00" level=info msg="VMM metrics disabled."
time="2023-03-27T16:04:46-04:00" level=info msg="refreshMachineConfiguration: [GET /machine-config][200] getMachineConfigurationOK  &{CPUTemplate:Uninitialized HtEnabled:0xc0005124b4 MemSizeMib:0xc0005124a8 VcpuCount:0xc0005124a0}"
time="2023-03-27T16:04:46-04:00" level=info msg="PutGuestBootSource: [PUT /boot-source][204] putGuestBootSourceNoContent "
time="2023-03-27T16:04:46-04:00" level=info msg="Attaching drive /tmp/test-proxy/polyglot-proxy.img, slot 1, root true."
time="2023-03-27T16:04:46-04:00" level=info msg="Attached drive /tmp/test-proxy/polyglot-proxy.img: [PUT /drives/{drive_id}][204] putGuestDriveByIdNoContent "
time="2023-03-27T16:04:46-04:00" level=info msg="Attaching NIC testtap (hwaddr DE:AD:BE:EF:D8:3C) at index 1"
2023-03-27T16:04:46.088111787 [anonymous-instance:main:WARN:src/vmm/src/builder.rs:599] Could not add serial input event to epoll: Error during epoll call: Operation not permitted (os error 1)
time="2023-03-27T16:04:46-04:00" level=info msg="startInstance successful: [PUT /actions][204] createSyncActionNoContent "
[    0.012000] dmi: Firmware registration failed.
[    0.037262] zswap: default zpool zbud not available
[    0.037610] zswap: pool creation failed
Graalvisor boot time: 173 ms.
Graalvisor listening on port 8080.
Warning: graalvisor compiled with no truffle language support.
Waiting for 192.168.31.28:8080
Function uploader registered with context sandboxing in 723 ms
[thread 41] New context sandbox 139591971504128 in 30 us
[thread 40] Creating context org.graalvm.polyglot.Context@3a160ec6
[thread 44] New context sandbox 139591971504128 in 8 us
[thread 53] Creating context org.graalvm.polyglot.Context@126451d6
[thread 45] New context sandbox 139591971504128 in 4 us
[thread 57] Creating context org.graalvm.polyglot.Context@270eb977
[thread 46] New context sandbox 139591971504128 in 10 us
[thread 61] Creating context org.graalvm.polyglot.Context@5da70563
[thread 47] New context sandbox 139591971504128 in 2185 us
[thread 74] Creating context org.graalvm.polyglot.Context@35f10535
time="2023-03-27T16:05:02-04:00" level=warning msg="firecracker exited: signal: terminated"
time="2023-03-27T16:05:02-04:00" level=fatal msg="Wait returned an error 1 error occurred:\n\t* signal: terminated\n\n"
