This is ApacheBench, Version 2.3 <$Revision: 1879490 $>
Copyright 1996 Adam Twiss, Zeus Technology Ltd, http://www.zeustech.net/
Licensed to The Apache Software Foundation, http://www.apache.org/

Benchmarking 172.18.0.2 (be patient).....done


Server Software:        
Server Hostname:        172.18.0.2
Server Port:            8080

Document Path:          /
Document Length:        95 bytes

Concurrency Level:      2
Time taken for tests:   3.843 seconds
Complete requests:      4
Failed requests:        1
   (Connect: 0, Receive: 0, Length: 1, Exceptions: 0)
Total transferred:      759 bytes
Total body sent:        1168
HTML transferred:       379 bytes
Requests per second:    1.04 [#/sec] (mean)
Time per request:       1921.738 [ms] (mean)
Time per request:       960.869 [ms] (mean, across all concurrent requests)
Transfer rate:          0.19 [Kbytes/sec] received
                        0.30 kb/s sent
                        0.49 kb/s total

Connection Times (ms)
              min  mean[+/-sd] median   max
Connect:        0    0   0.1      0       0
Processing:   773 1419 460.7   1640    1832
Waiting:      773 1419 460.7   1640    1832
Total:        773 1419 460.8   1640    1832

Percentage of the requests served within a certain time (ms)
  50%   1640
  66%   1640
  75%   1832
  80%   1832
  90%   1832
  95%   1832
  98%   1832
  99%   1832
 100%   1832 (longest request)
