time="2023-04-08T10:30:41-04:00" level=info msg="Called startVMM(), setting up a VMM on /tmp/testtap.socket"
time="2023-04-08T10:30:41-04:00" level=info msg="VMM logging disabled."
time="2023-04-08T10:30:41-04:00" level=info msg="VMM metrics disabled."
time="2023-04-08T10:30:41-04:00" level=info msg="refreshMachineConfiguration: [GET /machine-config][200] getMachineConfigurationOK  &{CPUTemplate:Uninitialized HtEnabled:0xc0003ef2b4 MemSizeMib:0xc0003ef2a8 VcpuCount:0xc0003ef2a0}"
time="2023-04-08T10:30:41-04:00" level=info msg="PutGuestBootSource: [PUT /boot-source][204] putGuestBootSourceNoContent "
time="2023-04-08T10:30:41-04:00" level=info msg="Attaching drive /tmp/test-proxy/polyglot-proxy.img, slot 1, root true."
time="2023-04-08T10:30:41-04:00" level=info msg="Attached drive /tmp/test-proxy/polyglot-proxy.img: [PUT /drives/{drive_id}][204] putGuestDriveByIdNoContent "
time="2023-04-08T10:30:41-04:00" level=info msg="Attaching NIC testtap (hwaddr DE:AD:BE:EF:97:AF) at index 1"
2023-04-08T10:30:41.528807776 [anonymous-instance:main:WARN:src/vmm/src/builder.rs:599] Could not add serial input event to epoll: Error during epoll call: Operation not permitted (os error 1)
time="2023-04-08T10:30:41-04:00" level=info msg="startInstance successful: [PUT /actions][204] createSyncActionNoContent "
[    0.012000] dmi: Firmware registration failed.
[    0.040216] zswap: default zpool zbud not available
[    0.040460] zswap: pool creation failed
Graalvisor boot time: 171 ms.
Graalvisor listening on port 8080.
Warning: graalvisor compiled with no truffle language support.
Function videoprocessing registered with process sandboxing in 694 ms
[thread 1] Creating context org.graalvm.polyglot.Context@4a5b6ab8
[thread 41] New process sandbox 473 in 544 us
[thread 1] Creating context org.graalvm.polyglot.Context@61d20dd9
[thread 44] New process sandbox 489 in 504 us
[thread 1] Creating context org.graalvm.polyglot.Context@4835dde6
time="2023-04-08T10:31:08-04:00" level=warning msg="firecracker exited: signal: terminated"
time="2023-04-08T10:31:08-04:00" level=fatal msg="Wait returned an error 1 error occurred:\n\t* signal: terminated\n\n"
