12500 100000
1493317
Added process 1493317 to cgroup experiments with a quota of 12500 out of 100000.
pid 1493317's current affinity list: 0-7
pid 1493317's new affinity list: 0
Pinned process 1493317 to core 0.
12500 100000
1494758
Added process 1494758 to cgroup experiments with a quota of 12500 out of 100000.
pid 1494758's current affinity list: 0-7
pid 1494758's new affinity list: 0
Pinned process 1494758 to core 0.
12500 100000
1496218
Added process 1496218 to cgroup experiments with a quota of 12500 out of 100000.
pid 1496218's current affinity list: 0-7
pid 1496218's new affinity list: 0
Pinned process 1496218 to core 0.
12500 100000
1497635
Added process 1497635 to cgroup experiments with a quota of 12500 out of 100000.
pid 1497635's current affinity list: 0-7
pid 1497635's new affinity list: 0
Pinned process 1497635 to core 0.
