This is ApacheBench, Version 2.3 <$Revision: 1879490 $>
Copyright 1996 Adam Twiss, Zeus Technology Ltd, http://www.zeustech.net/
Licensed to The Apache Software Foundation, http://www.apache.org/

Benchmarking 172.18.0.2 (be patient)
Completed 1000 requests
Completed 2000 requests
Completed 3000 requests
Completed 4000 requests
Completed 5000 requests
Completed 6000 requests
Completed 7000 requests
Completed 8000 requests
Completed 9000 requests
Completed 10000 requests
Finished 10000 requests


Server Software:        
Server Hostname:        172.18.0.2
Server Port:            8080

Document Path:          /
Document Length:        93 bytes

Concurrency Level:      1
Time taken for tests:   8.945 seconds
Complete requests:      10000
Failed requests:        9258
   (Connect: 0, Receive: 0, Length: 9258, Exceptions: 0)
Total transferred:      1870760 bytes
Total body sent:        2030000
HTML transferred:       920760 bytes
Requests per second:    1117.91 [#/sec] (mean)
Time per request:       0.895 [ms] (mean)
Time per request:       0.895 [ms] (mean, across all concurrent requests)
Transfer rate:          204.23 [Kbytes/sec] received
                        221.62 kb/s sent
                        425.85 kb/s total

Connection Times (ms)
              min  mean[+/-sd] median   max
Connect:        0    0   1.2      0      28
Processing:     0    1   1.8      1      28
Waiting:        0    0   1.4      0      27
Total:          0    1   2.2      1      29

Percentage of the requests served within a certain time (ms)
  50%      1
  66%      1
  75%      1
  80%      1
  90%      1
  95%      1
  98%      1
  99%      2
 100%     29 (longest request)
This is ApacheBench, Version 2.3 <$Revision: 1879490 $>
Copyright 1996 Adam Twiss, Zeus Technology Ltd, http://www.zeustech.net/
Licensed to The Apache Software Foundation, http://www.apache.org/

Benchmarking 172.18.0.2 (be patient)
Completed 1000 requests
Completed 2000 requests
Completed 3000 requests
Completed 4000 requests
Completed 5000 requests
Completed 6000 requests
Completed 7000 requests
Completed 8000 requests
Completed 9000 requests
Completed 10000 requests
Finished 10000 requests


Server Software:        
Server Hostname:        172.18.0.2
Server Port:            8080

Document Path:          /
Document Length:        93 bytes

Concurrency Level:      1
Time taken for tests:   8.978 seconds
Complete requests:      10000
Failed requests:        9323
   (Connect: 0, Receive: 0, Length: 9323, Exceptions: 0)
Total transferred:      1870677 bytes
Total body sent:        2030000
HTML transferred:       920677 bytes
Requests per second:    1113.86 [#/sec] (mean)
Time per request:       0.898 [ms] (mean)
Time per request:       0.898 [ms] (mean, across all concurrent requests)
Transfer rate:          203.48 [Kbytes/sec] received
                        220.81 kb/s sent
                        424.30 kb/s total

Connection Times (ms)
              min  mean[+/-sd] median   max
Connect:        0    0   1.2      0      27
Processing:     0    1   1.9      1      27
Waiting:        0    0   1.4      0      27
Total:          0    1   2.2      1      28

Percentage of the requests served within a certain time (ms)
  50%      1
  66%      1
  75%      1
  80%      1
  90%      1
  95%      1
  98%      1
  99%      4
 100%     28 (longest request)
This is ApacheBench, Version 2.3 <$Revision: 1879490 $>
Copyright 1996 Adam Twiss, Zeus Technology Ltd, http://www.zeustech.net/
Licensed to The Apache Software Foundation, http://www.apache.org/

Benchmarking 172.18.0.2 (be patient)
Completed 1000 requests
Completed 2000 requests
Completed 3000 requests
Completed 4000 requests
Completed 5000 requests
Completed 6000 requests
Completed 7000 requests
Completed 8000 requests
Completed 9000 requests
Completed 10000 requests
Finished 10000 requests


Server Software:        
Server Hostname:        172.18.0.2
Server Port:            8080

Document Path:          /
Document Length:        93 bytes

Concurrency Level:      1
Time taken for tests:   9.333 seconds
Complete requests:      10000
Failed requests:        8967
   (Connect: 0, Receive: 0, Length: 8967, Exceptions: 0)
Total transferred:      1871051 bytes
Total body sent:        2030000
HTML transferred:       921051 bytes
Requests per second:    1071.48 [#/sec] (mean)
Time per request:       0.933 [ms] (mean)
Time per request:       0.933 [ms] (mean, across all concurrent requests)
Transfer rate:          195.78 [Kbytes/sec] received
                        212.41 kb/s sent
                        408.19 kb/s total

Connection Times (ms)
              min  mean[+/-sd] median   max
Connect:        0    0   1.2      0      28
Processing:     0    1   1.8      1      28
Waiting:        0    0   1.5      0      27
Total:          0    1   2.2      1      29

Percentage of the requests served within a certain time (ms)
  50%      1
  66%      1
  75%      1
  80%      1
  90%      1
  95%      1
  98%      1
  99%      5
 100%     29 (longest request)
This is ApacheBench, Version 2.3 <$Revision: 1879490 $>
Copyright 1996 Adam Twiss, Zeus Technology Ltd, http://www.zeustech.net/
Licensed to The Apache Software Foundation, http://www.apache.org/

Benchmarking 172.18.0.2 (be patient)
Completed 1000 requests
Completed 2000 requests
Completed 3000 requests
Completed 4000 requests
Completed 5000 requests
Completed 6000 requests
Completed 7000 requests
Completed 8000 requests
Completed 9000 requests
apr_pollset_poll: The timeout specified has expired (70007)
Total of 9810 requests completed
This is ApacheBench, Version 2.3 <$Revision: 1879490 $>
Copyright 1996 Adam Twiss, Zeus Technology Ltd, http://www.zeustech.net/
Licensed to The Apache Software Foundation, http://www.apache.org/

Benchmarking 172.18.0.2 (be patient)
apr_pollset_poll: The timeout specified has expired (70007)
