This is ApacheBench, Version 2.3 <$Revision: 1879490 $>
Copyright 1996 Adam Twiss, Zeus Technology Ltd, http://www.zeustech.net/
Licensed to The Apache Software Foundation, http://www.apache.org/

Benchmarking 172.18.0.2 (be patient).....done


Server Software:        
Server Hostname:        172.18.0.2
Server Port:            8080

Document Path:          /
Document Length:        67 bytes

Concurrency Level:      2
Time taken for tests:   18.773 seconds
Complete requests:      4
Failed requests:        0
Total transferred:      648 bytes
Total body sent:        1176
HTML transferred:       268 bytes
Requests per second:    0.21 [#/sec] (mean)
Time per request:       9386.608 [ms] (mean)
Time per request:       4693.304 [ms] (mean, across all concurrent requests)
Transfer rate:          0.03 [Kbytes/sec] received
                        0.06 kb/s sent
                        0.09 kb/s total

Connection Times (ms)
              min  mean[+/-sd] median   max
Connect:        0    0   0.0      0       0
Processing:  4651 7057 2752.8   9427    9455
Waiting:     4651 7057 2752.8   9427    9455
Total:       4651 7057 2752.7   9427    9455

Percentage of the requests served within a certain time (ms)
  50%   9427
  66%   9427
  75%   9455
  80%   9455
  90%   9455
  95%   9455
  98%   9455
  99%   9455
 100%   9455 (longest request)
