time="2023-04-06T16:04:39-04:00" level=info msg="Called startVMM(), setting up a VMM on /tmp/testtap.socket"
time="2023-04-06T16:04:39-04:00" level=info msg="VMM logging disabled."
time="2023-04-06T16:04:39-04:00" level=info msg="VMM metrics disabled."
time="2023-04-06T16:04:39-04:00" level=info msg="refreshMachineConfiguration: [GET /machine-config][200] getMachineConfigurationOK  &{CPUTemplate:Uninitialized HtEnabled:0xc00030e0b4 MemSizeMib:0xc00030e0a8 VcpuCount:0xc00030e0a0}"
time="2023-04-06T16:04:39-04:00" level=info msg="PutGuestBootSource: [PUT /boot-source][204] putGuestBootSourceNoContent "
time="2023-04-06T16:04:39-04:00" level=info msg="Attaching drive /tmp/test-proxy/polyglot-proxy.img, slot 1, root true."
time="2023-04-06T16:04:39-04:00" level=info msg="Attached drive /tmp/test-proxy/polyglot-proxy.img: [PUT /drives/{drive_id}][204] putGuestDriveByIdNoContent "
time="2023-04-06T16:04:39-04:00" level=info msg="Attaching NIC testtap (hwaddr DE:AD:BE:EF:1B:F4) at index 1"
2023-04-06T16:04:39.456770171 [anonymous-instance:main:WARN:src/vmm/src/builder.rs:599] Could not add serial input event to epoll: Error during epoll call: Operation not permitted (os error 1)
time="2023-04-06T16:04:39-04:00" level=info msg="startInstance successful: [PUT /actions][204] createSyncActionNoContent "
[    0.012334] dmi: Firmware registration failed.
[    0.041005] zswap: default zpool zbud not available
[    0.041255] zswap: pool creation failed
Graalvisor boot time: 166 ms.
Graalvisor listening on port 8080.
Warning: graalvisor compiled with no truffle language support.
Function httprequest registered with isolate sandboxing in 41 ms
[thread 40] New isolate sandbox 139777092354048 in 718 us
[thread 48] New isolate sandbox 139742397071360 in 494 us
[thread 49] New isolate sandbox 139708036284416 in 462 us
[thread 50] New isolate sandbox 139673675497472 in 443 us
[thread 51] New isolate sandbox 139639314710528 in 630 us
[thread 53] New isolate sandbox 139604953923584 in 566 us
[thread 54] New isolate sandbox 139570593136640 in 473 us
[thread 55] New isolate sandbox 139536207183872 in 470 us
time="2023-04-06T16:04:46-04:00" level=warning msg="firecracker exited: signal: terminated"
time="2023-04-06T16:04:46-04:00" level=fatal msg="Wait returned an error 1 error occurred:\n\t* signal: terminated\n\n"
