This is ApacheBench, Version 2.3 <$Revision: 1879490 $>
Copyright 1996 Adam Twiss, Zeus Technology Ltd, http://www.zeustech.net/
Licensed to The Apache Software Foundation, http://www.apache.org/

Benchmarking 127.0.0.1 (be patient)
Completed 1000 requests
Completed 2000 requests
Completed 3000 requests
Completed 4000 requests
Completed 5000 requests
Completed 6000 requests
Completed 7000 requests
Completed 8000 requests
Completed 9000 requests
Completed 10000 requests
Finished 10000 requests


Server Software:        
Server Hostname:        127.0.0.1
Server Port:            8080

Document Path:          /
Document Length:        111 bytes

Concurrency Level:      1
Time taken for tests:   0.713 seconds
Complete requests:      10000
Failed requests:        6885
   (Connect: 0, Receive: 0, Length: 6885, Exceptions: 0)
Total transferred:      2063115 bytes
Total body sent:        2020000
HTML transferred:       1103115 bytes
Requests per second:    14021.76 [#/sec] (mean)
Time per request:       0.071 [ms] (mean)
Time per request:       0.071 [ms] (mean, across all concurrent requests)
Transfer rate:          2825.05 [Kbytes/sec] received
                        2766.01 kb/s sent
                        5591.06 kb/s total

Connection Times (ms)
              min  mean[+/-sd] median   max
Connect:        0    0   0.0      0       0
Processing:     0    0   0.0      0       2
Waiting:        0    0   0.0      0       2
Total:          0    0   0.0      0       2

Percentage of the requests served within a certain time (ms)
  50%      0
  66%      0
  75%      0
  80%      0
  90%      0
  95%      0
  98%      0
  99%      0
 100%      2 (longest request)
This is ApacheBench, Version 2.3 <$Revision: 1879490 $>
Copyright 1996 Adam Twiss, Zeus Technology Ltd, http://www.zeustech.net/
Licensed to The Apache Software Foundation, http://www.apache.org/

Benchmarking 127.0.0.1 (be patient)
Completed 1000 requests
Completed 2000 requests
Completed 3000 requests
Completed 4000 requests
Completed 5000 requests
Completed 6000 requests
Completed 7000 requests
Completed 8000 requests
Completed 9000 requests
Completed 10000 requests
Finished 10000 requests


Server Software:        
Server Hostname:        127.0.0.1
Server Port:            8080

Document Path:          /
Document Length:        111 bytes

Concurrency Level:      1
Time taken for tests:   0.734 seconds
Complete requests:      10000
Failed requests:        7630
   (Connect: 0, Receive: 0, Length: 7630, Exceptions: 0)
Total transferred:      2062382 bytes
Total body sent:        2020000
HTML transferred:       1102382 bytes
Requests per second:    13624.18 [#/sec] (mean)
Time per request:       0.073 [ms] (mean)
Time per request:       0.073 [ms] (mean, across all concurrent requests)
Transfer rate:          2743.97 [Kbytes/sec] received
                        2687.58 kb/s sent
                        5431.55 kb/s total

Connection Times (ms)
              min  mean[+/-sd] median   max
Connect:        0    0   0.0      0       0
Processing:     0    0   0.1      0       2
Waiting:        0    0   0.1      0       2
Total:          0    0   0.1      0       2

Percentage of the requests served within a certain time (ms)
  50%      0
  66%      0
  75%      0
  80%      0
  90%      0
  95%      0
  98%      0
  99%      0
 100%      2 (longest request)
This is ApacheBench, Version 2.3 <$Revision: 1879490 $>
Copyright 1996 Adam Twiss, Zeus Technology Ltd, http://www.zeustech.net/
Licensed to The Apache Software Foundation, http://www.apache.org/

Benchmarking 127.0.0.1 (be patient)
Completed 1000 requests
Completed 2000 requests
Completed 3000 requests
Completed 4000 requests
Completed 5000 requests
Completed 6000 requests
Completed 7000 requests
Completed 8000 requests
Completed 9000 requests
Completed 10000 requests
Finished 10000 requests


Server Software:        
Server Hostname:        127.0.0.1
Server Port:            8080

Document Path:          /
Document Length:        111 bytes

Concurrency Level:      1
Time taken for tests:   0.747 seconds
Complete requests:      10000
Failed requests:        7820
   (Connect: 0, Receive: 0, Length: 7820, Exceptions: 0)
Total transferred:      2062187 bytes
Total body sent:        2020000
HTML transferred:       1102187 bytes
Requests per second:    13390.29 [#/sec] (mean)
Time per request:       0.075 [ms] (mean)
Time per request:       0.075 [ms] (mean, across all concurrent requests)
Transfer rate:          2696.61 [Kbytes/sec] received
                        2641.44 kb/s sent
                        5338.05 kb/s total

Connection Times (ms)
              min  mean[+/-sd] median   max
Connect:        0    0   0.0      0       0
Processing:     0    0   0.1      0       4
Waiting:        0    0   0.1      0       4
Total:          0    0   0.1      0       4

Percentage of the requests served within a certain time (ms)
  50%      0
  66%      0
  75%      0
  80%      0
  90%      0
  95%      0
  98%      0
  99%      0
 100%      4 (longest request)
This is ApacheBench, Version 2.3 <$Revision: 1879490 $>
Copyright 1996 Adam Twiss, Zeus Technology Ltd, http://www.zeustech.net/
Licensed to The Apache Software Foundation, http://www.apache.org/

Benchmarking 127.0.0.1 (be patient)
Completed 1000 requests
Completed 2000 requests
Completed 3000 requests
Completed 4000 requests
Completed 5000 requests
Completed 6000 requests
Completed 7000 requests
Completed 8000 requests
Completed 9000 requests
Completed 10000 requests
Finished 10000 requests


Server Software:        
Server Hostname:        127.0.0.1
Server Port:            8080

Document Path:          /
Document Length:        111 bytes

Concurrency Level:      1
Time taken for tests:   0.749 seconds
Complete requests:      10000
Failed requests:        8271
   (Connect: 0, Receive: 0, Length: 8271, Exceptions: 0)
Total transferred:      2061743 bytes
Total body sent:        2020000
HTML transferred:       1101743 bytes
Requests per second:    13347.41 [#/sec] (mean)
Time per request:       0.075 [ms] (mean)
Time per request:       0.075 [ms] (mean, across all concurrent requests)
Transfer rate:          2687.40 [Kbytes/sec] received
                        2632.99 kb/s sent
                        5320.38 kb/s total

Connection Times (ms)
              min  mean[+/-sd] median   max
Connect:        0    0   0.0      0       0
Processing:     0    0   0.1      0       1
Waiting:        0    0   0.1      0       1
Total:          0    0   0.1      0       1

Percentage of the requests served within a certain time (ms)
  50%      0
  66%      0
  75%      0
  80%      0
  90%      0
  95%      0
  98%      0
  99%      0
 100%      1 (longest request)
This is ApacheBench, Version 2.3 <$Revision: 1879490 $>
Copyright 1996 Adam Twiss, Zeus Technology Ltd, http://www.zeustech.net/
Licensed to The Apache Software Foundation, http://www.apache.org/

Benchmarking 127.0.0.1 (be patient)
Completed 1000 requests
Completed 2000 requests
Completed 3000 requests
Completed 4000 requests
Completed 5000 requests
Completed 6000 requests
Completed 7000 requests
Completed 8000 requests
Completed 9000 requests
Completed 10000 requests
Finished 10000 requests


Server Software:        
Server Hostname:        127.0.0.1
Server Port:            8080

Document Path:          /
Document Length:        111 bytes

Concurrency Level:      1
Time taken for tests:   0.764 seconds
Complete requests:      10000
Failed requests:        8184
   (Connect: 0, Receive: 0, Length: 8184, Exceptions: 0)
Total transferred:      2061832 bytes
Total body sent:        2020000
HTML transferred:       1101832 bytes
Requests per second:    13084.19 [#/sec] (mean)
Time per request:       0.076 [ms] (mean)
Time per request:       0.076 [ms] (mean, across all concurrent requests)
Transfer rate:          2634.51 [Kbytes/sec] received
                        2581.06 kb/s sent
                        5215.57 kb/s total

Connection Times (ms)
              min  mean[+/-sd] median   max
Connect:        0    0   0.0      0       0
Processing:     0    0   0.1      0       1
Waiting:        0    0   0.1      0       1
Total:          0    0   0.1      0       1

Percentage of the requests served within a certain time (ms)
  50%      0
  66%      0
  75%      0
  80%      0
  90%      0
  95%      0
  98%      0
  99%      0
 100%      1 (longest request)
