This is ApacheBench, Version 2.3 <$Revision: 1879490 $>
Copyright 1996 Adam Twiss, Zeus Technology Ltd, http://www.zeustech.net/
Licensed to The Apache Software Foundation, http://www.apache.org/

Benchmarking 194.210.229.191 (be patient).....done


Server Software:        
Server Hostname:        194.210.229.191
Server Port:            8080

Document Path:          /run
Document Length:        29 bytes

Concurrency Level:      1
Time taken for tests:   7.301 seconds
Complete requests:      100
Failed requests:        44
   (Connect: 0, Receive: 0, Length: 44, Exceptions: 0)
Total transferred:      23622 bytes
Total body sent:        20700
HTML transferred:       2922 bytes
Requests per second:    13.70 [#/sec] (mean)
Time per request:       73.012 [ms] (mean)
Time per request:       73.012 [ms] (mean, across all concurrent requests)
Transfer rate:          3.16 [Kbytes/sec] received
                        2.77 kb/s sent
                        5.93 kb/s total

Connection Times (ms)
              min  mean[+/-sd] median   max
Connect:        0    3  15.4      0      82
Processing:     1   70  61.8     87     200
Waiting:        1   66  61.1     80     199
Total:          1   73  63.3     89     200

Percentage of the requests served within a certain time (ms)
  50%     89
  66%     97
  75%    102
  80%    106
  90%    183
  95%    193
  98%    198
  99%    200
 100%    200 (longest request)
