This is ApacheBench, Version 2.3 <$Revision: 1879490 $>
Copyright 1996 Adam Twiss, Zeus Technology Ltd, http://www.zeustech.net/
Licensed to The Apache Software Foundation, http://www.apache.org/

Benchmarking 172.18.0.2 (be patient).....done


Server Software:        
Server Hostname:        172.18.0.2
Server Port:            8080

Document Path:          /
Document Length:        95 bytes

Concurrency Level:      2
Time taken for tests:   13.339 seconds
Complete requests:      4
Failed requests:        0
Total transferred:      760 bytes
Total body sent:        1168
HTML transferred:       380 bytes
Requests per second:    0.30 [#/sec] (mean)
Time per request:       6669.333 [ms] (mean)
Time per request:       3334.667 [ms] (mean, across all concurrent requests)
Transfer rate:          0.06 [Kbytes/sec] received
                        0.09 kb/s sent
                        0.14 kb/s total

Connection Times (ms)
              min  mean[+/-sd] median   max
Connect:        0    0   0.0      0       0
Processing:  1436 4130 3167.9   5208    8130
Waiting:     1436 4130 3167.9   5208    8130
Total:       1436 4130 3167.9   5208    8130

Percentage of the requests served within a certain time (ms)
  50%   5208
  66%   5208
  75%   8130
  80%   8130
  90%   8130
  95%   8130
  98%   8130
  99%   8130
 100%   8130 (longest request)
