This is ApacheBench, Version 2.3 <$Revision: 1879490 $>
Copyright 1996 Adam Twiss, Zeus Technology Ltd, http://www.zeustech.net/
Licensed to The Apache Software Foundation, http://www.apache.org/

Benchmarking 194.210.228.85 (be patient).....done


Server Software:        
Server Hostname:        194.210.228.85
Server Port:            8080

Document Path:          /run
Document Length:        27 bytes

Concurrency Level:      1
Time taken for tests:   22.605 seconds
Complete requests:      50
Failed requests:        0
Total transferred:      6100 bytes
Total body sent:        18400
HTML transferred:       1350 bytes
Requests per second:    2.21 [#/sec] (mean)
Time per request:       452.093 [ms] (mean)
Time per request:       452.093 [ms] (mean, across all concurrent requests)
Transfer rate:          0.26 [Kbytes/sec] received
                        0.79 kb/s sent
                        1.06 kb/s total

Connection Times (ms)
              min  mean[+/-sd] median   max
Connect:        0    0   0.1      0       0
Processing:   327  452 358.2    400    2918
Waiting:      327  449 357.8    400    2913
Total:        327  452 358.2    400    2918

Percentage of the requests served within a certain time (ms)
  50%    400
  66%    402
  75%    404
  80%    410
  90%    457
  95%    479
  98%   2918
  99%   2918
 100%   2918 (longest request)
