This is ApacheBench, Version 2.3 <$Revision: 1879490 $>
Copyright 1996 Adam Twiss, Zeus Technology Ltd, http://www.zeustech.net/
Licensed to The Apache Software Foundation, http://www.apache.org/

Benchmarking 172.18.0.2 (be patient)
Completed 102 requests
Completed 204 requests
Completed 306 requests
Completed 408 requests
Completed 510 requests
Completed 612 requests
Completed 714 requests
Completed 816 requests
Completed 918 requests
Completed 1020 requests
Finished 1024 requests


Server Software:        
Server Hostname:        172.18.0.2
Server Port:            8080

Document Path:          /
Document Length:        171 bytes

Concurrency Level:      4
Time taken for tests:   10.129 seconds
Complete requests:      1024
Failed requests:        742
   (Connect: 0, Receive: 0, Length: 742, Exceptions: 0)
Total transferred:      272640 bytes
Total body sent:        240640
HTML transferred:       174336 bytes
Requests per second:    101.10 [#/sec] (mean)
Time per request:       39.566 [ms] (mean)
Time per request:       9.892 [ms] (mean, across all concurrent requests)
Transfer rate:          26.29 [Kbytes/sec] received
                        23.20 kb/s sent
                        49.49 kb/s total

Connection Times (ms)
              min  mean[+/-sd] median   max
Connect:        0    0   0.5      0      10
Processing:    10   39  10.0     39      92
Waiting:       10   39  10.0     39      92
Total:         10   39  10.1     39      92

Percentage of the requests served within a certain time (ms)
  50%     39
  66%     43
  75%     45
  80%     47
  90%     52
  95%     56
  98%     64
  99%     68
 100%     92 (longest request)
