time="2023-04-08T09:58:17-04:00" level=info msg="Called startVMM(), setting up a VMM on /tmp/testtap.socket"
time="2023-04-08T09:58:17-04:00" level=info msg="VMM logging disabled."
time="2023-04-08T09:58:17-04:00" level=info msg="VMM metrics disabled."
time="2023-04-08T09:58:17-04:00" level=info msg="refreshMachineConfiguration: [GET /machine-config][200] getMachineConfigurationOK  &{CPUTemplate:Uninitialized HtEnabled:0xc00046b024 MemSizeMib:0xc00046b008 VcpuCount:0xc00046b000}"
time="2023-04-08T09:58:17-04:00" level=info msg="PutGuestBootSource: [PUT /boot-source][204] putGuestBootSourceNoContent "
time="2023-04-08T09:58:17-04:00" level=info msg="Attaching drive /tmp/test-proxy/polyglot-proxy.img, slot 1, root true."
time="2023-04-08T09:58:17-04:00" level=info msg="Attached drive /tmp/test-proxy/polyglot-proxy.img: [PUT /drives/{drive_id}][204] putGuestDriveByIdNoContent "
time="2023-04-08T09:58:17-04:00" level=info msg="Attaching NIC testtap (hwaddr DE:AD:BE:EF:F5:E2) at index 1"
2023-04-08T09:58:17.054570939 [anonymous-instance:main:WARN:src/vmm/src/builder.rs:599] Could not add serial input event to epoll: Error during epoll call: Operation not permitted (os error 1)
time="2023-04-08T09:58:17-04:00" level=info msg="startInstance successful: [PUT /actions][204] createSyncActionNoContent "
[    0.016352] dmi: Firmware registration failed.
[    0.047530] zswap: default zpool zbud not available
[    0.047847] zswap: pool creation failed
Graalvisor boot time: 172 ms.
Graalvisor listening on port 8080.
Warning: graalvisor compiled with no truffle language support.
Function hw registered with context sandboxing in 337 ms
[thread 41] New context sandbox 140502257106944 in 26 us
[thread 37] Creating context org.graalvm.polyglot.Context@583c4cb0
[thread 49] New context sandbox 140502257106944 in 14 us
[thread 50] New context sandbox 140502257106944 in 11 us
[thread 42] Creating context org.graalvm.polyglot.Context@b2655a0
[thread 51] New context sandbox 140502257106944 in 10 us
[thread 43] Creating context org.graalvm.polyglot.Context@161a1b9b
[thread 52] New context sandbox 140502257106944 in 9 us
[thread 44] Creating context org.graalvm.polyglot.Context@1c987dd0
[thread 41] Creating context org.graalvm.polyglot.Context@d9fe410
[thread 54] New context sandbox 140502257106944 in 12 us
[thread 45] Creating context org.graalvm.polyglot.Context@1a4a9949
[thread 55] New context sandbox 140502257106944 in 11 us
[thread 56] New context sandbox 140502257106944 in 8 us
[thread 46] Creating context org.graalvm.polyglot.Context@55670dd6
[thread 47] Creating context org.graalvm.polyglot.Context@4b9b5fa3
time="2023-04-08T09:58:19-04:00" level=warning msg="firecracker exited: signal: terminated"
time="2023-04-08T09:58:19-04:00" level=fatal msg="Wait returned an error 1 error occurred:\n\t* signal: terminated\n\n"
