time="2023-04-08T09:58:13-04:00" level=info msg="Called startVMM(), setting up a VMM on /tmp/testtap.socket"
time="2023-04-08T09:58:13-04:00" level=info msg="VMM logging disabled."
time="2023-04-08T09:58:13-04:00" level=info msg="VMM metrics disabled."
time="2023-04-08T09:58:13-04:00" level=info msg="refreshMachineConfiguration: [GET /machine-config][200] getMachineConfigurationOK  &{CPUTemplate:Uninitialized HtEnabled:0xc0006eecd4 MemSizeMib:0xc0006eecc8 VcpuCount:0xc0006eecc0}"
time="2023-04-08T09:58:13-04:00" level=info msg="PutGuestBootSource: [PUT /boot-source][204] putGuestBootSourceNoContent "
time="2023-04-08T09:58:13-04:00" level=info msg="Attaching drive /tmp/test-proxy/polyglot-proxy.img, slot 1, root true."
time="2023-04-08T09:58:13-04:00" level=info msg="Attached drive /tmp/test-proxy/polyglot-proxy.img: [PUT /drives/{drive_id}][204] putGuestDriveByIdNoContent "
time="2023-04-08T09:58:13-04:00" level=info msg="Attaching NIC testtap (hwaddr DE:AD:BE:EF:47:05) at index 1"
2023-04-08T09:58:13.021524054 [anonymous-instance:main:WARN:src/vmm/src/builder.rs:599] Could not add serial input event to epoll: Error during epoll call: Operation not permitted (os error 1)
time="2023-04-08T09:58:13-04:00" level=info msg="startInstance successful: [PUT /actions][204] createSyncActionNoContent "
[    0.012345] dmi: Firmware registration failed.
[    0.041309] zswap: default zpool zbud not available
[    0.041576] zswap: pool creation failed
Graalvisor boot time: 168 ms.
Graalvisor listening on port 8080.
Warning: graalvisor compiled with no truffle language support.
Function hw registered with context sandboxing in 348 ms
[thread 42] New context sandbox 140027126349824 in 33 us
[thread 37] Creating context org.graalvm.polyglot.Context@4533f388
[thread 49] New context sandbox 140027126349824 in 12 us
[thread 41] Creating context org.graalvm.polyglot.Context@6d57203b
[thread 50] New context sandbox 140027126349824 in 15 us
[thread 42] Creating context org.graalvm.polyglot.Context@26c52e52
[thread 51] New context sandbox 140027126349824 in 14 us
[thread 43] Creating context org.graalvm.polyglot.Context@170dcc18
[thread 52] New context sandbox 140027126349824 in 10 us
[thread 44] Creating context org.graalvm.polyglot.Context@e6ffd48
[thread 53] New context sandbox 140027126349824 in 9 us
[thread 54] New context sandbox 140027126349824 in 9 us
[thread 45] Creating context org.graalvm.polyglot.Context@125567b8
[thread 55] New context sandbox 140027126349824 in 9 us
[thread 47] Creating context org.graalvm.polyglot.Context@18573e59
[thread 46] Creating context org.graalvm.polyglot.Context@5c4ad37f
time="2023-04-08T09:58:15-04:00" level=warning msg="firecracker exited: signal: terminated"
time="2023-04-08T09:58:15-04:00" level=fatal msg="Wait returned an error 1 error occurred:\n\t* signal: terminated\n\n"
