This is ApacheBench, Version 2.3 <$Revision: 1879490 $>
Copyright 1996 Adam Twiss, Zeus Technology Ltd, http://www.zeustech.net/
Licensed to The Apache Software Foundation, http://www.apache.org/

Benchmarking 172.18.0.2 (be patient)
Completed 100 requests
Completed 200 requests
Finished 256 requests


Server Software:        
Server Hostname:        172.18.0.2
Server Port:            8080

Document Path:          /
Document Length:        92 bytes

Concurrency Level:      1
Time taken for tests:   0.991 seconds
Complete requests:      256
Failed requests:        252
   (Connect: 0, Receive: 0, Length: 252, Exceptions: 0)
Total transferred:      47622 bytes
Total body sent:        46336
HTML transferred:       23302 bytes
Requests per second:    258.39 [#/sec] (mean)
Time per request:       3.870 [ms] (mean)
Time per request:       3.870 [ms] (mean, across all concurrent requests)
Transfer rate:          46.94 [Kbytes/sec] received
                        45.67 kb/s sent
                        92.61 kb/s total

Connection Times (ms)
              min  mean[+/-sd] median   max
Connect:        0    2  15.4      0     192
Processing:     0    2  12.4      0      93
Waiting:        0    1   5.7      0      91
Total:          0    4  19.7      0     193

Percentage of the requests served within a certain time (ms)
  50%      0
  66%      0
  75%      0
  80%      0
  90%      1
  95%      1
  98%     91
  99%     92
 100%    193 (longest request)
