This is ApacheBench, Version 2.3 <$Revision: 1879490 $>
Copyright 1996 Adam Twiss, Zeus Technology Ltd, http://www.zeustech.net/
Licensed to The Apache Software Foundation, http://www.apache.org/

Benchmarking 172.18.0.2 (be patient)
Completed 100 requests
Completed 200 requests
Finished 256 requests


Server Software:        
Server Hostname:        172.18.0.2
Server Port:            8080

Document Path:          /run
Document Length:        890 bytes

Concurrency Level:      1
Time taken for tests:   14.086 seconds
Complete requests:      256
Failed requests:        164
   (Connect: 0, Receive: 0, Length: 164, Exceptions: 0)
Total transferred:      255736 bytes
Total body sent:        61952
HTML transferred:       227832 bytes
Requests per second:    18.17 [#/sec] (mean)
Time per request:       55.024 [ms] (mean)
Time per request:       55.024 [ms] (mean, across all concurrent requests)
Transfer rate:          17.73 [Kbytes/sec] received
                        4.30 kb/s sent
                        22.02 kb/s total

Connection Times (ms)
              min  mean[+/-sd] median   max
Connect:        0    9  26.0      0      94
Processing:     3   46  44.9      6     100
Waiting:        3   46  44.8      6     100
Total:          3   55  46.2     92     189

Percentage of the requests served within a certain time (ms)
  50%     92
  66%     95
  75%     96
  80%     96
  90%     97
  95%     98
  98%     99
  99%    100
 100%    189 (longest request)
