This is ApacheBench, Version 2.3 <$Revision: 1879490 $>
Copyright 1996 Adam Twiss, Zeus Technology Ltd, http://www.zeustech.net/
Licensed to The Apache Software Foundation, http://www.apache.org/

Benchmarking 172.18.0.2 (be patient).....done


Server Software:        
Server Hostname:        172.18.0.2
Server Port:            8080

Document Path:          /
Document Length:        71 bytes

Concurrency Level:      1
Time taken for tests:   4.194 seconds
Complete requests:      25
Failed requests:        0
Total transferred:      4150 bytes
Total body sent:        9925
HTML transferred:       1775 bytes
Requests per second:    5.96 [#/sec] (mean)
Time per request:       167.749 [ms] (mean)
Time per request:       167.749 [ms] (mean, across all concurrent requests)
Transfer rate:          0.97 [Kbytes/sec] received
                        2.31 kb/s sent
                        3.28 kb/s total

Connection Times (ms)
              min  mean[+/-sd] median   max
Connect:        0    0   0.1      0       0
Processing:   152  168   5.8    168     189
Waiting:      152  168   5.8    168     189
Total:        152  168   5.8    168     190

Percentage of the requests served within a certain time (ms)
  50%    168
  66%    168
  75%    169
  80%    169
  90%    170
  95%    171
  98%    190
  99%    190
 100%    190 (longest request)
