time="2023-04-08T10:00:10-04:00" level=info msg="Called startVMM(), setting up a VMM on /tmp/testtap.socket"
time="2023-04-08T10:00:10-04:00" level=info msg="VMM logging disabled."
time="2023-04-08T10:00:10-04:00" level=info msg="VMM metrics disabled."
time="2023-04-08T10:00:10-04:00" level=info msg="refreshMachineConfiguration: [GET /machine-config][200] getMachineConfigurationOK  &{CPUTemplate:Uninitialized HtEnabled:0xc000786434 MemSizeMib:0xc000786428 VcpuCount:0xc000786420}"
time="2023-04-08T10:00:10-04:00" level=info msg="PutGuestBootSource: [PUT /boot-source][204] putGuestBootSourceNoContent "
time="2023-04-08T10:00:10-04:00" level=info msg="Attaching drive /tmp/test-proxy/polyglot-proxy.img, slot 1, root true."
time="2023-04-08T10:00:10-04:00" level=info msg="Attached drive /tmp/test-proxy/polyglot-proxy.img: [PUT /drives/{drive_id}][204] putGuestDriveByIdNoContent "
time="2023-04-08T10:00:10-04:00" level=info msg="Attaching NIC testtap (hwaddr DE:AD:BE:EF:5B:52) at index 1"
2023-04-08T10:00:10.308568484 [anonymous-instance:main:WARN:src/vmm/src/builder.rs:599] Could not add serial input event to epoll: Error during epoll call: Operation not permitted (os error 1)
time="2023-04-08T10:00:10-04:00" level=info msg="startInstance successful: [PUT /actions][204] createSyncActionNoContent "
[    0.012000] dmi: Firmware registration failed.
[    0.040847] zswap: default zpool zbud not available
[    0.041118] zswap: pool creation failed
Graalvisor boot time: 174 ms.
Graalvisor listening on port 8080.
Warning: graalvisor compiled with no truffle language support.
Function thumbnail registered with context sandboxing in 400 ms
[thread 41] New context sandbox 140543634964480 in 26 us
[thread 36] Creating context org.graalvm.polyglot.Context@73b1f1af
Apr 08, 2023 2:00:11 PM com.criteo.vips.Vips loadLibraryFromJar
WARNING: Could not load lib 'libheif.so' via classloader
Apr 08, 2023 2:00:11 PM com.criteo.vips.Vips loadLibraryFromJar
WARNING: Could not load lib 'libspng.so' via classloader
Apr 08, 2023 2:00:11 PM com.criteo.vips.Vips <clinit>
INFO: JVips dependencies have been loaded from jar
Apr 08, 2023 2:00:11 PM com.criteo.vips.Vips <clinit>
INFO: Trying to load JVips
[thread 45] New context sandbox 140543634964480 in 18 us
[thread 41] Creating context org.graalvm.polyglot.Context@26ba246d
[thread 46] New context sandbox 140543634964480 in 11 us
[thread 42] Creating context org.graalvm.polyglot.Context@71883907
[thread 47] New context sandbox 140543634964480 in 6 us
[thread 43] Creating context org.graalvm.polyglot.Context@77236142
time="2023-04-08T10:00:34-04:00" level=warning msg="firecracker exited: signal: terminated"
time="2023-04-08T10:00:34-04:00" level=fatal msg="Wait returned an error 1 error occurred:\n\t* signal: terminated\n\n"
