time="2023-04-06T15:54:07-04:00" level=info msg="Called startVMM(), setting up a VMM on /tmp/testtap.socket"
time="2023-04-06T15:54:07-04:00" level=info msg="VMM logging disabled."
time="2023-04-06T15:54:07-04:00" level=info msg="VMM metrics disabled."
time="2023-04-06T15:54:07-04:00" level=info msg="refreshMachineConfiguration: [GET /machine-config][200] getMachineConfigurationOK  &{CPUTemplate:Uninitialized HtEnabled:0xc000790fc4 MemSizeMib:0xc000790fb8 VcpuCount:0xc000790fb0}"
time="2023-04-06T15:54:07-04:00" level=info msg="PutGuestBootSource: [PUT /boot-source][204] putGuestBootSourceNoContent "
time="2023-04-06T15:54:07-04:00" level=info msg="Attaching drive /tmp/test-proxy/polyglot-proxy.img, slot 1, root true."
time="2023-04-06T15:54:07-04:00" level=info msg="Attached drive /tmp/test-proxy/polyglot-proxy.img: [PUT /drives/{drive_id}][204] putGuestDriveByIdNoContent "
time="2023-04-06T15:54:07-04:00" level=info msg="Attaching NIC testtap (hwaddr DE:AD:BE:EF:B5:5D) at index 1"
2023-04-06T15:54:07.650661714 [anonymous-instance:main:WARN:src/vmm/src/builder.rs:599] Could not add serial input event to epoll: Error during epoll call: Operation not permitted (os error 1)
time="2023-04-06T15:54:07-04:00" level=info msg="startInstance successful: [PUT /actions][204] createSyncActionNoContent "
[    0.012000] dmi: Firmware registration failed.
[    0.040749] zswap: default zpool zbud not available
[    0.041013] zswap: pool creation failed
Graalvisor boot time: 166 ms.
Graalvisor listening on port 8080.
Warning: graalvisor compiled with no truffle language support.
Function filehashing registered with isolate sandboxing in 30 ms
[thread 40] New isolate sandbox 140522873159680 in 740 us
[thread 49] New isolate sandbox 140488244985856 in 478 us
[thread 53] New isolate sandbox 140453875810304 in 478 us
[thread 50] New isolate sandbox 140419506634752 in 669 us
[thread 51] New isolate sandbox 140385137459200 in 645 us
[thread 54] New isolate sandbox 140350768283648 in 418 us
[thread 48] New isolate sandbox 140316399108096 in 460 us
[thread 55] New isolate sandbox 140282029932544 in 433 us
time="2023-04-06T15:54:16-04:00" level=warning msg="firecracker exited: signal: terminated"
time="2023-04-06T15:54:16-04:00" level=fatal msg="Wait returned an error 1 error occurred:\n\t* signal: terminated\n\n"
