This is ApacheBench, Version 2.3 <$Revision: 1879490 $>
Copyright 1996 Adam Twiss, Zeus Technology Ltd, http://www.zeustech.net/
Licensed to The Apache Software Foundation, http://www.apache.org/

Benchmarking 172.18.0.2 (be patient)
Completed 100 requests
Completed 200 requests
Finished 256 requests


Server Software:        
Server Hostname:        172.18.0.2
Server Port:            8080

Document Path:          /
Document Length:        88 bytes

Concurrency Level:      1
Time taken for tests:   5.661 seconds
Complete requests:      256
Failed requests:        255
   (Connect: 0, Receive: 0, Length: 255, Exceptions: 0)
Total transferred:      46038 bytes
Total body sent:        60928
HTML transferred:       21718 bytes
Requests per second:    45.22 [#/sec] (mean)
Time per request:       22.112 [ms] (mean)
Time per request:       22.112 [ms] (mean, across all concurrent requests)
Transfer rate:          7.94 [Kbytes/sec] received
                        10.51 kb/s sent
                        18.45 kb/s total

Connection Times (ms)
              min  mean[+/-sd] median   max
Connect:        0    4  18.4      0      94
Processing:     0   18  71.6      2    1047
Waiting:        0   17  71.2      2    1047
Total:          0   22  73.1      2    1047

Percentage of the requests served within a certain time (ms)
  50%      2
  66%      2
  75%      3
  80%      3
  90%     92
  95%     93
  98%     94
  99%     96
 100%   1047 (longest request)
