This is ApacheBench, Version 2.3 <$Revision: 1879490 $>
Copyright 1996 Adam Twiss, Zeus Technology Ltd, http://www.zeustech.net/
Licensed to The Apache Software Foundation, http://www.apache.org/

Benchmarking 172.172.0.2 (be patient).....done


Server Software:        
Server Hostname:        172.172.0.2
Server Port:            8080

Document Path:          /
Document Length:        1073 bytes

Concurrency Level:      1
Time taken for tests:   2.277 seconds
Complete requests:      25
Failed requests:        17
   (Connect: 0, Receive: 0, Length: 17, Exceptions: 0)
Total transferred:      29219 bytes
Total body sent:        7075
HTML transferred:       26794 bytes
Requests per second:    10.98 [#/sec] (mean)
Time per request:       91.074 [ms] (mean)
Time per request:       91.074 [ms] (mean, across all concurrent requests)
Transfer rate:          12.53 [Kbytes/sec] received
                        3.03 kb/s sent
                        15.57 kb/s total

Connection Times (ms)
              min  mean[+/-sd] median   max
Connect:        0    3  15.8      0      79
Processing:    15   88  87.1     92     470
Waiting:       15   88  87.1     92     470
Total:         15   91  86.0     93     471

Percentage of the requests served within a certain time (ms)
  50%     93
  66%     95
  75%     96
  80%     97
  90%     99
  95%    103
  98%    471
  99%    471
 100%    471 (longest request)
