This is ApacheBench, Version 2.3 <$Revision: 1879490 $>
Copyright 1996 Adam Twiss, Zeus Technology Ltd, http://www.zeustech.net/
Licensed to The Apache Software Foundation, http://www.apache.org/

Benchmarking 172.18.0.2 (be patient)
Completed 204 requests
Completed 408 requests
Completed 612 requests
Completed 816 requests
Completed 1020 requests
Completed 1224 requests
Completed 1428 requests
Completed 1632 requests
Completed 1836 requests
Completed 2040 requests
Finished 2048 requests


Server Software:        
Server Hostname:        172.18.0.2
Server Port:            8080

Document Path:          /
Document Length:        53 bytes

Concurrency Level:      8
Time taken for tests:   2.750 seconds
Complete requests:      2048
Failed requests:        819
   (Connect: 0, Receive: 0, Length: 819, Exceptions: 0)
Total transferred:      304047 bytes
Total body sent:        487424
HTML transferred:       109487 bytes
Requests per second:    744.86 [#/sec] (mean)
Time per request:       10.740 [ms] (mean)
Time per request:       1.343 [ms] (mean, across all concurrent requests)
Transfer rate:          107.99 [Kbytes/sec] received
                        173.12 kb/s sent
                        281.11 kb/s total

Connection Times (ms)
              min  mean[+/-sd] median   max
Connect:        0    0   1.3      0      23
Processing:     2   10   7.2      8      42
Waiting:        2   10   6.8      8      40
Total:          2   11   7.3      9      43

Percentage of the requests served within a certain time (ms)
  50%      9
  66%      9
  75%     10
  80%     10
  90%     26
  95%     31
  98%     34
  99%     36
 100%     43 (longest request)
This is ApacheBench, Version 2.3 <$Revision: 1879490 $>
Copyright 1996 Adam Twiss, Zeus Technology Ltd, http://www.zeustech.net/
Licensed to The Apache Software Foundation, http://www.apache.org/

Benchmarking 172.18.0.2 (be patient)
Completed 204 requests
Completed 408 requests
Completed 612 requests
Completed 816 requests
Completed 1020 requests
Completed 1224 requests
Completed 1428 requests
Completed 1632 requests
Completed 1836 requests
Completed 2040 requests
Finished 2048 requests


Server Software:        
Server Hostname:        172.18.0.2
Server Port:            8080

Document Path:          /
Document Length:        53 bytes

Concurrency Level:      8
Time taken for tests:   2.381 seconds
Complete requests:      2048
Failed requests:        213
   (Connect: 0, Receive: 0, Length: 213, Exceptions: 0)
Total transferred:      303408 bytes
Total body sent:        487424
HTML transferred:       108848 bytes
Requests per second:    860.26 [#/sec] (mean)
Time per request:       9.300 [ms] (mean)
Time per request:       1.162 [ms] (mean, across all concurrent requests)
Transfer rate:          124.46 [Kbytes/sec] received
                        199.94 kb/s sent
                        324.40 kb/s total

Connection Times (ms)
              min  mean[+/-sd] median   max
Connect:        0    0   1.4      0      27
Processing:     1    9   7.3      7      46
Waiting:        1    8   7.0      6      45
Total:          2    9   7.5      7      46

Percentage of the requests served within a certain time (ms)
  50%      7
  66%      7
  75%      8
  80%      8
  90%     11
  95%     33
  98%     34
  99%     35
 100%     46 (longest request)
This is ApacheBench, Version 2.3 <$Revision: 1879490 $>
Copyright 1996 Adam Twiss, Zeus Technology Ltd, http://www.zeustech.net/
Licensed to The Apache Software Foundation, http://www.apache.org/

Benchmarking 172.18.0.2 (be patient)
Completed 204 requests
Completed 408 requests
Completed 612 requests
Completed 816 requests
Completed 1020 requests
Completed 1224 requests
Completed 1428 requests
Completed 1632 requests
Completed 1836 requests
Completed 2040 requests
Finished 2048 requests


Server Software:        
Server Hostname:        172.18.0.2
Server Port:            8080

Document Path:          /
Document Length:        53 bytes

Concurrency Level:      8
Time taken for tests:   2.476 seconds
Complete requests:      2048
Failed requests:        217
   (Connect: 0, Receive: 0, Length: 217, Exceptions: 0)
Total transferred:      303429 bytes
Total body sent:        487424
HTML transferred:       108869 bytes
Requests per second:    827.17 [#/sec] (mean)
Time per request:       9.671 [ms] (mean)
Time per request:       1.209 [ms] (mean, across all concurrent requests)
Transfer rate:          119.68 [Kbytes/sec] received
                        192.25 kb/s sent
                        311.93 kb/s total

Connection Times (ms)
              min  mean[+/-sd] median   max
Connect:        0    0   1.6      0      27
Processing:     2    9   7.4      7      39
Waiting:        1    9   7.1      7      38
Total:          3   10   7.5      7      39

Percentage of the requests served within a certain time (ms)
  50%      7
  66%      8
  75%      8
  80%      8
  90%     12
  95%     32
  98%     34
  99%     36
 100%     39 (longest request)
This is ApacheBench, Version 2.3 <$Revision: 1879490 $>
Copyright 1996 Adam Twiss, Zeus Technology Ltd, http://www.zeustech.net/
Licensed to The Apache Software Foundation, http://www.apache.org/

Benchmarking 172.18.0.2 (be patient)
Completed 204 requests
Completed 408 requests
Completed 612 requests
Completed 816 requests
Completed 1020 requests
Completed 1224 requests
Completed 1428 requests
Completed 1632 requests
Completed 1836 requests
Completed 2040 requests
Finished 2048 requests


Server Software:        
Server Hostname:        172.18.0.2
Server Port:            8080

Document Path:          /
Document Length:        53 bytes

Concurrency Level:      8
Time taken for tests:   2.344 seconds
Complete requests:      2048
Failed requests:        190
   (Connect: 0, Receive: 0, Length: 190, Exceptions: 0)
Total transferred:      303396 bytes
Total body sent:        487424
HTML transferred:       108836 bytes
Requests per second:    873.70 [#/sec] (mean)
Time per request:       9.156 [ms] (mean)
Time per request:       1.145 [ms] (mean, across all concurrent requests)
Transfer rate:          126.40 [Kbytes/sec] received
                        203.07 kb/s sent
                        329.46 kb/s total

Connection Times (ms)
              min  mean[+/-sd] median   max
Connect:        0    0   1.1      0      26
Processing:     2    9   7.2      7      37
Waiting:        1    8   6.9      6      35
Total:          2    9   7.3      7      37

Percentage of the requests served within a certain time (ms)
  50%      7
  66%      7
  75%      7
  80%      8
  90%     10
  95%     32
  98%     34
  99%     35
 100%     37 (longest request)
This is ApacheBench, Version 2.3 <$Revision: 1879490 $>
Copyright 1996 Adam Twiss, Zeus Technology Ltd, http://www.zeustech.net/
Licensed to The Apache Software Foundation, http://www.apache.org/

Benchmarking 172.18.0.2 (be patient)
Completed 204 requests
Completed 408 requests
Completed 612 requests
Completed 816 requests
Completed 1020 requests
Completed 1224 requests
Completed 1428 requests
Completed 1632 requests
Completed 1836 requests
Completed 2040 requests
Finished 2048 requests


Server Software:        
Server Hostname:        172.18.0.2
Server Port:            8080

Document Path:          /
Document Length:        53 bytes

Concurrency Level:      8
Time taken for tests:   2.345 seconds
Complete requests:      2048
Failed requests:        164
   (Connect: 0, Receive: 0, Length: 164, Exceptions: 0)
Total transferred:      303363 bytes
Total body sent:        487424
HTML transferred:       108803 bytes
Requests per second:    873.18 [#/sec] (mean)
Time per request:       9.162 [ms] (mean)
Time per request:       1.145 [ms] (mean, across all concurrent requests)
Transfer rate:          126.31 [Kbytes/sec] received
                        202.95 kb/s sent
                        329.26 kb/s total

Connection Times (ms)
              min  mean[+/-sd] median   max
Connect:        0    0   1.6      0      30
Processing:     2    9   7.2      7      38
Waiting:        1    8   7.0      6      37
Total:          3    9   7.4      7      38

Percentage of the requests served within a certain time (ms)
  50%      7
  66%      7
  75%      7
  80%      8
  90%      9
  95%     32
  98%     34
  99%     35
 100%     38 (longest request)
