time="2023-04-05T20:13:23-04:00" level=info msg="Called startVMM(), setting up a VMM on /tmp/testtap.socket"
time="2023-04-05T20:13:23-04:00" level=info msg="VMM logging disabled."
time="2023-04-05T20:13:23-04:00" level=info msg="VMM metrics disabled."
time="2023-04-05T20:13:23-04:00" level=info msg="refreshMachineConfiguration: [GET /machine-config][200] getMachineConfigurationOK  &{CPUTemplate:Uninitialized HtEnabled:0xc0004e1684 MemSizeMib:0xc0004e1678 VcpuCount:0xc0004e1670}"
time="2023-04-05T20:13:23-04:00" level=info msg="PutGuestBootSource: [PUT /boot-source][204] putGuestBootSourceNoContent "
time="2023-04-05T20:13:23-04:00" level=info msg="Attaching drive /tmp/test-proxy/polyglot-proxy.img, slot 1, root true."
time="2023-04-05T20:13:23-04:00" level=info msg="Attached drive /tmp/test-proxy/polyglot-proxy.img: [PUT /drives/{drive_id}][204] putGuestDriveByIdNoContent "
time="2023-04-05T20:13:23-04:00" level=info msg="Attaching NIC testtap (hwaddr DE:AD:BE:EF:11:FC) at index 1"
2023-04-05T20:13:23.581526132 [anonymous-instance:main:WARN:src/vmm/src/builder.rs:599] Could not add serial input event to epoll: Error during epoll call: Operation not permitted (os error 1)
time="2023-04-05T20:13:23-04:00" level=info msg="startInstance successful: [PUT /actions][204] createSyncActionNoContent "
[    0.047603] dmi: Firmware registration failed.
[    0.094717] zswap: default zpool zbud not available
[    0.095579] zswap: pool creation failed
Graalvisor boot time: 366 ms.
Graalvisor listening on port 8080.
Warning: graalvisor compiled with no truffle language support.
Function httprequest registered with runtime sandboxing in 121 ms
[thread 40] New runtime sandbox 140096597655552 in 4862 us
[thread 48] New runtime sandbox 140061902372864 in 2794 us
[thread 49] New runtime sandbox 140027533197312 in 1371 us
[thread 50] New runtime sandbox 139993164021760 in 1838 us
[thread 51] New runtime sandbox 139958794846208 in 1337 us
[thread 53] New runtime sandbox 139890064883712 in 1934 us
[thread 54] New runtime sandbox 139855695708160 in 1914 us
[thread 52] New runtime sandbox 139924425670656 in 10553 us
time="2023-04-05T20:13:40-04:00" level=warning msg="firecracker exited: signal: terminated"
time="2023-04-05T20:13:40-04:00" level=fatal msg="Wait returned an error 1 error occurred:\n\t* signal: terminated\n\n"
