This is ApacheBench, Version 2.3 <$Revision: 1879490 $>
Copyright 1996 Adam Twiss, Zeus Technology Ltd, http://www.zeustech.net/
Licensed to The Apache Software Foundation, http://www.apache.org/

Benchmarking 172.18.0.2 (be patient).....done


Server Software:        
Server Hostname:        172.18.0.2
Server Port:            8080

Document Path:          /
Document Length:        86 bytes

Concurrency Level:      4
Time taken for tests:   11.092 seconds
Complete requests:      20
Failed requests:        15
   (Connect: 0, Receive: 0, Length: 15, Exceptions: 0)
Total transferred:      3812 bytes
Total body sent:        4780
HTML transferred:       1906 bytes
Requests per second:    1.80 [#/sec] (mean)
Time per request:       2218.474 [ms] (mean)
Time per request:       554.618 [ms] (mean, across all concurrent requests)
Transfer rate:          0.34 [Kbytes/sec] received
                        0.42 kb/s sent
                        0.76 kb/s total

Connection Times (ms)
              min  mean[+/-sd] median   max
Connect:        0    0   0.0      0       0
Processing:     0 1612 2367.4    792    6764
Waiting:        0 1612 2367.4    792    6764
Total:          0 1612 2367.4    792    6764

Percentage of the requests served within a certain time (ms)
  50%    792
  66%    864
  75%   1240
  80%   3820
  90%   6745
  95%   6764
  98%   6764
  99%   6764
 100%   6764 (longest request)
