This is ApacheBench, Version 2.3 <$Revision: 1879490 $>
Copyright 1996 Adam Twiss, Zeus Technology Ltd, http://www.zeustech.net/
Licensed to The Apache Software Foundation, http://www.apache.org/

Benchmarking 172.18.0.2 (be patient)
Completed 100 requests
Completed 200 requests
Finished 256 requests


Server Software:        
Server Hostname:        172.18.0.2
Server Port:            8080

Document Path:          /
Document Length:        88 bytes

Concurrency Level:      1
Time taken for tests:   3.000 seconds
Complete requests:      256
Failed requests:        135
   (Connect: 0, Receive: 0, Length: 135, Exceptions: 0)
Total transferred:      46733 bytes
Total body sent:        46336
HTML transferred:       22413 bytes
Requests per second:    85.34 [#/sec] (mean)
Time per request:       11.717 [ms] (mean)
Time per request:       11.717 [ms] (mean, across all concurrent requests)
Transfer rate:          15.21 [Kbytes/sec] received
                        15.09 kb/s sent
                        30.30 kb/s total

Connection Times (ms)
              min  mean[+/-sd] median   max
Connect:        0    2  13.4      0      91
Processing:     0    9  26.6      1      99
Waiting:        0    8  24.0      1      99
Total:          0   12  29.2      1      99

Percentage of the requests served within a certain time (ms)
  50%      1
  66%      1
  75%      1
  80%      2
  90%     91
  95%     92
  98%     93
  99%     94
 100%     99 (longest request)
