time="2023-04-08T10:24:59-04:00" level=info msg="Called startVMM(), setting up a VMM on /tmp/testtap.socket"
time="2023-04-08T10:24:59-04:00" level=info msg="VMM logging disabled."
time="2023-04-08T10:24:59-04:00" level=info msg="VMM metrics disabled."
time="2023-04-08T10:24:59-04:00" level=info msg="refreshMachineConfiguration: [GET /machine-config][200] getMachineConfigurationOK  &{CPUTemplate:Uninitialized HtEnabled:0xc00008e11c MemSizeMib:0xc00008e110 VcpuCount:0xc00008e108}"
time="2023-04-08T10:24:59-04:00" level=info msg="PutGuestBootSource: [PUT /boot-source][204] putGuestBootSourceNoContent "
time="2023-04-08T10:24:59-04:00" level=info msg="Attaching drive /tmp/test-proxy/polyglot-proxy.img, slot 1, root true."
time="2023-04-08T10:24:59-04:00" level=info msg="Attached drive /tmp/test-proxy/polyglot-proxy.img: [PUT /drives/{drive_id}][204] putGuestDriveByIdNoContent "
time="2023-04-08T10:24:59-04:00" level=info msg="Attaching NIC testtap (hwaddr DE:AD:BE:EF:9D:0B) at index 1"
2023-04-08T10:24:59.021054802 [anonymous-instance:main:WARN:src/vmm/src/builder.rs:599] Could not add serial input event to epoll: Error during epoll call: Operation not permitted (os error 1)
time="2023-04-08T10:24:59-04:00" level=info msg="startInstance successful: [PUT /actions][204] createSyncActionNoContent "
[    0.012000] dmi: Firmware registration failed.
[    0.040226] zswap: default zpool zbud not available
[    0.040479] zswap: pool creation failed
Graalvisor boot time: 183 ms.
Graalvisor listening on port 8080.
Warning: graalvisor compiled with no truffle language support.
Function uploader registered with process sandboxing in 713 ms
[thread 1] Creating context org.graalvm.polyglot.Context@3eb962ec
[thread 41] New process sandbox 470 in 343 us
[thread 1] Creating context org.graalvm.polyglot.Context@4e761507
[thread 46] New process sandbox 487 in 443 us
[thread 47] New process sandbox 488 in 336 us
[thread 48] New process sandbox 489 in 303 us
[thread 1] Creating context org.graalvm.polyglot.Context@1b0463db
[thread 1] Creating context org.graalvm.polyglot.Context@5a320a3c
[thread 1] Creating context org.graalvm.polyglot.Context@20c3839
time="2023-04-08T10:25:22-04:00" level=warning msg="firecracker exited: signal: terminated"
time="2023-04-08T10:25:22-04:00" level=fatal msg="Wait returned an error 1 error occurred:\n\t* signal: terminated\n\n"
