This is ApacheBench, Version 2.3 <$Revision: 1879490 $>
Copyright 1996 Adam Twiss, Zeus Technology Ltd, http://www.zeustech.net/
Licensed to The Apache Software Foundation, http://www.apache.org/

Benchmarking 172.18.0.2 (be patient).....done


Server Software:        
Server Hostname:        172.18.0.2
Server Port:            8080

Document Path:          /warmup
Document Length:        93 bytes

Concurrency Level:      1
Time taken for tests:   0.010 seconds
Complete requests:      1
Failed requests:        0
Total transferred:      188 bytes
Total body sent:        187
HTML transferred:       93 bytes
Requests per second:    96.85 [#/sec] (mean)
Time per request:       10.325 [ms] (mean)
Time per request:       10.325 [ms] (mean, across all concurrent requests)
Transfer rate:          17.78 [Kbytes/sec] received
                        17.69 kb/s sent
                        35.47 kb/s total

Connection Times (ms)
              min  mean[+/-sd] median   max
Connect:        0    0   0.0      0       0
Processing:    10   10   0.0     10      10
Waiting:       10   10   0.0     10      10
Total:         10   10   0.0     10      10
