This is ApacheBench, Version 2.3 <$Revision: 1879490 $>
Copyright 1996 Adam Twiss, Zeus Technology Ltd, http://www.zeustech.net/
Licensed to The Apache Software Foundation, http://www.apache.org/

Benchmarking 127.0.0.1 (be patient).....done


Server Software:        
Server Hostname:        127.0.0.1
Server Port:            8081

Document Path:          /
Document Length:        93 bytes

Concurrency Level:      2
Time taken for tests:   7.357 seconds
Complete requests:      20
Failed requests:        19
   (Connect: 0, Receive: 0, Length: 19, Exceptions: 0)
Total transferred:      3806 bytes
Total body sent:        4780
HTML transferred:       1905 bytes
Requests per second:    2.72 [#/sec] (mean)
Time per request:       735.720 [ms] (mean)
Time per request:       367.860 [ms] (mean, across all concurrent requests)
Transfer rate:          0.51 [Kbytes/sec] received
                        0.63 kb/s sent
                        1.14 kb/s total

Connection Times (ms)
              min  mean[+/-sd] median   max
Connect:        0    0   0.0      0       0
Processing:    57  454 1104.4     89    3731
Waiting:       57  453 1104.3     89    3730
Total:         57  454 1104.4     89    3731

Percentage of the requests served within a certain time (ms)
  50%     89
  66%     97
  75%    123
  80%    128
  90%   3627
  95%   3731
  98%   3731
  99%   3731
 100%   3731 (longest request)
