This is ApacheBench, Version 2.3 <$Revision: 1879490 $>
Copyright 1996 Adam Twiss, Zeus Technology Ltd, http://www.zeustech.net/
Licensed to The Apache Software Foundation, http://www.apache.org/

Benchmarking 172.18.0.2 (be patient).....done


Server Software:        
Server Hostname:        172.18.0.2
Server Port:            8080

Document Path:          /
Document Length:        95 bytes

Concurrency Level:      2
Time taken for tests:   13.390 seconds
Complete requests:      4
Failed requests:        0
Total transferred:      760 bytes
Total body sent:        1168
HTML transferred:       380 bytes
Requests per second:    0.30 [#/sec] (mean)
Time per request:       6695.132 [ms] (mean)
Time per request:       3347.566 [ms] (mean, across all concurrent requests)
Transfer rate:          0.06 [Kbytes/sec] received
                        0.09 kb/s sent
                        0.14 kb/s total

Connection Times (ms)
              min  mean[+/-sd] median   max
Connect:        0    0   0.0      0       0
Processing:  1443 4134 3221.5   5134    8256
Waiting:     1443 4134 3221.6   5134    8256
Total:       1444 4135 3221.5   5134    8256

Percentage of the requests served within a certain time (ms)
  50%   5134
  66%   5134
  75%   8256
  80%   8256
  90%   8256
  95%   8256
  98%   8256
  99%   8256
 100%   8256 (longest request)
