This is ApacheBench, Version 2.3 <$Revision: 1879490 $>
Copyright 1996 Adam Twiss, Zeus Technology Ltd, http://www.zeustech.net/
Licensed to The Apache Software Foundation, http://www.apache.org/

Benchmarking 172.18.0.2 (be patient)
Completed 100 requests
Completed 200 requests
Finished 256 requests


Server Software:        
Server Hostname:        172.18.0.2
Server Port:            8080

Document Path:          /run
Document Length:        42 bytes

Concurrency Level:      1
Time taken for tests:   294.992 seconds
Complete requests:      256
Failed requests:        0
Total transferred:      38400 bytes
Total body sent:        51200
HTML transferred:       10752 bytes
Requests per second:    0.87 [#/sec] (mean)
Time per request:       1152.311 [ms] (mean)
Time per request:       1152.311 [ms] (mean, across all concurrent requests)
Transfer rate:          0.13 [Kbytes/sec] received
                        0.17 kb/s sent
                        0.30 kb/s total

Connection Times (ms)
              min  mean[+/-sd] median   max
Connect:        0    6  21.2      0      92
Processing:   395 1147 229.1   1108    2106
Waiting:      395 1146 228.9   1108    2106
Total:        395 1152 232.0   1190    2195

Percentage of the requests served within a certain time (ms)
  50%   1190
  66%   1197
  75%   1198
  80%   1199
  90%   1204
  95%   1297
  98%   2007
  99%   2102
 100%   2195 (longest request)
