This is ApacheBench, Version 2.3 <$Revision: 1879490 $>
Copyright 1996 Adam Twiss, Zeus Technology Ltd, http://www.zeustech.net/
Licensed to The Apache Software Foundation, http://www.apache.org/

Benchmarking 172.18.0.2 (be patient).....done


Server Software:        
Server Hostname:        172.18.0.2
Server Port:            8080

Document Path:          /
Document Length:        95 bytes

Concurrency Level:      2
Time taken for tests:   11.311 seconds
Complete requests:      4
Failed requests:        0
Total transferred:      760 bytes
Total body sent:        1168
HTML transferred:       380 bytes
Requests per second:    0.35 [#/sec] (mean)
Time per request:       5655.305 [ms] (mean)
Time per request:       2827.653 [ms] (mean, across all concurrent requests)
Transfer rate:          0.07 [Kbytes/sec] received
                        0.10 kb/s sent
                        0.17 kb/s total

Connection Times (ms)
              min  mean[+/-sd] median   max
Connect:        0    0   0.2      0       0
Processing:  1856 3819 2377.8   4342    6968
Waiting:     1856 3819 2377.8   4342    6968
Total:       1856 3820 2377.8   4342    6968

Percentage of the requests served within a certain time (ms)
  50%   4342
  66%   4342
  75%   6968
  80%   6968
  90%   6968
  95%   6968
  98%   6968
  99%   6968
 100%   6968 (longest request)
