This is ApacheBench, Version 2.3 <$Revision: 1879490 $>
Copyright 1996 Adam Twiss, Zeus Technology Ltd, http://www.zeustech.net/
Licensed to The Apache Software Foundation, http://www.apache.org/

Benchmarking 172.18.0.2 (be patient)
Completed 100 requests
Completed 200 requests
Finished 256 requests


Server Software:        
Server Hostname:        172.18.0.2
Server Port:            8080

Document Path:          /
Document Length:        1217 bytes

Concurrency Level:      1
Time taken for tests:   9.748 seconds
Complete requests:      256
Failed requests:        253
   (Connect: 0, Receive: 0, Length: 253, Exceptions: 0)
Total transferred:      335684 bytes
Total body sent:        72704
HTML transferred:       310852 bytes
Requests per second:    26.26 [#/sec] (mean)
Time per request:       38.076 [ms] (mean)
Time per request:       38.076 [ms] (mean, across all concurrent requests)
Transfer rate:          33.63 [Kbytes/sec] received
                        7.28 kb/s sent
                        40.91 kb/s total

Connection Times (ms)
              min  mean[+/-sd] median   max
Connect:        0    2  13.7      0      94
Processing:     1   36  78.9      3    1035
Waiting:        1   35  78.8      3    1035
Total:          1   38  79.2      4    1036

Percentage of the requests served within a certain time (ms)
  50%      4
  66%      7
  75%     93
  80%     94
  90%     95
  95%     97
  98%     98
  99%    101
 100%   1036 (longest request)
