This is ApacheBench, Version 2.3 <$Revision: 1879490 $>
Copyright 1996 Adam Twiss, Zeus Technology Ltd, http://www.zeustech.net/
Licensed to The Apache Software Foundation, http://www.apache.org/

Benchmarking 127.0.0.1 (be patient).....done


Server Software:        
Server Hostname:        127.0.0.1
Server Port:            8081

Document Path:          /
Document Length:        95 bytes

Concurrency Level:      1
Time taken for tests:   4.847 seconds
Complete requests:      1
Failed requests:        0
Total transferred:      190 bytes
Total body sent:        294
HTML transferred:       95 bytes
Requests per second:    0.21 [#/sec] (mean)
Time per request:       4846.885 [ms] (mean)
Time per request:       4846.885 [ms] (mean, across all concurrent requests)
Transfer rate:          0.04 [Kbytes/sec] received
                        0.06 kb/s sent
                        0.10 kb/s total

Connection Times (ms)
              min  mean[+/-sd] median   max
Connect:        0    0   0.0      0       0
Processing:  4847 4847   0.0   4847    4847
Waiting:     4847 4847   0.0   4847    4847
Total:       4847 4847   0.0   4847    4847
