This is ApacheBench, Version 2.3 <$Revision: 1879490 $>
Copyright 1996 Adam Twiss, Zeus Technology Ltd, http://www.zeustech.net/
Licensed to The Apache Software Foundation, http://www.apache.org/

Benchmarking 172.18.0.2 (be patient)
Completed 1000 requests
Completed 2000 requests
Completed 3000 requests
Completed 4000 requests
Completed 5000 requests
Completed 6000 requests
Completed 7000 requests
Completed 8000 requests
Completed 9000 requests
Completed 10000 requests
Finished 10000 requests


Server Software:        
Server Hostname:        172.18.0.2
Server Port:            8080

Document Path:          /
Document Length:        93 bytes

Concurrency Level:      1
Time taken for tests:   8.572 seconds
Complete requests:      10000
Failed requests:        9941
   (Connect: 0, Receive: 0, Length: 9941, Exceptions: 0)
Total transferred:      1870071 bytes
Total body sent:        2030000
HTML transferred:       920071 bytes
Requests per second:    1166.65 [#/sec] (mean)
Time per request:       0.857 [ms] (mean)
Time per request:       0.857 [ms] (mean, across all concurrent requests)
Transfer rate:          213.06 [Kbytes/sec] received
                        231.28 kb/s sent
                        444.34 kb/s total

Connection Times (ms)
              min  mean[+/-sd] median   max
Connect:        0    0   1.1      0      29
Processing:     0    1   1.9      0      29
Waiting:        0    0   1.5      0      29
Total:          0    1   2.2      1      30

Percentage of the requests served within a certain time (ms)
  50%      1
  66%      1
  75%      1
  80%      1
  90%      1
  95%      1
  98%      1
  99%      1
 100%     30 (longest request)
This is ApacheBench, Version 2.3 <$Revision: 1879490 $>
Copyright 1996 Adam Twiss, Zeus Technology Ltd, http://www.zeustech.net/
Licensed to The Apache Software Foundation, http://www.apache.org/

Benchmarking 172.18.0.2 (be patient)
Completed 1000 requests
Completed 2000 requests
Completed 3000 requests
Completed 4000 requests
Completed 5000 requests
Completed 6000 requests
Completed 7000 requests
Completed 8000 requests
Completed 9000 requests
Completed 10000 requests
Finished 10000 requests


Server Software:        
Server Hostname:        172.18.0.2
Server Port:            8080

Document Path:          /
Document Length:        93 bytes

Concurrency Level:      1
Time taken for tests:   8.673 seconds
Complete requests:      10000
Failed requests:        9930
   (Connect: 0, Receive: 0, Length: 9930, Exceptions: 0)
Total transferred:      1870073 bytes
Total body sent:        2030000
HTML transferred:       920073 bytes
Requests per second:    1153.00 [#/sec] (mean)
Time per request:       0.867 [ms] (mean)
Time per request:       0.867 [ms] (mean, across all concurrent requests)
Transfer rate:          210.57 [Kbytes/sec] received
                        228.57 kb/s sent
                        439.14 kb/s total

Connection Times (ms)
              min  mean[+/-sd] median   max
Connect:        0    0   1.2      0      29
Processing:     0    1   1.9      0      28
Waiting:        0    0   1.3      0      28
Total:          0    1   2.2      1      30

Percentage of the requests served within a certain time (ms)
  50%      1
  66%      1
  75%      1
  80%      1
  90%      1
  95%      1
  98%      1
  99%      2
 100%     30 (longest request)
This is ApacheBench, Version 2.3 <$Revision: 1879490 $>
Copyright 1996 Adam Twiss, Zeus Technology Ltd, http://www.zeustech.net/
Licensed to The Apache Software Foundation, http://www.apache.org/

Benchmarking 172.18.0.2 (be patient)
Completed 1000 requests
Completed 2000 requests
Completed 3000 requests
Completed 4000 requests
Completed 5000 requests
Completed 6000 requests
Completed 7000 requests
Completed 8000 requests
Completed 9000 requests
Completed 10000 requests
Finished 10000 requests


Server Software:        
Server Hostname:        172.18.0.2
Server Port:            8080

Document Path:          /
Document Length:        92 bytes

Concurrency Level:      1
Time taken for tests:   8.798 seconds
Complete requests:      10000
Failed requests:        50
   (Connect: 0, Receive: 0, Length: 50, Exceptions: 0)
Total transferred:      1870056 bytes
Total body sent:        2030000
HTML transferred:       920056 bytes
Requests per second:    1136.61 [#/sec] (mean)
Time per request:       0.880 [ms] (mean)
Time per request:       0.880 [ms] (mean, across all concurrent requests)
Transfer rate:          207.57 [Kbytes/sec] received
                        225.32 kb/s sent
                        432.89 kb/s total

Connection Times (ms)
              min  mean[+/-sd] median   max
Connect:        0    0   1.2      0      29
Processing:     0    1   1.9      0      30
Waiting:        0    0   1.5      0      30
Total:          0    1   2.2      1      30

Percentage of the requests served within a certain time (ms)
  50%      1
  66%      1
  75%      1
  80%      1
  90%      1
  95%      1
  98%      1
  99%      5
 100%     30 (longest request)
This is ApacheBench, Version 2.3 <$Revision: 1879490 $>
Copyright 1996 Adam Twiss, Zeus Technology Ltd, http://www.zeustech.net/
Licensed to The Apache Software Foundation, http://www.apache.org/

Benchmarking 172.18.0.2 (be patient)
Completed 1000 requests
Completed 2000 requests
Completed 3000 requests
Completed 4000 requests
Completed 5000 requests
Completed 6000 requests
Completed 7000 requests
Completed 8000 requests
Completed 9000 requests
Completed 10000 requests
Finished 10000 requests


Server Software:        
Server Hostname:        172.18.0.2
Server Port:            8080

Document Path:          /
Document Length:        92 bytes

Concurrency Level:      1
Time taken for tests:   8.687 seconds
Complete requests:      10000
Failed requests:        36
   (Connect: 0, Receive: 0, Length: 36, Exceptions: 0)
Total transferred:      1870048 bytes
Total body sent:        2030000
HTML transferred:       920048 bytes
Requests per second:    1151.10 [#/sec] (mean)
Time per request:       0.869 [ms] (mean)
Time per request:       0.869 [ms] (mean, across all concurrent requests)
Transfer rate:          210.22 [Kbytes/sec] received
                        228.20 kb/s sent
                        438.41 kb/s total

Connection Times (ms)
              min  mean[+/-sd] median   max
Connect:        0    0   1.3      0      30
Processing:     0    1   1.9      0      30
Waiting:        0    0   1.2      0      28
Total:          0    1   2.3      1      31

Percentage of the requests served within a certain time (ms)
  50%      1
  66%      1
  75%      1
  80%      1
  90%      1
  95%      1
  98%      1
  99%      5
 100%     31 (longest request)
This is ApacheBench, Version 2.3 <$Revision: 1879490 $>
Copyright 1996 Adam Twiss, Zeus Technology Ltd, http://www.zeustech.net/
Licensed to The Apache Software Foundation, http://www.apache.org/

Benchmarking 172.18.0.2 (be patient)
Completed 1000 requests
Completed 2000 requests
Completed 3000 requests
Completed 4000 requests
Completed 5000 requests
Completed 6000 requests
Completed 7000 requests
Completed 8000 requests
Completed 9000 requests
Completed 10000 requests
Finished 10000 requests


Server Software:        
Server Hostname:        172.18.0.2
Server Port:            8080

Document Path:          /
Document Length:        93 bytes

Concurrency Level:      1
Time taken for tests:   8.754 seconds
Complete requests:      10000
Failed requests:        9948
   (Connect: 0, Receive: 0, Length: 9948, Exceptions: 0)
Total transferred:      1870052 bytes
Total body sent:        2030000
HTML transferred:       920052 bytes
Requests per second:    1142.34 [#/sec] (mean)
Time per request:       0.875 [ms] (mean)
Time per request:       0.875 [ms] (mean, across all concurrent requests)
Transfer rate:          208.62 [Kbytes/sec] received
                        226.46 kb/s sent
                        435.08 kb/s total

Connection Times (ms)
              min  mean[+/-sd] median   max
Connect:        0    0   1.3      0      28
Processing:     0    1   1.8      0      29
Waiting:        0    0   1.3      0      28
Total:          0    1   2.2      1      29

Percentage of the requests served within a certain time (ms)
  50%      1
  66%      1
  75%      1
  80%      1
  90%      1
  95%      1
  98%      1
  99%      5
 100%     29 (longest request)
