time="2023-04-06T22:49:43-04:00" level=info msg="Called startVMM(), setting up a VMM on /tmp/testtap.socket"
time="2023-04-06T22:49:43-04:00" level=info msg="VMM logging disabled."
time="2023-04-06T22:49:43-04:00" level=info msg="VMM metrics disabled."
time="2023-04-06T22:49:43-04:00" level=info msg="refreshMachineConfiguration: [GET /machine-config][200] getMachineConfigurationOK  &{CPUTemplate:Uninitialized HtEnabled:0xc000025504 MemSizeMib:0xc0000254f8 VcpuCount:0xc0000254f0}"
time="2023-04-06T22:49:43-04:00" level=info msg="PutGuestBootSource: [PUT /boot-source][204] putGuestBootSourceNoContent "
time="2023-04-06T22:49:43-04:00" level=info msg="Attaching drive /tmp/test-proxy/polyglot-proxy.img, slot 1, root true."
time="2023-04-06T22:49:43-04:00" level=info msg="Attached drive /tmp/test-proxy/polyglot-proxy.img: [PUT /drives/{drive_id}][204] putGuestDriveByIdNoContent "
time="2023-04-06T22:49:43-04:00" level=info msg="Attaching NIC testtap (hwaddr DE:AD:BE:EF:46:8C) at index 1"
2023-04-06T22:49:43.621774997 [anonymous-instance:main:WARN:src/vmm/src/builder.rs:599] Could not add serial input event to epoll: Error during epoll call: Operation not permitted (os error 1)
time="2023-04-06T22:49:43-04:00" level=info msg="startInstance successful: [PUT /actions][204] createSyncActionNoContent "
[    0.012057] dmi: Firmware registration failed.
[    0.041065] zswap: default zpool zbud not available
[    0.041334] zswap: pool creation failed
Graalvisor boot time: 170 ms.
Graalvisor listening on port 8080.
Warning: graalvisor compiled with no truffle language support.
Function hw registered with runtime sandboxing in 86 ms
[thread 40] New runtime sandbox 140481991278592 in 3563 us
time="2023-04-06T22:50:02-04:00" level=warning msg="firecracker exited: signal: terminated"
time="2023-04-06T22:50:02-04:00" level=fatal msg="Wait returned an error 1 error occurred:\n\t* signal: terminated\n\n"
