This is ApacheBench, Version 2.3 <$Revision: 1879490 $>
Copyright 1996 Adam Twiss, Zeus Technology Ltd, http://www.zeustech.net/
Licensed to The Apache Software Foundation, http://www.apache.org/

Benchmarking 172.18.0.2 (be patient)
Completed 100 requests
Completed 200 requests
Finished 256 requests


Server Software:        
Server Hostname:        172.18.0.2
Server Port:            8080

Document Path:          /run
Document Length:        891 bytes

Concurrency Level:      1
Time taken for tests:   13.495 seconds
Complete requests:      256
Failed requests:        158
   (Connect: 0, Receive: 0, Length: 158, Exceptions: 0)
Total transferred:      255761 bytes
Total body sent:        61952
HTML transferred:       227857 bytes
Requests per second:    18.97 [#/sec] (mean)
Time per request:       52.716 [ms] (mean)
Time per request:       52.716 [ms] (mean, across all concurrent requests)
Transfer rate:          18.51 [Kbytes/sec] received
                        4.48 kb/s sent
                        22.99 kb/s total

Connection Times (ms)
              min  mean[+/-sd] median   max
Connect:        0    8  25.5      0      93
Processing:     1   44  44.8      6      99
Waiting:        1   44  44.7      6      99
Total:          1   53  45.1     92      99

Percentage of the requests served within a certain time (ms)
  50%     92
  66%     95
  75%     96
  80%     96
  90%     97
  95%     97
  98%     98
  99%     99
 100%     99 (longest request)
