{
  "result" : "{\n  \"hash\" : \"1A01B09A7AAC9B8F5A9AA8B2054FAC75\"\n}",
  "process time (us)" : 2204
}
Time taken: 9062 us
{
  "result" : "{\n  \"hash\" : \"1A01B09A7AAC9B8F5A9AA8B2054FAC75\"\n}",
  "process time (us)" : 2141
}
Time taken: 11701 us
{
  "result" : "{\n  \"hash\" : \"1A01B09A7AAC9B8F5A9AA8B2054FAC75\"\n}",
  "process time (us)" : 2165
}
Time taken: 11905 us
{
  "result" : "{\n  \"hash\" : \"1A01B09A7AAC9B8F5A9AA8B2054FAC75\"\n}",
  "process time (us)" : 2672
}
Time taken: 13398 us
{
  "result" : "{\n  \"hash\" : \"1A01B09A7AAC9B8F5A9AA8B2054FAC75\"\n}",
  "process time (us)" : 2425
}
Time taken: 12717 us
{
  "result" : "{\n  \"hash\" : \"1A01B09A7AAC9B8F5A9AA8B2054FAC75\"\n}",
  "process time (us)" : 2129
}
Time taken: 12882 us
{
  "result" : "{\n  \"hash\" : \"1A01B09A7AAC9B8F5A9AA8B2054FAC75\"\n}",
  "process time (us)" : 2660
}
Time taken: 11951 us
{
  "result" : "{\n  \"hash\" : \"1A01B09A7AAC9B8F5A9AA8B2054FAC75\"\n}",
  "process time (us)" : 3465
}
Time taken: 17505 us
{
  "result" : "{\n  \"hash\" : \"1A01B09A7AAC9B8F5A9AA8B2054FAC75\"\n}",
  "process time (us)" : 2715
}
Time taken: 17820 us
{
  "result" : "{\n  \"hash\" : \"1A01B09A7AAC9B8F5A9AA8B2054FAC75\"\n}",
  "process time (us)" : 3043
}
Time taken: 17779 us
