This is ApacheBench, Version 2.3 <$Revision: 1879490 $>
Copyright 1996 Adam Twiss, Zeus Technology Ltd, http://www.zeustech.net/
Licensed to The Apache Software Foundation, http://www.apache.org/

Benchmarking 172.18.0.2 (be patient)
Completed 204 requests
Completed 408 requests
Completed 612 requests
Completed 816 requests
Completed 1020 requests
Completed 1224 requests
Completed 1428 requests
Completed 1632 requests
Completed 1836 requests
Completed 2040 requests
Finished 2048 requests


Server Software:        
Server Hostname:        172.18.0.2
Server Port:            8080

Document Path:          /
Document Length:        1211 bytes

Concurrency Level:      8
Time taken for tests:   3.533 seconds
Complete requests:      2048
Failed requests:        2040
   (Connect: 0, Receive: 0, Length: 2040, Exceptions: 0)
Total transferred:      2686337 bytes
Total body sent:        581632
HTML transferred:       2487681 bytes
Requests per second:    579.66 [#/sec] (mean)
Time per request:       13.801 [ms] (mean)
Time per request:       1.725 [ms] (mean, across all concurrent requests)
Transfer rate:          742.51 [Kbytes/sec] received
                        160.76 kb/s sent
                        903.27 kb/s total

Connection Times (ms)
              min  mean[+/-sd] median   max
Connect:        0    0   0.5      0      11
Processing:     1   13  10.8     12     148
Waiting:        1   13  10.8     12     148
Total:          1   14  10.8     12     148

Percentage of the requests served within a certain time (ms)
  50%     12
  66%     14
  75%     16
  80%     18
  90%     21
  95%     25
  98%     31
  99%     40
 100%    148 (longest request)
