This is ApacheBench, Version 2.3 <$Revision: 1879490 $>
Copyright 1996 Adam Twiss, Zeus Technology Ltd, http://www.zeustech.net/
Licensed to The Apache Software Foundation, http://www.apache.org/

Benchmarking 172.18.0.2 (be patient).....done


Server Software:        
Server Hostname:        172.18.0.2
Server Port:            8080

Document Path:          /warmup
Document Length:        1218 bytes

Concurrency Level:      1
Time taken for tests:   5.033 seconds
Complete requests:      1
Failed requests:        0
Total transferred:      1315 bytes
Total body sent:        290
HTML transferred:       1218 bytes
Requests per second:    0.20 [#/sec] (mean)
Time per request:       5033.431 [ms] (mean)
Time per request:       5033.431 [ms] (mean, across all concurrent requests)
Transfer rate:          0.26 [Kbytes/sec] received
                        0.06 kb/s sent
                        0.31 kb/s total

Connection Times (ms)
              min  mean[+/-sd] median   max
Connect:        0    0   0.0      0       0
Processing:  5033 5033   0.0   5033    5033
Waiting:     5033 5033   0.0   5033    5033
Total:       5033 5033   0.0   5033    5033
