This is ApacheBench, Version 2.3 <$Revision: 1879490 $>
Copyright 1996 Adam Twiss, Zeus Technology Ltd, http://www.zeustech.net/
Licensed to The Apache Software Foundation, http://www.apache.org/

Benchmarking 172.18.0.2 (be patient).....done


Server Software:        
Server Hostname:        172.18.0.2
Server Port:            8080

Document Path:          /warmup
Document Length:        1216 bytes

Concurrency Level:      1
Time taken for tests:   5.043 seconds
Complete requests:      1
Failed requests:        0
Total transferred:      1313 bytes
Total body sent:        290
HTML transferred:       1216 bytes
Requests per second:    0.20 [#/sec] (mean)
Time per request:       5042.916 [ms] (mean)
Time per request:       5042.916 [ms] (mean, across all concurrent requests)
Transfer rate:          0.25 [Kbytes/sec] received
                        0.06 kb/s sent
                        0.31 kb/s total

Connection Times (ms)
              min  mean[+/-sd] median   max
Connect:        0    0   0.0      0       0
Processing:  5042 5042   0.0   5042    5042
Waiting:     5042 5042   0.0   5042    5042
Total:       5043 5043   0.0   5043    5043
