This is ApacheBench, Version 2.3 <$Revision: 1879490 $>
Copyright 1996 Adam Twiss, Zeus Technology Ltd, http://www.zeustech.net/
Licensed to The Apache Software Foundation, http://www.apache.org/

Benchmarking 172.18.0.2 (be patient).....done


Server Software:        
Server Hostname:        172.18.0.2
Server Port:            8080

Document Path:          /
Document Length:        71 bytes

Concurrency Level:      1
Time taken for tests:   5.165 seconds
Complete requests:      10
Failed requests:        0
Total transferred:      1660 bytes
Total body sent:        3970
HTML transferred:       710 bytes
Requests per second:    1.94 [#/sec] (mean)
Time per request:       516.494 [ms] (mean)
Time per request:       516.494 [ms] (mean, across all concurrent requests)
Transfer rate:          0.31 [Kbytes/sec] received
                        0.75 kb/s sent
                        1.06 kb/s total

Connection Times (ms)
              min  mean[+/-sd] median   max
Connect:        0    0   0.1      0       0
Processing:   494  516  37.5    503     620
Waiting:      494  516  37.4    503     620
Total:        495  516  37.5    503     620

Percentage of the requests served within a certain time (ms)
  50%    503
  66%    512
  75%    515
  80%    521
  90%    620
  95%    620
  98%    620
  99%    620
 100%    620 (longest request)
