This is ApacheBench, Version 2.3 <$Revision: 1879490 $>
Copyright 1996 Adam Twiss, Zeus Technology Ltd, http://www.zeustech.net/
Licensed to The Apache Software Foundation, http://www.apache.org/

Benchmarking 172.172.0.2 (be patient).....done


Server Software:        
Server Hostname:        172.172.0.2
Server Port:            8080

Document Path:          /
Document Length:        93 bytes

Concurrency Level:      2
Time taken for tests:   7.118 seconds
Complete requests:      20
Failed requests:        19
   (Connect: 0, Receive: 0, Length: 19, Exceptions: 0)
Total transferred:      3832 bytes
Total body sent:        4680
HTML transferred:       1931 bytes
Requests per second:    2.81 [#/sec] (mean)
Time per request:       711.807 [ms] (mean)
Time per request:       355.904 [ms] (mean, across all concurrent requests)
Transfer rate:          0.53 [Kbytes/sec] received
                        0.64 kb/s sent
                        1.17 kb/s total

Connection Times (ms)
              min  mean[+/-sd] median   max
Connect:        0    1   1.2      0       4
Processing:   135  521 1286.7    144    5878
Waiting:      135  521 1286.7    144    5878
Total:        135  521 1286.7    144    5879

Percentage of the requests served within a certain time (ms)
  50%    144
  66%    194
  75%    228
  80%    243
  90%   1239
  95%   5879
  98%   5879
  99%   5879
 100%   5879 (longest request)
