This is ApacheBench, Version 2.3 <$Revision: 1879490 $>
Copyright 1996 Adam Twiss, Zeus Technology Ltd, http://www.zeustech.net/
Licensed to The Apache Software Foundation, http://www.apache.org/

Benchmarking 172.18.0.2 (be patient)
Completed 100 requests
Completed 200 requests
Finished 256 requests


Server Software:        
Server Hostname:        172.18.0.2
Server Port:            8080

Document Path:          /
Document Length:        186 bytes

Concurrency Level:      1
Time taken for tests:   7.692 seconds
Complete requests:      256
Failed requests:        74
   (Connect: 0, Receive: 0, Length: 74, Exceptions: 0)
Total transferred:      72204 bytes
Total body sent:        59904
HTML transferred:       47628 bytes
Requests per second:    33.28 [#/sec] (mean)
Time per request:       30.048 [ms] (mean)
Time per request:       30.048 [ms] (mean, across all concurrent requests)
Transfer rate:          9.17 [Kbytes/sec] received
                        7.60 kb/s sent
                        16.77 kb/s total

Connection Times (ms)
              min  mean[+/-sd] median   max
Connect:        0    3  15.8      0      95
Processing:     1   27  44.5      2     296
Waiting:        0   25  43.7      2     295
Total:          1   30  46.5      3     296

Percentage of the requests served within a certain time (ms)
  50%      3
  66%      3
  75%     92
  80%     93
  90%     95
  95%     96
  98%     97
  99%    194
 100%    296 (longest request)
