This is ApacheBench, Version 2.3 <$Revision: 1879490 $>
Copyright 1996 Adam Twiss, Zeus Technology Ltd, http://www.zeustech.net/
Licensed to The Apache Software Foundation, http://www.apache.org/

Benchmarking 172.18.0.2 (be patient)
Completed 100 requests
Completed 200 requests
Finished 256 requests


Server Software:        
Server Hostname:        172.18.0.2
Server Port:            8080

Document Path:          /run
Document Length:        16 bytes

Concurrency Level:      1
Time taken for tests:   18.392 seconds
Complete requests:      256
Failed requests:        0
Total transferred:      31744 bytes
Total body sent:        50944
HTML transferred:       4096 bytes
Requests per second:    13.92 [#/sec] (mean)
Time per request:       71.844 [ms] (mean)
Time per request:       71.844 [ms] (mean, across all concurrent requests)
Transfer rate:          1.69 [Kbytes/sec] received
                        2.70 kb/s sent
                        4.39 kb/s total

Connection Times (ms)
              min  mean[+/-sd] median   max
Connect:        0    4  18.3      0      94
Processing:     2   68  44.0     96     191
Waiting:        2   65  43.5     96     101
Total:          2   72  42.5     97     191

Percentage of the requests served within a certain time (ms)
  50%     97
  66%     97
  75%     98
  80%     98
  90%     99
  95%    100
  98%    101
  99%    102
 100%    191 (longest request)
