This is ApacheBench, Version 2.3 <$Revision: 1879490 $>
Copyright 1996 Adam Twiss, Zeus Technology Ltd, http://www.zeustech.net/
Licensed to The Apache Software Foundation, http://www.apache.org/

Benchmarking 172.18.0.2 (be patient).....done


Server Software:        
Server Hostname:        172.18.0.2
Server Port:            8080

Document Path:          /
Document Length:        67 bytes

Concurrency Level:      2
Time taken for tests:   18.639 seconds
Complete requests:      4
Failed requests:        0
Total transferred:      648 bytes
Total body sent:        1176
HTML transferred:       268 bytes
Requests per second:    0.21 [#/sec] (mean)
Time per request:       9319.698 [ms] (mean)
Time per request:       4659.849 [ms] (mean, across all concurrent requests)
Transfer rate:          0.03 [Kbytes/sec] received
                        0.06 kb/s sent
                        0.10 kb/s total

Connection Times (ms)
              min  mean[+/-sd] median   max
Connect:        0    0   0.1      0       0
Processing:  4590 7024 2810.5   9458    9459
Waiting:     4590 7024 2810.5   9458    9459
Total:       4590 7025 2810.5   9458    9459

Percentage of the requests served within a certain time (ms)
  50%   9458
  66%   9458
  75%   9459
  80%   9459
  90%   9459
  95%   9459
  98%   9459
  99%   9459
 100%   9459 (longest request)
