time="2023-04-08T10:20:23-04:00" level=info msg="Called startVMM(), setting up a VMM on /tmp/testtap.socket"
time="2023-04-08T10:20:23-04:00" level=info msg="VMM logging disabled."
time="2023-04-08T10:20:23-04:00" level=info msg="VMM metrics disabled."
time="2023-04-08T10:20:23-04:00" level=info msg="refreshMachineConfiguration: [GET /machine-config][200] getMachineConfigurationOK  &{CPUTemplate:Uninitialized HtEnabled:0xc00085f7d4 MemSizeMib:0xc00085f7c8 VcpuCount:0xc00085f7c0}"
time="2023-04-08T10:20:23-04:00" level=info msg="PutGuestBootSource: [PUT /boot-source][204] putGuestBootSourceNoContent "
time="2023-04-08T10:20:23-04:00" level=info msg="Attaching drive /tmp/test-proxy/polyglot-proxy.img, slot 1, root true."
time="2023-04-08T10:20:23-04:00" level=info msg="Attached drive /tmp/test-proxy/polyglot-proxy.img: [PUT /drives/{drive_id}][204] putGuestDriveByIdNoContent "
time="2023-04-08T10:20:23-04:00" level=info msg="Attaching NIC testtap (hwaddr DE:AD:BE:EF:F9:DD) at index 1"
2023-04-08T10:20:23.467836679 [anonymous-instance:main:WARN:src/vmm/src/builder.rs:599] Could not add serial input event to epoll: Error during epoll call: Operation not permitted (os error 1)
time="2023-04-08T10:20:23-04:00" level=info msg="startInstance successful: [PUT /actions][204] createSyncActionNoContent "
[    0.012220] dmi: Firmware registration failed.
[    0.040844] zswap: default zpool zbud not available
[    0.041091] zswap: pool creation failed
Graalvisor boot time: 174 ms.
Graalvisor listening on port 8080.
Warning: graalvisor compiled with no truffle language support.
Function dynamichtml registered with process sandboxing in 702 ms
[thread 1] Creating context org.graalvm.polyglot.Context@6744dab9
[thread 41] New process sandbox 471 in 423 us
[thread 1] Creating context org.graalvm.polyglot.Context@3fffc2b3
[thread 46] New process sandbox 488 in 516 us
[thread 47] New process sandbox 489 in 469 us
[thread 48] New process sandbox 490 in 638 us
[thread 1] Creating context org.graalvm.polyglot.Context@3a70a9d0
[thread 1] Creating context org.graalvm.polyglot.Context@5ae9015c
[thread 1] Creating context org.graalvm.polyglot.Context@6586167a
time="2023-04-08T10:20:45-04:00" level=warning msg="firecracker exited: signal: terminated"
time="2023-04-08T10:20:45-04:00" level=fatal msg="Wait returned an error 1 error occurred:\n\t* signal: terminated\n\n"
