This is ApacheBench, Version 2.3 <$Revision: 1879490 $>
Copyright 1996 Adam Twiss, Zeus Technology Ltd, http://www.zeustech.net/
Licensed to The Apache Software Foundation, http://www.apache.org/

Benchmarking 172.18.0.2 (be patient).....done


Server Software:        
Server Hostname:        172.18.0.2
Server Port:            8080

Document Path:          /
Document Length:        68 bytes

Concurrency Level:      2
Time taken for tests:   51.285 seconds
Complete requests:      4
Failed requests:        0
Total transferred:      652 bytes
Total body sent:        1168
HTML transferred:       272 bytes
Requests per second:    0.08 [#/sec] (mean)
Time per request:       25642.621 [ms] (mean)
Time per request:       12821.310 [ms] (mean, across all concurrent requests)
Transfer rate:          0.01 [Kbytes/sec] received
                        0.02 kb/s sent
                        0.03 kb/s total

Connection Times (ms)
              min  mean[+/-sd] median   max
Connect:        0    0   0.1      0       0
Processing: 12829 19212 7333.9  25563   25564
Waiting:    12829 19212 7333.9  25563   25563
Total:      12829 19212 7333.8  25563   25564

Percentage of the requests served within a certain time (ms)
  50%  25563
  66%  25563
  75%  25564
  80%  25564
  90%  25564
  95%  25564
  98%  25564
  99%  25564
 100%  25564 (longest request)
This is ApacheBench, Version 2.3 <$Revision: 1879490 $>
Copyright 1996 Adam Twiss, Zeus Technology Ltd, http://www.zeustech.net/
Licensed to The Apache Software Foundation, http://www.apache.org/

Benchmarking 172.18.0.2 (be patient).....done


Server Software:        
Server Hostname:        172.18.0.2
Server Port:            8080

Document Path:          /
Document Length:        68 bytes

Concurrency Level:      2
Time taken for tests:   51.017 seconds
Complete requests:      4
Failed requests:        0
Total transferred:      652 bytes
Total body sent:        1168
HTML transferred:       272 bytes
Requests per second:    0.08 [#/sec] (mean)
Time per request:       25508.554 [ms] (mean)
Time per request:       12754.277 [ms] (mean, across all concurrent requests)
Transfer rate:          0.01 [Kbytes/sec] received
                        0.02 kb/s sent
                        0.03 kb/s total

Connection Times (ms)
              min  mean[+/-sd] median   max
Connect:        0    0   0.1      0       0
Processing: 12708 19149 7424.5  25578   25579
Waiting:    12708 19149 7424.5  25578   25579
Total:      12709 19149 7424.4  25578   25579

Percentage of the requests served within a certain time (ms)
  50%  25578
  66%  25578
  75%  25579
  80%  25579
  90%  25579
  95%  25579
  98%  25579
  99%  25579
 100%  25579 (longest request)
This is ApacheBench, Version 2.3 <$Revision: 1879490 $>
Copyright 1996 Adam Twiss, Zeus Technology Ltd, http://www.zeustech.net/
Licensed to The Apache Software Foundation, http://www.apache.org/

Benchmarking 172.18.0.2 (be patient).....done


Server Software:        
Server Hostname:        172.18.0.2
Server Port:            8080

Document Path:          /
Document Length:        68 bytes

Concurrency Level:      2
Time taken for tests:   51.242 seconds
Complete requests:      4
Failed requests:        0
Total transferred:      652 bytes
Total body sent:        1168
HTML transferred:       272 bytes
Requests per second:    0.08 [#/sec] (mean)
Time per request:       25621.129 [ms] (mean)
Time per request:       12810.565 [ms] (mean, across all concurrent requests)
Transfer rate:          0.01 [Kbytes/sec] received
                        0.02 kb/s sent
                        0.03 kb/s total

Connection Times (ms)
              min  mean[+/-sd] median   max
Connect:        0    0   0.1      0       1
Processing: 12695 19245 7497.0  25737   25737
Waiting:    12695 19244 7497.0  25737   25737
Total:      12696 19245 7497.1  25737   25738

Percentage of the requests served within a certain time (ms)
  50%  25737
  66%  25737
  75%  25738
  80%  25738
  90%  25738
  95%  25738
  98%  25738
  99%  25738
 100%  25738 (longest request)
This is ApacheBench, Version 2.3 <$Revision: 1879490 $>
Copyright 1996 Adam Twiss, Zeus Technology Ltd, http://www.zeustech.net/
Licensed to The Apache Software Foundation, http://www.apache.org/

Benchmarking 172.18.0.2 (be patient).....done


Server Software:        
Server Hostname:        172.18.0.2
Server Port:            8080

Document Path:          /
Document Length:        68 bytes

Concurrency Level:      2
Time taken for tests:   51.019 seconds
Complete requests:      4
Failed requests:        0
Total transferred:      652 bytes
Total body sent:        1168
HTML transferred:       272 bytes
Requests per second:    0.08 [#/sec] (mean)
Time per request:       25509.740 [ms] (mean)
Time per request:       12754.870 [ms] (mean, across all concurrent requests)
Transfer rate:          0.01 [Kbytes/sec] received
                        0.02 kb/s sent
                        0.03 kb/s total

Connection Times (ms)
              min  mean[+/-sd] median   max
Connect:        0    0   0.1      0       1
Processing: 12697 19137 7380.9  25528   25530
Waiting:    12697 19137 7380.9  25528   25530
Total:      12698 19137 7380.9  25528   25530

Percentage of the requests served within a certain time (ms)
  50%  25528
  66%  25528
  75%  25530
  80%  25530
  90%  25530
  95%  25530
  98%  25530
  99%  25530
 100%  25530 (longest request)
This is ApacheBench, Version 2.3 <$Revision: 1879490 $>
Copyright 1996 Adam Twiss, Zeus Technology Ltd, http://www.zeustech.net/
Licensed to The Apache Software Foundation, http://www.apache.org/

Benchmarking 172.18.0.2 (be patient).....done


Server Software:        
Server Hostname:        172.18.0.2
Server Port:            8080

Document Path:          /
Document Length:        68 bytes

Concurrency Level:      2
Time taken for tests:   51.350 seconds
Complete requests:      4
Failed requests:        0
Total transferred:      652 bytes
Total body sent:        1168
HTML transferred:       272 bytes
Requests per second:    0.08 [#/sec] (mean)
Time per request:       25675.076 [ms] (mean)
Time per request:       12837.538 [ms] (mean, across all concurrent requests)
Transfer rate:          0.01 [Kbytes/sec] received
                        0.02 kb/s sent
                        0.03 kb/s total

Connection Times (ms)
              min  mean[+/-sd] median   max
Connect:        0    0   0.0      0       0
Processing: 12830 19256 7412.0  25675   25675
Waiting:    12830 19256 7412.0  25675   25675
Total:      12830 19256 7412.0  25675   25676

Percentage of the requests served within a certain time (ms)
  50%  25675
  66%  25675
  75%  25676
  80%  25676
  90%  25676
  95%  25676
  98%  25676
  99%  25676
 100%  25676 (longest request)
