time="2023-04-08T10:03:28-04:00" level=info msg="Called startVMM(), setting up a VMM on /tmp/testtap.socket"
time="2023-04-08T10:03:28-04:00" level=info msg="VMM logging disabled."
time="2023-04-08T10:03:28-04:00" level=info msg="VMM metrics disabled."
time="2023-04-08T10:03:28-04:00" level=info msg="refreshMachineConfiguration: [GET /machine-config][200] getMachineConfigurationOK  &{CPUTemplate:Uninitialized HtEnabled:0xc00061e0d4 MemSizeMib:0xc00061e0b8 VcpuCount:0xc00061e0b0}"
time="2023-04-08T10:03:28-04:00" level=info msg="PutGuestBootSource: [PUT /boot-source][204] putGuestBootSourceNoContent "
time="2023-04-08T10:03:28-04:00" level=info msg="Attaching drive /tmp/test-proxy/polyglot-proxy.img, slot 1, root true."
time="2023-04-08T10:03:28-04:00" level=info msg="Attached drive /tmp/test-proxy/polyglot-proxy.img: [PUT /drives/{drive_id}][204] putGuestDriveByIdNoContent "
time="2023-04-08T10:03:28-04:00" level=info msg="Attaching NIC testtap (hwaddr DE:AD:BE:EF:51:79) at index 1"
2023-04-08T10:03:28.386724618 [anonymous-instance:main:WARN:src/vmm/src/builder.rs:599] Could not add serial input event to epoll: Error during epoll call: Operation not permitted (os error 1)
time="2023-04-08T10:03:28-04:00" level=info msg="startInstance successful: [PUT /actions][204] createSyncActionNoContent "
[    0.012024] dmi: Firmware registration failed.
[    0.040795] zswap: default zpool zbud not available
[    0.041031] zswap: pool creation failed
Graalvisor boot time: 165 ms.
Graalvisor listening on port 8080.
Warning: graalvisor compiled with no truffle language support.
Function thumbnail registered with context sandboxing in 769 ms
[thread 41] New context sandbox 140539146010624 in 29 us
[thread 44] Creating context org.graalvm.polyglot.Context@3fcfe9c9
[thread 43] New context sandbox 140539146010624 in 9 us
[thread 57] Creating context org.graalvm.polyglot.Context@65c27e71
time="2023-04-08T10:03:46-04:00" level=warning msg="firecracker exited: signal: terminated"
time="2023-04-08T10:03:46-04:00" level=fatal msg="Wait returned an error 1 error occurred:\n\t* signal: terminated\n\n"
