This is ApacheBench, Version 2.3 <$Revision: 1879490 $>
Copyright 1996 Adam Twiss, Zeus Technology Ltd, http://www.zeustech.net/
Licensed to The Apache Software Foundation, http://www.apache.org/

Benchmarking 172.18.0.2 (be patient).....done


Server Software:        
Server Hostname:        172.18.0.2
Server Port:            8080

Document Path:          /
Document Length:        144 bytes

Concurrency Level:      1
Time taken for tests:   1.112 seconds
Complete requests:      50
Failed requests:        42
   (Connect: 0, Receive: 0, Length: 42, Exceptions: 0)
Total transferred:      11855 bytes
Total body sent:        10000
HTML transferred:       7055 bytes
Requests per second:    44.97 [#/sec] (mean)
Time per request:       22.237 [ms] (mean)
Time per request:       22.237 [ms] (mean, across all concurrent requests)
Transfer rate:          10.41 [Kbytes/sec] received
                        8.78 kb/s sent
                        19.20 kb/s total

Connection Times (ms)
              min  mean[+/-sd] median   max
Connect:        0    0   0.1      0       0
Processing:     5   22  25.1      8      93
Waiting:        5   22  25.1      8      93
Total:          5   22  25.1      8      93

Percentage of the requests served within a certain time (ms)
  50%      8
  66%     10
  75%     24
  80%     56
  90%     68
  95%     71
  98%     93
  99%     93
 100%     93 (longest request)
