This is ApacheBench, Version 2.3 <$Revision: 1879490 $>
Copyright 1996 Adam Twiss, Zeus Technology Ltd, http://www.zeustech.net/
Licensed to The Apache Software Foundation, http://www.apache.org/

Benchmarking 172.172.0.2 (be patient)
Completed 100 requests
Completed 200 requests
Finished 256 requests


Server Software:        
Server Hostname:        172.172.0.2
Server Port:            8080

Document Path:          /run
Document Length:        29 bytes

Concurrency Level:      1
Time taken for tests:   37.173 seconds
Complete requests:      256
Failed requests:        97
   (Connect: 0, Receive: 0, Length: 97, Exceptions: 0)
Total transferred:      60491 bytes
Total body sent:        50688
HTML transferred:       7499 bytes
Requests per second:    6.89 [#/sec] (mean)
Time per request:       145.205 [ms] (mean)
Time per request:       145.205 [ms] (mean, across all concurrent requests)
Transfer rate:          1.59 [Kbytes/sec] received
                        1.33 kb/s sent
                        2.92 kb/s total

Connection Times (ms)
              min  mean[+/-sd] median   max
Connect:        0    3  14.9      0      82
Processing:     3  142  73.5    115     406
Waiting:        3  129  70.8    110     403
Total:          3  145  75.4    116     407

Percentage of the requests served within a certain time (ms)
  50%    116
  66%    192
  75%    197
  80%    199
  90%    208
  95%    288
  98%    297
  99%    396
 100%    407 (longest request)
