This is ApacheBench, Version 2.3 <$Revision: 1879490 $>
Copyright 1996 Adam Twiss, Zeus Technology Ltd, http://www.zeustech.net/
Licensed to The Apache Software Foundation, http://www.apache.org/

Benchmarking 172.18.0.2 (be patient)
Completed 400 requests
Completed 800 requests
Completed 1200 requests
Completed 1600 requests
Completed 2000 requests
Completed 2400 requests
Completed 2800 requests
Completed 3200 requests
Completed 3600 requests
Completed 4000 requests
Finished 4000 requests


Server Software:        
Server Hostname:        172.18.0.2
Server Port:            8080

Document Path:          /
Document Length:        94 bytes

Concurrency Level:      8
Time taken for tests:   3.363 seconds
Complete requests:      4000
Failed requests:        3187
   (Connect: 0, Receive: 0, Length: 3187, Exceptions: 0)
Total transferred:      752821 bytes
Total body sent:        788000
HTML transferred:       372821 bytes
Requests per second:    1189.43 [#/sec] (mean)
Time per request:       6.726 [ms] (mean)
Time per request:       0.841 [ms] (mean, across all concurrent requests)
Transfer rate:          218.61 [Kbytes/sec] received
                        228.83 kb/s sent
                        447.43 kb/s total

Connection Times (ms)
              min  mean[+/-sd] median   max
Connect:        0    0   1.4      0      31
Processing:     1    6   5.9      5      36
Waiting:        1    6   5.7      5      36
Total:          1    7   6.0      5      37

Percentage of the requests served within a certain time (ms)
  50%      5
  66%      5
  75%      5
  80%      6
  90%      6
  95%     27
  98%     30
  99%     32
 100%     37 (longest request)
This is ApacheBench, Version 2.3 <$Revision: 1879490 $>
Copyright 1996 Adam Twiss, Zeus Technology Ltd, http://www.zeustech.net/
Licensed to The Apache Software Foundation, http://www.apache.org/

Benchmarking 172.18.0.2 (be patient)
Completed 400 requests
Completed 800 requests
Completed 1200 requests
Completed 1600 requests
Completed 2000 requests
Completed 2400 requests
Completed 2800 requests
Completed 3200 requests
Completed 3600 requests
Completed 4000 requests
Finished 4000 requests


Server Software:        
Server Hostname:        172.18.0.2
Server Port:            8080

Document Path:          /
Document Length:        94 bytes

Concurrency Level:      8
Time taken for tests:   3.470 seconds
Complete requests:      4000
Failed requests:        3348
   (Connect: 0, Receive: 0, Length: 3348, Exceptions: 0)
Total transferred:      752670 bytes
Total body sent:        788000
HTML transferred:       372670 bytes
Requests per second:    1152.58 [#/sec] (mean)
Time per request:       6.941 [ms] (mean)
Time per request:       0.868 [ms] (mean, across all concurrent requests)
Transfer rate:          211.80 [Kbytes/sec] received
                        221.74 kb/s sent
                        433.53 kb/s total

Connection Times (ms)
              min  mean[+/-sd] median   max
Connect:        0    0   1.2      0      28
Processing:     1    7   6.2      5      36
Waiting:        1    6   6.0      5      35
Total:          1    7   6.2      5      36

Percentage of the requests served within a certain time (ms)
  50%      5
  66%      6
  75%      6
  80%      6
  90%      6
  95%     28
  98%     32
  99%     33
 100%     36 (longest request)
This is ApacheBench, Version 2.3 <$Revision: 1879490 $>
Copyright 1996 Adam Twiss, Zeus Technology Ltd, http://www.zeustech.net/
Licensed to The Apache Software Foundation, http://www.apache.org/

Benchmarking 172.18.0.2 (be patient)
Completed 400 requests
Completed 800 requests
Completed 1200 requests
Completed 1600 requests
Completed 2000 requests
Completed 2400 requests
Completed 2800 requests
Completed 3200 requests
Completed 3600 requests
Completed 4000 requests
Finished 4000 requests


Server Software:        
Server Hostname:        172.18.0.2
Server Port:            8080

Document Path:          /
Document Length:        94 bytes

Concurrency Level:      8
Time taken for tests:   3.248 seconds
Complete requests:      4000
Failed requests:        3335
   (Connect: 0, Receive: 0, Length: 3335, Exceptions: 0)
Total transferred:      752690 bytes
Total body sent:        788000
HTML transferred:       372690 bytes
Requests per second:    1231.47 [#/sec] (mean)
Time per request:       6.496 [ms] (mean)
Time per request:       0.812 [ms] (mean, across all concurrent requests)
Transfer rate:          226.30 [Kbytes/sec] received
                        236.91 kb/s sent
                        463.21 kb/s total

Connection Times (ms)
              min  mean[+/-sd] median   max
Connect:        0    0   1.3      0      27
Processing:     1    6   5.7      5      32
Waiting:        1    6   5.6      5      32
Total:          1    6   5.8      5      32

Percentage of the requests served within a certain time (ms)
  50%      5
  66%      5
  75%      5
  80%      5
  90%      6
  95%     27
  98%     29
  99%     31
 100%     32 (longest request)
This is ApacheBench, Version 2.3 <$Revision: 1879490 $>
Copyright 1996 Adam Twiss, Zeus Technology Ltd, http://www.zeustech.net/
Licensed to The Apache Software Foundation, http://www.apache.org/

Benchmarking 172.18.0.2 (be patient)
Completed 400 requests
Completed 800 requests
Completed 1200 requests
Completed 1600 requests
Completed 2000 requests
Completed 2400 requests
Completed 2800 requests
Completed 3200 requests
Completed 3600 requests
Completed 4000 requests
Finished 4000 requests


Server Software:        
Server Hostname:        172.18.0.2
Server Port:            8080

Document Path:          /
Document Length:        94 bytes

Concurrency Level:      8
Time taken for tests:   3.455 seconds
Complete requests:      4000
Failed requests:        3332
   (Connect: 0, Receive: 0, Length: 3332, Exceptions: 0)
Total transferred:      752697 bytes
Total body sent:        788000
HTML transferred:       372697 bytes
Requests per second:    1157.82 [#/sec] (mean)
Time per request:       6.910 [ms] (mean)
Time per request:       0.864 [ms] (mean, across all concurrent requests)
Transfer rate:          212.77 [Kbytes/sec] received
                        222.74 kb/s sent
                        435.51 kb/s total

Connection Times (ms)
              min  mean[+/-sd] median   max
Connect:        0    0   1.1      0      26
Processing:     1    7   5.6      5      32
Waiting:        1    6   5.4      5      32
Total:          2    7   5.6      5      32

Percentage of the requests served within a certain time (ms)
  50%      5
  66%      5
  75%      6
  80%      6
  90%      8
  95%     26
  98%     28
  99%     29
 100%     32 (longest request)
This is ApacheBench, Version 2.3 <$Revision: 1879490 $>
Copyright 1996 Adam Twiss, Zeus Technology Ltd, http://www.zeustech.net/
Licensed to The Apache Software Foundation, http://www.apache.org/

Benchmarking 172.18.0.2 (be patient)
Completed 400 requests
Completed 800 requests
Completed 1200 requests
Completed 1600 requests
Completed 2000 requests
Completed 2400 requests
Completed 2800 requests
Completed 3200 requests
Completed 3600 requests
Completed 4000 requests
Finished 4000 requests


Server Software:        
Server Hostname:        172.18.0.2
Server Port:            8080

Document Path:          /
Document Length:        94 bytes

Concurrency Level:      8
Time taken for tests:   3.396 seconds
Complete requests:      4000
Failed requests:        3324
   (Connect: 0, Receive: 0, Length: 3324, Exceptions: 0)
Total transferred:      752731 bytes
Total body sent:        788000
HTML transferred:       372731 bytes
Requests per second:    1177.89 [#/sec] (mean)
Time per request:       6.792 [ms] (mean)
Time per request:       0.849 [ms] (mean, across all concurrent requests)
Transfer rate:          216.46 [Kbytes/sec] received
                        226.61 kb/s sent
                        443.07 kb/s total

Connection Times (ms)
              min  mean[+/-sd] median   max
Connect:        0    0   1.2      0      26
Processing:     1    7   5.5      5      39
Waiting:        1    6   5.4      5      39
Total:          1    7   5.6      5      42

Percentage of the requests served within a certain time (ms)
  50%      5
  66%      5
  75%      5
  80%      6
  90%      8
  95%     26
  98%     28
  99%     30
 100%     42 (longest request)
