This is ApacheBench, Version 2.3 <$Revision: 1879490 $>
Copyright 1996 Adam Twiss, Zeus Technology Ltd, http://www.zeustech.net/
Licensed to The Apache Software Foundation, http://www.apache.org/

Benchmarking 172.18.0.2 (be patient).....done


Server Software:        
Server Hostname:        172.18.0.2
Server Port:            8080

Document Path:          /
Document Length:        72 bytes

Concurrency Level:      1
Time taken for tests:   7.597 seconds
Complete requests:      10
Failed requests:        9
   (Connect: 0, Receive: 0, Length: 9, Exceptions: 0)
Total transferred:      1661 bytes
Total body sent:        3970
HTML transferred:       711 bytes
Requests per second:    1.32 [#/sec] (mean)
Time per request:       759.688 [ms] (mean)
Time per request:       759.688 [ms] (mean, across all concurrent requests)
Transfer rate:          0.21 [Kbytes/sec] received
                        0.51 kb/s sent
                        0.72 kb/s total

Connection Times (ms)
              min  mean[+/-sd] median   max
Connect:        0    1   1.2      0       4
Processing:   491  759 701.7    536    2752
Waiting:      491  759 701.6    536    2752
Total:        491  760 701.6    537    2752

Percentage of the requests served within a certain time (ms)
  50%    537
  66%    540
  75%    551
  80%    655
  90%   2752
  95%   2752
  98%   2752
  99%   2752
 100%   2752 (longest request)
