This is ApacheBench, Version 2.3 <$Revision: 1879490 $>
Copyright 1996 Adam Twiss, Zeus Technology Ltd, http://www.zeustech.net/
Licensed to The Apache Software Foundation, http://www.apache.org/

Benchmarking 172.18.0.2 (be patient).....done


Server Software:        
Server Hostname:        172.18.0.2
Server Port:            8080

Document Path:          /
Document Length:        71 bytes

Concurrency Level:      1
Time taken for tests:   4.862 seconds
Complete requests:      10
Failed requests:        0
Total transferred:      1660 bytes
Total body sent:        3970
HTML transferred:       710 bytes
Requests per second:    2.06 [#/sec] (mean)
Time per request:       486.183 [ms] (mean)
Time per request:       486.183 [ms] (mean, across all concurrent requests)
Transfer rate:          0.33 [Kbytes/sec] received
                        0.80 kb/s sent
                        1.13 kb/s total

Connection Times (ms)
              min  mean[+/-sd] median   max
Connect:        0    0   0.1      0       1
Processing:   480  486   4.5    487     495
Waiting:      480  486   4.5    486     495
Total:        480  486   4.5    487     495

Percentage of the requests served within a certain time (ms)
  50%    487
  66%    488
  75%    488
  80%    489
  90%    495
  95%    495
  98%    495
  99%    495
 100%    495 (longest request)
