This is ApacheBench, Version 2.3 <$Revision: 1879490 $>
Copyright 1996 Adam Twiss, Zeus Technology Ltd, http://www.zeustech.net/
Licensed to The Apache Software Foundation, http://www.apache.org/

Benchmarking 172.18.0.2 (be patient)
Completed 100 requests
Completed 200 requests
Finished 256 requests


Server Software:        
Server Hostname:        172.18.0.2
Server Port:            8080

Document Path:          /
Document Length:        88 bytes

Concurrency Level:      1
Time taken for tests:   3.291 seconds
Complete requests:      256
Failed requests:        135
   (Connect: 0, Receive: 0, Length: 135, Exceptions: 0)
Total transferred:      46725 bytes
Total body sent:        46336
HTML transferred:       22405 bytes
Requests per second:    77.78 [#/sec] (mean)
Time per request:       12.857 [ms] (mean)
Time per request:       12.857 [ms] (mean, across all concurrent requests)
Transfer rate:          13.86 [Kbytes/sec] received
                        13.75 kb/s sent
                        27.61 kb/s total

Connection Times (ms)
              min  mean[+/-sd] median   max
Connect:        0    2  11.4      0      93
Processing:     0   11  30.2      1     191
Waiting:        0    9  27.5      1     191
Total:          0   13  31.8      1     191

Percentage of the requests served within a certain time (ms)
  50%      1
  66%      1
  75%      2
  80%      2
  90%     91
  95%     93
  98%     95
  99%     96
 100%    191 (longest request)
