This is ApacheBench, Version 2.3 <$Revision: 1879490 $>
Copyright 1996 Adam Twiss, Zeus Technology Ltd, http://www.zeustech.net/
Licensed to The Apache Software Foundation, http://www.apache.org/

Benchmarking 172.18.0.2 (be patient).....done


Server Software:        
Server Hostname:        172.18.0.2
Server Port:            8080

Document Path:          /
Document Length:        68 bytes

Concurrency Level:      1
Time taken for tests:   26.727 seconds
Complete requests:      2
Failed requests:        0
Total transferred:      326 bytes
Total body sent:        584
HTML transferred:       136 bytes
Requests per second:    0.08 [#/sec] (mean)
Time per request:       13363.680 [ms] (mean)
Time per request:       13363.680 [ms] (mean, across all concurrent requests)
Transfer rate:          0.01 [Kbytes/sec] received
                        0.02 kb/s sent
                        0.03 kb/s total

Connection Times (ms)
              min  mean[+/-sd] median   max
Connect:        0    0   0.2      0       0
Processing: 13127 13363 334.7  13600   13600
Waiting:    13127 13363 334.6  13600   13600
Total:      13127 13364 334.8  13600   13600

Percentage of the requests served within a certain time (ms)
  50%  13600
  66%  13600
  75%  13600
  80%  13600
  90%  13600
  95%  13600
  98%  13600
  99%  13600
 100%  13600 (longest request)
