This is ApacheBench, Version 2.3 <$Revision: 1879490 $>
Copyright 1996 Adam Twiss, Zeus Technology Ltd, http://www.zeustech.net/
Licensed to The Apache Software Foundation, http://www.apache.org/

Benchmarking 192.168.4.33 (be patient)
Completed 102 requests
Completed 204 requests
Completed 306 requests
Completed 408 requests
Completed 510 requests
Completed 612 requests
Completed 714 requests
Completed 816 requests
Completed 918 requests
Completed 1020 requests
Finished 1024 requests


Server Software:        
Server Hostname:        192.168.4.33
Server Port:            8080

Document Path:          /
Document Length:        189 bytes

Concurrency Level:      4
Time taken for tests:   11.528 seconds
Complete requests:      1024
Failed requests:        399
   (Connect: 0, Receive: 0, Length: 399, Exceptions: 0)
Total transferred:      292103 bytes
Total body sent:        242688
HTML transferred:       193799 bytes
Requests per second:    88.83 [#/sec] (mean)
Time per request:       45.032 [ms] (mean)
Time per request:       11.258 [ms] (mean, across all concurrent requests)
Transfer rate:          24.74 [Kbytes/sec] received
                        20.56 kb/s sent
                        45.30 kb/s total

Connection Times (ms)
              min  mean[+/-sd] median   max
Connect:        0    0   0.4      0       9
Processing:    10   45  16.4     43     123
Waiting:       10   45  16.4     43     123
Total:         10   45  16.4     44     123

Percentage of the requests served within a certain time (ms)
  50%     44
  66%     51
  75%     56
  80%     59
  90%     66
  95%     75
  98%     81
  99%     88
 100%    123 (longest request)
This is ApacheBench, Version 2.3 <$Revision: 1879490 $>
Copyright 1996 Adam Twiss, Zeus Technology Ltd, http://www.zeustech.net/
Licensed to The Apache Software Foundation, http://www.apache.org/

Benchmarking 192.168.4.33 (be patient)
Completed 102 requests
Completed 204 requests
Completed 306 requests
Completed 408 requests
Completed 510 requests
Completed 612 requests
Completed 714 requests
Completed 816 requests
Completed 918 requests
Completed 1020 requests
Finished 1024 requests


Server Software:        
Server Hostname:        192.168.4.33
Server Port:            8080

Document Path:          /
Document Length:        190 bytes

Concurrency Level:      4
Time taken for tests:   11.297 seconds
Complete requests:      1024
Failed requests:        756
   (Connect: 0, Receive: 0, Length: 756, Exceptions: 0)
Total transferred:      292075 bytes
Total body sent:        242688
HTML transferred:       193771 bytes
Requests per second:    90.64 [#/sec] (mean)
Time per request:       44.129 [ms] (mean)
Time per request:       11.032 [ms] (mean, across all concurrent requests)
Transfer rate:          25.25 [Kbytes/sec] received
                        20.98 kb/s sent
                        46.23 kb/s total

Connection Times (ms)
              min  mean[+/-sd] median   max
Connect:        0    0   0.1      0       2
Processing:    12   44  15.4     43     116
Waiting:       12   44  15.4     43     116
Total:         12   44  15.4     43     117

Percentage of the requests served within a certain time (ms)
  50%     43
  66%     50
  75%     54
  80%     56
  90%     63
  95%     71
  98%     79
  99%     86
 100%    117 (longest request)
This is ApacheBench, Version 2.3 <$Revision: 1879490 $>
Copyright 1996 Adam Twiss, Zeus Technology Ltd, http://www.zeustech.net/
Licensed to The Apache Software Foundation, http://www.apache.org/

Benchmarking 192.168.4.33 (be patient)
Completed 102 requests
Completed 204 requests
Completed 306 requests
Completed 408 requests
Completed 510 requests
Completed 612 requests
Completed 714 requests
Completed 816 requests
Completed 918 requests
Completed 1020 requests
Finished 1024 requests


Server Software:        
Server Hostname:        192.168.4.33
Server Port:            8080

Document Path:          /
Document Length:        189 bytes

Concurrency Level:      4
Time taken for tests:   11.725 seconds
Complete requests:      1024
Failed requests:        386
   (Connect: 0, Receive: 0, Length: 386, Exceptions: 0)
Total transferred:      292125 bytes
Total body sent:        242688
HTML transferred:       193821 bytes
Requests per second:    87.34 [#/sec] (mean)
Time per request:       45.799 [ms] (mean)
Time per request:       11.450 [ms] (mean, across all concurrent requests)
Transfer rate:          24.33 [Kbytes/sec] received
                        20.21 kb/s sent
                        44.55 kb/s total

Connection Times (ms)
              min  mean[+/-sd] median   max
Connect:        0    0   0.3      0      10
Processing:    12   46  10.8     45      80
Waiting:       12   46  10.8     45      80
Total:         12   46  10.9     45      81

Percentage of the requests served within a certain time (ms)
  50%     45
  66%     49
  75%     52
  80%     54
  90%     59
  95%     65
  98%     71
  99%     73
 100%     81 (longest request)
