100000 100000
885960
Added process 885960 to cgroup experiments with a quota of 100000 out of 100000.
pid 885960's current affinity list: 0-7
pid 885960's new affinity list: 0
Pinned process 885960 to core 0.
1
Disabled turbo boost.
0
Enabled turbo boost.
100000 100000
887335
Added process 887335 to cgroup experiments with a quota of 100000 out of 100000.
pid 887335's current affinity list: 0-7
pid 887335's new affinity list: 0
Pinned process 887335 to core 0.
1
Disabled turbo boost.
0
Enabled turbo boost.
100000 100000
888391
Added process 888391 to cgroup experiments with a quota of 100000 out of 100000.
pid 888391's current affinity list: 0-7
pid 888391's new affinity list: 0
Pinned process 888391 to core 0.
1
Disabled turbo boost.
0
Enabled turbo boost.
