time="2023-04-06T15:50:06-04:00" level=info msg="Called startVMM(), setting up a VMM on /tmp/testtap.socket"
time="2023-04-06T15:50:06-04:00" level=info msg="VMM logging disabled."
time="2023-04-06T15:50:06-04:00" level=info msg="VMM metrics disabled."
time="2023-04-06T15:50:06-04:00" level=info msg="refreshMachineConfiguration: [GET /machine-config][200] getMachineConfigurationOK  &{CPUTemplate:Uninitialized HtEnabled:0xc000488434 MemSizeMib:0xc000488418 VcpuCount:0xc000488410}"
time="2023-04-06T15:50:06-04:00" level=info msg="PutGuestBootSource: [PUT /boot-source][204] putGuestBootSourceNoContent "
time="2023-04-06T15:50:06-04:00" level=info msg="Attaching drive /tmp/test-proxy/polyglot-proxy.img, slot 1, root true."
time="2023-04-06T15:50:06-04:00" level=info msg="Attached drive /tmp/test-proxy/polyglot-proxy.img: [PUT /drives/{drive_id}][204] putGuestDriveByIdNoContent "
time="2023-04-06T15:50:06-04:00" level=info msg="Attaching NIC testtap (hwaddr DE:AD:BE:EF:F9:BA) at index 1"
2023-04-06T15:50:06.384200066 [anonymous-instance:main:WARN:src/vmm/src/builder.rs:599] Could not add serial input event to epoll: Error during epoll call: Operation not permitted (os error 1)
time="2023-04-06T15:50:06-04:00" level=info msg="startInstance successful: [PUT /actions][204] createSyncActionNoContent "
[    0.012000] dmi: Firmware registration failed.
[    0.040395] zswap: default zpool zbud not available
[    0.040642] zswap: pool creation failed
Graalvisor boot time: 184 ms.
Graalvisor listening on port 8080.
Warning: graalvisor compiled with no truffle language support.
Function hw registered with process sandboxing in 24 ms
[thread 40] New process sandbox 460 in 245 us
[thread 49] New process sandbox 476 in 246 us
[thread 51] New process sandbox 477 in 6704 us
[thread 53] New process sandbox 480 in 365 us
[thread 54] New process sandbox 481 in 328 us
[thread 52] New process sandbox 482 in 3619 us
[thread 55] New process sandbox 489 in 323 us
time="2023-04-06T15:50:41-04:00" level=warning msg="firecracker exited: signal: terminated"
time="2023-04-06T15:50:41-04:00" level=fatal msg="Wait returned an error 1 error occurred:\n\t* signal: terminated\n\n"
