This is ApacheBench, Version 2.3 <$Revision: 1879490 $>
Copyright 1996 Adam Twiss, Zeus Technology Ltd, http://www.zeustech.net/
Licensed to The Apache Software Foundation, http://www.apache.org/

Benchmarking 172.18.0.2 (be patient).....done


Server Software:        
Server Hostname:        172.18.0.2
Server Port:            8080

Document Path:          /
Document Length:        84 bytes

Concurrency Level:      4
Time taken for tests:   0.715 seconds
Complete requests:      20
Failed requests:        17
   (Connect: 0, Receive: 0, Length: 17, Exceptions: 0)
Total transferred:      3597 bytes
Total body sent:        4680
HTML transferred:       1697 bytes
Requests per second:    27.97 [#/sec] (mean)
Time per request:       143.001 [ms] (mean)
Time per request:       35.750 [ms] (mean, across all concurrent requests)
Transfer rate:          4.91 [Kbytes/sec] received
                        6.39 kb/s sent
                        11.30 kb/s total

Connection Times (ms)
              min  mean[+/-sd] median   max
Connect:        0    0   0.1      0       0
Processing:    64  122  25.7    120     167
Waiting:       64  121  25.8    120     167
Total:         65  122  25.7    120     167

Percentage of the requests served within a certain time (ms)
  50%    120
  66%    140
  75%    148
  80%    149
  90%    152
  95%    167
  98%    167
  99%    167
 100%    167 (longest request)
