This is ApacheBench, Version 2.3 <$Revision: 1879490 $>
Copyright 1996 Adam Twiss, Zeus Technology Ltd, http://www.zeustech.net/
Licensed to The Apache Software Foundation, http://www.apache.org/

Benchmarking 172.18.0.2 (be patient)
Completed 100 requests
Completed 200 requests
Finished 256 requests


Server Software:        
Server Hostname:        172.18.0.2
Server Port:            8080

Document Path:          /
Document Length:        89 bytes

Concurrency Level:      1
Time taken for tests:   2.094 seconds
Complete requests:      256
Failed requests:        254
   (Connect: 0, Receive: 0, Length: 254, Exceptions: 0)
Total transferred:      46673 bytes
Total body sent:        46336
HTML transferred:       22353 bytes
Requests per second:    122.24 [#/sec] (mean)
Time per request:       8.181 [ms] (mean)
Time per request:       8.181 [ms] (mean, across all concurrent requests)
Transfer rate:          21.76 [Kbytes/sec] received
                        21.61 kb/s sent
                        43.37 kb/s total

Connection Times (ms)
              min  mean[+/-sd] median   max
Connect:        0    4  17.7      0      95
Processing:     0    4  18.3      1      95
Waiting:        0    2  12.3      0      92
Total:          0    8  24.9      1      96

Percentage of the requests served within a certain time (ms)
  50%      1
  66%      1
  75%      1
  80%      1
  90%      2
  95%     91
  98%     93
  99%     95
 100%     96 (longest request)
