This is ApacheBench, Version 2.3 <$Revision: 1879490 $>
Copyright 1996 Adam Twiss, Zeus Technology Ltd, http://www.zeustech.net/
Licensed to The Apache Software Foundation, http://www.apache.org/

Benchmarking 172.18.0.2 (be patient).....done


Server Software:        
Server Hostname:        172.18.0.2
Server Port:            8080

Document Path:          /
Document Length:        68 bytes

Concurrency Level:      1
Time taken for tests:   27.118 seconds
Complete requests:      2
Failed requests:        0
Total transferred:      326 bytes
Total body sent:        584
HTML transferred:       136 bytes
Requests per second:    0.07 [#/sec] (mean)
Time per request:       13559.230 [ms] (mean)
Time per request:       13559.230 [ms] (mean, across all concurrent requests)
Transfer rate:          0.01 [Kbytes/sec] received
                        0.02 kb/s sent
                        0.03 kb/s total

Connection Times (ms)
              min  mean[+/-sd] median   max
Connect:        0    0   0.0      0       0
Processing: 13109 13559 635.6  14008   14008
Waiting:    13109 13559 635.6  14008   14008
Total:      13110 13559 635.6  14009   14009

Percentage of the requests served within a certain time (ms)
  50%  14009
  66%  14009
  75%  14009
  80%  14009
  90%  14009
  95%  14009
  98%  14009
  99%  14009
 100%  14009 (longest request)
