This is ApacheBench, Version 2.3 <$Revision: 1879490 $>
Copyright 1996 Adam Twiss, Zeus Technology Ltd, http://www.zeustech.net/
Licensed to The Apache Software Foundation, http://www.apache.org/

Benchmarking 172.18.0.2 (be patient).....done


Server Software:        
Server Hostname:        172.18.0.2
Server Port:            8080

Document Path:          /
Document Length:        68 bytes

Concurrency Level:      1
Time taken for tests:   26.593 seconds
Complete requests:      2
Failed requests:        0
Total transferred:      326 bytes
Total body sent:        584
HTML transferred:       136 bytes
Requests per second:    0.08 [#/sec] (mean)
Time per request:       13296.691 [ms] (mean)
Time per request:       13296.691 [ms] (mean, across all concurrent requests)
Transfer rate:          0.01 [Kbytes/sec] received
                        0.02 kb/s sent
                        0.03 kb/s total

Connection Times (ms)
              min  mean[+/-sd] median   max
Connect:        0    0   0.0      0       0
Processing: 13287 13296  13.0  13305   13305
Waiting:    13287 13296  13.0  13305   13305
Total:      13287 13297  13.1  13306   13306

Percentage of the requests served within a certain time (ms)
  50%  13306
  66%  13306
  75%  13306
  80%  13306
  90%  13306
  95%  13306
  98%  13306
  99%  13306
 100%  13306 (longest request)
