This is ApacheBench, Version 2.3 <$Revision: 1879490 $>
Copyright 1996 Adam Twiss, Zeus Technology Ltd, http://www.zeustech.net/
Licensed to The Apache Software Foundation, http://www.apache.org/

Benchmarking 172.18.0.2 (be patient).....done


Server Software:        
Server Hostname:        172.18.0.2
Server Port:            8080

Document Path:          /
Document Length:        86 bytes

Concurrency Level:      1
Time taken for tests:   13.174 seconds
Complete requests:      5
Failed requests:        0
Total transferred:      905 bytes
Total body sent:        1195
HTML transferred:       430 bytes
Requests per second:    0.38 [#/sec] (mean)
Time per request:       2634.778 [ms] (mean)
Time per request:       2634.778 [ms] (mean, across all concurrent requests)
Transfer rate:          0.07 [Kbytes/sec] received
                        0.09 kb/s sent
                        0.16 kb/s total

Connection Times (ms)
              min  mean[+/-sd] median   max
Connect:        0    0   0.1      0       0
Processing:  1396 2635 1783.8   2289    5692
Waiting:     1396 2634 1783.4   2289    5691
Total:       1396 2635 1783.8   2289    5693

Percentage of the requests served within a certain time (ms)
  50%   1883
  66%   2696
  75%   2696
  80%   5693
  90%   5693
  95%   5693
  98%   5693
  99%   5693
 100%   5693 (longest request)
