time="2023-04-08T09:58:53-04:00" level=info msg="Called startVMM(), setting up a VMM on /tmp/testtap.socket"
time="2023-04-08T09:58:53-04:00" level=info msg="VMM logging disabled."
time="2023-04-08T09:58:53-04:00" level=info msg="VMM metrics disabled."
time="2023-04-08T09:58:53-04:00" level=info msg="refreshMachineConfiguration: [GET /machine-config][200] getMachineConfigurationOK  &{CPUTemplate:Uninitialized HtEnabled:0xc00008f1d4 MemSizeMib:0xc00008f1c8 VcpuCount:0xc00008f1c0}"
time="2023-04-08T09:58:53-04:00" level=info msg="PutGuestBootSource: [PUT /boot-source][204] putGuestBootSourceNoContent "
time="2023-04-08T09:58:53-04:00" level=info msg="Attaching drive /tmp/test-proxy/polyglot-proxy.img, slot 1, root true."
time="2023-04-08T09:58:53-04:00" level=info msg="Attached drive /tmp/test-proxy/polyglot-proxy.img: [PUT /drives/{drive_id}][204] putGuestDriveByIdNoContent "
time="2023-04-08T09:58:53-04:00" level=info msg="Attaching NIC testtap (hwaddr DE:AD:BE:EF:34:AA) at index 1"
2023-04-08T09:58:53.494424730 [anonymous-instance:main:WARN:src/vmm/src/builder.rs:599] Could not add serial input event to epoll: Error during epoll call: Operation not permitted (os error 1)
time="2023-04-08T09:58:53-04:00" level=info msg="startInstance successful: [PUT /actions][204] createSyncActionNoContent "
[    0.012000] dmi: Firmware registration failed.
[    0.040977] zswap: default zpool zbud not available
[    0.041228] zswap: pool creation failed
Graalvisor boot time: 174 ms.
Graalvisor listening on port 8080.
Warning: graalvisor compiled with no truffle language support.
Function dynamichtml registered with context sandboxing in 350 ms
[thread 41] New context sandbox 139570316312576 in 30 us
[thread 36] Creating context org.graalvm.polyglot.Context@4b405f55
[thread 49] New context sandbox 139570316312576 in 11 us
[thread 42] Creating context org.graalvm.polyglot.Context@709eea9
[thread 50] New context sandbox 139570316312576 in 9 us
[thread 43] Creating context org.graalvm.polyglot.Context@66fda2df
[thread 51] New context sandbox 139570316312576 in 8 us
[thread 44] Creating context org.graalvm.polyglot.Context@26bb3212
[thread 52] New context sandbox 139570316312576 in 9 us
[thread 45] Creating context org.graalvm.polyglot.Context@48fb1985
[thread 53] New context sandbox 139570316312576 in 36 us
[thread 46] Creating context org.graalvm.polyglot.Context@1d306a9b
[thread 54] New context sandbox 139570316312576 in 9 us
[thread 47] Creating context org.graalvm.polyglot.Context@5819c132
[thread 55] New context sandbox 139570316312576 in 10 us
[thread 48] Creating context org.graalvm.polyglot.Context@17d0f831
time="2023-04-08T09:58:57-04:00" level=warning msg="firecracker exited: signal: terminated"
time="2023-04-08T09:58:57-04:00" level=fatal msg="Wait returned an error 1 error occurred:\n\t* signal: terminated\n\n"
