This is ApacheBench, Version 2.3 <$Revision: 1879490 $>
Copyright 1996 Adam Twiss, Zeus Technology Ltd, http://www.zeustech.net/
Licensed to The Apache Software Foundation, http://www.apache.org/

Benchmarking 172.18.0.2 (be patient).....done


Server Software:        
Server Hostname:        172.18.0.2
Server Port:            8080

Document Path:          /
Document Length:        91 bytes

Concurrency Level:      2
Time taken for tests:   1.881 seconds
Complete requests:      10
Failed requests:        9
   (Connect: 0, Receive: 0, Length: 9, Exceptions: 0)
Total transferred:      1870 bytes
Total body sent:        2350
HTML transferred:       920 bytes
Requests per second:    5.32 [#/sec] (mean)
Time per request:       376.200 [ms] (mean)
Time per request:       188.100 [ms] (mean, across all concurrent requests)
Transfer rate:          0.97 [Kbytes/sec] received
                        1.22 kb/s sent
                        2.19 kb/s total

Connection Times (ms)
              min  mean[+/-sd] median   max
Connect:        0    0   0.0      0       0
Processing:    87  288 529.0    128    1793
Waiting:       87  288 529.0    128    1793
Total:         88  288 529.0    128    1793

Percentage of the requests served within a certain time (ms)
  50%    128
  66%    130
  75%    132
  80%    138
  90%   1793
  95%   1793
  98%   1793
  99%   1793
 100%   1793 (longest request)
