This is ApacheBench, Version 2.3 <$Revision: 1879490 $>
Copyright 1996 Adam Twiss, Zeus Technology Ltd, http://www.zeustech.net/
Licensed to The Apache Software Foundation, http://www.apache.org/

Benchmarking 172.172.0.2 (be patient).....done


Server Software:        
Server Hostname:        172.172.0.2
Server Port:            8080

Document Path:          /run
Document Length:        891 bytes

Concurrency Level:      1
Time taken for tests:   1.882 seconds
Complete requests:      25
Failed requests:        18
   (Connect: 0, Receive: 0, Length: 18, Exceptions: 0)
Total transferred:      24975 bytes
Total body sent:        6025
HTML transferred:       22250 bytes
Requests per second:    13.28 [#/sec] (mean)
Time per request:       75.282 [ms] (mean)
Time per request:       75.282 [ms] (mean, across all concurrent requests)
Transfer rate:          12.96 [Kbytes/sec] received
                        3.13 kb/s sent
                        16.09 kb/s total

Connection Times (ms)
              min  mean[+/-sd] median   max
Connect:        0    8  24.6      0      89
Processing:     5   68  42.6     95     106
Waiting:        4   68  42.6     95     106
Total:          5   75  47.5     96     195

Percentage of the requests served within a certain time (ms)
  50%     96
  66%     97
  75%     98
  80%     98
  90%    100
  95%    100
  98%    195
  99%    195
 100%    195 (longest request)
