HTTP/1.1 204 
Server: Firecracker API
Connection: keep-alive

HTTP/1.1 204 
Server: Firecracker API
Connection: keep-alive

HTTP/1.1 204 
Server: Firecracker API
Connection: keep-alive

HTTP/1.1 204 
Server: Firecracker API
Connection: keep-alive

2024-02-05T14:51:17.413594987 [anonymous-instance:main:WARN:src/devices/src/legacy/serial.rs:249] Failed to register serial input fd: event_manager: failed to manage epoll file descriptor
HTTP/1.1 204 
Server: Firecracker API
Connection: keep-alive

[    0.016871] dmi: Firmware registration failed.
[    0.045993] zswap: default zpool zbud not available
[    0.046317] zswap: pool creation failed
Graalvisor boot time: 1507 ms.
Graalvisor listening on port 8080.
seccomp(SECCOMP_GET_NOTIF_SIZES): Invalid argument
Function uploader registered with context sandboxing in 2833 ms
[thread 49] New context sandbox 140376883068928 in 134 us
[thread 70] Creating context org.graalvm.polyglot.Context@4160906a
[thread 53] New context sandbox 140376883068928 in 24 us
[thread 54] New context sandbox 140376883068928 in 16 us
[thread 80] Creating context org.graalvm.polyglot.Context@6ade237e
[thread 81] Creating context org.graalvm.polyglot.Context@5d9daa33
[thread 55] New context sandbox 140376883068928 in 15 us
[thread 82] Creating context org.graalvm.polyglot.Context@23317d29
