This is ApacheBench, Version 2.3 <$Revision: 1879490 $>
Copyright 1996 Adam Twiss, Zeus Technology Ltd, http://www.zeustech.net/
Licensed to The Apache Software Foundation, http://www.apache.org/

Benchmarking 172.18.0.2 (be patient).....done


Server Software:        
Server Hostname:        172.18.0.2
Server Port:            8080

Document Path:          /run
Document Length:        21 bytes

Concurrency Level:      2
Time taken for tests:   17.688 seconds
Complete requests:      4
Failed requests:        0
Total transferred:      464 bytes
Total body sent:        1024
HTML transferred:       84 bytes
Requests per second:    0.23 [#/sec] (mean)
Time per request:       8843.887 [ms] (mean)
Time per request:       4421.944 [ms] (mean, across all concurrent requests)
Transfer rate:          0.03 [Kbytes/sec] received
                        0.06 kb/s sent
                        0.08 kb/s total

Connection Times (ms)
              min  mean[+/-sd] median   max
Connect:        0    0   0.1      0       0
Processing:  4474 6568 2312.7   8557    8582
Waiting:     4474 6567 2313.0   8557    8581
Total:       4475 6568 2312.7   8557    8582

Percentage of the requests served within a certain time (ms)
  50%   8557
  66%   8557
  75%   8582
  80%   8582
  90%   8582
  95%   8582
  98%   8582
  99%   8582
 100%   8582 (longest request)
