50000 100000
1931849
Added process 1931849 to cgroup experiments with a quota of 50000 out of 100000.
pid 1931849's current affinity list: 0-7
pid 1931849's new affinity list: 0
Pinned process 1931849 to core 0.
50000 100000
1931989
Added process 1931989 to cgroup experiments with a quota of 50000 out of 100000.
pid 1931989's current affinity list: 0-7
pid 1931989's new affinity list: 0
Pinned process 1931989 to core 0.
50000 100000
1932110
Added process 1932110 to cgroup experiments with a quota of 50000 out of 100000.
pid 1932110's current affinity list: 0-7
pid 1932110's new affinity list: 0
Pinned process 1932110 to core 0.
50000 100000
1932279
Added process 1932279 to cgroup experiments with a quota of 50000 out of 100000.
pid 1932279's current affinity list: 0-7
pid 1932279's new affinity list: 0
Pinned process 1932279 to core 0.
