This is ApacheBench, Version 2.3 <$Revision: 1879490 $>
Copyright 1996 Adam Twiss, Zeus Technology Ltd, http://www.zeustech.net/
Licensed to The Apache Software Foundation, http://www.apache.org/

Benchmarking 172.18.0.2 (be patient)
Completed 100 requests
Completed 200 requests
Finished 256 requests


Server Software:        
Server Hostname:        172.18.0.2
Server Port:            8080

Document Path:          /run
Document Length:        36 bytes

Concurrency Level:      1
Time taken for tests:   58.089 seconds
Complete requests:      256
Failed requests:        0
Total transferred:      36864 bytes
Total body sent:        50944
HTML transferred:       9216 bytes
Requests per second:    4.41 [#/sec] (mean)
Time per request:       226.911 [ms] (mean)
Time per request:       226.911 [ms] (mean, across all concurrent requests)
Transfer rate:          0.62 [Kbytes/sec] received
                        0.86 kb/s sent
                        1.48 kb/s total

Connection Times (ms)
              min  mean[+/-sd] median   max
Connect:        0    7  23.4      0      91
Processing:     9  220  90.1    203    1484
Waiting:        9  220  90.1    203    1484
Total:         97  227  90.8    203    1484

Percentage of the requests served within a certain time (ms)
  50%    203
  66%    204
  75%    290
  80%    292
  90%    294
  95%    295
  98%    297
  99%    298
 100%   1484 (longest request)
