time="2023-04-06T15:58:05-04:00" level=info msg="Called startVMM(), setting up a VMM on /tmp/testtap.socket"
time="2023-04-06T15:58:06-04:00" level=info msg="VMM logging disabled."
time="2023-04-06T15:58:06-04:00" level=info msg="VMM metrics disabled."
time="2023-04-06T15:58:06-04:00" level=info msg="refreshMachineConfiguration: [GET /machine-config][200] getMachineConfigurationOK  &{CPUTemplate:Uninitialized HtEnabled:0xc00008e0d4 MemSizeMib:0xc00008e0c8 VcpuCount:0xc00008e0c0}"
time="2023-04-06T15:58:06-04:00" level=info msg="PutGuestBootSource: [PUT /boot-source][204] putGuestBootSourceNoContent "
time="2023-04-06T15:58:06-04:00" level=info msg="Attaching drive /tmp/test-proxy/polyglot-proxy.img, slot 1, root true."
time="2023-04-06T15:58:06-04:00" level=info msg="Attached drive /tmp/test-proxy/polyglot-proxy.img: [PUT /drives/{drive_id}][204] putGuestDriveByIdNoContent "
time="2023-04-06T15:58:06-04:00" level=info msg="Attaching NIC testtap (hwaddr DE:AD:BE:EF:B7:22) at index 1"
2023-04-06T15:58:06.013536416 [anonymous-instance:main:WARN:src/vmm/src/builder.rs:599] Could not add serial input event to epoll: Error during epoll call: Operation not permitted (os error 1)
time="2023-04-06T15:58:06-04:00" level=info msg="startInstance successful: [PUT /actions][204] createSyncActionNoContent "
[    0.012078] dmi: Firmware registration failed.
[    0.040862] zswap: default zpool zbud not available
[    0.041129] zswap: pool creation failed
Graalvisor boot time: 169 ms.
Graalvisor listening on port 8080.
Warning: graalvisor compiled with no truffle language support.
Function filehashing registered with runtime sandboxing in 30 ms
[thread 40] New runtime sandbox 140518645301248 in 1756 us
[thread 48] New runtime sandbox 140483983572992 in 469 us
[thread 49] New runtime sandbox 140449606008832 in 499 us
[thread 50] New runtime sandbox 140415236833280 in 682 us
[thread 51] New runtime sandbox 140380867657728 in 485 us
[thread 52] New runtime sandbox 140346498482176 in 657 us
[thread 53] New runtime sandbox 140312129306624 in 527 us
[thread 54] New runtime sandbox 140277760131072 in 487 us
time="2023-04-06T15:58:14-04:00" level=warning msg="firecracker exited: signal: terminated"
time="2023-04-06T15:58:14-04:00" level=fatal msg="Wait returned an error 1 error occurred:\n\t* signal: terminated\n\n"
