This is ApacheBench, Version 2.3 <$Revision: 1879490 $>
Copyright 1996 Adam Twiss, Zeus Technology Ltd, http://www.zeustech.net/
Licensed to The Apache Software Foundation, http://www.apache.org/

Benchmarking 172.18.0.2 (be patient).....done


Server Software:        
Server Hostname:        172.18.0.2
Server Port:            8080

Document Path:          /
Document Length:        94 bytes

Concurrency Level:      1
Time taken for tests:   1.707 seconds
Complete requests:      2
Failed requests:        0
Total transferred:      378 bytes
Total body sent:        584
HTML transferred:       188 bytes
Requests per second:    1.17 [#/sec] (mean)
Time per request:       853.373 [ms] (mean)
Time per request:       853.373 [ms] (mean, across all concurrent requests)
Transfer rate:          0.22 [Kbytes/sec] received
                        0.33 kb/s sent
                        0.55 kb/s total

Connection Times (ms)
              min  mean[+/-sd] median   max
Connect:        0    0   0.0      0       0
Processing:   775  853 110.9    932     932
Waiting:      775  853 110.9    932     932
Total:        775  853 111.0    932     932

Percentage of the requests served within a certain time (ms)
  50%    932
  66%    932
  75%    932
  80%    932
  90%    932
  95%    932
  98%    932
  99%    932
 100%    932 (longest request)
