This is ApacheBench, Version 2.3 <$Revision: 1879490 $>
Copyright 1996 Adam Twiss, Zeus Technology Ltd, http://www.zeustech.net/
Licensed to The Apache Software Foundation, http://www.apache.org/

Benchmarking 172.172.0.2 (be patient).....done


Server Software:        
Server Hostname:        172.172.0.2
Server Port:            8080

Document Path:          /
Document Length:        86 bytes

Concurrency Level:      4
Time taken for tests:   20.936 seconds
Complete requests:      40
Failed requests:        38
   (Connect: 0, Receive: 0, Length: 38, Exceptions: 0)
Total transferred:      7183 bytes
Total body sent:        9320
HTML transferred:       3383 bytes
Requests per second:    1.91 [#/sec] (mean)
Time per request:       2093.617 [ms] (mean)
Time per request:       523.404 [ms] (mean, across all concurrent requests)
Transfer rate:          0.34 [Kbytes/sec] received
                        0.43 kb/s sent
                        0.77 kb/s total

Connection Times (ms)
              min  mean[+/-sd] median   max
Connect:        0    0   0.1      0       1
Processing:    55 1365 3916.6     83   14486
Waiting:       55 1365 3916.6     83   14485
Total:         55 1366 3916.6     84   14486

Percentage of the requests served within a certain time (ms)
  50%     84
  66%    116
  75%    128
  80%    218
  90%   6450
  95%  14486
  98%  14486
  99%  14486
 100%  14486 (longest request)
