time="2023-03-24T16:45:19-04:00" level=info msg="Called startVMM(), setting up a VMM on /tmp/testtap.socket"
time="2023-03-24T16:45:19-04:00" level=info msg="VMM logging disabled."
time="2023-03-24T16:45:19-04:00" level=info msg="VMM metrics disabled."
time="2023-03-24T16:45:19-04:00" level=info msg="refreshMachineConfiguration: [GET /machine-config][200] getMachineConfigurationOK  &{CPUTemplate:Uninitialized HtEnabled:0xc0004583f4 MemSizeMib:0xc0004583e8 VcpuCount:0xc0004583e0}"
time="2023-03-24T16:45:19-04:00" level=info msg="PutGuestBootSource: [PUT /boot-source][204] putGuestBootSourceNoContent "
time="2023-03-24T16:45:19-04:00" level=info msg="Attaching drive /tmp/test-proxy/polyglot-proxy.img, slot 1, root true."
time="2023-03-24T16:45:19-04:00" level=info msg="Attached drive /tmp/test-proxy/polyglot-proxy.img: [PUT /drives/{drive_id}][204] putGuestDriveByIdNoContent "
time="2023-03-24T16:45:19-04:00" level=info msg="Attaching NIC testtap (hwaddr DE:AD:BE:EF:BE:85) at index 1"
2023-03-24T16:45:19.414884324 [anonymous-instance:main:WARN:src/vmm/src/builder.rs:599] Could not add serial input event to epoll: Error during epoll call: Operation not permitted (os error 1)
time="2023-03-24T16:45:19-04:00" level=info msg="startInstance successful: [PUT /actions][204] createSyncActionNoContent "
[    0.012254] dmi: Firmware registration failed.
[    0.040837] zswap: default zpool zbud not available
[    0.041083] zswap: pool creation failed
Graalvisor boot time: 198 ms.
Graalvisor listening on port 8080.
Waiting for 192.168.16.182:8080
Function filehashing registered with process sandboxing in 34 ms
[thread 43] New process sandbox 462 in 101435 us
time="2023-03-24T16:45:24-04:00" level=warning msg="firecracker exited: signal: terminated"
time="2023-03-24T16:45:24-04:00" level=fatal msg="Wait returned an error 1 error occurred:\n\t* signal: terminated\n\n"
