This is ApacheBench, Version 2.3 <$Revision: 1879490 $>
Copyright 1996 Adam Twiss, Zeus Technology Ltd, http://www.zeustech.net/
Licensed to The Apache Software Foundation, http://www.apache.org/

Benchmarking 194.210.229.191 (be patient).....done


Server Software:        
Server Hostname:        194.210.229.191
Server Port:            8080

Document Path:          /run
Document Length:        883 bytes

Concurrency Level:      1
Time taken for tests:   5.491 seconds
Complete requests:      100
Failed requests:        72
   (Connect: 0, Receive: 0, Length: 72, Exceptions: 0)
Total transferred:      109096 bytes
Total body sent:        25000
HTML transferred:       88196 bytes
Requests per second:    18.21 [#/sec] (mean)
Time per request:       54.906 [ms] (mean)
Time per request:       54.906 [ms] (mean, across all concurrent requests)
Transfer rate:          19.40 [Kbytes/sec] received
                        4.45 kb/s sent
                        23.85 kb/s total

Connection Times (ms)
              min  mean[+/-sd] median   max
Connect:        0    2  13.1      0      94
Processing:     2   53  57.8      7     296
Waiting:        2   47  54.5      5     296
Total:          2   55  57.8     10     296

Percentage of the requests served within a certain time (ms)
  50%     10
  66%     92
  75%     94
  80%     96
  90%     99
  95%    187
  98%    200
  99%    296
 100%    296 (longest request)
