This is ApacheBench, Version 2.3 <$Revision: 1879490 $>
Copyright 1996 Adam Twiss, Zeus Technology Ltd, http://www.zeustech.net/
Licensed to The Apache Software Foundation, http://www.apache.org/

Benchmarking 127.0.0.1 (be patient)
Completed 100 requests
Completed 200 requests
Finished 256 requests


Server Software:        
Server Hostname:        127.0.0.1
Server Port:            8081

Document Path:          /
Document Length:        311 bytes

Concurrency Level:      1
Time taken for tests:   0.814 seconds
Complete requests:      256
Failed requests:        1
   (Connect: 0, Receive: 0, Length: 1, Exceptions: 0)
Total transferred:      104193 bytes
Total body sent:        73728
HTML transferred:       79617 bytes
Requests per second:    314.42 [#/sec] (mean)
Time per request:       3.180 [ms] (mean)
Time per request:       3.180 [ms] (mean, across all concurrent requests)
Transfer rate:          124.97 [Kbytes/sec] received
                        88.43 kb/s sent
                        213.40 kb/s total

Connection Times (ms)
              min  mean[+/-sd] median   max
Connect:        0    0   0.0      0       0
Processing:     2    3   1.3      3      23
Waiting:        2    3   1.3      3      23
Total:          2    3   1.3      3      23

Percentage of the requests served within a certain time (ms)
  50%      3
  66%      3
  75%      3
  80%      3
  90%      4
  95%      4
  98%      4
  99%      4
 100%     23 (longest request)
