This is ApacheBench, Version 2.3 <$Revision: 1879490 $>
Copyright 1996 Adam Twiss, Zeus Technology Ltd, http://www.zeustech.net/
Licensed to The Apache Software Foundation, http://www.apache.org/

Benchmarking 172.18.0.2 (be patient).....done


Server Software:        
Server Hostname:        172.18.0.2
Server Port:            8080

Document Path:          /
Document Length:        71 bytes

Concurrency Level:      1
Time taken for tests:   4.557 seconds
Complete requests:      10
Failed requests:        0
Total transferred:      1660 bytes
Total body sent:        3970
HTML transferred:       710 bytes
Requests per second:    2.19 [#/sec] (mean)
Time per request:       455.650 [ms] (mean)
Time per request:       455.650 [ms] (mean, across all concurrent requests)
Transfer rate:          0.36 [Kbytes/sec] received
                        0.85 kb/s sent
                        1.21 kb/s total

Connection Times (ms)
              min  mean[+/-sd] median   max
Connect:        0    0   0.1      0       0
Processing:   336  455 114.6    411     740
Waiting:      336  455 114.6    411     740
Total:        336  456 114.6    411     740

Percentage of the requests served within a certain time (ms)
  50%    411
  66%    465
  75%    476
  80%    538
  90%    740
  95%    740
  98%    740
  99%    740
 100%    740 (longest request)
