time="2023-04-08T09:48:13-04:00" level=info msg="Called startVMM(), setting up a VMM on /tmp/testtap.socket"
time="2023-04-08T09:48:13-04:00" level=info msg="VMM logging disabled."
time="2023-04-08T09:48:13-04:00" level=info msg="VMM metrics disabled."
time="2023-04-08T09:48:13-04:00" level=info msg="refreshMachineConfiguration: [GET /machine-config][200] getMachineConfigurationOK  &{CPUTemplate:Uninitialized HtEnabled:0xc00008e14c MemSizeMib:0xc00008e140 VcpuCount:0xc00008e138}"
time="2023-04-08T09:48:13-04:00" level=info msg="PutGuestBootSource: [PUT /boot-source][204] putGuestBootSourceNoContent "
time="2023-04-08T09:48:13-04:00" level=info msg="Attaching drive /tmp/test-proxy/polyglot-proxy.img, slot 1, root true."
time="2023-04-08T09:48:13-04:00" level=info msg="Attached drive /tmp/test-proxy/polyglot-proxy.img: [PUT /drives/{drive_id}][204] putGuestDriveByIdNoContent "
time="2023-04-08T09:48:13-04:00" level=info msg="Attaching NIC testtap (hwaddr DE:AD:BE:EF:30:A3) at index 1"
2023-04-08T09:48:13.588061865 [anonymous-instance:main:WARN:src/vmm/src/builder.rs:599] Could not add serial input event to epoll: Error during epoll call: Operation not permitted (os error 1)
time="2023-04-08T09:48:13-04:00" level=info msg="startInstance successful: [PUT /actions][204] createSyncActionNoContent "
[    0.012000] dmi: Firmware registration failed.
[    0.040474] zswap: default zpool zbud not available
[    0.040725] zswap: pool creation failed
Graalvisor boot time: 165 ms.
Graalvisor listening on port 8080.
Warning: graalvisor compiled with no truffle language support.
Function httprequest registered with isolate sandboxing in 32 ms
[thread 41] New isolate sandbox 139622406422528 in 715 us
[thread 49] New isolate sandbox 139587644030976 in 517 us
[thread 50] New isolate sandbox 139553283244032 in 1003 us
[thread 51] New isolate sandbox 139518922457088 in 478 us
[thread 52] New isolate sandbox 139484561670144 in 426 us
[thread 54] New isolate sandbox 139450200883200 in 441 us
[thread 55] New isolate sandbox 139415831707648 in 437 us
[thread 56] New isolate sandbox 139381445754880 in 458 us
time="2023-04-08T09:48:21-04:00" level=warning msg="firecracker exited: signal: terminated"
time="2023-04-08T09:48:21-04:00" level=fatal msg="Wait returned an error 1 error occurred:\n\t* signal: terminated\n\n"
