This is ApacheBench, Version 2.3 <$Revision: 1879490 $>
Copyright 1996 Adam Twiss, Zeus Technology Ltd, http://www.zeustech.net/
Licensed to The Apache Software Foundation, http://www.apache.org/

Benchmarking 172.18.0.2 (be patient).....done


Server Software:        
Server Hostname:        172.18.0.2
Server Port:            8080

Document Path:          /run
Document Length:        21 bytes

Concurrency Level:      2
Time taken for tests:   16.899 seconds
Complete requests:      4
Failed requests:        0
Total transferred:      464 bytes
Total body sent:        1024
HTML transferred:       84 bytes
Requests per second:    0.24 [#/sec] (mean)
Time per request:       8449.396 [ms] (mean)
Time per request:       4224.698 [ms] (mean, across all concurrent requests)
Transfer rate:          0.03 [Kbytes/sec] received
                        0.06 kb/s sent
                        0.09 kb/s total

Connection Times (ms)
              min  mean[+/-sd] median   max
Connect:        0    0   0.0      0       0
Processing:  4475 6183 1899.3   7821    7834
Waiting:     4474 6182 1900.0   7821    7834
Total:       4475 6183 1899.3   7821    7834

Percentage of the requests served within a certain time (ms)
  50%   7821
  66%   7821
  75%   7834
  80%   7834
  90%   7834
  95%   7834
  98%   7834
  99%   7834
 100%   7834 (longest request)
