This is ApacheBench, Version 2.3 <$Revision: 1879490 $>
Copyright 1996 Adam Twiss, Zeus Technology Ltd, http://www.zeustech.net/
Licensed to The Apache Software Foundation, http://www.apache.org/

Benchmarking 172.18.0.2 (be patient)
Completed 204 requests
Completed 408 requests
Completed 612 requests
Completed 816 requests
Completed 1020 requests
Completed 1224 requests
Completed 1428 requests
Completed 1632 requests
Completed 1836 requests
Completed 2040 requests
Finished 2048 requests


Server Software:        
Server Hostname:        172.18.0.2
Server Port:            8080

Document Path:          /
Document Length:        185 bytes

Concurrency Level:      8
Time taken for tests:   2.357 seconds
Complete requests:      2048
Failed requests:        168
   (Connect: 0, Receive: 0, Length: 168, Exceptions: 0)
Total transferred:      575733 bytes
Total body sent:        479232
HTML transferred:       379125 bytes
Requests per second:    868.95 [#/sec] (mean)
Time per request:       9.206 [ms] (mean)
Time per request:       1.151 [ms] (mean, across all concurrent requests)
Transfer rate:          238.55 [Kbytes/sec] received
                        198.57 kb/s sent
                        437.12 kb/s total

Connection Times (ms)
              min  mean[+/-sd] median   max
Connect:        0    0   1.0      0      26
Processing:     1    9   9.3      4      61
Waiting:        1    8   8.8      4      61
Total:          1    9   9.4      4      61

Percentage of the requests served within a certain time (ms)
  50%      4
  66%      7
  75%     11
  80%     13
  90%     24
  95%     30
  98%     37
  99%     44
 100%     61 (longest request)
