This is ApacheBench, Version 2.3 <$Revision: 1879490 $>
Copyright 1996 Adam Twiss, Zeus Technology Ltd, http://www.zeustech.net/
Licensed to The Apache Software Foundation, http://www.apache.org/

Benchmarking 172.18.0.2 (be patient)
Completed 500 requests
Completed 1000 requests
Completed 1500 requests
Completed 2000 requests
Completed 2500 requests
Completed 3000 requests
Completed 3500 requests
Completed 4000 requests
Completed 4500 requests
Completed 5000 requests
Finished 5000 requests


Server Software:        
Server Hostname:        172.18.0.2
Server Port:            8080

Document Path:          /
Document Length:        85 bytes

Concurrency Level:      1
Time taken for tests:   9.651 seconds
Complete requests:      5000
Failed requests:        4192
   (Connect: 0, Receive: 0, Length: 4192, Exceptions: 0)
Total transferred:      895898 bytes
Total body sent:        1190000
HTML transferred:       420898 bytes
Requests per second:    518.06 [#/sec] (mean)
Time per request:       1.930 [ms] (mean)
Time per request:       1.930 [ms] (mean, across all concurrent requests)
Transfer rate:          90.65 [Kbytes/sec] received
                        120.41 kb/s sent
                        211.06 kb/s total

Connection Times (ms)
              min  mean[+/-sd] median   max
Connect:        0    0   0.9      0      20
Processing:     1    2   2.1      1      25
Waiting:        0    1   1.9      1      25
Total:          1    2   2.3      1      25

Percentage of the requests served within a certain time (ms)
  50%      1
  66%      2
  75%      2
  80%      2
  90%      2
  95%      2
  98%      9
  99%     18
 100%     25 (longest request)
