100000 100000
987614
Added process 987614 to cgroup experiments with a quota of 100000 out of 100000.
pid 987614's current affinity list: 0-7
pid 987614's new affinity list: 0
Pinned process 987614 to core 0.
1
Disabled turbo boost.
0
Enabled turbo boost.
100000 100000
987976
Added process 987976 to cgroup experiments with a quota of 100000 out of 100000.
pid 987976's current affinity list: 0-7
pid 987976's new affinity list: 0
Pinned process 987976 to core 0.
1
Disabled turbo boost.
0
Enabled turbo boost.
100000 100000
988337
Added process 988337 to cgroup experiments with a quota of 100000 out of 100000.
pid 988337's current affinity list: 0-7
pid 988337's new affinity list: 0
Pinned process 988337 to core 0.
1
Disabled turbo boost.
0
Enabled turbo boost.
100000 100000
988690
Added process 988690 to cgroup experiments with a quota of 100000 out of 100000.
pid 988690's current affinity list: 0-7
pid 988690's new affinity list: 0
Pinned process 988690 to core 0.
1
Disabled turbo boost.
0
Enabled turbo boost.
