time="2023-04-08T09:58:20-04:00" level=info msg="Called startVMM(), setting up a VMM on /tmp/testtap.socket"
time="2023-04-08T09:58:20-04:00" level=info msg="VMM logging disabled."
time="2023-04-08T09:58:20-04:00" level=info msg="VMM metrics disabled."
time="2023-04-08T09:58:20-04:00" level=info msg="refreshMachineConfiguration: [GET /machine-config][200] getMachineConfigurationOK  &{CPUTemplate:Uninitialized HtEnabled:0xc0000a4724 MemSizeMib:0xc0000a4708 VcpuCount:0xc0000a4700}"
time="2023-04-08T09:58:20-04:00" level=info msg="PutGuestBootSource: [PUT /boot-source][204] putGuestBootSourceNoContent "
time="2023-04-08T09:58:20-04:00" level=info msg="Attaching drive /tmp/test-proxy/polyglot-proxy.img, slot 1, root true."
time="2023-04-08T09:58:20-04:00" level=info msg="Attached drive /tmp/test-proxy/polyglot-proxy.img: [PUT /drives/{drive_id}][204] putGuestDriveByIdNoContent "
time="2023-04-08T09:58:20-04:00" level=info msg="Attaching NIC testtap (hwaddr DE:AD:BE:EF:3D:F8) at index 1"
2023-04-08T09:58:20.497713459 [anonymous-instance:main:WARN:src/vmm/src/builder.rs:599] Could not add serial input event to epoll: Error during epoll call: Operation not permitted (os error 1)
time="2023-04-08T09:58:20-04:00" level=info msg="startInstance successful: [PUT /actions][204] createSyncActionNoContent "
[    0.012000] dmi: Firmware registration failed.
[    0.040298] zswap: default zpool zbud not available
[    0.040544] zswap: pool creation failed
Graalvisor boot time: 173 ms.
Graalvisor listening on port 8080.
Warning: graalvisor compiled with no truffle language support.
Function hw registered with context sandboxing in 297 ms
[thread 41] New context sandbox 140199327694848 in 25 us
[thread 37] Creating context org.graalvm.polyglot.Context@56145452
[thread 49] New context sandbox 140199327694848 in 21 us
[thread 41] Creating context org.graalvm.polyglot.Context@7b092d25
[thread 50] New context sandbox 140199327694848 in 12 us
[thread 51] New context sandbox 140199327694848 in 10 us
[thread 43] Creating context org.graalvm.polyglot.Context@74e858f7
[thread 42] Creating context org.graalvm.polyglot.Context@1126176e
[thread 53] New context sandbox 140199327694848 in 12 us
[thread 44] Creating context org.graalvm.polyglot.Context@2dd6923e
[thread 54] New context sandbox 140199327694848 in 10 us
[thread 45] Creating context org.graalvm.polyglot.Context@58ca7f13
[thread 55] New context sandbox 140199327694848 in 9 us
[thread 56] New context sandbox 140199327694848 in 9 us
[thread 47] Creating context org.graalvm.polyglot.Context@15b423a
[thread 46] Creating context org.graalvm.polyglot.Context@759cda7f
time="2023-04-08T09:58:22-04:00" level=warning msg="firecracker exited: signal: terminated"
time="2023-04-08T09:58:22-04:00" level=fatal msg="Wait returned an error 1 error occurred:\n\t* signal: terminated\n\n"
