This is ApacheBench, Version 2.3 <$Revision: 1879490 $>
Copyright 1996 Adam Twiss, Zeus Technology Ltd, http://www.zeustech.net/
Licensed to The Apache Software Foundation, http://www.apache.org/

Benchmarking 192.168.16.182 (be patient)
Completed 200 requests
Completed 400 requests
Completed 600 requests
Completed 800 requests
Completed 1000 requests
Completed 1200 requests
Completed 1400 requests
Completed 1600 requests
Completed 1800 requests
Completed 2000 requests
Finished 2000 requests


Server Software:        
Server Hostname:        192.168.16.182
Server Port:            8080

Document Path:          /
Document Length:        120 bytes

Concurrency Level:      1
Time taken for tests:   2.614 seconds
Complete requests:      2000
Failed requests:        0
Total transferred:      432000 bytes
Total body sent:        402000
HTML transferred:       240000 bytes
Requests per second:    765.04 [#/sec] (mean)
Time per request:       1.307 [ms] (mean)
Time per request:       1.307 [ms] (mean, across all concurrent requests)
Transfer rate:          161.37 [Kbytes/sec] received
                        150.17 kb/s sent
                        311.54 kb/s total

Connection Times (ms)
              min  mean[+/-sd] median   max
Connect:        0    0   0.0      0       1
Processing:     1    1   0.2      1       3
Waiting:        1    1   0.2      1       3
Total:          1    1   0.2      1       3

Percentage of the requests served within a certain time (ms)
  50%      1
  66%      1
  75%      1
  80%      1
  90%      1
  95%      2
  98%      2
  99%      2
 100%      3 (longest request)
This is ApacheBench, Version 2.3 <$Revision: 1879490 $>
Copyright 1996 Adam Twiss, Zeus Technology Ltd, http://www.zeustech.net/
Licensed to The Apache Software Foundation, http://www.apache.org/

Benchmarking 192.168.16.182 (be patient)
Completed 200 requests
Completed 400 requests
Completed 600 requests
Completed 800 requests
Completed 1000 requests
Completed 1200 requests
Completed 1400 requests
Completed 1600 requests
Completed 1800 requests
Completed 2000 requests
Finished 2000 requests


Server Software:        
Server Hostname:        192.168.16.182
Server Port:            8080

Document Path:          /
Document Length:        120 bytes

Concurrency Level:      1
Time taken for tests:   2.883 seconds
Complete requests:      2000
Failed requests:        0
Total transferred:      432000 bytes
Total body sent:        402000
HTML transferred:       240000 bytes
Requests per second:    693.83 [#/sec] (mean)
Time per request:       1.441 [ms] (mean)
Time per request:       1.441 [ms] (mean, across all concurrent requests)
Transfer rate:          146.35 [Kbytes/sec] received
                        136.19 kb/s sent
                        282.55 kb/s total

Connection Times (ms)
              min  mean[+/-sd] median   max
Connect:        0    0   0.0      0       0
Processing:     1    1   0.2      1       4
Waiting:        1    1   0.2      1       4
Total:          1    1   0.2      1       4

Percentage of the requests served within a certain time (ms)
  50%      1
  66%      2
  75%      2
  80%      2
  90%      2
  95%      2
  98%      2
  99%      3
 100%      4 (longest request)
This is ApacheBench, Version 2.3 <$Revision: 1879490 $>
Copyright 1996 Adam Twiss, Zeus Technology Ltd, http://www.zeustech.net/
Licensed to The Apache Software Foundation, http://www.apache.org/

Benchmarking 192.168.16.182 (be patient)
Completed 200 requests
Completed 400 requests
Completed 600 requests
Completed 800 requests
Completed 1000 requests
Completed 1200 requests
Completed 1400 requests
Completed 1600 requests
Completed 1800 requests
Completed 2000 requests
Finished 2000 requests


Server Software:        
Server Hostname:        192.168.16.182
Server Port:            8080

Document Path:          /
Document Length:        120 bytes

Concurrency Level:      1
Time taken for tests:   2.853 seconds
Complete requests:      2000
Failed requests:        0
Total transferred:      432000 bytes
Total body sent:        402000
HTML transferred:       240000 bytes
Requests per second:    700.95 [#/sec] (mean)
Time per request:       1.427 [ms] (mean)
Time per request:       1.427 [ms] (mean, across all concurrent requests)
Transfer rate:          147.86 [Kbytes/sec] received
                        137.59 kb/s sent
                        285.45 kb/s total

Connection Times (ms)
              min  mean[+/-sd] median   max
Connect:        0    0   0.0      0       1
Processing:     1    1   0.3      1       5
Waiting:        1    1   0.2      1       5
Total:          1    1   0.3      1       5

Percentage of the requests served within a certain time (ms)
  50%      1
  66%      1
  75%      2
  80%      2
  90%      2
  95%      2
  98%      2
  99%      3
 100%      5 (longest request)
