This is ApacheBench, Version 2.3 <$Revision: 1879490 $>
Copyright 1996 Adam Twiss, Zeus Technology Ltd, http://www.zeustech.net/
Licensed to The Apache Software Foundation, http://www.apache.org/

Benchmarking 172.172.0.2 (be patient)
Completed 204 requests
Completed 408 requests
Completed 612 requests
Completed 816 requests
Completed 1020 requests
Completed 1224 requests
Completed 1428 requests
Completed 1632 requests
Completed 1836 requests
Completed 2040 requests
Finished 2048 requests


Server Software:        
Server Hostname:        172.172.0.2
Server Port:            8080

Document Path:          /
Document Length:        1205 bytes

Concurrency Level:      8
Time taken for tests:   4.018 seconds
Complete requests:      2048
Failed requests:        1657
   (Connect: 0, Receive: 0, Length: 1657, Exceptions: 0)
Total transferred:      2663718 bytes
Total body sent:        579584
HTML transferred:       2465062 bytes
Requests per second:    509.69 [#/sec] (mean)
Time per request:       15.696 [ms] (mean)
Time per request:       1.962 [ms] (mean, across all concurrent requests)
Transfer rate:          647.39 [Kbytes/sec] received
                        140.86 kb/s sent
                        788.26 kb/s total

Connection Times (ms)
              min  mean[+/-sd] median   max
Connect:        0    0   1.8      0      25
Processing:     2   15  13.9     11     165
Waiting:        1   15  13.9     11     164
Total:          2   15  14.0     11     165

Percentage of the requests served within a certain time (ms)
  50%     11
  66%     14
  75%     17
  80%     20
  90%     32
  95%     38
  98%     45
  99%     52
 100%    165 (longest request)
