HTTP/1.1 204 
Server: Firecracker API
Connection: keep-alive

HTTP/1.1 204 
Server: Firecracker API
Connection: keep-alive

HTTP/1.1 204 
Server: Firecracker API
Connection: keep-alive

HTTP/1.1 204 
Server: Firecracker API
Connection: keep-alive

2024-02-05T17:59:55.790995037 [anonymous-instance:main:WARN:src/devices/src/legacy/serial.rs:249] Failed to register serial input fd: event_manager: failed to manage epoll file descriptor
HTTP/1.1 204 
Server: Firecracker API
Connection: keep-alive

[    0.027205] dmi: Firmware registration failed.
[    0.059110] zswap: default zpool zbud not available
[    0.059606] zswap: pool creation failed
Graalvisor boot time: 1815 ms.
Graalvisor listening on port 8080.
seccomp(SECCOMP_GET_NOTIF_SIZES): Invalid argument
Warning: graalvisor compiled with no truffle language support.
Function dynamichtml registered with context sandboxing in 1185 ms
[thread 55] New context sandbox 140622473199616 in 73 us
[thread 53] Creating context org.graalvm.polyglot.Context@212a0c76
[thread 63] New context sandbox 140622473199616 in 27 us
[thread 59] Creating context org.graalvm.polyglot.Context@fb62c1d
[thread 64] New context sandbox 140622473199616 in 34 us
[thread 60] Creating context org.graalvm.polyglot.Context@23beb3a5
[thread 65] New context sandbox 140622473199616 in 26 us
[thread 61] Creating context org.graalvm.polyglot.Context@9aed820
[thread 66] New context sandbox 140622473199616 in 26 us
[thread 67] New context sandbox 140622473199616 in 19 us
[thread 68] New context sandbox 140622473199616 in 21 us
[thread 69] New context sandbox 140622473199616 in 26 us
[thread 62] Creating context org.graalvm.polyglot.Context@583bdaa0
[thread 63] Creating context org.graalvm.polyglot.Context@744d6f13
[thread 64] Creating context org.graalvm.polyglot.Context@2ff8cb26
[thread 65] Creating context org.graalvm.polyglot.Context@5041d4bd
