This is ApacheBench, Version 2.3 <$Revision: 1879490 $>
Copyright 1996 Adam Twiss, Zeus Technology Ltd, http://www.zeustech.net/
Licensed to The Apache Software Foundation, http://www.apache.org/

Benchmarking 172.18.0.2 (be patient).....done


Server Software:        
Server Hostname:        172.18.0.2
Server Port:            8080

Document Path:          /
Document Length:        71 bytes

Concurrency Level:      1
Time taken for tests:   5.040 seconds
Complete requests:      10
Failed requests:        0
Total transferred:      1660 bytes
Total body sent:        3970
HTML transferred:       710 bytes
Requests per second:    1.98 [#/sec] (mean)
Time per request:       503.959 [ms] (mean)
Time per request:       503.959 [ms] (mean, across all concurrent requests)
Transfer rate:          0.32 [Kbytes/sec] received
                        0.77 kb/s sent
                        1.09 kb/s total

Connection Times (ms)
              min  mean[+/-sd] median   max
Connect:        0    1   0.6      0       2
Processing:   496  503   6.5    501     515
Waiting:      496  503   6.5    501     515
Total:        497  504   6.7    501     515
WARNING: The median and mean for the initial connection time are not within a normal deviation
        These results are probably not that reliable.

Percentage of the requests served within a certain time (ms)
  50%    501
  66%    504
  75%    509
  80%    515
  90%    515
  95%    515
  98%    515
  99%    515
 100%    515 (longest request)
