This is ApacheBench, Version 2.3 <$Revision: 1879490 $>
Copyright 1996 Adam Twiss, Zeus Technology Ltd, http://www.zeustech.net/
Licensed to The Apache Software Foundation, http://www.apache.org/

Benchmarking 172.18.0.2 (be patient).....done


Server Software:        
Server Hostname:        172.18.0.2
Server Port:            8080

Document Path:          /
Document Length:        91 bytes

Concurrency Level:      2
Time taken for tests:   1.865 seconds
Complete requests:      10
Failed requests:        9
   (Connect: 0, Receive: 0, Length: 9, Exceptions: 0)
Total transferred:      1870 bytes
Total body sent:        2350
HTML transferred:       920 bytes
Requests per second:    5.36 [#/sec] (mean)
Time per request:       373.019 [ms] (mean)
Time per request:       186.510 [ms] (mean, across all concurrent requests)
Transfer rate:          0.98 [Kbytes/sec] received
                        1.23 kb/s sent
                        2.21 kb/s total

Connection Times (ms)
              min  mean[+/-sd] median   max
Connect:        0    0   0.1      0       0
Processing:    88  284 524.7    120    1777
Waiting:       87  284 524.7    120    1777
Total:         88  284 524.8    120    1777

Percentage of the requests served within a certain time (ms)
  50%    120
  66%    124
  75%    132
  80%    134
  90%   1777
  95%   1777
  98%   1777
  99%   1777
 100%   1777 (longest request)
