time="2023-04-08T10:22:11-04:00" level=info msg="Called startVMM(), setting up a VMM on /tmp/testtap.socket"
time="2023-04-08T10:22:11-04:00" level=info msg="VMM logging disabled."
time="2023-04-08T10:22:11-04:00" level=info msg="VMM metrics disabled."
time="2023-04-08T10:22:11-04:00" level=info msg="refreshMachineConfiguration: [GET /machine-config][200] getMachineConfigurationOK  &{CPUTemplate:Uninitialized HtEnabled:0xc000024b84 MemSizeMib:0xc000024b68 VcpuCount:0xc000024b60}"
time="2023-04-08T10:22:11-04:00" level=info msg="PutGuestBootSource: [PUT /boot-source][204] putGuestBootSourceNoContent "
time="2023-04-08T10:22:11-04:00" level=info msg="Attaching drive /tmp/test-proxy/polyglot-proxy.img, slot 1, root true."
time="2023-04-08T10:22:11-04:00" level=info msg="Attached drive /tmp/test-proxy/polyglot-proxy.img: [PUT /drives/{drive_id}][204] putGuestDriveByIdNoContent "
time="2023-04-08T10:22:11-04:00" level=info msg="Attaching NIC testtap (hwaddr DE:AD:BE:EF:5F:B0) at index 1"
2023-04-08T10:22:11.439294192 [anonymous-instance:main:WARN:src/vmm/src/builder.rs:599] Could not add serial input event to epoll: Error during epoll call: Operation not permitted (os error 1)
time="2023-04-08T10:22:11-04:00" level=info msg="startInstance successful: [PUT /actions][204] createSyncActionNoContent "
[    0.012000] dmi: Firmware registration failed.
[    0.040802] zswap: default zpool zbud not available
[    0.041050] zswap: pool creation failed
Graalvisor boot time: 179 ms.
Graalvisor listening on port 8080.
Warning: graalvisor compiled with no truffle language support.
Function thumbnail registered with process sandboxing in 749 ms
[thread 1] Creating context org.graalvm.polyglot.Context@3e93691c
[thread 41] New process sandbox 471 in 453 us
[thread 1] Creating context org.graalvm.polyglot.Context@5424463c
[thread 44] New process sandbox 484 in 401 us
[thread 1] Creating context org.graalvm.polyglot.Context@b6af388
time="2023-04-08T10:22:45-04:00" level=warning msg="firecracker exited: signal: terminated"
time="2023-04-08T10:22:45-04:00" level=fatal msg="Wait returned an error 1 error occurred:\n\t* signal: terminated\n\n"
