This is ApacheBench, Version 2.3 <$Revision: 1879490 $>
Copyright 1996 Adam Twiss, Zeus Technology Ltd, http://www.zeustech.net/
Licensed to The Apache Software Foundation, http://www.apache.org/

Benchmarking 127.0.0.1 (be patient)
Completed 1600 requests
Completed 3200 requests
Completed 4800 requests
Completed 6400 requests
Completed 8000 requests
Completed 9600 requests
Completed 11200 requests
Completed 12800 requests
Completed 14400 requests
Completed 16000 requests
Finished 16000 requests


Server Software:        
Server Hostname:        127.0.0.1
Server Port:            8080

Document Path:          /run
Document Length:        29 bytes

Concurrency Level:      1
Time taken for tests:   46.194 seconds
Complete requests:      16000
Failed requests:        0
Total transferred:      1984000 bytes
Total body sent:        2800000
HTML transferred:       464000 bytes
Requests per second:    346.37 [#/sec] (mean)
Time per request:       2.887 [ms] (mean)
Time per request:       2.887 [ms] (mean, across all concurrent requests)
Transfer rate:          41.94 [Kbytes/sec] received
                        59.19 kb/s sent
                        101.14 kb/s total

Connection Times (ms)
              min  mean[+/-sd] median   max
Connect:        0    0   0.0      0       0
Processing:     0    3  15.5      0     587
Waiting:        0    3  15.1      0     490
Total:          0    3  15.5      0     587

Percentage of the requests served within a certain time (ms)
  50%      0
  66%      0
  75%      0
  80%      0
  90%      1
  95%      1
  98%     84
  99%     87
 100%    587 (longest request)
