This is ApacheBench, Version 2.3 <$Revision: 1879490 $>
Copyright 1996 Adam Twiss, Zeus Technology Ltd, http://www.zeustech.net/
Licensed to The Apache Software Foundation, http://www.apache.org/

Benchmarking 172.18.0.2 (be patient).....done


Server Software:        
Server Hostname:        172.18.0.2
Server Port:            8080

Document Path:          /
Document Length:        86 bytes

Concurrency Level:      1
Time taken for tests:   7.393 seconds
Complete requests:      5
Failed requests:        0
Total transferred:      905 bytes
Total body sent:        1195
HTML transferred:       430 bytes
Requests per second:    0.68 [#/sec] (mean)
Time per request:       1478.636 [ms] (mean)
Time per request:       1478.636 [ms] (mean, across all concurrent requests)
Transfer rate:          0.12 [Kbytes/sec] received
                        0.16 kb/s sent
                        0.28 kb/s total

Connection Times (ms)
              min  mean[+/-sd] median   max
Connect:        0    0   0.1      0       0
Processing:  1300 1478 128.6   1538    1605
Waiting:     1300 1478 128.5   1538    1605
Total:       1301 1479 128.6   1539    1606

Percentage of the requests served within a certain time (ms)
  50%   1482
  66%   1595
  75%   1595
  80%   1606
  90%   1606
  95%   1606
  98%   1606
  99%   1606
 100%   1606 (longest request)
