This is ApacheBench, Version 2.3 <$Revision: 1879490 $>
Copyright 1996 Adam Twiss, Zeus Technology Ltd, http://www.zeustech.net/
Licensed to The Apache Software Foundation, http://www.apache.org/

Benchmarking 172.18.0.2 (be patient)
Completed 100 requests
Completed 200 requests
Finished 256 requests


Server Software:        
Server Hostname:        172.18.0.2
Server Port:            8080

Document Path:          /run
Document Length:        38 bytes

Concurrency Level:      1
Time taken for tests:   984.289 seconds
Complete requests:      256
Failed requests:        0
Total transferred:      37376 bytes
Total body sent:        65536
HTML transferred:       9728 bytes
Requests per second:    0.26 [#/sec] (mean)
Time per request:       3844.880 [ms] (mean)
Time per request:       3844.880 [ms] (mean, across all concurrent requests)
Transfer rate:          0.04 [Kbytes/sec] received
                        0.07 kb/s sent
                        0.10 kb/s total

Connection Times (ms)
              min  mean[+/-sd] median   max
Connect:        0   11  26.7      0      82
Processing:  2494 3834 347.0   3813    8586
Waiting:     2494 3833 346.9   3812    8586
Total:       2494 3845 347.2   3818    8586

Percentage of the requests served within a certain time (ms)
  50%   3818
  66%   3899
  75%   3910
  80%   3924
  90%   3999
  95%   4079
  98%   4087
  99%   4104
 100%   8586 (longest request)
