This is ApacheBench, Version 2.3 <$Revision: 1879490 $>
Copyright 1996 Adam Twiss, Zeus Technology Ltd, http://www.zeustech.net/
Licensed to The Apache Software Foundation, http://www.apache.org/

Benchmarking 172.172.0.2 (be patient)
Completed 200 requests
Completed 400 requests
Completed 600 requests
Completed 800 requests
Completed 1000 requests
Completed 1200 requests
Completed 1400 requests
Completed 1600 requests
Completed 1800 requests
Completed 2000 requests
Finished 2000 requests


Server Software:        
Server Hostname:        172.172.0.2
Server Port:            8080

Document Path:          /run
Document Length:        29 bytes

Concurrency Level:      1
Time taken for tests:   67.996 seconds
Complete requests:      2000
Failed requests:        0
Total transferred:      248000 bytes
Total body sent:        354000
HTML transferred:       58000 bytes
Requests per second:    29.41 [#/sec] (mean)
Time per request:       33.998 [ms] (mean)
Time per request:       33.998 [ms] (mean, across all concurrent requests)
Transfer rate:          3.56 [Kbytes/sec] received
                        5.08 kb/s sent
                        8.65 kb/s total

Connection Times (ms)
              min  mean[+/-sd] median   max
Connect:        0    4  17.2      0      93
Processing:     1   30  43.2      3     493
Waiting:        0    8  25.2      1     400
Total:          1   34  44.5      3     494

Percentage of the requests served within a certain time (ms)
  50%      3
  66%      8
  75%     92
  80%     92
  90%     95
  95%     96
  98%     98
  99%     98
 100%    494 (longest request)
