This is ApacheBench, Version 2.3 <$Revision: 1879490 $>
Copyright 1996 Adam Twiss, Zeus Technology Ltd, http://www.zeustech.net/
Licensed to The Apache Software Foundation, http://www.apache.org/

Benchmarking 172.172.0.2 (be patient).....done


Server Software:        
Server Hostname:        172.172.0.2
Server Port:            8080

Document Path:          /
Document Length:        86 bytes

Concurrency Level:      4
Time taken for tests:   22.522 seconds
Complete requests:      40
Failed requests:        39
   (Connect: 0, Receive: 0, Length: 39, Exceptions: 0)
Total transferred:      7184 bytes
Total body sent:        9320
HTML transferred:       3384 bytes
Requests per second:    1.78 [#/sec] (mean)
Time per request:       2252.163 [ms] (mean)
Time per request:       563.041 [ms] (mean, across all concurrent requests)
Transfer rate:          0.31 [Kbytes/sec] received
                        0.40 kb/s sent
                        0.72 kb/s total

Connection Times (ms)
              min  mean[+/-sd] median   max
Connect:        0    0   0.7      0       5
Processing:    40 1521 4540.0     90   17078
Waiting:       40 1521 4540.1     90   17078
Total:         40 1521 4540.1     90   17078

Percentage of the requests served within a certain time (ms)
  50%     90
  66%    127
  75%    166
  80%    361
  90%   5443
  95%  16944
  98%  17078
  99%  17078
 100%  17078 (longest request)
