This is ApacheBench, Version 2.3 <$Revision: 1879490 $>
Copyright 1996 Adam Twiss, Zeus Technology Ltd, http://www.zeustech.net/
Licensed to The Apache Software Foundation, http://www.apache.org/

Benchmarking 192.168.16.182 (be patient).....done


Server Software:        
Server Hostname:        192.168.16.182
Server Port:            8080

Document Path:          /
Document Length:        90 bytes

Concurrency Level:      1
Time taken for tests:   1.575 seconds
Complete requests:      10
Failed requests:        0
Total transferred:      1850 bytes
Total body sent:        4070
HTML transferred:       900 bytes
Requests per second:    6.35 [#/sec] (mean)
Time per request:       157.534 [ms] (mean)
Time per request:       157.534 [ms] (mean, across all concurrent requests)
Transfer rate:          1.15 [Kbytes/sec] received
                        2.52 kb/s sent
                        3.67 kb/s total

Connection Times (ms)
              min  mean[+/-sd] median   max
Connect:        0    0   0.1      0       0
Processing:   155  157   2.1    157     161
Waiting:      155  157   2.1    157     161
Total:        155  158   2.1    158     161

Percentage of the requests served within a certain time (ms)
  50%    158
  66%    158
  75%    159
  80%    160
  90%    161
  95%    161
  98%    161
  99%    161
 100%    161 (longest request)
This is ApacheBench, Version 2.3 <$Revision: 1879490 $>
Copyright 1996 Adam Twiss, Zeus Technology Ltd, http://www.zeustech.net/
Licensed to The Apache Software Foundation, http://www.apache.org/

Benchmarking 192.168.16.182 (be patient).....done


Server Software:        
Server Hostname:        192.168.16.182
Server Port:            8080

Document Path:          /
Document Length:        90 bytes

Concurrency Level:      1
Time taken for tests:   1.567 seconds
Complete requests:      10
Failed requests:        0
Total transferred:      1850 bytes
Total body sent:        4070
HTML transferred:       900 bytes
Requests per second:    6.38 [#/sec] (mean)
Time per request:       156.699 [ms] (mean)
Time per request:       156.699 [ms] (mean, across all concurrent requests)
Transfer rate:          1.15 [Kbytes/sec] received
                        2.54 kb/s sent
                        3.69 kb/s total

Connection Times (ms)
              min  mean[+/-sd] median   max
Connect:        0    0   0.1      0       0
Processing:   154  157   1.9    157     160
Waiting:      154  157   1.9    157     160
Total:        155  157   1.9    157     160

Percentage of the requests served within a certain time (ms)
  50%    157
  66%    157
  75%    159
  80%    159
  90%    160
  95%    160
  98%    160
  99%    160
 100%    160 (longest request)
This is ApacheBench, Version 2.3 <$Revision: 1879490 $>
Copyright 1996 Adam Twiss, Zeus Technology Ltd, http://www.zeustech.net/
Licensed to The Apache Software Foundation, http://www.apache.org/

Benchmarking 192.168.16.182 (be patient).....done


Server Software:        
Server Hostname:        192.168.16.182
Server Port:            8080

Document Path:          /
Document Length:        90 bytes

Concurrency Level:      1
Time taken for tests:   1.574 seconds
Complete requests:      10
Failed requests:        0
Total transferred:      1850 bytes
Total body sent:        4070
HTML transferred:       900 bytes
Requests per second:    6.35 [#/sec] (mean)
Time per request:       157.384 [ms] (mean)
Time per request:       157.384 [ms] (mean, across all concurrent requests)
Transfer rate:          1.15 [Kbytes/sec] received
                        2.53 kb/s sent
                        3.67 kb/s total

Connection Times (ms)
              min  mean[+/-sd] median   max
Connect:        0    0   0.0      0       0
Processing:   155  157   2.5    157     164
Waiting:      155  157   2.5    157     164
Total:        155  157   2.5    157     164

Percentage of the requests served within a certain time (ms)
  50%    157
  66%    158
  75%    158
  80%    158
  90%    164
  95%    164
  98%    164
  99%    164
 100%    164 (longest request)
