time="2023-04-05T20:23:40-04:00" level=info msg="Called startVMM(), setting up a VMM on /tmp/testtap.socket"
time="2023-04-05T20:23:40-04:00" level=info msg="VMM logging disabled."
time="2023-04-05T20:23:40-04:00" level=info msg="VMM metrics disabled."
time="2023-04-05T20:23:40-04:00" level=info msg="refreshMachineConfiguration: [GET /machine-config][200] getMachineConfigurationOK  &{CPUTemplate:Uninitialized HtEnabled:0xc00008e144 MemSizeMib:0xc00008e128 VcpuCount:0xc00008e120}"
time="2023-04-05T20:23:40-04:00" level=info msg="PutGuestBootSource: [PUT /boot-source][204] putGuestBootSourceNoContent "
time="2023-04-05T20:23:40-04:00" level=info msg="Attaching drive /tmp/test-proxy/polyglot-proxy.img, slot 1, root true."
time="2023-04-05T20:23:40-04:00" level=info msg="Attached drive /tmp/test-proxy/polyglot-proxy.img: [PUT /drives/{drive_id}][204] putGuestDriveByIdNoContent "
time="2023-04-05T20:23:40-04:00" level=info msg="Attaching NIC testtap (hwaddr DE:AD:BE:EF:36:87) at index 1"
2023-04-05T20:23:40.585694660 [anonymous-instance:main:WARN:src/vmm/src/builder.rs:599] Could not add serial input event to epoll: Error during epoll call: Operation not permitted (os error 1)
time="2023-04-05T20:23:40-04:00" level=info msg="startInstance successful: [PUT /actions][204] createSyncActionNoContent "
[    0.047787] dmi: Firmware registration failed.
[    0.096494] zswap: default zpool zbud not available
[    0.097409] zswap: pool creation failed
Graalvisor boot time: 383 ms.
Graalvisor listening on port 8080.
Warning: graalvisor compiled with no truffle language support.
Function httprequest registered with process sandboxing in 112 ms
[thread 40] New process sandbox 461 in 818 us
[thread 49] New process sandbox 479 in 753 us
[thread 50] New process sandbox 480 in 870 us
[thread 51] New process sandbox 481 in 837 us
[thread 53] New process sandbox 487 in 1035 us
[thread 54] New process sandbox 488 in 2884 us
[thread 55] New process sandbox 489 in 5181 us
[thread 52] New process sandbox 482 in 25182 us
time="2023-04-05T20:23:58-04:00" level=warning msg="firecracker exited: signal: terminated"
time="2023-04-05T20:23:58-04:00" level=fatal msg="Wait returned an error 1 error occurred:\n\t* signal: terminated\n\n"
