{
  "result" : "{'result': 'None'}",
  "process time (us)" : 1423549
}
Time taken: 1433407 us
{
  "result" : "{'result': 'None'}",
  "process time (us)" : 1992646
}
Time taken: 1999140 us
{
  "result" : "{'result': 'None'}",
  "process time (us)" : 1992915
}
Time taken: 1999151 us
{
  "result" : "{'result': 'None'}",
  "process time (us)" : 1992952
}
Time taken: 1999576 us
{
  "result" : "{'result': 'None'}",
  "process time (us)" : 1992594
}
Time taken: 1998993 us
{
  "result" : "{'result': 'None'}",
  "process time (us)" : 1992589
}
Time taken: 1999732 us
{
  "result" : "{'result': 'None'}",
  "process time (us)" : 1992689
}
Time taken: 1999251 us
{
  "result" : "{'result': 'None'}",
  "process time (us)" : 1992862
}
Time taken: 1999458 us
{
  "result" : "{'result': 'None'}",
  "process time (us)" : 1992072
}
Time taken: 1999743 us
{
  "result" : "{'result': 'None'}",
  "process time (us)" : 1990490
}
Time taken: 1999242 us
