time="2022-08-29T11:51:24+01:00" level=info msg="Called startVMM(), setting up a VMM on /tmp/test-proxy/polyglot-proxy.img.socket"
time="2022-08-29T11:51:24+01:00" level=info msg="VMM logging disabled."
time="2022-08-29T11:51:24+01:00" level=info msg="VMM metrics disabled."
time="2022-08-29T11:51:24+01:00" level=info msg="refreshMachineConfiguration: [GET /machine-config][200] getMachineConfigurationOK  &{CPUTemplate:Uninitialized HtEnabled:0xc000488433 MemSizeMib:0xc000488418 VcpuCount:0xc000488410}"
time="2022-08-29T11:51:24+01:00" level=info msg="PutGuestBootSource: [PUT /boot-source][204] putGuestBootSourceNoContent "
time="2022-08-29T11:51:24+01:00" level=info msg="Attaching drive /tmp/test-proxy/polyglot-proxy.img, slot 1, root true."
time="2022-08-29T11:51:24+01:00" level=info msg="Attached drive /tmp/test-proxy/polyglot-proxy.img: [PUT /drives/{drive_id}][204] putGuestDriveByIdNoContent "
time="2022-08-29T11:51:24+01:00" level=info msg="Attaching NIC testtap (hwaddr DE:AD:BE:EF:E7:52) at index 1"
2022-08-29T11:51:24.576818191 [anonymous-instance:main:WARN:src/vmm/src/builder.rs:599] Could not add serial input event to epoll: Error during epoll call: Operation not permitted (os error 1)
time="2022-08-29T11:51:24+01:00" level=info msg="startInstance successful: [PUT /actions][204] createSyncActionNoContent "
[    0.012000] dmi: Firmware registration failed.
[    0.040613] zswap: default zpool zbud not available
[    0.040951] zswap: pool creation failed
Polyglot Lambda boot time: 222
Function registered! time took: 0ms
[Foreground thread 48] Executing request 1 in background
[Background thread 49] Creating isolate
[Background thread 49] Executing request 1 in background
[To redirect Truffle log output to a file use one of the following options:
* '--log.file=<path>' if the option is passed using a guest language launcher.
* '-Dpolyglot.log.file=<path>' if the option is passed using the host Java launcher.
* Configure logging using the polyglot embedding API.]
[python::PythonContext] WARNING: could not determine Graal.Python's standard library path. You need to pass --python.StdLibHome if you want to use the standard library.
[python::PythonContext] WARNING: could not determine Graal.Python's sys prefix path - you may need to pass --python.SysPrefix.
[python::PythonContext] WARNING: could not determine Graal.Python's core path - you may need to pass --python.CoreHome.
[python::PythonContext] WARNING: could not determine Graal.Python's C API library path. You need to pass --python.CAPI if you want to use the C extension modules.
[python::PythonContext] WARNING: could not determine Graal.Python's C API library path. You need to pass --python.CAPI if you want to use the C extension modules.
[python::PythonContext] WARNING: could not determine Graal.Python's JNI library. You need to pass --python.JNILibrary if you want to run, for example, binary HPy extension modules.
[Foreground thread 48] Executing request 1 in background
[Background thread 49] Executing request 1 in background
[Foreground thread 48] Executing request 1 in background
[Background thread 49] Executing request 1 in background
[Foreground thread 48] Executing request 1 in background
[Background thread 49] Executing request 1 in background
[Foreground thread 48] Executing request 1 in background
[Background thread 49] Executing request 1 in background
[Foreground thread 48] Executing request 1 in background
[Background thread 49] Executing request 1 in background
[Foreground thread 48] Executing request 1 in background
[Background thread 49] Executing request 1 in background
[Foreground thread 48] Executing request 1 in background
[Background thread 49] Executing request 1 in background
[Foreground thread 48] Executing request 1 in background
[Background thread 49] Executing request 1 in background
[Foreground thread 48] Executing request 1 in background
[Background thread 49] Executing request 1 in background
time="2022-08-29T11:51:46+01:00" level=warning msg="firecracker exited: signal: terminated"
time="2022-08-29T11:51:46+01:00" level=fatal msg="Wait returned an error 1 error occurred:\n\t* signal: terminated\n\n"
