This is ApacheBench, Version 2.3 <$Revision: 1879490 $>
Copyright 1996 Adam Twiss, Zeus Technology Ltd, http://www.zeustech.net/
Licensed to The Apache Software Foundation, http://www.apache.org/

Benchmarking 127.0.0.1 (be patient)
Completed 100 requests
Completed 200 requests
Completed 300 requests
Finished 320 requests


Server Software:        
Server Hostname:        127.0.0.1
Server Port:            8081

Document Path:          /
Document Length:        109 bytes

Concurrency Level:      8
Time taken for tests:   0.044 seconds
Complete requests:      320
Failed requests:        16
   (Connect: 0, Receive: 0, Length: 16, Exceptions: 0)
Total transferred:      65616 bytes
Total body sent:        65600
HTML transferred:       34896 bytes
Requests per second:    7261.83 [#/sec] (mean)
Time per request:       1.102 [ms] (mean)
Time per request:       0.138 [ms] (mean, across all concurrent requests)
Transfer rate:          1454.14 [Kbytes/sec] received
                        1453.79 kb/s sent
                        2907.93 kb/s total

Connection Times (ms)
              min  mean[+/-sd] median   max
Connect:        0    0   0.0      0       0
Processing:     0    1   1.3      1      10
Waiting:        0    1   1.3      1      10
Total:          0    1   1.3      1      11

Percentage of the requests served within a certain time (ms)
  50%      1
  66%      1
  75%      1
  80%      1
  90%      1
  95%      2
  98%      7
  99%     10
 100%     11 (longest request)
