This is ApacheBench, Version 2.3 <$Revision: 1879490 $>
Copyright 1996 Adam Twiss, Zeus Technology Ltd, http://www.zeustech.net/
Licensed to The Apache Software Foundation, http://www.apache.org/

Benchmarking 172.172.0.2 (be patient)
Completed 100 requests
Completed 200 requests
Finished 256 requests


Server Software:        
Server Hostname:        172.172.0.2
Server Port:            8080

Document Path:          /
Document Length:        1206 bytes

Concurrency Level:      1
Time taken for tests:   11.333 seconds
Complete requests:      256
Failed requests:        253
   (Connect: 0, Receive: 0, Length: 253, Exceptions: 0)
Total transferred:      332882 bytes
Total body sent:        72448
HTML transferred:       308050 bytes
Requests per second:    22.59 [#/sec] (mean)
Time per request:       44.268 [ms] (mean)
Time per request:       44.268 [ms] (mean, across all concurrent requests)
Transfer rate:          28.69 [Kbytes/sec] received
                        6.24 kb/s sent
                        34.93 kb/s total

Connection Times (ms)
              min  mean[+/-sd] median   max
Connect:        0   12  29.4      0      90
Processing:     3   33  83.8      5    1152
Waiting:        3   31  83.1      5    1152
Total:          3   44  86.0      5    1152

Percentage of the requests served within a certain time (ms)
  50%      5
  66%     91
  75%     92
  80%     93
  90%     94
  95%     95
  98%     96
  99%    286
 100%   1152 (longest request)
