time="2023-03-27T15:37:54-04:00" level=info msg="Called startVMM(), setting up a VMM on /tmp/testtap.socket"
time="2023-03-27T15:37:54-04:00" level=info msg="VMM logging disabled."
time="2023-03-27T15:37:54-04:00" level=info msg="VMM metrics disabled."
time="2023-03-27T15:37:54-04:00" level=info msg="refreshMachineConfiguration: [GET /machine-config][200] getMachineConfigurationOK  &{CPUTemplate:Uninitialized HtEnabled:0xc000614174 MemSizeMib:0xc000614168 VcpuCount:0xc000614160}"
time="2023-03-27T15:37:54-04:00" level=info msg="PutGuestBootSource: [PUT /boot-source][204] putGuestBootSourceNoContent "
time="2023-03-27T15:37:54-04:00" level=info msg="Attaching drive /tmp/test-proxy/polyglot-proxy.img, slot 1, root true."
time="2023-03-27T15:37:54-04:00" level=info msg="Attached drive /tmp/test-proxy/polyglot-proxy.img: [PUT /drives/{drive_id}][204] putGuestDriveByIdNoContent "
time="2023-03-27T15:37:54-04:00" level=info msg="Attaching NIC testtap (hwaddr DE:AD:BE:EF:95:7D) at index 1"
2023-03-27T15:37:54.640172412 [anonymous-instance:main:WARN:src/vmm/src/builder.rs:599] Could not add serial input event to epoll: Error during epoll call: Operation not permitted (os error 1)
time="2023-03-27T15:37:54-04:00" level=info msg="startInstance successful: [PUT /actions][204] createSyncActionNoContent "
[    0.012000] dmi: Firmware registration failed.
[    0.040725] zswap: default zpool zbud not available
[    0.040973] zswap: pool creation failed
Graalvisor boot time: 178 ms.
Graalvisor listening on port 8080.
Warning: graalvisor compiled with no truffle language support.
Waiting for 192.168.31.28:8080
Function dynamichtml registered with context sandboxing in 751 ms
[thread 41] New context sandbox 140302383841280 in 39 us
[thread 39] Creating context org.graalvm.polyglot.Context@32909087
[thread 44] New context sandbox 140302383841280 in 7970 us
[thread 52] Creating context org.graalvm.polyglot.Context@1e949c1f
[thread 45] New context sandbox 140302383841280 in 4 us
[thread 54] Creating context org.graalvm.polyglot.Context@6c1dddf9
[thread 46] New context sandbox 140302383841280 in 3 us
[thread 59] Creating context org.graalvm.polyglot.Context@656d00c4
[thread 47] New context sandbox 140302383841280 in 11 us
[thread 73] Creating context org.graalvm.polyglot.Context@6d28ce28
time="2023-03-27T15:38:10-04:00" level=warning msg="firecracker exited: signal: terminated"
time="2023-03-27T15:38:10-04:00" level=fatal msg="Wait returned an error 1 error occurred:\n\t* signal: terminated\n\n"
