time="2023-03-27T16:01:20-04:00" level=info msg="Called startVMM(), setting up a VMM on /tmp/testtap.socket"
time="2023-03-27T16:01:20-04:00" level=info msg="VMM logging disabled."
time="2023-03-27T16:01:20-04:00" level=info msg="VMM metrics disabled."
time="2023-03-27T16:01:20-04:00" level=info msg="refreshMachineConfiguration: [GET /machine-config][200] getMachineConfigurationOK  &{CPUTemplate:Uninitialized HtEnabled:0xc00042974c MemSizeMib:0xc000429740 VcpuCount:0xc000429738}"
time="2023-03-27T16:01:20-04:00" level=info msg="PutGuestBootSource: [PUT /boot-source][204] putGuestBootSourceNoContent "
time="2023-03-27T16:01:20-04:00" level=info msg="Attaching drive /tmp/test-proxy/polyglot-proxy.img, slot 1, root true."
time="2023-03-27T16:01:20-04:00" level=info msg="Attached drive /tmp/test-proxy/polyglot-proxy.img: [PUT /drives/{drive_id}][204] putGuestDriveByIdNoContent "
time="2023-03-27T16:01:20-04:00" level=info msg="Attaching NIC testtap (hwaddr DE:AD:BE:EF:6D:E4) at index 1"
2023-03-27T16:01:20.745062515 [anonymous-instance:main:WARN:src/vmm/src/builder.rs:599] Could not add serial input event to epoll: Error during epoll call: Operation not permitted (os error 1)
time="2023-03-27T16:01:20-04:00" level=info msg="startInstance successful: [PUT /actions][204] createSyncActionNoContent "
[    0.012046] dmi: Firmware registration failed.
[    0.040238] zswap: default zpool zbud not available
[    0.040480] zswap: pool creation failed
Graalvisor boot time: 180 ms.
Graalvisor listening on port 8080.
Warning: graalvisor compiled with no truffle language support.
Waiting for 192.168.31.28:8080
Function thumbnail registered with process sandboxing in 675 ms
[thread 1] Creating context org.graalvm.polyglot.Context@1729c506
[thread 41] New process sandbox 471 in 100800 us
[thread 1] Creating context org.graalvm.polyglot.Context@351a1cec
[thread 43] New process sandbox 483 in 100565 us
[thread 1] Creating context org.graalvm.polyglot.Context@18d479dd
time="2023-03-27T16:02:02-04:00" level=warning msg="firecracker exited: signal: terminated"
time="2023-03-27T16:02:02-04:00" level=fatal msg="Wait returned an error 1 error occurred:\n\t* signal: terminated\n\n"
