This is ApacheBench, Version 2.3 <$Revision: 1879490 $>
Copyright 1996 Adam Twiss, Zeus Technology Ltd, http://www.zeustech.net/
Licensed to The Apache Software Foundation, http://www.apache.org/

Benchmarking 172.172.0.2 (be patient)
Completed 204 requests
Completed 408 requests
Completed 612 requests
Completed 816 requests
Completed 1020 requests
Completed 1224 requests
Completed 1428 requests
Completed 1632 requests
Completed 1836 requests
Completed 2040 requests
Finished 2048 requests


Server Software:        
Server Hostname:        172.172.0.2
Server Port:            8080

Document Path:          /
Document Length:        185 bytes

Concurrency Level:      8
Time taken for tests:   3.629 seconds
Complete requests:      2048
Failed requests:        1796
   (Connect: 0, Receive: 0, Length: 1796, Exceptions: 0)
Total transferred:      573676 bytes
Total body sent:        477184
HTML transferred:       377068 bytes
Requests per second:    564.28 [#/sec] (mean)
Time per request:       14.177 [ms] (mean)
Time per request:       1.772 [ms] (mean, across all concurrent requests)
Transfer rate:          154.36 [Kbytes/sec] received
                        128.40 kb/s sent
                        282.76 kb/s total

Connection Times (ms)
              min  mean[+/-sd] median   max
Connect:        0    0   3.0      0      69
Processing:     2   14  15.2      8     124
Waiting:        2   13  14.8      8     121
Total:          2   14  15.5      8     124

Percentage of the requests served within a certain time (ms)
  50%      8
  66%      9
  75%     10
  80%     11
  90%     43
  95%     47
  98%     62
  99%     75
 100%    124 (longest request)
