This is ApacheBench, Version 2.3 <$Revision: 1879490 $>
Copyright 1996 Adam Twiss, Zeus Technology Ltd, http://www.zeustech.net/
Licensed to The Apache Software Foundation, http://www.apache.org/

Benchmarking 172.172.0.2 (be patient)
Completed 100 requests
Completed 200 requests
Finished 200 requests


Server Software:        
Server Hostname:        172.172.0.2
Server Port:            8080

Document Path:          /
Document Length:        91 bytes

Concurrency Level:      8
Time taken for tests:   2.577 seconds
Complete requests:      200
Failed requests:        199
   (Connect: 0, Receive: 0, Length: 199, Exceptions: 0)
Total transferred:      36491 bytes
Total body sent:        36400
HTML transferred:       17491 bytes
Requests per second:    77.62 [#/sec] (mean)
Time per request:       103.063 [ms] (mean)
Time per request:       12.883 [ms] (mean, across all concurrent requests)
Transfer rate:          13.83 [Kbytes/sec] received
                        13.80 kb/s sent
                        27.63 kb/s total

Connection Times (ms)
              min  mean[+/-sd] median   max
Connect:        0    0   1.3      0      19
Processing:     0   65 315.3      0    1703
Waiting:        0   65 315.3      0    1703
Total:          0   66 315.3      1    1703

Percentage of the requests served within a certain time (ms)
  50%      1
  66%      1
  75%      3
  80%      4
  90%      9
  95%     36
  98%   1690
  99%   1700
 100%   1703 (longest request)
