This is ApacheBench, Version 2.3 <$Revision: 1879490 $>
Copyright 1996 Adam Twiss, Zeus Technology Ltd, http://www.zeustech.net/
Licensed to The Apache Software Foundation, http://www.apache.org/

Benchmarking 172.18.0.2 (be patient)
Completed 100 requests
Completed 200 requests
Finished 256 requests


Server Software:        
Server Hostname:        172.18.0.2
Server Port:            8080

Document Path:          /
Document Length:        57 bytes

Concurrency Level:      1
Time taken for tests:   5.654 seconds
Complete requests:      256
Failed requests:        255
   (Connect: 0, Receive: 0, Length: 255, Exceptions: 0)
Total transferred:      37994 bytes
Total body sent:        60928
HTML transferred:       13674 bytes
Requests per second:    45.28 [#/sec] (mean)
Time per request:       22.087 [ms] (mean)
Time per request:       22.087 [ms] (mean, across all concurrent requests)
Transfer rate:          6.56 [Kbytes/sec] received
                        10.52 kb/s sent
                        17.08 kb/s total

Connection Times (ms)
              min  mean[+/-sd] median   max
Connect:        0    3  14.8      0      94
Processing:     0   19  70.4      2    1013
Waiting:        0   18  70.0      1    1013
Total:          0   22  71.3      2    1013

Percentage of the requests served within a certain time (ms)
  50%      2
  66%      2
  75%      2
  80%      3
  90%     92
  95%     93
  98%     95
  99%     96
 100%   1013 (longest request)
