This is ApacheBench, Version 2.3 <$Revision: 1879490 $>
Copyright 1996 Adam Twiss, Zeus Technology Ltd, http://www.zeustech.net/
Licensed to The Apache Software Foundation, http://www.apache.org/

Benchmarking 172.18.0.2 (be patient).....done


Server Software:        
Server Hostname:        172.18.0.2
Server Port:            8080

Document Path:          /
Document Length:        72 bytes

Concurrency Level:      1
Time taken for tests:   7.183 seconds
Complete requests:      10
Failed requests:        9
   (Connect: 0, Receive: 0, Length: 9, Exceptions: 0)
Total transferred:      1661 bytes
Total body sent:        3970
HTML transferred:       711 bytes
Requests per second:    1.39 [#/sec] (mean)
Time per request:       718.322 [ms] (mean)
Time per request:       718.322 [ms] (mean, across all concurrent requests)
Transfer rate:          0.23 [Kbytes/sec] received
                        0.54 kb/s sent
                        0.77 kb/s total

Connection Times (ms)
              min  mean[+/-sd] median   max
Connect:        0    0   0.1      0       0
Processing:   398  718 936.7    409    3383
Waiting:      398  718 936.7    409    3383
Total:        398  718 936.8    409    3383

Percentage of the requests served within a certain time (ms)
  50%    409
  66%    413
  75%    471
  80%    485
  90%   3383
  95%   3383
  98%   3383
  99%   3383
 100%   3383 (longest request)
