This is ApacheBench, Version 2.3 <$Revision: 1879490 $>
Copyright 1996 Adam Twiss, Zeus Technology Ltd, http://www.zeustech.net/
Licensed to The Apache Software Foundation, http://www.apache.org/

Benchmarking 172.18.0.2 (be patient).....done


Server Software:        
Server Hostname:        172.18.0.2
Server Port:            8080

Document Path:          /
Document Length:        71 bytes

Concurrency Level:      1
Time taken for tests:   4.376 seconds
Complete requests:      10
Failed requests:        0
Total transferred:      1660 bytes
Total body sent:        3970
HTML transferred:       710 bytes
Requests per second:    2.29 [#/sec] (mean)
Time per request:       437.609 [ms] (mean)
Time per request:       437.609 [ms] (mean, across all concurrent requests)
Transfer rate:          0.37 [Kbytes/sec] received
                        0.89 kb/s sent
                        1.26 kb/s total

Connection Times (ms)
              min  mean[+/-sd] median   max
Connect:        0    7  20.5      0      65
Processing:   375  431 106.0    402     731
Waiting:      374  431 106.0    402     731
Total:        375  438 126.4    402     796

Percentage of the requests served within a certain time (ms)
  50%    402
  66%    406
  75%    408
  80%    412
  90%    796
  95%    796
  98%    796
  99%    796
 100%    796 (longest request)
