This is ApacheBench, Version 2.3 <$Revision: 1879490 $>
Copyright 1996 Adam Twiss, Zeus Technology Ltd, http://www.zeustech.net/
Licensed to The Apache Software Foundation, http://www.apache.org/

Benchmarking 172.18.0.2 (be patient).....done


Server Software:        
Server Hostname:        172.18.0.2
Server Port:            8080

Document Path:          /
Document Length:        86 bytes

Concurrency Level:      4
Time taken for tests:   17.853 seconds
Complete requests:      20
Failed requests:        18
   (Connect: 0, Receive: 0, Length: 18, Exceptions: 0)
Total transferred:      3593 bytes
Total body sent:        4680
HTML transferred:       1693 bytes
Requests per second:    1.12 [#/sec] (mean)
Time per request:       3570.533 [ms] (mean)
Time per request:       892.633 [ms] (mean, across all concurrent requests)
Transfer rate:          0.20 [Kbytes/sec] received
                        0.26 kb/s sent
                        0.45 kb/s total

Connection Times (ms)
              min  mean[+/-sd] median   max
Connect:        0    0   0.0      0       0
Processing:    59 2461 5234.1     73   14538
Waiting:       59 2461 5234.1     73   14538
Total:         59 2461 5234.1     73   14538

Percentage of the requests served within a certain time (ms)
  50%     73
  66%     76
  75%   1422
  80%   3314
  90%  14474
  95%  14538
  98%  14538
  99%  14538
 100%  14538 (longest request)
