HTTP/1.1 204 
Server: Firecracker API
Connection: keep-alive

HTTP/1.1 204 
Server: Firecracker API
Connection: keep-alive

HTTP/1.1 204 
Server: Firecracker API
Connection: keep-alive

HTTP/1.1 204 
Server: Firecracker API
Connection: keep-alive

2024-02-05T18:05:08.195392025 [anonymous-instance:main:WARN:src/devices/src/legacy/serial.rs:249] Failed to register serial input fd: event_manager: failed to manage epoll file descriptor
HTTP/1.1 204 
Server: Firecracker API
Connection: keep-alive

[    0.027060] dmi: Firmware registration failed.
[    0.058750] zswap: default zpool zbud not available
[    0.059236] zswap: pool creation failed
Graalvisor boot time: 2592 ms.
Graalvisor listening on port 8080.
seccomp(SECCOMP_GET_NOTIF_SIZES): Invalid argument
Warning: graalvisor compiled with no truffle language support.
Function thumbnail registered with context sandboxing in 1945 ms
[thread 55] New context sandbox 140501303951360 in 102 us
[thread 69] Creating context org.graalvm.polyglot.Context@5942a939
[thread 57] New context sandbox 140501303951360 in 25 us
[thread 81] Creating context org.graalvm.polyglot.Context@263f9727
SystemError: cannot execute multi-context code with native extensions
	at org.graalvm.sdk/org.graalvm.polyglot.Context.eval(Context.java:429)
	at com.oracle.svm.graalvisor.polyglot.PolyglotEngine.init(PolyglotEngine.java:63)
	at com.oracle.svm.graalvisor.polyglot.PolyglotEngine.invoke(PolyglotEngine.java:77)
	at com.thumbnail.Thumbnail.main(Thumbnail.java:40)
	at java.base@17.0.7/java.lang.reflect.Method.invoke(Method.java:568)
	at com.oracle.svm.graalvisor.guestapi.GuestAPI.invoke(GuestAPI.java:72)
	at com.oracle.svm.graalvisor.guestapi.GuestAPI.invoke(GuestAPI.java:125)
