This is ApacheBench, Version 2.3 <$Revision: 1879490 $>
Copyright 1996 Adam Twiss, Zeus Technology Ltd, http://www.zeustech.net/
Licensed to The Apache Software Foundation, http://www.apache.org/

Benchmarking 172.18.0.2 (be patient).....done


Server Software:        
Server Hostname:        172.18.0.2
Server Port:            8080

Document Path:          /
Document Length:        149 bytes

Concurrency Level:      2
Time taken for tests:   16.760 seconds
Complete requests:      100
Failed requests:        99
   (Connect: 0, Receive: 0, Length: 99, Exceptions: 0)
Total transferred:      24084 bytes
Total body sent:        20000
HTML transferred:       14484 bytes
Requests per second:    5.97 [#/sec] (mean)
Time per request:       335.203 [ms] (mean)
Time per request:       167.601 [ms] (mean, across all concurrent requests)
Transfer rate:          1.40 [Kbytes/sec] received
                        1.17 kb/s sent
                        2.57 kb/s total

Connection Times (ms)
              min  mean[+/-sd] median   max
Connect:        0    0   0.1      0       0
Processing:    12  227 1173.0     44    8455
Waiting:       12  227 1173.0     44    8455
Total:         12  227 1173.0     44    8455

Percentage of the requests served within a certain time (ms)
  50%     44
  66%     60
  75%     64
  80%     80
  90%    124
  95%    135
  98%   8305
  99%   8455
 100%   8455 (longest request)
