time="2023-04-08T10:10:55-04:00" level=info msg="Called startVMM(), setting up a VMM on /tmp/testtap.socket"
time="2023-04-08T10:10:55-04:00" level=info msg="VMM logging disabled."
time="2023-04-08T10:10:55-04:00" level=info msg="VMM metrics disabled."
time="2023-04-08T10:10:55-04:00" level=info msg="refreshMachineConfiguration: [GET /machine-config][200] getMachineConfigurationOK  &{CPUTemplate:Uninitialized HtEnabled:0xc00040bd44 MemSizeMib:0xc00040bd38 VcpuCount:0xc00040bd30}"
time="2023-04-08T10:10:55-04:00" level=info msg="PutGuestBootSource: [PUT /boot-source][204] putGuestBootSourceNoContent "
time="2023-04-08T10:10:55-04:00" level=info msg="Attaching drive /tmp/test-proxy/polyglot-proxy.img, slot 1, root true."
time="2023-04-08T10:10:55-04:00" level=info msg="Attached drive /tmp/test-proxy/polyglot-proxy.img: [PUT /drives/{drive_id}][204] putGuestDriveByIdNoContent "
time="2023-04-08T10:10:55-04:00" level=info msg="Attaching NIC testtap (hwaddr DE:AD:BE:EF:0A:A2) at index 1"
2023-04-08T10:10:55.361545910 [anonymous-instance:main:WARN:src/vmm/src/builder.rs:599] Could not add serial input event to epoll: Error during epoll call: Operation not permitted (os error 1)
time="2023-04-08T10:10:55-04:00" level=info msg="startInstance successful: [PUT /actions][204] createSyncActionNoContent "
[    0.012051] dmi: Firmware registration failed.
[    0.040432] zswap: default zpool zbud not available
[    0.040686] zswap: pool creation failed
Graalvisor boot time: 169 ms.
Graalvisor listening on port 8080.
Warning: graalvisor compiled with no truffle language support.
Function mst registered with context sandboxing in 668 ms
[thread 41] New context sandbox 139630424883200 in 29 us
[thread 39] Creating context org.graalvm.polyglot.Context@1d51aff8
[thread 43] New context sandbox 139630424883200 in 10 us
[thread 52] Creating context org.graalvm.polyglot.Context@5a5eebe9
time="2023-04-08T10:11:14-04:00" level=warning msg="firecracker exited: signal: terminated"
time="2023-04-08T10:11:14-04:00" level=fatal msg="Wait returned an error 1 error occurred:\n\t* signal: terminated\n\n"
