This is ApacheBench, Version 2.3 <$Revision: 1879490 $>
Copyright 1996 Adam Twiss, Zeus Technology Ltd, http://www.zeustech.net/
Licensed to The Apache Software Foundation, http://www.apache.org/

Benchmarking 172.18.0.2 (be patient)
Completed 100 requests
Completed 200 requests
Finished 256 requests


Server Software:        
Server Hostname:        172.18.0.2
Server Port:            8080

Document Path:          /run
Document Length:        27 bytes

Concurrency Level:      1
Time taken for tests:   2.990 seconds
Complete requests:      256
Failed requests:        0
Total transferred:      34560 bytes
Total body sent:        36352
HTML transferred:       6912 bytes
Requests per second:    85.62 [#/sec] (mean)
Time per request:       11.679 [ms] (mean)
Time per request:       11.679 [ms] (mean, across all concurrent requests)
Transfer rate:          11.29 [Kbytes/sec] received
                        11.87 kb/s sent
                        23.16 kb/s total

Connection Times (ms)
              min  mean[+/-sd] median   max
Connect:        0    4  17.6      0      94
Processing:     1    8  24.4      1      94
Waiting:        0    6  20.8      1      94
Total:          1   12  29.3      1      95

Percentage of the requests served within a certain time (ms)
  50%      1
  66%      1
  75%      1
  80%      1
  90%     91
  95%     92
  98%     93
  99%     94
 100%     95 (longest request)
