This is ApacheBench, Version 2.3 <$Revision: 1879490 $>
Copyright 1996 Adam Twiss, Zeus Technology Ltd, http://www.zeustech.net/
Licensed to The Apache Software Foundation, http://www.apache.org/

Benchmarking 127.0.0.1 (be patient).....done


Server Software:        
Server Hostname:        127.0.0.1
Server Port:            8081

Document Path:          /
Document Length:        95 bytes

Concurrency Level:      2
Time taken for tests:   6.127 seconds
Complete requests:      2
Failed requests:        0
Total transferred:      380 bytes
Total body sent:        588
HTML transferred:       190 bytes
Requests per second:    0.33 [#/sec] (mean)
Time per request:       6127.332 [ms] (mean)
Time per request:       3063.666 [ms] (mean, across all concurrent requests)
Transfer rate:          0.06 [Kbytes/sec] received
                        0.09 kb/s sent
                        0.15 kb/s total

Connection Times (ms)
              min  mean[+/-sd] median   max
Connect:        0    0   0.0      0       0
Processing:  1019 3064 2891.9   5108    5108
Waiting:     1019 3063 2891.9   5108    5108
Total:       1019 3064 2891.9   5109    5109

Percentage of the requests served within a certain time (ms)
  50%   5109
  66%   5109
  75%   5109
  80%   5109
  90%   5109
  95%   5109
  98%   5109
  99%   5109
 100%   5109 (longest request)
