This is ApacheBench, Version 2.3 <$Revision: 1879490 $>
Copyright 1996 Adam Twiss, Zeus Technology Ltd, http://www.zeustech.net/
Licensed to The Apache Software Foundation, http://www.apache.org/

Benchmarking 127.0.0.1 (be patient)
Completed 1000 requests
Completed 2000 requests
Completed 3000 requests
Completed 4000 requests
Completed 5000 requests
Completed 6000 requests
Completed 7000 requests
Completed 8000 requests
Completed 9000 requests
Completed 10000 requests
Finished 10000 requests


Server Software:        
Server Hostname:        127.0.0.1
Server Port:            8080

Document Path:          /
Document Length:        93 bytes

Concurrency Level:      1
Time taken for tests:   2.788 seconds
Complete requests:      10000
Failed requests:        9864
   (Connect: 0, Receive: 0, Length: 9864, Exceptions: 0)
Total transferred:      1870138 bytes
Total body sent:        2020000
HTML transferred:       920138 bytes
Requests per second:    3586.19 [#/sec] (mean)
Time per request:       0.279 [ms] (mean)
Time per request:       0.279 [ms] (mean, across all concurrent requests)
Transfer rate:          654.95 [Kbytes/sec] received
                        707.43 kb/s sent
                        1362.38 kb/s total

Connection Times (ms)
              min  mean[+/-sd] median   max
Connect:        0    0   0.0      0       0
Processing:     0    0   0.1      0       5
Waiting:        0    0   0.1      0       5
Total:          0    0   0.1      0       5

Percentage of the requests served within a certain time (ms)
  50%      0
  66%      0
  75%      0
  80%      0
  90%      0
  95%      0
  98%      0
  99%      0
 100%      5 (longest request)
