Graalvisor boot time: 114 ms.
Graalvisor listening on port 8081.
Reusing /tmp/apps/gv-js-uploader
Function gv-js-uploader registered with context-snapshot sandboxing in 0 ms
Found /tmp/apps/gv-js-uploader.metasnap, restoring svm.
restore took 20103 us
entrypoint took 3924 us
[thread 56] New context-snapshot sandbox 140702524640704 in 43 us
entrypoint took 1448 us
[thread 66] New context-snapshot sandbox 140701719334336 in 45 us
[thread 65] New context-snapshot sandbox 140701585116608 in 25 us
[thread 67] New context-snapshot sandbox 140701652225472 in 34 us
entrypoint took 4140 us
[thread 64] New context-snapshot sandbox 140701786443200 in 584 us
[thread 69] New context-snapshot sandbox 140701518007744 in 350 us
[thread 68] New context-snapshot sandbox 140701450899008 in 719 us
[thread 70] New context-snapshot sandbox 140701316681152 in 40 us
entrypoint took 2400 us
entrypoint took 3285 us
entrypoint took 1491 us
entrypoint took 4815 us
entrypoint took 2612 us
entrypoint took 2292 us
entrypoint took 4752 us
entrypoint took 1700 us
entrypoint took 865 us
entrypoint took 1401 us
entrypoint took 1350 us
entrypoint took 1135 us
entrypoint took 1099 us
entrypoint took 1049 us
entrypoint took 939 us
entrypoint took 1246 us
entrypoint took 874 us
entrypoint took 739 us
entrypoint took 1051 us
entrypoint took 522 us
entrypoint took 728 us
entrypoint took 688 us
entrypoint took 861 us
entrypoint took 504 us
entrypoint took 674 us
entrypoint took 583 us
entrypoint took 655 us
entrypoint took 652 us
entrypoint took 1270 us
entrypoint took 965 us
entrypoint took 1094 us
entrypoint took 844 us
entrypoint took 714 us
entrypoint took 939 us
entrypoint took 1198 us
entrypoint took 960 us
entrypoint took 1494 us
entrypoint took 976 us
entrypoint took 544 us
entrypoint took 929 us
entrypoint took 746 us
entrypoint took 1254 us
entrypoint took 575 us
entrypoint took 319 us
entrypoint took 1403 us
entrypoint took 897 us
entrypoint took 554 us
entrypoint took 666 us
entrypoint took 575 us
entrypoint took 634 us
entrypoint took 854 us
entrypoint took 1058 us
entrypoint took 1572 us
entrypoint took 446 us
entrypoint took 1004 us
entrypoint took 1418 us
entrypoint took 1350 us
entrypoint took 1461 us
entrypoint took 946 us
entrypoint took 664 us
entrypoint took 754 us
entrypoint took 1045 us
entrypoint took 726 us
entrypoint took 945 us
entrypoint took 1097 us
entrypoint took 1000 us
entrypoint took 1003 us
entrypoint took 567 us
entrypoint took 1230 us
entrypoint took 1036 us
entrypoint took 41163 us
entrypoint took 40859 us
entrypoint took 40917 us
entrypoint took 40483 us
entrypoint took 40789 us
entrypoint took 39858 us
entrypoint took 39855 us
entrypoint took 40702 us
entrypoint took 1241 us
entrypoint took 1121 us
entrypoint took 1596 us
entrypoint took 1735 us
entrypoint took 1614 us
entrypoint took 1453 us
entrypoint took 1587 us
entrypoint took 1437 us
entrypoint took 1172 us
entrypoint took 1468 us
entrypoint took 1044 us
entrypoint took 1191 us
entrypoint took 1492 us
entrypoint took 1334 us
entrypoint took 1340 us
entrypoint took 1700 us
entrypoint took 1232 us
entrypoint took 1476 us
entrypoint took 925 us
entrypoint took 1381 us
entrypoint took 1194 us
entrypoint took 1043 us
entrypoint took 955 us
entrypoint took 1143 us
entrypoint took 537 us
entrypoint took 1092 us
entrypoint took 1218 us
entrypoint took 1073 us
entrypoint took 1433 us
entrypoint took 1437 us
entrypoint took 1146 us
entrypoint took 1821 us
entrypoint took 1178 us
entrypoint took 924 us
entrypoint took 1131 us
entrypoint took 1215 us
entrypoint took 952 us
entrypoint took 748 us
entrypoint took 1166 us
entrypoint took 1146 us
entrypoint took 1274 us
entrypoint took 1249 us
entrypoint took 1567 us
entrypoint took 1557 us
entrypoint took 859 us
entrypoint took 1254 us
entrypoint took 1819 us
entrypoint took 1400 us
entrypoint took 1321 us
entrypoint took 1098 us
entrypoint took 859 us
entrypoint took 747 us
entrypoint took 1027 us
entrypoint took 611 us
entrypoint took 1061 us
entrypoint took 882 us
entrypoint took 1090 us
entrypoint took 754 us
entrypoint took 692 us
entrypoint took 460 us
entrypoint took 802 us
entrypoint took 1028 us
entrypoint took 781 us
entrypoint took 1287 us
entrypoint took 956 us
entrypoint took 637 us
entrypoint took 1126 us
entrypoint took 872 us
entrypoint took 844 us
entrypoint took 626 us
entrypoint took 697 us
entrypoint took 1344 us
entrypoint took 819 us
entrypoint took 958 us
entrypoint took 700 us
entrypoint took 783 us
entrypoint took 645 us
entrypoint took 786 us
entrypoint took 41808 us
entrypoint took 42460 us
entrypoint took 42159 us
entrypoint took 42959 us
entrypoint took 42778 us
entrypoint took 42730 us
entrypoint took 42744 us
entrypoint took 42379 us
entrypoint took 1391 us
entrypoint took 1309 us
entrypoint took 1407 us
entrypoint took 1244 us
entrypoint took 1431 us
entrypoint took 1255 us
entrypoint took 1159 us
entrypoint took 1290 us
entrypoint took 1362 us
entrypoint took 1077 us
entrypoint took 1379 us
entrypoint took 1173 us
entrypoint took 1368 us
entrypoint took 1328 us
entrypoint took 1622 us
entrypoint took 1537 us
entrypoint took 1166 us
entrypoint took 1568 us
entrypoint took 1388 us
entrypoint took 1449 us
entrypoint took 1391 us
entrypoint took 884 us
entrypoint took 1128 us
entrypoint took 846 us
entrypoint took 1813 us
entrypoint took 1481 us
entrypoint took 1480 us
entrypoint took 1413 us
entrypoint took 1556 us
entrypoint took 1222 us
entrypoint took 1376 us
entrypoint took 1352 us
entrypoint took 1322 us
entrypoint took 1397 us
entrypoint took 1312 us
entrypoint took 631 us
entrypoint took 985 us
entrypoint took 1217 us
entrypoint took 1142 us
entrypoint took 1063 us
entrypoint took 1439 us
entrypoint took 1363 us
entrypoint took 1745 us
entrypoint took 1020 us
entrypoint took 1578 us
entrypoint took 1250 us
entrypoint took 1489 us
entrypoint took 1627 us
entrypoint took 886 us
entrypoint took 1705 us
entrypoint took 1324 us
entrypoint took 747 us
entrypoint took 1095 us
entrypoint took 1118 us
entrypoint took 803 us
entrypoint took 1067 us
entrypoint took 1478 us
entrypoint took 956 us
entrypoint took 1714 us
entrypoint took 1687 us
entrypoint took 881 us
entrypoint took 1514 us
entrypoint took 1456 us
entrypoint took 1766 us
entrypoint took 1809 us
entrypoint took 485 us
entrypoint took 1434 us
entrypoint took 842 us
entrypoint took 1252 us
entrypoint took 590 us
entrypoint took 1135 us
entrypoint took 768 us
entrypoint took 1058 us
entrypoint took 1113 us
entrypoint took 1032 us
entrypoint took 1328 us
entrypoint took 1077 us
entrypoint took 1360 us
entrypoint took 953 us
entrypoint took 858 us
entrypoint took 1368 us
entrypoint took 1179 us
entrypoint took 1218 us
entrypoint took 1136 us
entrypoint took 1363 us
entrypoint took 1102 us
entrypoint took 1112 us
entrypoint took 1076 us
entrypoint took 848 us
entrypoint took 935 us
entrypoint took 1210 us
entrypoint took 905 us
entrypoint took 1212 us
entrypoint took 976 us
entrypoint took 1452 us
entrypoint took 1229 us
entrypoint took 1026 us
entrypoint took 1259 us
entrypoint took 967 us
entrypoint took 736 us
entrypoint took 1312 us
entrypoint took 448 us
entrypoint took 1023 us
entrypoint took 1032 us
entrypoint took 1233 us
entrypoint took 985 us
entrypoint took 795 us
entrypoint took 1107 us
entrypoint took 784 us
entrypoint took 846 us
entrypoint took 850 us
entrypoint took 890 us
entrypoint took 979 us
entrypoint took 1010 us
entrypoint took 935 us
entrypoint took 786 us
entrypoint took 1247 us
entrypoint took 987 us
entrypoint took 636 us
entrypoint took 482 us
entrypoint took 1407 us
entrypoint took 1027 us
entrypoint took 1257 us
entrypoint took 1260 us
entrypoint took 902 us
entrypoint took 829 us
entrypoint took 974 us
entrypoint took 956 us
entrypoint took 1066 us
entrypoint took 1361 us
entrypoint took 741 us
entrypoint took 1391 us
entrypoint took 876 us
entrypoint took 1140 us
entrypoint took 1340 us
entrypoint took 531 us
entrypoint took 1014 us
entrypoint took 884 us
entrypoint took 1091 us
entrypoint took 904 us
entrypoint took 1212 us
entrypoint took 808 us
entrypoint took 1106 us
entrypoint took 1114 us
entrypoint took 1061 us
entrypoint took 1218 us
entrypoint took 1010 us
entrypoint took 928 us
entrypoint took 883 us
entrypoint took 635 us
entrypoint took 1092 us
entrypoint took 1131 us
entrypoint took 791 us
entrypoint took 1243 us
entrypoint took 962 us
entrypoint took 700 us
entrypoint took 1008 us
entrypoint took 1274 us
entrypoint took 712 us
entrypoint took 1002 us
entrypoint took 965 us
entrypoint took 1038 us
entrypoint took 17048 us
entrypoint took 50100 us
entrypoint took 49851 us
entrypoint took 49944 us
entrypoint took 49497 us
entrypoint took 31958 us
entrypoint took 49859 us
entrypoint took 49810 us
entrypoint took 50265 us
entrypoint took 1350 us
entrypoint took 1564 us
entrypoint took 1191 us
entrypoint took 1154 us
entrypoint took 1174 us
entrypoint took 1566 us
entrypoint took 1461 us
entrypoint took 1561 us
entrypoint took 1726 us
entrypoint took 1396 us
entrypoint took 1184 us
entrypoint took 1209 us
entrypoint took 1371 us
entrypoint took 1666 us
entrypoint took 1837 us
entrypoint took 1247 us
entrypoint took 1143 us
entrypoint took 1371 us
entrypoint took 1434 us
entrypoint took 1687 us
entrypoint took 1665 us
entrypoint took 1844 us
entrypoint took 1946 us
entrypoint took 1927 us
entrypoint took 1515 us
entrypoint took 1603 us
entrypoint took 1264 us
entrypoint took 1008 us
entrypoint took 1034 us
entrypoint took 996 us
entrypoint took 937 us
entrypoint took 1104 us
entrypoint took 1450 us
entrypoint took 1077 us
entrypoint took 1303 us
entrypoint took 1131 us
entrypoint took 1547 us
entrypoint took 1638 us
entrypoint took 1293 us
entrypoint took 1207 us
entrypoint took 1396 us
entrypoint took 644 us
entrypoint took 1036 us
entrypoint took 1048 us
entrypoint took 722 us
entrypoint took 1371 us
entrypoint took 1101 us
entrypoint took 706 us
entrypoint took 1010 us
entrypoint took 837 us
entrypoint took 597 us
entrypoint took 1225 us
entrypoint took 1144 us
entrypoint took 1526 us
entrypoint took 1041 us
entrypoint took 1253 us
entrypoint took 1180 us
entrypoint took 63462 us
entrypoint took 63809 us
entrypoint took 63775 us
entrypoint took 64010 us
entrypoint took 64443 us
entrypoint took 63889 us
entrypoint took 64232 us
entrypoint took 64047 us
entrypoint took 879 us
entrypoint took 1382 us
entrypoint took 1177 us
entrypoint took 1422 us
entrypoint took 1347 us
entrypoint took 1874 us
entrypoint took 1371 us
entrypoint took 1635 us
entrypoint took 1844 us
entrypoint took 1674 us
entrypoint took 1258 us
entrypoint took 1203 us
entrypoint took 1458 us
entrypoint took 1237 us
entrypoint took 1436 us
entrypoint took 1164 us
entrypoint took 1331 us
entrypoint took 1143 us
entrypoint took 1294 us
entrypoint took 1537 us
entrypoint took 1320 us
entrypoint took 1561 us
entrypoint took 827 us
entrypoint took 1111 us
entrypoint took 1422 us
entrypoint took 996 us
entrypoint took 1436 us
entrypoint took 1518 us
entrypoint took 1726 us
entrypoint took 1272 us
entrypoint took 1313 us
entrypoint took 1442 us
entrypoint took 1604 us
entrypoint took 1388 us
entrypoint took 1074 us
entrypoint took 1429 us
entrypoint took 1458 us
entrypoint took 1747 us
entrypoint took 1555 us
entrypoint took 1573 us
entrypoint took 1466 us
entrypoint took 2182 us
entrypoint took 1311 us
entrypoint took 1170 us
entrypoint took 1426 us
entrypoint took 500 us
entrypoint took 712 us
entrypoint took 893 us
entrypoint took 982 us
entrypoint took 1233 us
entrypoint took 1414 us
entrypoint took 1090 us
entrypoint took 984 us
entrypoint took 1358 us
entrypoint took 1188 us
entrypoint took 1384 us
entrypoint took 1112 us
entrypoint took 1037 us
entrypoint took 1143 us
entrypoint took 1221 us
entrypoint took 1300 us
entrypoint took 539 us
entrypoint took 1013 us
entrypoint took 746 us
entrypoint took 1045 us
entrypoint took 1060 us
entrypoint took 1309 us
entrypoint took 1044 us
entrypoint took 1043 us
entrypoint took 925 us
entrypoint took 1325 us
entrypoint took 1158 us
entrypoint took 1131 us
entrypoint took 1317 us
entrypoint took 660 us
entrypoint took 1400 us
entrypoint took 626 us
entrypoint took 1238 us
entrypoint took 1224 us
entrypoint took 1157 us
entrypoint took 1186 us
entrypoint took 1168 us
entrypoint took 1143 us
entrypoint took 1116 us
entrypoint took 1091 us
entrypoint took 1127 us
entrypoint took 1238 us
entrypoint took 1229 us
entrypoint took 1561 us
entrypoint took 634 us
entrypoint took 1405 us
entrypoint took 939 us
entrypoint took 761 us
entrypoint took 1063 us
entrypoint took 1117 us
entrypoint took 1041 us
entrypoint took 943 us
entrypoint took 1051 us
entrypoint took 1323 us
entrypoint took 3426 us
entrypoint took 6525 us
entrypoint took 6699 us
entrypoint took 7144 us
entrypoint took 7487 us
entrypoint took 7515 us
entrypoint took 7384 us
entrypoint took 3894 us
entrypoint took 7460 us
entrypoint took 1482 us
entrypoint took 2275 us
entrypoint took 1567 us
entrypoint took 1268 us
entrypoint took 1295 us
entrypoint took 1131 us
entrypoint took 1591 us
entrypoint took 1458 us
entrypoint took 1174 us
entrypoint took 1502 us
entrypoint took 1354 us
entrypoint took 1068 us
entrypoint took 1025 us
entrypoint took 1342 us
entrypoint took 1151 us
entrypoint took 1237 us
entrypoint took 773 us
entrypoint took 1337 us
entrypoint took 1332 us
entrypoint took 1331 us
entrypoint took 1779 us
entrypoint took 1906 us
entrypoint took 1869 us
entrypoint took 1385 us
entrypoint took 1749 us
entrypoint took 1771 us
entrypoint took 1809 us
entrypoint took 1282 us
entrypoint took 586 us
entrypoint took 1169 us
entrypoint took 1401 us
entrypoint took 1235 us
entrypoint took 1054 us
entrypoint took 1346 us
entrypoint took 1677 us
entrypoint took 1751 us
entrypoint took 1549 us
entrypoint took 743 us
entrypoint took 887 us
entrypoint took 1037 us
entrypoint took 1151 us
entrypoint took 1005 us
entrypoint took 967 us
entrypoint took 722 us
entrypoint took 688 us
entrypoint took 1039 us
entrypoint took 1437 us
entrypoint took 1790 us
entrypoint took 817 us
entrypoint took 1732 us
entrypoint took 1894 us
entrypoint took 1500 us
entrypoint took 900 us
entrypoint took 1226 us
entrypoint took 1298 us
entrypoint took 887 us
entrypoint took 1061 us
entrypoint took 475 us
entrypoint took 828 us
entrypoint took 843 us
entrypoint took 945 us
entrypoint took 1678 us
entrypoint took 1050 us
entrypoint took 755 us
entrypoint took 1412 us
entrypoint took 856 us
entrypoint took 1502 us
entrypoint took 1342 us
entrypoint took 1370 us
entrypoint took 1011 us
entrypoint took 1076 us
entrypoint took 1052 us
entrypoint took 1480 us
entrypoint took 1051 us
entrypoint took 431 us
entrypoint took 831 us
entrypoint took 1298 us
entrypoint took 515 us
entrypoint took 1103 us
entrypoint took 1213 us
entrypoint took 854 us
entrypoint took 1358 us
entrypoint took 1008 us
entrypoint took 1212 us
entrypoint took 689 us
entrypoint took 860 us
entrypoint took 1078 us
entrypoint took 951 us
entrypoint took 1234 us
entrypoint took 970 us
entrypoint took 814 us
entrypoint took 846 us
entrypoint took 970 us
entrypoint took 1159 us
entrypoint took 843 us
entrypoint took 1226 us
entrypoint took 1377 us
entrypoint took 1035 us
entrypoint took 981 us
entrypoint took 1194 us
entrypoint took 920 us
entrypoint took 404 us
entrypoint took 1373 us
entrypoint took 1030 us
entrypoint took 559 us
entrypoint took 731 us
entrypoint took 643 us
entrypoint took 1078 us
entrypoint took 1244 us
entrypoint took 957 us
entrypoint took 1015 us
entrypoint took 1189 us
entrypoint took 1474 us
entrypoint took 1241 us
entrypoint took 965 us
entrypoint took 1025 us
entrypoint took 926 us
entrypoint took 854 us
entrypoint took 1137 us
entrypoint took 926 us
entrypoint took 725 us
entrypoint took 1002 us
entrypoint took 986 us
entrypoint took 690 us
entrypoint took 923 us
entrypoint took 886 us
entrypoint took 1011 us
entrypoint took 1195 us
entrypoint took 681 us
entrypoint took 1357 us
entrypoint took 1093 us
entrypoint took 1120 us
entrypoint took 844 us
entrypoint took 973 us
entrypoint took 1279 us
entrypoint took 566 us
entrypoint took 1102 us
entrypoint took 791 us
entrypoint took 920 us
entrypoint took 633 us
entrypoint took 583 us
entrypoint took 531 us
entrypoint took 606 us
entrypoint took 1047 us
entrypoint took 1096 us
entrypoint took 987 us
entrypoint took 604 us
entrypoint took 807 us
entrypoint took 992 us
entrypoint took 1251 us
entrypoint took 1380 us
entrypoint took 1283 us
entrypoint took 850 us
entrypoint took 979 us
entrypoint took 1330 us
entrypoint took 921 us
entrypoint took 847 us
entrypoint took 1012 us
entrypoint took 364 us
entrypoint took 934 us
entrypoint took 1302 us
entrypoint took 1269 us
entrypoint took 1208 us
entrypoint took 1195 us
entrypoint took 1775 us
entrypoint took 1075 us
entrypoint took 1161 us
entrypoint took 1209 us
entrypoint took 816 us
entrypoint took 732 us
entrypoint took 47193 us
entrypoint took 46843 us
entrypoint took 46503 us
entrypoint took 46032 us
entrypoint took 47159 us
entrypoint took 46620 us
entrypoint took 46377 us
entrypoint took 47259 us
entrypoint took 1318 us
entrypoint took 1535 us
entrypoint took 1301 us
entrypoint took 1571 us
entrypoint took 1764 us
entrypoint took 1440 us
entrypoint took 1404 us
entrypoint took 1695 us
entrypoint took 1071 us
entrypoint took 1488 us
entrypoint took 1320 us
entrypoint took 1317 us
entrypoint took 1043 us
entrypoint took 839 us
entrypoint took 1139 us
entrypoint took 933 us
entrypoint took 1663 us
entrypoint took 1532 us
entrypoint took 1613 us
entrypoint took 1337 us
entrypoint took 1378 us
entrypoint took 1396 us
entrypoint took 1319 us
entrypoint took 1295 us
entrypoint took 821 us
entrypoint took 1158 us
entrypoint took 1217 us
entrypoint took 1026 us
entrypoint took 972 us
entrypoint took 892 us
entrypoint took 1101 us
entrypoint took 1327 us
entrypoint took 963 us
entrypoint took 794 us
entrypoint took 1026 us
entrypoint took 1205 us
entrypoint took 1159 us
entrypoint took 1129 us
entrypoint took 973 us
entrypoint took 944 us
entrypoint took 621 us
entrypoint took 1056 us
entrypoint took 1280 us
entrypoint took 693 us
entrypoint took 897 us
entrypoint took 760 us
entrypoint took 1164 us
entrypoint took 1486 us
entrypoint took 425 us
entrypoint took 765 us
entrypoint took 610 us
entrypoint took 1261 us
entrypoint took 1299 us
entrypoint took 862 us
entrypoint took 1315 us
entrypoint took 1483 us
entrypoint took 1408 us
entrypoint took 1615 us
entrypoint took 2203 us
entrypoint took 973 us
entrypoint took 1403 us
entrypoint took 1636 us
entrypoint took 2045 us
entrypoint took 1024 us
entrypoint took 1132 us
entrypoint took 1289 us
entrypoint took 963 us
entrypoint took 1357 us
entrypoint took 1180 us
entrypoint took 1315 us
entrypoint took 1411 us
entrypoint took 1558 us
entrypoint took 1160 us
entrypoint took 1525 us
entrypoint took 1416 us
entrypoint took 1180 us
entrypoint took 1021 us
entrypoint took 1586 us
entrypoint took 1000 us
entrypoint took 1295 us
entrypoint took 923 us
entrypoint took 1382 us
entrypoint took 1257 us
entrypoint took 1217 us
entrypoint took 1567 us
entrypoint took 1065 us
entrypoint took 649 us
entrypoint took 1443 us
entrypoint took 960 us
entrypoint took 1727 us
entrypoint took 1085 us
entrypoint took 1532 us
entrypoint took 844 us
entrypoint took 1112 us
entrypoint took 1541 us
entrypoint took 615 us
entrypoint took 769 us
entrypoint took 690 us
entrypoint took 974 us
entrypoint took 1021 us
entrypoint took 1154 us
entrypoint took 1152 us
entrypoint took 877 us
entrypoint took 1057 us
entrypoint took 1475 us
entrypoint took 1135 us
entrypoint took 818 us
entrypoint took 965 us
entrypoint took 1262 us
entrypoint took 1414 us
entrypoint took 754 us
entrypoint took 1090 us
entrypoint took 806 us
entrypoint took 1193 us
entrypoint took 1288 us
entrypoint took 1083 us
entrypoint took 717 us
entrypoint took 983 us
entrypoint took 401 us
entrypoint took 786 us
entrypoint took 1100 us
entrypoint took 1291 us
entrypoint took 936 us
entrypoint took 1182 us
entrypoint took 839 us
entrypoint took 1151 us
entrypoint took 799 us
entrypoint took 879 us
entrypoint took 940 us
entrypoint took 956 us
entrypoint took 996 us
entrypoint took 869 us
entrypoint took 968 us
entrypoint took 1073 us
entrypoint took 1099 us
entrypoint took 1158 us
entrypoint took 560 us
entrypoint took 907 us
entrypoint took 843 us
entrypoint took 1296 us
entrypoint took 1029 us
entrypoint took 790 us
entrypoint took 715 us
entrypoint took 1057 us
entrypoint took 792 us
entrypoint took 847 us
entrypoint took 735 us
entrypoint took 985 us
entrypoint took 1051 us
entrypoint took 1166 us
entrypoint took 737 us
entrypoint took 1129 us
entrypoint took 1069 us
entrypoint took 941 us
entrypoint took 1002 us
entrypoint took 460 us
entrypoint took 1304 us
entrypoint took 1197 us
entrypoint took 1097 us
entrypoint took 1133 us
entrypoint took 922 us
entrypoint took 912 us
entrypoint took 883 us
entrypoint took 1497 us
entrypoint took 742 us
entrypoint took 1059 us
entrypoint took 1338 us
entrypoint took 991 us
entrypoint took 868 us
entrypoint took 1300 us
entrypoint took 1474 us
entrypoint took 563 us
entrypoint took 834 us
entrypoint took 777 us
entrypoint took 813 us
entrypoint took 856 us
entrypoint took 1088 us
entrypoint took 901 us
entrypoint took 1137 us
entrypoint took 1261 us
entrypoint took 919 us
entrypoint took 1268 us
entrypoint took 876 us
entrypoint took 929 us
entrypoint took 931 us
entrypoint took 516 us
entrypoint took 777 us
entrypoint took 660 us
entrypoint took 844 us
entrypoint took 803 us
entrypoint took 1226 us
entrypoint took 716 us
entrypoint took 762 us
entrypoint took 889 us
entrypoint took 875 us
entrypoint took 1105 us
entrypoint took 1232 us
entrypoint took 608 us
entrypoint took 811 us
entrypoint took 736 us
entrypoint took 1103 us
entrypoint took 491 us
entrypoint took 1215 us
entrypoint took 914 us
entrypoint took 1181 us
entrypoint took 720 us
entrypoint took 1166 us
entrypoint took 649 us
entrypoint took 1016 us
entrypoint took 828 us
entrypoint took 1047 us
entrypoint took 1556 us
entrypoint took 1751 us
entrypoint took 923 us
entrypoint took 1023 us
entrypoint took 955 us
entrypoint took 974 us
entrypoint took 1425 us
entrypoint took 1330 us
entrypoint took 1190 us
entrypoint took 1155 us
entrypoint took 1053 us
entrypoint took 1050 us
entrypoint took 849 us
entrypoint took 1103 us
entrypoint took 963 us
entrypoint took 891 us
entrypoint took 1323 us
entrypoint took 1617 us
entrypoint took 1373 us
entrypoint took 1006 us
entrypoint took 1612 us
entrypoint took 1497 us
entrypoint took 1229 us
entrypoint took 712 us
entrypoint took 1209 us
entrypoint took 1143 us
entrypoint took 793 us
entrypoint took 811 us
entrypoint took 823 us
entrypoint took 698 us
entrypoint took 914 us
entrypoint took 994 us
entrypoint took 1081 us
entrypoint took 1081 us
entrypoint took 1219 us
entrypoint took 1429 us
entrypoint took 1147 us
entrypoint took 1117 us
entrypoint took 842 us
entrypoint took 961 us
entrypoint took 1245 us
entrypoint took 1645 us
entrypoint took 701 us
entrypoint took 577 us
entrypoint took 933 us
entrypoint took 905 us
entrypoint took 1509 us
entrypoint took 1516 us
entrypoint took 1072 us
entrypoint took 1289 us
entrypoint took 1345 us
entrypoint took 1260 us
entrypoint took 763 us
entrypoint took 743 us
entrypoint took 1179 us
entrypoint took 1040 us
entrypoint took 1228 us
entrypoint took 868 us
entrypoint took 1231 us
entrypoint took 1108 us
entrypoint took 1192 us
entrypoint took 527 us
entrypoint took 744 us
entrypoint took 1077 us
entrypoint took 527 us
entrypoint took 1040 us
entrypoint took 712 us
entrypoint took 749 us
entrypoint took 735 us
entrypoint took 1122 us
entrypoint took 1170 us
entrypoint took 564 us
entrypoint took 1102 us
entrypoint took 1413 us
entrypoint took 504 us
entrypoint took 1363 us
entrypoint took 997 us
entrypoint took 697 us
entrypoint took 1315 us
entrypoint took 1000 us
entrypoint took 808 us
entrypoint took 420 us
entrypoint took 1236 us
entrypoint took 979 us
entrypoint took 820 us
entrypoint took 1224 us
entrypoint took 592 us
entrypoint took 705 us
entrypoint took 907 us
entrypoint took 461 us
entrypoint took 1352 us
entrypoint took 1181 us
entrypoint took 1072 us
entrypoint took 1220 us
entrypoint took 447 us
entrypoint took 1289 us
entrypoint took 421 us
entrypoint took 1274 us
entrypoint took 704 us
entrypoint took 639 us
entrypoint took 835 us
entrypoint took 1046 us
entrypoint took 1218 us
entrypoint took 679 us
entrypoint took 445 us
entrypoint took 1320 us
entrypoint took 778 us
entrypoint took 1001 us
entrypoint took 29503 us
entrypoint took 2014 us
entrypoint took 1294 us
entrypoint took 1350 us
entrypoint took 1749 us
entrypoint took 1690 us
entrypoint took 1071 us
entrypoint took 1481 us
entrypoint took 1685 us
entrypoint took 1098 us
entrypoint took 1237 us
entrypoint took 1271 us
entrypoint took 1264 us
entrypoint took 1350 us
entrypoint took 1433 us
entrypoint took 1477 us
entrypoint took 1407 us
entrypoint took 1066 us
entrypoint took 1111 us
entrypoint took 912 us
entrypoint took 1000 us
entrypoint took 1283 us
entrypoint took 1195 us
entrypoint took 981 us
entrypoint took 1034 us
entrypoint took 910 us
entrypoint took 1436 us
entrypoint took 1850 us
entrypoint took 1172 us
entrypoint took 1817 us
entrypoint took 1723 us
entrypoint took 1496 us
entrypoint took 1241 us
entrypoint took 1394 us
entrypoint took 694 us
entrypoint took 792 us
entrypoint took 951 us
entrypoint took 945 us
entrypoint took 834 us
entrypoint took 961 us
entrypoint took 979 us
entrypoint took 517 us
entrypoint took 1189 us
entrypoint took 1221 us
entrypoint took 1083 us
entrypoint took 1379 us
entrypoint took 961 us
entrypoint took 1033 us
entrypoint took 1031 us
entrypoint took 1429 us
entrypoint took 1142 us
entrypoint took 1322 us
entrypoint took 960 us
entrypoint took 573 us
entrypoint took 633 us
entrypoint took 1346 us
entrypoint took 1016 us
entrypoint took 1391 us
entrypoint took 1345 us
entrypoint took 1621 us
entrypoint took 1308 us
entrypoint took 1242 us
entrypoint took 923 us
entrypoint took 12026 us
entrypoint took 11308 us
entrypoint took 11494 us
entrypoint took 11746 us
entrypoint took 11839 us
entrypoint took 11984 us
entrypoint took 11754 us
entrypoint took 11741 us
entrypoint took 1229 us
entrypoint took 876 us
entrypoint took 640 us
entrypoint took 1074 us
entrypoint took 1106 us
entrypoint took 652 us
entrypoint took 1019 us
entrypoint took 1106 us
entrypoint took 1445 us
entrypoint took 1343 us
entrypoint took 1306 us
entrypoint took 1047 us
entrypoint took 718 us
entrypoint took 1377 us
entrypoint took 1413 us
entrypoint took 999 us
entrypoint took 1160 us
entrypoint took 1312 us
entrypoint took 1301 us
entrypoint took 1436 us
entrypoint took 1234 us
entrypoint took 1378 us
entrypoint took 1379 us
entrypoint took 1533 us
entrypoint took 1093 us
entrypoint took 1440 us
entrypoint took 970 us
entrypoint took 891 us
entrypoint took 614 us
entrypoint took 983 us
entrypoint took 1153 us
entrypoint took 1154 us
entrypoint took 935 us
entrypoint took 1353 us
entrypoint took 1456 us
entrypoint took 1685 us
entrypoint took 1455 us
entrypoint took 1021 us
entrypoint took 1179 us
entrypoint took 1422 us
entrypoint took 1222 us
entrypoint took 837 us
entrypoint took 1170 us
entrypoint took 990 us
entrypoint took 962 us
entrypoint took 723 us
entrypoint took 873 us
entrypoint took 1266 us
entrypoint took 1064 us
entrypoint took 1179 us
entrypoint took 1039 us
entrypoint took 1624 us
entrypoint took 1190 us
entrypoint took 1473 us
entrypoint took 1423 us
entrypoint took 1414 us
entrypoint took 1240 us
entrypoint took 1347 us
entrypoint took 751 us
entrypoint took 876 us
entrypoint took 897 us
entrypoint took 1027 us
entrypoint took 1219 us
entrypoint took 922 us
entrypoint took 817 us
entrypoint took 1453 us
entrypoint took 1716 us
entrypoint took 1345 us
entrypoint took 878 us
entrypoint took 1356 us
entrypoint took 1186 us
entrypoint took 996 us
entrypoint took 1123 us
entrypoint took 1499 us
entrypoint took 1054 us
entrypoint took 785 us
entrypoint took 1033 us
entrypoint took 753 us
entrypoint took 817 us
entrypoint took 635 us
entrypoint took 1082 us
entrypoint took 1166 us
entrypoint took 1243 us
entrypoint took 1273 us
entrypoint took 1821 us
entrypoint took 1341 us
entrypoint took 1251 us
entrypoint took 1670 us
entrypoint took 1294 us
entrypoint took 1001 us
entrypoint took 841 us
entrypoint took 988 us
entrypoint took 1213 us
entrypoint took 740 us
entrypoint took 944 us
entrypoint took 476 us
entrypoint took 953 us
entrypoint took 900 us
entrypoint took 1017 us
entrypoint took 830 us
entrypoint took 1042 us
entrypoint took 1286 us
entrypoint took 1544 us
entrypoint took 1284 us
entrypoint took 938 us
entrypoint took 817 us
entrypoint took 1352 us
entrypoint took 810 us
entrypoint took 391 us
entrypoint took 1066 us
entrypoint took 901 us
entrypoint took 772 us
entrypoint took 598 us
entrypoint took 1002 us
entrypoint took 972 us
entrypoint took 872 us
entrypoint took 1092 us
entrypoint took 1047 us
entrypoint took 1564 us
entrypoint took 1136 us
entrypoint took 1265 us
entrypoint took 772 us
entrypoint took 1071 us
entrypoint took 1050 us
entrypoint took 1366 us
entrypoint took 967 us
entrypoint took 1111 us
entrypoint took 1024 us
entrypoint took 991 us
entrypoint took 820 us
entrypoint took 1231 us
entrypoint took 1015 us
entrypoint took 953 us
entrypoint took 739 us
entrypoint took 894 us
entrypoint took 1046 us
entrypoint took 983 us
entrypoint took 1392 us
entrypoint took 1416 us
entrypoint took 988 us
entrypoint took 901 us
entrypoint took 1366 us
entrypoint took 1052 us
entrypoint took 899 us
entrypoint took 402 us
entrypoint took 723 us
entrypoint took 946 us
entrypoint took 794 us
entrypoint took 941 us
entrypoint took 877 us
entrypoint took 1071 us
entrypoint took 729 us
entrypoint took 1012 us
entrypoint took 1038 us
entrypoint took 817 us
entrypoint took 614 us
entrypoint took 959 us
entrypoint took 444 us
entrypoint took 599 us
entrypoint took 1042 us
entrypoint took 624 us
entrypoint took 1106 us
entrypoint took 701 us
entrypoint took 704 us
entrypoint took 1255 us
entrypoint took 409 us
entrypoint took 1056 us
entrypoint took 1089 us
entrypoint took 751 us
entrypoint took 658 us
entrypoint took 1116 us
entrypoint took 657 us
entrypoint took 832 us
entrypoint took 1195 us
entrypoint took 788 us
entrypoint took 1146 us
entrypoint took 1174 us
entrypoint took 717 us
entrypoint took 405 us
entrypoint took 1018 us
entrypoint took 1146 us
entrypoint took 1116 us
entrypoint took 1008 us
entrypoint took 787 us
entrypoint took 1139 us
entrypoint took 771 us
entrypoint took 1416 us
entrypoint took 1407 us
entrypoint took 787 us
entrypoint took 832 us
entrypoint took 925 us
entrypoint took 1019 us
entrypoint took 806 us
entrypoint took 1072 us
entrypoint took 1177 us
entrypoint took 860 us
entrypoint took 828 us
entrypoint took 1049 us
entrypoint took 733 us
entrypoint took 748 us
entrypoint took 886 us
entrypoint took 1189 us
entrypoint took 1202 us
entrypoint took 976 us
entrypoint took 875 us
entrypoint took 1406 us
entrypoint took 1054 us
entrypoint took 1023 us
entrypoint took 1365 us
entrypoint took 1289 us
entrypoint took 1204 us
entrypoint took 795 us
entrypoint took 1197 us
entrypoint took 804 us
entrypoint took 648 us
entrypoint took 735 us
entrypoint took 1195 us
entrypoint took 940 us
entrypoint took 1287 us
entrypoint took 1272 us
entrypoint took 980 us
entrypoint took 583 us
entrypoint took 1290 us
entrypoint took 958 us
entrypoint took 1008 us
entrypoint took 973 us
entrypoint took 521 us
entrypoint took 1173 us
entrypoint took 623 us
entrypoint took 1162 us
entrypoint took 1189 us
entrypoint took 1006 us
entrypoint took 412 us
entrypoint took 1376 us
entrypoint took 871 us
entrypoint took 679 us
entrypoint took 1109 us
entrypoint took 1016 us
entrypoint took 1052 us
entrypoint took 1181 us
entrypoint took 633 us
entrypoint took 1348 us
entrypoint took 1313 us
entrypoint took 380 us
entrypoint took 943 us
entrypoint took 762 us
entrypoint took 611 us
entrypoint took 392 us
entrypoint took 996 us
entrypoint took 1042 us
entrypoint took 1212 us
entrypoint took 1477 us
entrypoint took 1002 us
entrypoint took 1071 us
entrypoint took 736 us
entrypoint took 749 us
entrypoint took 687 us
entrypoint took 1104 us
entrypoint took 1150 us
entrypoint took 887 us
entrypoint took 1257 us
entrypoint took 927 us
entrypoint took 964 us
entrypoint took 862 us
entrypoint took 446 us
entrypoint took 1075 us
entrypoint took 997 us
entrypoint took 646 us
entrypoint took 1201 us
entrypoint took 838 us
entrypoint took 683 us
entrypoint took 923 us
entrypoint took 658 us
entrypoint took 995 us
entrypoint took 937 us
entrypoint took 914 us
entrypoint took 613 us
entrypoint took 1002 us
entrypoint took 892 us
entrypoint took 1162 us
entrypoint took 842 us
entrypoint took 921 us
entrypoint took 992 us
entrypoint took 1283 us
entrypoint took 35768 us
entrypoint took 35738 us
entrypoint took 36029 us
entrypoint took 36161 us
entrypoint took 36039 us
entrypoint took 36012 us
entrypoint took 35294 us
entrypoint took 35662 us
entrypoint took 1569 us
entrypoint took 1444 us
entrypoint took 1204 us
entrypoint took 1194 us
entrypoint took 729 us
entrypoint took 1186 us
entrypoint took 1442 us
entrypoint took 1650 us
entrypoint took 1453 us
entrypoint took 1695 us
entrypoint took 1261 us
entrypoint took 1455 us
entrypoint took 1458 us
entrypoint took 1113 us
entrypoint took 1605 us
entrypoint took 1304 us
entrypoint took 1855 us
entrypoint took 1339 us
entrypoint took 1361 us
entrypoint took 1246 us
entrypoint took 1247 us
entrypoint took 1566 us
entrypoint took 1198 us
entrypoint took 1154 us
entrypoint took 940 us
entrypoint took 1250 us
entrypoint took 1097 us
entrypoint took 1667 us
entrypoint took 1273 us
entrypoint took 1831 us
entrypoint took 1279 us
entrypoint took 1411 us
entrypoint took 1490 us
entrypoint took 1794 us
entrypoint took 794 us
entrypoint took 1628 us
entrypoint took 1555 us
entrypoint took 1656 us
entrypoint took 1632 us
entrypoint took 2289 us
entrypoint took 752 us
entrypoint took 1563 us
entrypoint took 1278 us
entrypoint took 1897 us
entrypoint took 1664 us
entrypoint took 1180 us
entrypoint took 1270 us
entrypoint took 1589 us
entrypoint took 1565 us
entrypoint took 545 us
entrypoint took 1360 us
entrypoint took 1067 us
entrypoint took 395 us
entrypoint took 1035 us
entrypoint took 1164 us
entrypoint took 906 us
entrypoint took 908 us
entrypoint took 1061 us
entrypoint took 1547 us
entrypoint took 1488 us
entrypoint took 1036 us
entrypoint took 1336 us
entrypoint took 1396 us
entrypoint took 1411 us
entrypoint took 1172 us
entrypoint took 1369 us
entrypoint took 1403 us
entrypoint took 971 us
entrypoint took 869 us
entrypoint took 644 us
entrypoint took 1086 us
entrypoint took 960 us
entrypoint took 869 us
entrypoint took 776 us
entrypoint took 1126 us
entrypoint took 863 us
entrypoint took 1301 us
entrypoint took 1177 us
entrypoint took 1136 us
entrypoint took 1319 us
entrypoint took 1389 us
entrypoint took 670 us
entrypoint took 1497 us
entrypoint took 1016 us
entrypoint took 710 us
entrypoint took 886 us
entrypoint took 715 us
entrypoint took 694 us
entrypoint took 1239 us
entrypoint took 413 us
entrypoint took 892 us
entrypoint took 1046 us
entrypoint took 1050 us
entrypoint took 1453 us
entrypoint took 1026 us
entrypoint took 1863 us
entrypoint took 982 us
entrypoint took 915 us
entrypoint took 1177 us
entrypoint took 1488 us
entrypoint took 1293 us
entrypoint took 878 us
entrypoint took 647 us
entrypoint took 695 us
entrypoint took 685 us
entrypoint took 1033 us
entrypoint took 796 us
entrypoint took 664 us
entrypoint took 495 us
entrypoint took 1189 us
entrypoint took 1216 us
entrypoint took 1116 us
entrypoint took 1157 us
entrypoint took 1228 us
entrypoint took 1188 us
entrypoint took 1156 us
entrypoint took 866 us
entrypoint took 1349 us
entrypoint took 1189 us
entrypoint took 482 us
entrypoint took 849 us
entrypoint took 665 us
entrypoint took 853 us
entrypoint took 1120 us
entrypoint took 932 us
entrypoint took 787 us
entrypoint took 1114 us
entrypoint took 754 us
entrypoint took 1297 us
entrypoint took 1013 us
entrypoint took 728 us
entrypoint took 1316 us
entrypoint took 1081 us
entrypoint took 1020 us
entrypoint took 948 us
entrypoint took 1354 us
entrypoint took 1253 us
entrypoint took 883 us
entrypoint took 830 us
entrypoint took 980 us
entrypoint took 429 us
entrypoint took 1062 us
entrypoint took 451 us
entrypoint took 1419 us
entrypoint took 683 us
entrypoint took 1404 us
entrypoint took 1632 us
entrypoint took 1037 us
entrypoint took 1249 us
entrypoint took 1181 us
entrypoint took 1320 us
entrypoint took 1246 us
entrypoint took 765 us
entrypoint took 1747 us
entrypoint took 1029 us
entrypoint took 970 us
entrypoint took 1032 us
entrypoint took 601 us
entrypoint took 1037 us
entrypoint took 1201 us
entrypoint took 941 us
entrypoint took 1234 us
entrypoint took 868 us
entrypoint took 1187 us
entrypoint took 1149 us
entrypoint took 1279 us
entrypoint took 1283 us
entrypoint took 1153 us
entrypoint took 939 us
entrypoint took 1119 us
entrypoint took 1092 us
entrypoint took 922 us
entrypoint took 962 us
entrypoint took 684 us
entrypoint took 1059 us
entrypoint took 993 us
entrypoint took 908 us
entrypoint took 1176 us
entrypoint took 604 us
entrypoint took 1691 us
entrypoint took 683 us
entrypoint took 1164 us
entrypoint took 1441 us
entrypoint took 1004 us
entrypoint took 1192 us
entrypoint took 1343 us
entrypoint took 737 us
entrypoint took 1128 us
entrypoint took 776 us
entrypoint took 1337 us
entrypoint took 844 us
entrypoint took 804 us
entrypoint took 1129 us
entrypoint took 1164 us
entrypoint took 1357 us
entrypoint took 1332 us
entrypoint took 994 us
entrypoint took 921 us
entrypoint took 1362 us
entrypoint took 1193 us
entrypoint took 1355 us
entrypoint took 1440 us
entrypoint took 1450 us
entrypoint took 413 us
entrypoint took 1619 us
entrypoint took 1622 us
entrypoint took 1310 us
entrypoint took 969 us
entrypoint took 1858 us
entrypoint took 374 us
entrypoint took 1050 us
entrypoint took 1031 us
entrypoint took 1464 us
entrypoint took 380 us
entrypoint took 1354 us
entrypoint took 802 us
entrypoint took 1205 us
entrypoint took 770 us
entrypoint took 1831 us
entrypoint took 1084 us
entrypoint took 1790 us
entrypoint took 1228 us
entrypoint took 667 us
entrypoint took 1566 us
entrypoint took 789 us
entrypoint took 1158 us
entrypoint took 1334 us
entrypoint took 420 us
entrypoint took 1204 us
entrypoint took 1137 us
entrypoint took 944 us
entrypoint took 910 us
entrypoint took 1297 us
entrypoint took 691 us
entrypoint took 1049 us
entrypoint took 1141 us
entrypoint took 1182 us
entrypoint took 1017 us
entrypoint took 759 us
entrypoint took 1199 us
entrypoint took 887 us
entrypoint took 1196 us
entrypoint took 975 us
entrypoint took 1019 us
entrypoint took 707 us
entrypoint took 1179 us
entrypoint took 1155 us
entrypoint took 858 us
entrypoint took 1080 us
entrypoint took 832 us
entrypoint took 1098 us
entrypoint took 756 us
entrypoint took 797 us
entrypoint took 926 us
entrypoint took 793 us
entrypoint took 1280 us
entrypoint took 680 us
entrypoint took 916 us
entrypoint took 374 us
entrypoint took 1067 us
entrypoint took 1083 us
entrypoint took 998 us
entrypoint took 770 us
entrypoint took 492 us
entrypoint took 740 us
entrypoint took 1257 us
entrypoint took 395 us
entrypoint took 974 us
entrypoint took 1357 us
entrypoint took 356 us
entrypoint took 1235 us
entrypoint took 765 us
entrypoint took 1063 us
entrypoint took 1154 us
entrypoint took 1442 us
entrypoint took 1281 us
entrypoint took 1365 us
entrypoint took 1605 us
entrypoint took 1573 us
entrypoint took 1287 us
entrypoint took 758 us
entrypoint took 973 us
entrypoint took 469 us
entrypoint took 1068 us
entrypoint took 729 us
entrypoint took 914 us
entrypoint took 731 us
entrypoint took 896 us
entrypoint took 1220 us
entrypoint took 465 us
entrypoint took 1188 us
entrypoint took 1465 us
entrypoint took 1210 us
entrypoint took 574 us
entrypoint took 1163 us
entrypoint took 1145 us
entrypoint took 973 us
entrypoint took 1017 us
entrypoint took 723 us
entrypoint took 759 us
entrypoint took 1079 us
entrypoint took 365 us
entrypoint took 967 us
entrypoint took 1214 us
entrypoint took 891 us
entrypoint took 266 us
entrypoint took 1438 us
entrypoint took 811 us
entrypoint took 1242 us
entrypoint took 685 us
entrypoint took 1132 us
entrypoint took 1187 us
entrypoint took 993 us
entrypoint took 1311 us
entrypoint took 1065 us
entrypoint took 1031 us
entrypoint took 840 us
entrypoint took 1388 us
entrypoint took 409 us
entrypoint took 1147 us
entrypoint took 765 us
entrypoint took 825 us
entrypoint took 718 us
entrypoint took 682 us
entrypoint took 1272 us
entrypoint took 970 us
entrypoint took 1405 us
entrypoint took 1321 us
entrypoint took 1078 us
entrypoint took 461 us
entrypoint took 1349 us
entrypoint took 1023 us
entrypoint took 1295 us
entrypoint took 558 us
entrypoint took 1218 us
entrypoint took 638 us
entrypoint took 809 us
entrypoint took 903 us
entrypoint took 1055 us
entrypoint took 815 us
entrypoint took 1109 us
entrypoint took 950 us
entrypoint took 822 us
entrypoint took 613 us
entrypoint took 920 us
entrypoint took 1240 us
entrypoint took 1052 us
entrypoint took 490 us
entrypoint took 731 us
entrypoint took 1063 us
entrypoint took 830 us
entrypoint took 1308 us
entrypoint took 983 us
entrypoint took 1190 us
entrypoint took 614 us
entrypoint took 1136 us
entrypoint took 1192 us
entrypoint took 776 us
entrypoint took 853 us
entrypoint took 698 us
entrypoint took 844 us
entrypoint took 678 us
entrypoint took 1005 us
entrypoint took 905 us
entrypoint took 1053 us
entrypoint took 987 us
entrypoint took 1455 us
entrypoint took 1083 us
entrypoint took 1098 us
entrypoint took 755 us
entrypoint took 1045 us
entrypoint took 1316 us
entrypoint took 498 us
entrypoint took 1155 us
entrypoint took 1251 us
entrypoint took 743 us
entrypoint took 968 us
entrypoint took 898 us
entrypoint took 919 us
entrypoint took 729 us
entrypoint took 877 us
entrypoint took 1057 us
entrypoint took 1218 us
entrypoint took 727 us
entrypoint took 1095 us
entrypoint took 729 us
entrypoint took 857 us
entrypoint took 991 us
entrypoint took 987 us
entrypoint took 842 us
entrypoint took 1003 us
entrypoint took 30915 us
entrypoint took 31024 us
entrypoint took 31448 us
entrypoint took 31246 us
entrypoint took 31430 us
entrypoint took 31308 us
entrypoint took 31219 us
entrypoint took 31767 us
entrypoint took 1489 us
entrypoint took 1642 us
entrypoint took 1696 us
entrypoint took 1563 us
entrypoint took 1276 us
entrypoint took 1679 us
entrypoint took 1476 us
entrypoint took 753 us
entrypoint took 1344 us
entrypoint took 1318 us
entrypoint took 1393 us
entrypoint took 1463 us
entrypoint took 1702 us
entrypoint took 1890 us
entrypoint took 1567 us
entrypoint took 1991 us
entrypoint took 2021 us
entrypoint took 1872 us
entrypoint took 1198 us
entrypoint took 957 us
entrypoint took 1060 us
entrypoint took 1507 us
entrypoint took 1548 us
entrypoint took 1500 us
entrypoint took 1878 us
entrypoint took 1424 us
entrypoint took 1974 us
entrypoint took 1956 us
entrypoint took 1434 us
entrypoint took 853 us
entrypoint took 1077 us
entrypoint took 1109 us
entrypoint took 556 us
entrypoint took 859 us
entrypoint took 1148 us
entrypoint took 1020 us
entrypoint took 533 us
entrypoint took 1106 us
entrypoint took 447 us
entrypoint took 963 us
entrypoint took 3525 us
entrypoint took 4580 us
entrypoint took 4513 us
entrypoint took 5696 us
entrypoint took 1852 us
entrypoint took 1129 us
entrypoint took 2092 us
entrypoint took 3086 us
entrypoint took 1734 us
entrypoint took 1046 us
entrypoint took 10079 us
entrypoint took 10383 us
entrypoint took 2145 us
entrypoint took 3111 us
entrypoint took 3937 us
entrypoint took 15536 us
entrypoint took 20535 us
entrypoint took 4179 us
entrypoint took 3440 us
entrypoint took 8712 us
entrypoint took 12856 us
entrypoint took 9817 us
entrypoint took 11550 us
entrypoint took 12025 us
entrypoint took 1636 us
entrypoint took 2135 us
entrypoint took 1461 us
entrypoint took 3025 us
entrypoint took 1614 us
entrypoint took 844 us
entrypoint took 1164 us
entrypoint took 1128 us
entrypoint took 1589 us
entrypoint took 1073 us
entrypoint took 1529 us
entrypoint took 630 us
entrypoint took 620 us
entrypoint took 730 us
entrypoint took 884 us
entrypoint took 905 us
entrypoint took 1085 us
entrypoint took 694 us
entrypoint took 955 us
entrypoint took 886 us
entrypoint took 855 us
entrypoint took 905 us
entrypoint took 978 us
entrypoint took 641 us
entrypoint took 1063 us
entrypoint took 1127 us
entrypoint took 1157 us
entrypoint took 1193 us
entrypoint took 1576 us
entrypoint took 1188 us
entrypoint took 2032 us
entrypoint took 1660 us
entrypoint took 1258 us
entrypoint took 1224 us
entrypoint took 614 us
entrypoint took 929 us
entrypoint took 967 us
entrypoint took 958 us
entrypoint took 992 us
entrypoint took 1046 us
entrypoint took 1100 us
entrypoint took 1632 us
entrypoint took 995 us
entrypoint took 911 us
entrypoint took 1251 us
entrypoint took 1247 us
entrypoint took 724 us
entrypoint took 1202 us
entrypoint took 1106 us
entrypoint took 607 us
entrypoint took 1000 us
entrypoint took 757 us
entrypoint took 1004 us
entrypoint took 1186 us
entrypoint took 1160 us
entrypoint took 719 us
entrypoint took 1041 us
entrypoint took 1355 us
entrypoint took 792 us
entrypoint took 795 us
entrypoint took 912 us
entrypoint took 1237 us
entrypoint took 860 us
entrypoint took 1141 us
entrypoint took 1133 us
entrypoint took 973 us
entrypoint took 1097 us
entrypoint took 793 us
entrypoint took 641 us
entrypoint took 570 us
entrypoint took 875 us
entrypoint took 1131 us
entrypoint took 1038 us
entrypoint took 917 us
entrypoint took 931 us
entrypoint took 964 us
entrypoint took 732 us
entrypoint took 845 us
entrypoint took 436 us
entrypoint took 1037 us
entrypoint took 620 us
entrypoint took 1276 us
entrypoint took 1151 us
entrypoint took 1144 us
entrypoint took 943 us
entrypoint took 1591 us
entrypoint took 1118 us
entrypoint took 716 us
entrypoint took 847 us
entrypoint took 888 us
entrypoint took 516 us
entrypoint took 1099 us
entrypoint took 856 us
entrypoint took 711 us
entrypoint took 810 us
entrypoint took 678 us
entrypoint took 513 us
entrypoint took 381 us
entrypoint took 887 us
entrypoint took 707 us
entrypoint took 744 us
entrypoint took 1301 us
entrypoint took 957 us
entrypoint took 680 us
entrypoint took 1098 us
entrypoint took 1083 us
entrypoint took 956 us
entrypoint took 1164 us
entrypoint took 1086 us
entrypoint took 819 us
entrypoint took 691 us
entrypoint took 983 us
entrypoint took 1090 us
entrypoint took 939 us
entrypoint took 943 us
entrypoint took 919 us
entrypoint took 893 us
entrypoint took 1179 us
entrypoint took 592 us
entrypoint took 1003 us
entrypoint took 691 us
entrypoint took 1099 us
entrypoint took 862 us
entrypoint took 916 us
entrypoint took 940 us
entrypoint took 935 us
entrypoint took 1411 us
entrypoint took 1254 us
entrypoint took 856 us
entrypoint took 1405 us
entrypoint took 843 us
entrypoint took 635 us
entrypoint took 929 us
entrypoint took 1288 us
entrypoint took 1199 us
entrypoint took 1126 us
entrypoint took 1237 us
entrypoint took 722 us
entrypoint took 726 us
entrypoint took 903 us
entrypoint took 948 us
entrypoint took 1047 us
entrypoint took 633 us
entrypoint took 935 us
entrypoint took 1077 us
entrypoint took 1345 us
entrypoint took 812 us
entrypoint took 864 us
entrypoint took 1263 us
entrypoint took 1235 us
entrypoint took 703 us
entrypoint took 1129 us
entrypoint took 1289 us
entrypoint took 1143 us
entrypoint took 1286 us
entrypoint took 970 us
entrypoint took 1260 us
entrypoint took 1223 us
entrypoint took 1099 us
entrypoint took 863 us
entrypoint took 1009 us
entrypoint took 572 us
entrypoint took 830 us
entrypoint took 871 us
entrypoint took 922 us
entrypoint took 1356 us
entrypoint took 1160 us
entrypoint took 1027 us
entrypoint took 876 us
entrypoint took 1347 us
entrypoint took 982 us
entrypoint took 1040 us
entrypoint took 694 us
entrypoint took 919 us
entrypoint took 281 us
entrypoint took 930 us
entrypoint took 1063 us
entrypoint took 975 us
entrypoint took 697 us
entrypoint took 671 us
entrypoint took 1153 us
entrypoint took 712 us
entrypoint took 856 us
entrypoint took 633 us
entrypoint took 797 us
entrypoint took 519 us
entrypoint took 954 us
entrypoint took 713 us
entrypoint took 401 us
entrypoint took 848 us
entrypoint took 582 us
entrypoint took 752 us
entrypoint took 963 us
entrypoint took 1151 us
entrypoint took 644 us
entrypoint took 1442 us
entrypoint took 1009 us
entrypoint took 722 us
entrypoint took 36145 us
entrypoint took 36397 us
entrypoint took 35371 us
entrypoint took 35507 us
entrypoint took 35833 us
entrypoint took 36842 us
entrypoint took 1644 us
entrypoint took 1576 us
entrypoint took 1160 us
entrypoint took 682 us
entrypoint took 1219 us
entrypoint took 1047 us
entrypoint took 998 us
entrypoint took 1353 us
entrypoint took 1326 us
entrypoint took 1178 us
entrypoint took 1626 us
