This is ApacheBench, Version 2.3 <$Revision: 1879490 $>
Copyright 1996 Adam Twiss, Zeus Technology Ltd, http://www.zeustech.net/
Licensed to The Apache Software Foundation, http://www.apache.org/

Benchmarking 172.18.0.2 (be patient).....done


Server Software:        
Server Hostname:        172.18.0.2
Server Port:            8080

Document Path:          /run
Document Length:        21 bytes

Concurrency Level:      2
Time taken for tests:   16.809 seconds
Complete requests:      4
Failed requests:        0
Total transferred:      464 bytes
Total body sent:        1024
HTML transferred:       84 bytes
Requests per second:    0.24 [#/sec] (mean)
Time per request:       8404.296 [ms] (mean)
Time per request:       4202.148 [ms] (mean, across all concurrent requests)
Transfer rate:          0.03 [Kbytes/sec] received
                        0.06 kb/s sent
                        0.09 kb/s total

Connection Times (ms)
              min  mean[+/-sd] median   max
Connect:        0    0   0.2      0       1
Processing:  4481 6159 1922.0   7818    7830
Waiting:     4480 6159 1922.6   7818    7830
Total:       4481 6160 1921.9   7818    7830

Percentage of the requests served within a certain time (ms)
  50%   7818
  66%   7818
  75%   7830
  80%   7830
  90%   7830
  95%   7830
  98%   7830
  99%   7830
 100%   7830 (longest request)
