time="2023-04-08T09:46:54-04:00" level=info msg="Called startVMM(), setting up a VMM on /tmp/testtap.socket"
time="2023-04-08T09:46:54-04:00" level=info msg="VMM logging disabled."
time="2023-04-08T09:46:54-04:00" level=info msg="VMM metrics disabled."
time="2023-04-08T09:46:54-04:00" level=info msg="refreshMachineConfiguration: [GET /machine-config][200] getMachineConfigurationOK  &{CPUTemplate:Uninitialized HtEnabled:0xc0003e7404 MemSizeMib:0xc0003e73f8 VcpuCount:0xc0003e73f0}"
time="2023-04-08T09:46:54-04:00" level=info msg="PutGuestBootSource: [PUT /boot-source][204] putGuestBootSourceNoContent "
time="2023-04-08T09:46:54-04:00" level=info msg="Attaching drive /tmp/test-proxy/polyglot-proxy.img, slot 1, root true."
time="2023-04-08T09:46:54-04:00" level=info msg="Attached drive /tmp/test-proxy/polyglot-proxy.img: [PUT /drives/{drive_id}][204] putGuestDriveByIdNoContent "
time="2023-04-08T09:46:54-04:00" level=info msg="Attaching NIC testtap (hwaddr DE:AD:BE:EF:68:4A) at index 1"
2023-04-08T09:46:54.115646423 [anonymous-instance:main:WARN:src/vmm/src/builder.rs:599] Could not add serial input event to epoll: Error during epoll call: Operation not permitted (os error 1)
time="2023-04-08T09:46:54-04:00" level=info msg="startInstance successful: [PUT /actions][204] createSyncActionNoContent "
[    0.012000] dmi: Firmware registration failed.
[    0.040554] zswap: default zpool zbud not available
[    0.040801] zswap: pool creation failed
Graalvisor boot time: 185 ms.
Graalvisor listening on port 8080.
Warning: graalvisor compiled with no truffle language support.
Function hw registered with isolate sandboxing in 22 ms
[thread 41] New isolate sandbox 140349530963968 in 668 us
[thread 49] New isolate sandbox 140314902790144 in 397 us
[thread 51] New isolate sandbox 140280533614592 in 418 us
[thread 52] New isolate sandbox 140246164439040 in 390 us
[thread 53] New isolate sandbox 140211795263488 in 370 us
[thread 54] New isolate sandbox 140177426087936 in 615 us
[thread 55] New isolate sandbox 140143056912384 in 369 us
[thread 56] New isolate sandbox 140108687736832 in 355 us
time="2023-04-08T09:46:58-04:00" level=warning msg="firecracker exited: signal: terminated"
time="2023-04-08T09:46:58-04:00" level=fatal msg="Wait returned an error 1 error occurred:\n\t* signal: terminated\n\n"
