This is ApacheBench, Version 2.3 <$Revision: 1879490 $>
Copyright 1996 Adam Twiss, Zeus Technology Ltd, http://www.zeustech.net/
Licensed to The Apache Software Foundation, http://www.apache.org/

Benchmarking 172.18.0.2 (be patient)
Completed 500 requests
Completed 1000 requests
Completed 1500 requests
Completed 2000 requests
Completed 2500 requests
Completed 3000 requests
Completed 3500 requests
Completed 4000 requests
Completed 4500 requests
Completed 5000 requests
Finished 5000 requests


Server Software:        
Server Hostname:        172.18.0.2
Server Port:            8080

Document Path:          /
Document Length:        54 bytes

Concurrency Level:      1
Time taken for tests:   7.505 seconds
Complete requests:      5000
Failed requests:        4950
   (Connect: 0, Receive: 0, Length: 4950, Exceptions: 0)
Total transferred:      740102 bytes
Total body sent:        1195000
HTML transferred:       265102 bytes
Requests per second:    666.23 [#/sec] (mean)
Time per request:       1.501 [ms] (mean)
Time per request:       1.501 [ms] (mean, across all concurrent requests)
Transfer rate:          96.30 [Kbytes/sec] received
                        155.50 kb/s sent
                        251.80 kb/s total

Connection Times (ms)
              min  mean[+/-sd] median   max
Connect:        0    0   1.3      0      28
Processing:     1    1   2.5      1      28
Waiting:        1    1   2.2      1      28
Total:          1    1   2.8      1      30

Percentage of the requests served within a certain time (ms)
  50%      1
  66%      1
  75%      1
  80%      1
  90%      1
  95%      1
  98%      2
  99%     24
 100%     30 (longest request)
This is ApacheBench, Version 2.3 <$Revision: 1879490 $>
Copyright 1996 Adam Twiss, Zeus Technology Ltd, http://www.zeustech.net/
Licensed to The Apache Software Foundation, http://www.apache.org/

Benchmarking 172.18.0.2 (be patient)
Completed 500 requests
Completed 1000 requests
Completed 1500 requests
Completed 2000 requests
Completed 2500 requests
Completed 3000 requests
Completed 3500 requests
Completed 4000 requests
Completed 4500 requests
Completed 5000 requests
Finished 5000 requests


Server Software:        
Server Hostname:        172.18.0.2
Server Port:            8080

Document Path:          /
Document Length:        54 bytes

Concurrency Level:      1
Time taken for tests:   7.560 seconds
Complete requests:      5000
Failed requests:        4930
   (Connect: 0, Receive: 0, Length: 4930, Exceptions: 0)
Total transferred:      740104 bytes
Total body sent:        1195000
HTML transferred:       265104 bytes
Requests per second:    661.34 [#/sec] (mean)
Time per request:       1.512 [ms] (mean)
Time per request:       1.512 [ms] (mean, across all concurrent requests)
Transfer rate:          95.60 [Kbytes/sec] received
                        154.36 kb/s sent
                        249.95 kb/s total

Connection Times (ms)
              min  mean[+/-sd] median   max
Connect:        0    0   1.5      0      30
Processing:     1    1   2.4      1      30
Waiting:        1    1   2.0      1      29
Total:          1    1   2.8      1      32

Percentage of the requests served within a certain time (ms)
  50%      1
  66%      1
  75%      1
  80%      1
  90%      1
  95%      1
  98%      2
  99%     24
 100%     32 (longest request)
This is ApacheBench, Version 2.3 <$Revision: 1879490 $>
Copyright 1996 Adam Twiss, Zeus Technology Ltd, http://www.zeustech.net/
Licensed to The Apache Software Foundation, http://www.apache.org/

Benchmarking 172.18.0.2 (be patient)
Completed 500 requests
Completed 1000 requests
Completed 1500 requests
Completed 2000 requests
Completed 2500 requests
Completed 3000 requests
Completed 3500 requests
Completed 4000 requests
Completed 4500 requests
Completed 5000 requests
Finished 5000 requests


Server Software:        
Server Hostname:        172.18.0.2
Server Port:            8080

Document Path:          /
Document Length:        54 bytes

Concurrency Level:      1
Time taken for tests:   7.574 seconds
Complete requests:      5000
Failed requests:        4940
   (Connect: 0, Receive: 0, Length: 4940, Exceptions: 0)
Total transferred:      740118 bytes
Total body sent:        1195000
HTML transferred:       265118 bytes
Requests per second:    660.12 [#/sec] (mean)
Time per request:       1.515 [ms] (mean)
Time per request:       1.515 [ms] (mean, across all concurrent requests)
Transfer rate:          95.42 [Kbytes/sec] received
                        154.07 kb/s sent
                        249.49 kb/s total

Connection Times (ms)
              min  mean[+/-sd] median   max
Connect:        0    0   1.1      0      26
Processing:     1    1   2.5      1      28
Waiting:        0    1   2.4      1      28
Total:          1    1   2.8      1      29

Percentage of the requests served within a certain time (ms)
  50%      1
  66%      1
  75%      1
  80%      1
  90%      1
  95%      1
  98%      2
  99%     24
 100%     29 (longest request)
This is ApacheBench, Version 2.3 <$Revision: 1879490 $>
Copyright 1996 Adam Twiss, Zeus Technology Ltd, http://www.zeustech.net/
Licensed to The Apache Software Foundation, http://www.apache.org/

Benchmarking 172.18.0.2 (be patient)
Completed 500 requests
Completed 1000 requests
Completed 1500 requests
Completed 2000 requests
Completed 2500 requests
Completed 3000 requests
Completed 3500 requests
Completed 4000 requests
Completed 4500 requests
Completed 5000 requests
Finished 5000 requests


Server Software:        
Server Hostname:        172.18.0.2
Server Port:            8080

Document Path:          /
Document Length:        54 bytes

Concurrency Level:      1
Time taken for tests:   7.606 seconds
Complete requests:      5000
Failed requests:        4936
   (Connect: 0, Receive: 0, Length: 4936, Exceptions: 0)
Total transferred:      740112 bytes
Total body sent:        1195000
HTML transferred:       265112 bytes
Requests per second:    657.34 [#/sec] (mean)
Time per request:       1.521 [ms] (mean)
Time per request:       1.521 [ms] (mean, across all concurrent requests)
Transfer rate:          95.02 [Kbytes/sec] received
                        153.42 kb/s sent
                        248.44 kb/s total

Connection Times (ms)
              min  mean[+/-sd] median   max
Connect:        0    0   1.2      0      26
Processing:     1    1   2.5      1      28
Waiting:        1    1   2.2      1      28
Total:          1    1   2.8      1      28

Percentage of the requests served within a certain time (ms)
  50%      1
  66%      1
  75%      1
  80%      1
  90%      1
  95%      1
  98%      2
  99%     23
 100%     28 (longest request)
This is ApacheBench, Version 2.3 <$Revision: 1879490 $>
Copyright 1996 Adam Twiss, Zeus Technology Ltd, http://www.zeustech.net/
Licensed to The Apache Software Foundation, http://www.apache.org/

Benchmarking 172.18.0.2 (be patient)
Completed 500 requests
Completed 1000 requests
Completed 1500 requests
Completed 2000 requests
Completed 2500 requests
Completed 3000 requests
Completed 3500 requests
Completed 4000 requests
Completed 4500 requests
Completed 5000 requests
Finished 5000 requests


Server Software:        
Server Hostname:        172.18.0.2
Server Port:            8080

Document Path:          /
Document Length:        54 bytes

Concurrency Level:      1
Time taken for tests:   7.492 seconds
Complete requests:      5000
Failed requests:        4937
   (Connect: 0, Receive: 0, Length: 4937, Exceptions: 0)
Total transferred:      740107 bytes
Total body sent:        1195000
HTML transferred:       265107 bytes
Requests per second:    667.37 [#/sec] (mean)
Time per request:       1.498 [ms] (mean)
Time per request:       1.498 [ms] (mean, across all concurrent requests)
Transfer rate:          96.47 [Kbytes/sec] received
                        155.76 kb/s sent
                        252.23 kb/s total

Connection Times (ms)
              min  mean[+/-sd] median   max
Connect:        0    0   1.3      0      27
Processing:     1    1   2.4      1      30
Waiting:        1    1   2.1      1      28
Total:          1    1   2.8      1      31

Percentage of the requests served within a certain time (ms)
  50%      1
  66%      1
  75%      1
  80%      1
  90%      1
  95%      1
  98%      2
  99%     24
 100%     31 (longest request)
