This is ApacheBench, Version 2.3 <$Revision: 1879490 $>
Copyright 1996 Adam Twiss, Zeus Technology Ltd, http://www.zeustech.net/
Licensed to The Apache Software Foundation, http://www.apache.org/

Benchmarking 172.18.0.2 (be patient)
Completed 100 requests
Completed 200 requests
Finished 256 requests


Server Software:        
Server Hostname:        172.18.0.2
Server Port:            8080

Document Path:          /
Document Length:        170 bytes

Concurrency Level:      1
Time taken for tests:   26.209 seconds
Complete requests:      256
Failed requests:        150
   (Connect: 0, Receive: 0, Length: 150, Exceptions: 0)
Total transferred:      68251 bytes
Total body sent:        60160
HTML transferred:       43675 bytes
Requests per second:    9.77 [#/sec] (mean)
Time per request:       102.381 [ms] (mean)
Time per request:       102.381 [ms] (mean, across all concurrent requests)
Transfer rate:          2.54 [Kbytes/sec] received
                        2.24 kb/s sent
                        4.78 kb/s total

Connection Times (ms)
              min  mean[+/-sd] median   max
Connect:        0   13  28.7      0      78
Processing:    10   89  34.8     99     188
Waiting:       10   89  34.8     99     188
Total:         10  102  29.8    100     188

Percentage of the requests served within a certain time (ms)
  50%    100
  66%    102
  75%    105
  80%    106
  90%    109
  95%    181
  98%    185
  99%    185
 100%    188 (longest request)
