This is ApacheBench, Version 2.3 <$Revision: 1879490 $>
Copyright 1996 Adam Twiss, Zeus Technology Ltd, http://www.zeustech.net/
Licensed to The Apache Software Foundation, http://www.apache.org/

Benchmarking 172.18.0.2 (be patient)
Completed 1000 requests
Completed 2000 requests
Completed 3000 requests
Completed 4000 requests
Completed 5000 requests
Completed 6000 requests
Completed 7000 requests
Completed 8000 requests
Completed 9000 requests
Completed 10000 requests
Finished 10000 requests


Server Software:        
Server Hostname:        172.18.0.2
Server Port:            8080

Document Path:          /
Document Length:        94 bytes

Concurrency Level:      1
Time taken for tests:   8.632 seconds
Complete requests:      10000
Failed requests:        9934
   (Connect: 0, Receive: 0, Length: 9934, Exceptions: 0)
Total transferred:      1880072 bytes
Total body sent:        1970000
HTML transferred:       930072 bytes
Requests per second:    1158.53 [#/sec] (mean)
Time per request:       0.863 [ms] (mean)
Time per request:       0.863 [ms] (mean, across all concurrent requests)
Transfer rate:          212.71 [Kbytes/sec] received
                        222.88 kb/s sent
                        435.59 kb/s total

Connection Times (ms)
              min  mean[+/-sd] median   max
Connect:        0    0   1.4      0      30
Processing:     0    1   1.7      0      29
Waiting:        0    0   1.4      0      29
Total:          0    1   2.2      1      31

Percentage of the requests served within a certain time (ms)
  50%      1
  66%      1
  75%      1
  80%      1
  90%      1
  95%      1
  98%      1
  99%      2
 100%     31 (longest request)
This is ApacheBench, Version 2.3 <$Revision: 1879490 $>
Copyright 1996 Adam Twiss, Zeus Technology Ltd, http://www.zeustech.net/
Licensed to The Apache Software Foundation, http://www.apache.org/

Benchmarking 172.18.0.2 (be patient)
Completed 1000 requests
Completed 2000 requests
Completed 3000 requests
Completed 4000 requests
Completed 5000 requests
Completed 6000 requests
Completed 7000 requests
Completed 8000 requests
Completed 9000 requests
Completed 10000 requests
Finished 10000 requests


Server Software:        
Server Hostname:        172.18.0.2
Server Port:            8080

Document Path:          /
Document Length:        93 bytes

Concurrency Level:      1
Time taken for tests:   8.675 seconds
Complete requests:      10000
Failed requests:        41
   (Connect: 0, Receive: 0, Length: 41, Exceptions: 0)
Total transferred:      1880046 bytes
Total body sent:        1970000
HTML transferred:       930046 bytes
Requests per second:    1152.71 [#/sec] (mean)
Time per request:       0.868 [ms] (mean)
Time per request:       0.868 [ms] (mean, across all concurrent requests)
Transfer rate:          211.64 [Kbytes/sec] received
                        221.76 kb/s sent
                        433.40 kb/s total

Connection Times (ms)
              min  mean[+/-sd] median   max
Connect:        0    0   1.3      0      28
Processing:     0    1   1.8      0      28
Waiting:        0    0   1.2      0      27
Total:          0    1   2.2      1      30

Percentage of the requests served within a certain time (ms)
  50%      1
  66%      1
  75%      1
  80%      1
  90%      1
  95%      1
  98%      1
  99%      2
 100%     30 (longest request)
This is ApacheBench, Version 2.3 <$Revision: 1879490 $>
Copyright 1996 Adam Twiss, Zeus Technology Ltd, http://www.zeustech.net/
Licensed to The Apache Software Foundation, http://www.apache.org/

Benchmarking 172.18.0.2 (be patient)
Completed 1000 requests
Completed 2000 requests
Completed 3000 requests
Completed 4000 requests
Completed 5000 requests
Completed 6000 requests
Completed 7000 requests
Completed 8000 requests
Completed 9000 requests
Completed 10000 requests
Finished 10000 requests


Server Software:        
Server Hostname:        172.18.0.2
Server Port:            8080

Document Path:          /
Document Length:        93 bytes

Concurrency Level:      1
Time taken for tests:   8.610 seconds
Complete requests:      10000
Failed requests:        48
   (Connect: 0, Receive: 0, Length: 48, Exceptions: 0)
Total transferred:      1880050 bytes
Total body sent:        1970000
HTML transferred:       930050 bytes
Requests per second:    1161.38 [#/sec] (mean)
Time per request:       0.861 [ms] (mean)
Time per request:       0.861 [ms] (mean, across all concurrent requests)
Transfer rate:          213.23 [Kbytes/sec] received
                        223.43 kb/s sent
                        436.66 kb/s total

Connection Times (ms)
              min  mean[+/-sd] median   max
Connect:        0    0   1.1      0      27
Processing:     0    1   2.0      0      30
Waiting:        0    0   1.5      0      30
Total:          0    1   2.2      1      30

Percentage of the requests served within a certain time (ms)
  50%      1
  66%      1
  75%      1
  80%      1
  90%      1
  95%      1
  98%      1
  99%      2
 100%     30 (longest request)
This is ApacheBench, Version 2.3 <$Revision: 1879490 $>
Copyright 1996 Adam Twiss, Zeus Technology Ltd, http://www.zeustech.net/
Licensed to The Apache Software Foundation, http://www.apache.org/

Benchmarking 172.18.0.2 (be patient)
Completed 1000 requests
Completed 2000 requests
Completed 3000 requests
Completed 4000 requests
Completed 5000 requests
Completed 6000 requests
Completed 7000 requests
Completed 8000 requests
Completed 9000 requests
Completed 10000 requests
Finished 10000 requests


Server Software:        
Server Hostname:        172.18.0.2
Server Port:            8080

Document Path:          /
Document Length:        93 bytes

Concurrency Level:      1
Time taken for tests:   8.660 seconds
Complete requests:      10000
Failed requests:        32
   (Connect: 0, Receive: 0, Length: 32, Exceptions: 0)
Total transferred:      1880037 bytes
Total body sent:        1970000
HTML transferred:       930037 bytes
Requests per second:    1154.68 [#/sec] (mean)
Time per request:       0.866 [ms] (mean)
Time per request:       0.866 [ms] (mean, across all concurrent requests)
Transfer rate:          212.00 [Kbytes/sec] received
                        222.14 kb/s sent
                        434.14 kb/s total

Connection Times (ms)
              min  mean[+/-sd] median   max
Connect:        0    0   1.2      0      27
Processing:     0    1   1.9      0      28
Waiting:        0    0   1.4      0      28
Total:          0    1   2.2      1      29

Percentage of the requests served within a certain time (ms)
  50%      1
  66%      1
  75%      1
  80%      1
  90%      1
  95%      1
  98%      1
  99%      2
 100%     29 (longest request)
This is ApacheBench, Version 2.3 <$Revision: 1879490 $>
Copyright 1996 Adam Twiss, Zeus Technology Ltd, http://www.zeustech.net/
Licensed to The Apache Software Foundation, http://www.apache.org/

Benchmarking 172.18.0.2 (be patient)
Completed 1000 requests
Completed 2000 requests
Completed 3000 requests
Completed 4000 requests
Completed 5000 requests
Completed 6000 requests
Completed 7000 requests
Completed 8000 requests
Completed 9000 requests
Completed 10000 requests
Finished 10000 requests


Server Software:        
Server Hostname:        172.18.0.2
Server Port:            8080

Document Path:          /
Document Length:        93 bytes

Concurrency Level:      1
Time taken for tests:   8.701 seconds
Complete requests:      10000
Failed requests:        26
   (Connect: 0, Receive: 0, Length: 26, Exceptions: 0)
Total transferred:      1880032 bytes
Total body sent:        1970000
HTML transferred:       930032 bytes
Requests per second:    1149.33 [#/sec] (mean)
Time per request:       0.870 [ms] (mean)
Time per request:       0.870 [ms] (mean, across all concurrent requests)
Transfer rate:          211.01 [Kbytes/sec] received
                        221.11 kb/s sent
                        432.12 kb/s total

Connection Times (ms)
              min  mean[+/-sd] median   max
Connect:        0    0   1.3      0      28
Processing:     0    1   1.8      0      29
Waiting:        0    0   1.4      0      29
Total:          0    1   2.2      1      30

Percentage of the requests served within a certain time (ms)
  50%      1
  66%      1
  75%      1
  80%      1
  90%      1
  95%      1
  98%      1
  99%      3
 100%     30 (longest request)
