This is ApacheBench, Version 2.3 <$Revision: 1879490 $>
Copyright 1996 Adam Twiss, Zeus Technology Ltd, http://www.zeustech.net/
Licensed to The Apache Software Foundation, http://www.apache.org/

Benchmarking 172.18.0.2 (be patient).....done


Server Software:        
Server Hostname:        172.18.0.2
Server Port:            8080

Document Path:          /
Document Length:        85 bytes

Concurrency Level:      1
Time taken for tests:   1.196 seconds
Complete requests:      5
Failed requests:        0
Total transferred:      900 bytes
Total body sent:        1170
HTML transferred:       425 bytes
Requests per second:    4.18 [#/sec] (mean)
Time per request:       239.118 [ms] (mean)
Time per request:       239.118 [ms] (mean, across all concurrent requests)
Transfer rate:          0.74 [Kbytes/sec] received
                        0.96 kb/s sent
                        1.69 kb/s total

Connection Times (ms)
              min  mean[+/-sd] median   max
Connect:        0    0   0.1      0       0
Processing:   193  239  49.6    253     297
Waiting:      193  239  49.6    253     296
Total:        193  239  49.6    253     297

Percentage of the requests served within a certain time (ms)
  50%    218
  66%    288
  75%    288
  80%    297
  90%    297
  95%    297
  98%    297
  99%    297
 100%    297 (longest request)
