time="2023-04-08T10:19:35-04:00" level=info msg="Called startVMM(), setting up a VMM on /tmp/testtap.socket"
time="2023-04-08T10:19:35-04:00" level=info msg="VMM logging disabled."
time="2023-04-08T10:19:35-04:00" level=info msg="VMM metrics disabled."
time="2023-04-08T10:19:35-04:00" level=info msg="refreshMachineConfiguration: [GET /machine-config][200] getMachineConfigurationOK  &{CPUTemplate:Uninitialized HtEnabled:0xc00048e134 MemSizeMib:0xc00048e128 VcpuCount:0xc00048e120}"
time="2023-04-08T10:19:35-04:00" level=info msg="PutGuestBootSource: [PUT /boot-source][204] putGuestBootSourceNoContent "
time="2023-04-08T10:19:35-04:00" level=info msg="Attaching drive /tmp/test-proxy/polyglot-proxy.img, slot 1, root true."
time="2023-04-08T10:19:35-04:00" level=info msg="Attached drive /tmp/test-proxy/polyglot-proxy.img: [PUT /drives/{drive_id}][204] putGuestDriveByIdNoContent "
time="2023-04-08T10:19:35-04:00" level=info msg="Attaching NIC testtap (hwaddr DE:AD:BE:EF:95:13) at index 1"
2023-04-08T10:19:35.798412174 [anonymous-instance:main:WARN:src/vmm/src/builder.rs:599] Could not add serial input event to epoll: Error during epoll call: Operation not permitted (os error 1)
time="2023-04-08T10:19:35-04:00" level=info msg="startInstance successful: [PUT /actions][204] createSyncActionNoContent "
[    0.012365] dmi: Firmware registration failed.
[    0.040331] zswap: default zpool zbud not available
[    0.040576] zswap: pool creation failed
Graalvisor boot time: 173 ms.
Graalvisor listening on port 8080.
Warning: graalvisor compiled with no truffle language support.
Function dynamichtml registered with process sandboxing in 741 ms
[thread 1] Creating context org.graalvm.polyglot.Context@5226935b
[thread 41] New process sandbox 471 in 338 us
[thread 1] Creating context org.graalvm.polyglot.Context@78829ff3
[thread 46] New process sandbox 488 in 405 us
[thread 47] New process sandbox 489 in 465 us
[thread 48] New process sandbox 490 in 601 us
[thread 1] Creating context org.graalvm.polyglot.Context@4be44e4b
[thread 1] Creating context org.graalvm.polyglot.Context@c9113b9
[thread 1] Creating context org.graalvm.polyglot.Context@20ea282f
time="2023-04-08T10:19:57-04:00" level=warning msg="firecracker exited: signal: terminated"
time="2023-04-08T10:19:57-04:00" level=fatal msg="Wait returned an error 1 error occurred:\n\t* signal: terminated\n\n"
